<html>
<body>
<pre>
<h1>µVision Build Log</h1>
<h2>Tool Versions:</h2>
IDE-Version: ¦ÌVision V5.14.0.0
Copyright (C) 2015 ARM Ltd and ARM Germany GmbH. All rights reserved.
License Information: 11 User, China, LIC=3UUSB-2JCI7-BXQUY-IX4JZ-5GI98-6J7FM
 
Tool Versions:
Toolchain:       MDK-ARM Professional  Version: 5.14.0.0
Toolchain Path:  d:\Keil_v5\ARM\ARMCC\Bin
C Compiler:      Armcc.exe V5.05 update 1 (build 106)
Assembler:       Armasm.exe V5.05 update 1 (build 106)
Linker/Locator:  ArmLink.exe V5.05 update 1 (build 106)
Library Manager: ArmAr.exe V5.05 update 1 (build 106)
Hex Converter:   FromElf.exe V5.05 update 1 (build 106)
CPU DLL:         SARMCM3.DLL V5.14.0.0
Dialog DLL:      DCM.DLL V1.13.1.0
Target DLL:      Segger\JL2CM3.dll V2.99.13.0
Dialog DLL:      TCM.DLL V1.14.4.0
 
<h2>Project:</h2>
F:\FIT MANAGER V3.4 Software\FreeRTOS F407\Project\ARM_MDK\FreeRTOS_STM32F4.uvprojx
Project File Date:  10/31/2016

<h2>Output:</h2>
Build target 'FreeRTOS_STM32F4'
compiling gateway_protocol.c...
linking...
Program Size: Code=39368 RO-data=1528 RW-data=308 ZI-data=165172  
FromELF: creating hex file...
".\Objects\FreeRTOS_STM32F4.axf" - 0 Error(s), 0 Warning(s).

<h2>Collection of Component include folders:</h2>
  F:\FIT MANAGER V3.4 Software\FreeRTOS F407\Project\ARM_MDK\RTE
  d:\Keil_v5\ARM\PACK\Keil\STM32F4xx_DFP\2.9.0

<h2>Collection of Component Files used:</h2>
</pre>
</body>
</html>
