<html>
<body>
<pre>
<h1>µVision Build Log</h1>
<h2>Tool Versions:</h2>
IDE-Version: ¦ÌVision V5.14.0.0
Copyright (C) 2015 ARM Ltd and ARM Germany GmbH. All rights reserved.
License Information: aa User, China, LIC=MGXJJ-UZKJT-NTD3G-VTDCC-QH6EQ-KR80A
 
Tool Versions:
Toolchain:       MDK-ARM Professional  Version: 5.14.0.0
Toolchain Path:  e:\Keil_v5\ARM\ARMCC\Bin
C Compiler:      Armcc.exe V5.05 update 1 (build 106)
Assembler:       Armasm.exe V5.05 update 1 (build 106)
Linker/Locator:  ArmLink.exe V5.05 update 1 (build 106)
Library Manager: ArmAr.exe V5.05 update 1 (build 106)
Hex Converter:   FromElf.exe V5.05 update 1 (build 106)
CPU DLL:         SARMCM3.DLL V5.14.0.0
Dialog DLL:      DCM.DLL V1.13.1.0
Target DLL:      Segger\JL2CM3.dll V2.99.13.0
Dialog DLL:      TCM.DLL V1.14.4.0
 
<h2>Project:</h2>
F:\FIT MANAGER V3.4 Software\FreeRTOS F407\Project\ARM_MDK\FreeRTOS_STM32F4.uvprojx
Project File Date:  10/31/2016

<h2>Output:</h2>
Build target 'FreeRTOS_STM32F4'
compiling time_plan.c...
linking...
Program Size: Code=57868 RO-data=2076 RW-data=380 ZI-data=165380  
FromELF: creating hex file...
".\Objects\FreeRTOS_STM32F4.axf" - 0 Error(s), 0 Warning(s).

<h2>Collection of Component include folders:</h2>
  F:\FIT MANAGER V3.4 Software\FreeRTOS F407\Project\ARM_MDK\RTE
  e:\Keil_v5\ARM\PACK\Keil\STM32F4xx_DFP\2.9.0

<h2>Collection of Component Files used:</h2>
</pre>
</body>
</html>
