Component: ARM Compiler 5.05 update 1 (build 106) Tool: armlink [4d0efa]

==============================================================================

Section Cross References

    startup_stm32f40_41xxx.o(STACK) refers (Special) to heapauxi.o(.text) for __use_two_region_memory
    startup_stm32f40_41xxx.o(HEAP) refers (Special) to heapauxi.o(.text) for __use_two_region_memory
    startup_stm32f40_41xxx.o(RESET) refers (Special) to heapauxi.o(.text) for __use_two_region_memory
    startup_stm32f40_41xxx.o(RESET) refers to startup_stm32f40_41xxx.o(STACK) for __initial_sp
    startup_stm32f40_41xxx.o(RESET) refers to startup_stm32f40_41xxx.o(.text) for Reset_Handler
    startup_stm32f40_41xxx.o(RESET) refers to stm32f4xx_it.o(i.NMI_Handler) for NMI_Handler
    startup_stm32f40_41xxx.o(RESET) refers to stm32f4xx_it.o(i.HardFault_Handler) for HardFault_Handler
    startup_stm32f40_41xxx.o(RESET) refers to stm32f4xx_it.o(i.MemManage_Handler) for MemManage_Handler
    startup_stm32f40_41xxx.o(RESET) refers to stm32f4xx_it.o(i.BusFault_Handler) for BusFault_Handler
    startup_stm32f40_41xxx.o(RESET) refers to stm32f4xx_it.o(i.UsageFault_Handler) for UsageFault_Handler
    startup_stm32f40_41xxx.o(RESET) refers to port.o(.emb_text) for vPortSVCHandler
    startup_stm32f40_41xxx.o(RESET) refers to stm32f4xx_it.o(i.DebugMon_Handler) for DebugMon_Handler
    startup_stm32f40_41xxx.o(RESET) refers to port.o(i.xPortSysTickHandler) for xPortSysTickHandler
    startup_stm32f40_41xxx.o(RESET) refers to gsm.o(i.DMA1_Stream3_IRQHandler) for DMA1_Stream3_IRQHandler
    startup_stm32f40_41xxx.o(RESET) refers to ballast_comm.o(i.DMA1_Stream4_IRQHandler) for DMA1_Stream4_IRQHandler
    startup_stm32f40_41xxx.o(RESET) refers to electric.o(i.USART1_IRQHandler) for USART1_IRQHandler
    startup_stm32f40_41xxx.o(RESET) refers to gsm.o(i.USART3_IRQHandler) for USART3_IRQHandler
    startup_stm32f40_41xxx.o(RESET) refers to ballast_comm.o(i.UART4_IRQHandler) for UART4_IRQHandler
    startup_stm32f40_41xxx.o(RESET) refers to electric.o(i.DMA2_Stream7_IRQHandler) for DMA2_Stream7_IRQHandler
    startup_stm32f40_41xxx.o(RESET) refers to sys_debug.o(i.USART6_IRQHandler) for USART6_IRQHandler
    startup_stm32f40_41xxx.o(.text) refers (Special) to heapauxi.o(.text) for __use_two_region_memory
    startup_stm32f40_41xxx.o(.text) refers to system_stm32f4xx.o(i.SystemInit) for SystemInit
    startup_stm32f40_41xxx.o(.text) refers to __main.o(!!!main) for __main
    startup_stm32f40_41xxx.o(.text) refers to startup_stm32f40_41xxx.o(HEAP) for Heap_Mem
    startup_stm32f40_41xxx.o(.text) refers to startup_stm32f40_41xxx.o(STACK) for Stack_Mem
    system_stm32f4xx.o(i.SystemCoreClockUpdate) refers to system_stm32f4xx.o(.data) for SystemCoreClock
    system_stm32f4xx.o(i.SystemInit) refers to system_stm32f4xx.o(i.SetSysClock) for SetSysClock
    stm32f4xx_gpio.o(i.GPIO_DeInit) refers to stm32f4xx_rcc.o(i.RCC_AHB1PeriphResetCmd) for RCC_AHB1PeriphResetCmd
    stm32f4xx_pwr.o(i.PWR_DeInit) refers to stm32f4xx_rcc.o(i.RCC_APB1PeriphResetCmd) for RCC_APB1PeriphResetCmd
    stm32f4xx_rcc.o(i.RCC_GetClocksFreq) refers to stm32f4xx_rcc.o(.data) for APBAHBPrescTable
    stm32f4xx_rcc.o(i.RCC_WaitForHSEStartUp) refers to stm32f4xx_rcc.o(i.RCC_GetFlagStatus) for RCC_GetFlagStatus
    stm32f4xx_usart.o(i.USART_DeInit) refers to stm32f4xx_rcc.o(i.RCC_APB2PeriphResetCmd) for RCC_APB2PeriphResetCmd
    stm32f4xx_usart.o(i.USART_DeInit) refers to stm32f4xx_rcc.o(i.RCC_APB1PeriphResetCmd) for RCC_APB1PeriphResetCmd
    stm32f4xx_usart.o(i.USART_Init) refers to stm32f4xx_rcc.o(i.RCC_GetClocksFreq) for RCC_GetClocksFreq
    stm32f4xx_flash.o(i.FLASH_EraseAllBank1Sectors) refers to stm32f4xx_flash.o(i.FLASH_WaitForLastOperation) for FLASH_WaitForLastOperation
    stm32f4xx_flash.o(i.FLASH_EraseAllBank2Sectors) refers to stm32f4xx_flash.o(i.FLASH_WaitForLastOperation) for FLASH_WaitForLastOperation
    stm32f4xx_flash.o(i.FLASH_EraseAllSectors) refers to stm32f4xx_flash.o(i.FLASH_WaitForLastOperation) for FLASH_WaitForLastOperation
    stm32f4xx_flash.o(i.FLASH_EraseSector) refers to stm32f4xx_flash.o(i.FLASH_WaitForLastOperation) for FLASH_WaitForLastOperation
    stm32f4xx_flash.o(i.FLASH_OB_Launch) refers to stm32f4xx_flash.o(i.FLASH_WaitForLastOperation) for FLASH_WaitForLastOperation
    stm32f4xx_flash.o(i.FLASH_OB_PCROP1Config) refers to stm32f4xx_flash.o(i.FLASH_WaitForLastOperation) for FLASH_WaitForLastOperation
    stm32f4xx_flash.o(i.FLASH_OB_PCROPConfig) refers to stm32f4xx_flash.o(i.FLASH_WaitForLastOperation) for FLASH_WaitForLastOperation
    stm32f4xx_flash.o(i.FLASH_OB_RDPConfig) refers to stm32f4xx_flash.o(i.FLASH_WaitForLastOperation) for FLASH_WaitForLastOperation
    stm32f4xx_flash.o(i.FLASH_OB_UserConfig) refers to stm32f4xx_flash.o(i.FLASH_WaitForLastOperation) for FLASH_WaitForLastOperation
    stm32f4xx_flash.o(i.FLASH_OB_WRP1Config) refers to stm32f4xx_flash.o(i.FLASH_WaitForLastOperation) for FLASH_WaitForLastOperation
[...]
    __rt_entry_presh_1                       0x08000265   Thumb Code     0  __rtentry2.o(.ARM.Collect$$rtentry$$00000002)
    __rt_entry_sh                            0x08000265   Thumb Code     0  __rtentry4.o(.ARM.Collect$$rtentry$$00000004)
    __rt_entry_li                            0x0800026b   Thumb Code     0  __rtentry2.o(.ARM.Collect$$rtentry$$0000000A)
    __rt_entry_postsh_1                      0x0800026b   Thumb Code     0  __rtentry2.o(.ARM.Collect$$rtentry$$00000009)
    __rt_entry_main                          0x0800026f   Thumb Code     0  __rtentry2.o(.ARM.Collect$$rtentry$$0000000D)
    __rt_entry_postli_1                      0x0800026f   Thumb Code     0  __rtentry2.o(.ARM.Collect$$rtentry$$0000000C)
    __rt_exit                                0x08000277   Thumb Code     0  rtexit.o(.ARM.Collect$$rtexit$$00000000)
    __rt_exit_ls                             0x08000279   Thumb Code     0  rtexit2.o(.ARM.Collect$$rtexit$$00000003)
    __rt_exit_prels_1                        0x08000279   Thumb Code     0  rtexit2.o(.ARM.Collect$$rtexit$$00000002)
    __rt_exit_exit                           0x0800027d   Thumb Code     0  rtexit2.o(.ARM.Collect$$rtexit$$00000004)
    vPortSVCHandler                          0x08000285   Thumb Code    28  port.o(.emb_text)
    __asm___6_port_c_39a90d8d__prvStartFirstTask 0x080002a5   Thumb Code    28  port.o(.emb_text)
    __asm___6_port_c_39a90d8d__prvEnableVFP  0x080002c5   Thumb Code    16  port.o(.emb_text)
    xPortPendSVHandler                       0x080002d9   Thumb Code    88  port.o(.emb_text)
    vPortGetIPSR                             0x08000335   Thumb Code     6  port.o(.emb_text)
    Reset_Handler                            0x0800033d   Thumb Code     8  startup_stm32f40_41xxx.o(.text)
    SVC_Handler                              0x0800034f   Thumb Code     2  startup_stm32f40_41xxx.o(.text)
    PendSV_Handler                           0x08000353   Thumb Code     2  startup_stm32f40_41xxx.o(.text)
    SysTick_Handler                          0x08000355   Thumb Code     2  startup_stm32f40_41xxx.o(.text)
    ADC_IRQHandler                           0x08000357   Thumb Code     0  startup_stm32f40_41xxx.o(.text)
    CAN1_RX0_IRQHandler                      0x08000357   Thumb Code     0  startup_stm32f40_41xxx.o(.text)
    CAN1_RX1_IRQHandler                      0x08000357   Thumb Code     0  startup_stm32f40_41xxx.o(.text)
    CAN1_SCE_IRQHandler                      0x08000357   Thumb Code     0  startup_stm32f40_41xxx.o(.text)
    CAN1_TX_IRQHandler                       0x08000357   Thumb Code     0  startup_stm32f40_41xxx.o(.text)
    CAN2_RX0_IRQHandler                      0x08000357   Thumb Code     0  startup_stm32f40_41xxx.o(.text)
    CAN2_RX1_IRQHandler                      0x08000357   Thumb Code     0  startup_stm32f40_41xxx.o(.text)
    CAN2_SCE_IRQHandler                      0x08000357   Thumb Code     0  startup_stm32f40_41xxx.o(.text)
    CAN2_TX_IRQHandler                       0x08000357   Thumb Code     0  startup_stm32f40_41xxx.o(.text)
    CRYP_IRQHandler                          0x08000357   Thumb Code     0  startup_stm32f40_41xxx.o(.text)
    DCMI_IRQHandler                          0x08000357   Thumb Code     0  startup_stm32f40_41xxx.o(.text)
    DMA1_Stream0_IRQHandler                  0x08000357   Thumb Code     0  startup_stm32f40_41xxx.o(.text)
    DMA1_Stream1_IRQHandler                  0x08000357   Thumb Code     0  startup_stm32f40_41xxx.o(.text)
    DMA1_Stream2_IRQHandler                  0x08000357   Thumb Code     0  startup_stm32f40_41xxx.o(.text)
    DMA1_Stream5_IRQHandler                  0x08000357   Thumb Code     0  startup_stm32f40_41xxx.o(.text)
    DMA1_Stream6_IRQHandler                  0x08000357   Thumb Code     0  startup_stm32f40_41xxx.o(.text)
    DMA1_Stream7_IRQHandler                  0x08000357   Thumb Code     0  startup_stm32f40_41xxx.o(.text)
    DMA2_Stream0_IRQHandler                  0x08000357   Thumb Code     0  startup_stm32f40_41xxx.o(.text)
    DMA2_Stream1_IRQHandler                  0x08000357   Thumb Code     0  startup_stm32f40_41xxx.o(.text)
    DMA2_Stream2_IRQHandler                  0x08000357   Thumb Code     0  startup_stm32f40_41xxx.o(.text)
    DMA2_Stream3_IRQHandler                  0x08000357   Thumb Code     0  startup_stm32f40_41xxx.o(.text)
    DMA2_Stream4_IRQHandler                  0x08000357   Thumb Code     0  startup_stm32f40_41xxx.o(.text)
    DMA2_Stream5_IRQHandler                  0x08000357   Thumb Code     0  startup_stm32f40_41xxx.o(.text)
    DMA2_Stream6_IRQHandler                  0x08000357   Thumb Code     0  startup_stm32f40_41xxx.o(.text)
    ETH_IRQHandler                           0x08000357   Thumb Code     0  startup_stm32f40_41xxx.o(.text)
    ETH_WKUP_IRQHandler                      0x08000357   Thumb Code     0  startup_stm32f40_41xxx.o(.text)
    EXTI0_IRQHandler                         0x08000357   Thumb Code     0  startup_stm32f40_41xxx.o(.text)
    EXTI15_10_IRQHandler                     0x08000357   Thumb Code     0  startup_stm32f40_41xxx.o(.text)
    EXTI1_IRQHandler                         0x08000357   Thumb Code     0  startup_stm32f40_41xxx.o(.text)
    EXTI2_IRQHandler                         0x08000357   Thumb Code     0  startup_stm32f40_41xxx.o(.text)
    EXTI3_IRQHandler                         0x08000357   Thumb Code     0  startup_stm32f40_41xxx.o(.text)
    EXTI4_IRQHandler                         0x08000357   Thumb Code     0  startup_stm32f40_41xxx.o(.text)
    EXTI9_5_IRQHandler                       0x08000357   Thumb Code     0  startup_stm32f40_41xxx.o(.text)
    FLASH_IRQHandler                         0x08000357   Thumb Code     0  startup_stm32f40_41xxx.o(.text)
    FPU_IRQHandler                           0x08000357   Thumb Code     0  startup_stm32f40_41xxx.o(.text)
    FSMC_IRQHandler                          0x08000357   Thumb Code     0  startup_stm32f40_41xxx.o(.text)
    HASH_RNG_IRQHandler                      0x08000357   Thumb Code     0  startup_stm32f40_41xxx.o(.text)
    I2C1_ER_IRQHandler                       0x08000357   Thumb Code     0  startup_stm32f40_41xxx.o(.text)
    I2C1_EV_IRQHandler                       0x08000357   Thumb Code     0  startup_stm32f40_41xxx.o(.text)
    I2C2_ER_IRQHandler                       0x08000357   Thumb Code     0  startup_stm32f40_41xxx.o(.text)
    I2C2_EV_IRQHandler                       0x08000357   Thumb Code     0  startup_stm32f40_41xxx.o(.text)
    I2C3_ER_IRQHandler                       0x08000357   Thumb Code     0  startup_stm32f40_41xxx.o(.text)
    I2C3_EV_IRQHandler                       0x08000357   Thumb Code     0  startup_stm32f40_41xxx.o(.text)
    OTG_FS_IRQHandler                        0x08000357   Thumb Code     0  startup_stm32f40_41xxx.o(.text)
    OTG_FS_WKUP_IRQHandler                   0x08000357   Thumb Code     0  startup_stm32f40_41xxx.o(.text)
    OTG_HS_EP1_IN_IRQHandler                 0x08000357   Thumb Code     0  startup_stm32f40_41xxx.o(.text)
    OTG_HS_EP1_OUT_IRQHandler                0x08000357   Thumb Code     0  startup_stm32f40_41xxx.o(.text)
    OTG_HS_IRQHandler                        0x08000357   Thumb Code     0  startup_stm32f40_41xxx.o(.text)
    OTG_HS_WKUP_IRQHandler                   0x08000357   Thumb Code     0  startup_stm32f40_41xxx.o(.text)
    PVD_IRQHandler                           0x08000357   Thumb Code     0  startup_stm32f40_41xxx.o(.text)
    RCC_IRQHandler                           0x08000357   Thumb Code     0  startup_stm32f40_41xxx.o(.text)
    RTC_Alarm_IRQHandler                     0x08000357   Thumb Code     0  startup_stm32f40_41xxx.o(.text)
    RTC_WKUP_IRQHandler                      0x08000357   Thumb Code     0  startup_stm32f40_41xxx.o(.text)
    SDIO_IRQHandler                          0x08000357   Thumb Code     0  startup_stm32f40_41xxx.o(.text)
    SPI1_IRQHandler                          0x08000357   Thumb Code     0  startup_stm32f40_41xxx.o(.text)
    SPI2_IRQHandler                          0x08000357   Thumb Code     0  startup_stm32f40_41xxx.o(.text)
    SPI3_IRQHandler                          0x08000357   Thumb Code     0  startup_stm32f40_41xxx.o(.text)
    TAMP_STAMP_IRQHandler                    0x08000357   Thumb Code     0  startup_stm32f40_41xxx.o(.text)
    TIM1_BRK_TIM9_IRQHandler                 0x08000357   Thumb Code     0  startup_stm32f40_41xxx.o(.text)
    TIM1_CC_IRQHandler                       0x08000357   Thumb Code     0  startup_stm32f40_41xxx.o(.text)
    TIM1_TRG_COM_TIM11_IRQHandler            0x08000357   Thumb Code     0  startup_stm32f40_41xxx.o(.text)
    TIM1_UP_TIM10_IRQHandler                 0x08000357   Thumb Code     0  startup_stm32f40_41xxx.o(.text)
    TIM2_IRQHandler                          0x08000357   Thumb Code     0  startup_stm32f40_41xxx.o(.text)
    TIM3_IRQHandler                          0x08000357   Thumb Code     0  startup_stm32f40_41xxx.o(.text)
    TIM4_IRQHandler                          0x08000357   Thumb Code     0  startup_stm32f40_41xxx.o(.text)
    TIM5_IRQHandler                          0x08000357   Thumb Code     0  startup_stm32f40_41xxx.o(.text)
    TIM6_DAC_IRQHandler                      0x08000357   Thumb Code     0  startup_stm32f40_41xxx.o(.text)
    TIM7_IRQHandler                          0x08000357   Thumb Code     0  startup_stm32f40_41xxx.o(.text)
    TIM8_BRK_TIM12_IRQHandler                0x08000357   Thumb Code     0  startup_stm32f40_41xxx.o(.text)
    TIM8_CC_IRQHandler                       0x08000357   Thumb Code     0  startup_stm32f40_41xxx.o(.text)
    TIM8_TRG_COM_TIM14_IRQHandler            0x08000357   Thumb Code     0  startup_stm32f40_41xxx.o(.text)
    TIM8_UP_TIM13_IRQHandler                 0x08000357   Thumb Code     0  startup_stm32f40_41xxx.o(.text)
    UART5_IRQHandler                         0x08000357   Thumb Code     0  startup_stm32f40_41xxx.o(.text)
    USART2_IRQHandler                        0x08000357   Thumb Code     0  startup_stm32f40_41xxx.o(.text)
    WWDG_IRQHandler                          0x08000357   Thumb Code     0  startup_stm32f40_41xxx.o(.text)
    __user_initial_stackheap                 0x08000359   Thumb Code     0  startup_stm32f40_41xxx.o(.text)
    __use_no_semihosting                     0x0800037d   Thumb Code     2  use_no_semi_2.o(.text)
    __2printf                                0x08000381   Thumb Code    20  noretval__2printf.o(.text)
    __2sprintf                               0x08000399   Thumb Code    34  noretval__2sprintf.o(.text)
    _printf_str                              0x080003c1   Thumb Code    82  _printf_str.o(.text)
    __printf                                 0x08000413   Thumb Code   270  __printf_wp.o(.text)
    __0sscanf                                0x08000521   Thumb Code    52  __0sscanf.o(.text)
    _scanf_int                               0x0800055d   Thumb Code   332  _scanf_int.o(.text)
    _scanf_string                            0x080006a9   Thumb Code   224  _scanf_str.o(.text)
    strstr                                   0x08000789   Thumb Code    36  strstr.o(.text)
    strlen                                   0x080007ad   Thumb Code    62  strlen.o(.text)
    strncmp                                  0x080007eb   Thumb Code   150  strncmp.o(.text)
    __aeabi_memcpy                           0x08000881   Thumb Code     0  rt_memcpy_v6.o(.text)
    __rt_memcpy                              0x08000881   Thumb Code   138  rt_memcpy_v6.o(.text)
    _memcpy_lastbytes                        0x080008e7   Thumb Code     0  rt_memcpy_v6.o(.text)
    __aeabi_memset                           0x0800090b   Thumb Code    16  aeabi_memset.o(.text)
    __aeabi_memclr                           0x0800091b   Thumb Code     0  rt_memclr.o(.text)
    __rt_memclr                              0x0800091b   Thumb Code    68  rt_memclr.o(.text)
    _memset                                  0x0800091f   Thumb Code     0  rt_memclr.o(.text)
    __aeabi_memclr4                          0x0800095f   Thumb Code     0  rt_memclr_w.o(.text)
    __aeabi_memclr8                          0x0800095f   Thumb Code     0  rt_memclr_w.o(.text)
    __rt_memclr_w                            0x0800095f   Thumb Code    78  rt_memclr_w.o(.text)
    _memset_w                                0x08000963   Thumb Code     0  rt_memclr_w.o(.text)
    strncpy                                  0x080009ad   Thumb Code    86  strncpy.o(.text)
    strcmp                                   0x08000a05   Thumb Code   128  strcmpv7m.o(.text)
    __use_two_region_memory                  0x08000a85   Thumb Code     2  heapauxi.o(.text)
    __rt_heap_escrow$2region                 0x08000a87   Thumb Code     2  heapauxi.o(.text)
    __rt_heap_expand$2region                 0x08000a89   Thumb Code     2  heapauxi.o(.text)
    __I$use$semihosting                      0x08000a8b   Thumb Code     0  use_no_semi.o(.text)
    __use_no_semihosting_swi                 0x08000a8b   Thumb Code     2  use_no_semi.o(.text)
    __read_errno                             0x08000a8d   Thumb Code    10  _rserrno.o(.text)
    __set_errno                              0x08000a97   Thumb Code    12  _rserrno.o(.text)
    _printf_char_common                      0x08000aaf   Thumb Code    32  _printf_char_common.o(.text)
    _sputc                                   0x08000ad5   Thumb Code    10  _sputc.o(.text)
    _printf_cs_common                        0x08000adf   Thumb Code    20  _printf_char.o(.text)
    _printf_char                             0x08000af3   Thumb Code    16  _printf_char.o(.text)
    _printf_string                           0x08000b03   Thumb Code     8  _printf_char.o(.text)
    _printf_char_file                        0x08000b0d   Thumb Code    32  _printf_char_file.o(.text)
    _chval                                   0x08000b31   Thumb Code    28  _chval.o(.text)
    __vfscanf_char                           0x08000b59   Thumb Code    24  scanf_char.o(.text)
    _sgetc                                   0x08000b79   Thumb Code    30  _sgetc.o(.text)
    _sbackspace                              0x08000b97   Thumb Code    34  _sgetc.o(.text)
    __aeabi_memcpy4                          0x08000bb9   Thumb Code     0  rt_memcpy_w.o(.text)
    __aeabi_memcpy8                          0x08000bb9   Thumb Code     0  rt_memcpy_w.o(.text)
    __rt_memcpy_w                            0x08000bb9   Thumb Code   100  rt_memcpy_w.o(.text)
    _memcpy_lastbytes_aligned                0x08000c01   Thumb Code     0  rt_memcpy_w.o(.text)
    __aeabi_errno_addr                       0x08000c1d   Thumb Code     8  rt_errno_addr_intlibspace.o(.text)
    __errno$intlibspace                      0x08000c1d   Thumb Code     0  rt_errno_addr_intlibspace.o(.text)
    __rt_errno_addr$intlibspace              0x08000c1d   Thumb Code     0  rt_errno_addr_intlibspace.o(.text)
    isspace                                  0x08000c25   Thumb Code    18  isspace.o(.text)
    __vfscanf                                0x08000c39   Thumb Code   878  _scanf.o(.text)
    ferror                                   0x08000fad   Thumb Code     8  ferror.o(.text)
    __user_libspace                          0x08000fb5   Thumb Code     8  libspace.o(.text)
    __user_perproc_libspace                  0x08000fb5   Thumb Code     0  libspace.o(.text)
    __user_perthread_libspace                0x08000fb5   Thumb Code     0  libspace.o(.text)
    __user_setup_stackheap                   0x08000fbd   Thumb Code    74  sys_stackheap_outer.o(.text)
    __rt_ctype_table                         0x08001009   Thumb Code    16  rt_ctype_table.o(.text)
    exit                                     0x08001019   Thumb Code    12  exit.o(.text)
    __rt_locale                              0x08001025   Thumb Code     8  rt_locale_intlibspace.o(.text)
    AllParaInit                              0x0800102d   Thumb Code    14  gateway_protocol.o(i.AllParaInit)
    AllTableInit                             0x08001041   Thumb Code    40  table_process.o(i.AllTableInit)
    BCC_CheckSum                             0x08001071   Thumb Code    30  common.o(i.BCC_CheckSum)
    BallastCommInit                          0x080010cd   Thumb Code    86  ballast_comm.o(i.BallastCommInit)
    Bcd2ToByte                               0x080012ad   Thumb Code    22  common.o(i.Bcd2ToByte)
    BusFault_Handler                         0x080012c3   Thumb Code     4  stm32f4xx_it.o(i.BusFault_Handler)
    CaculateWeekDay                          0x080012c7   Thumb Code   128  rtc.o(i.CaculateWeekDay)
    DMA1_Stream3_IRQHandler                  0x08001349   Thumb Code    62  gsm.o(i.DMA1_Stream3_IRQHandler)
    DMA1_Stream4_IRQHandler                  0x08001395   Thumb Code    26  ballast_comm.o(i.DMA1_Stream4_IRQHandler)
    DMA2_Stream7_IRQHandler                  0x080013bd   Thumb Code    36  electric.o(i.DMA2_Stream7_IRQHandler)
    DMA_ClearFlag                            0x080013e9   Thumb Code    38  stm32f4xx_dma.o(i.DMA_ClearFlag)
    DMA_Cmd                                  0x0800141d   Thumb Code    22  stm32f4xx_dma.o(i.DMA_Cmd)
    DMA_DeInit                               0x08001435   Thumb Code   324  stm32f4xx_dma.o(i.DMA_DeInit)
    DMA_GetCmdStatus                         0x0800158d   Thumb Code    20  stm32f4xx_dma.o(i.DMA_GetCmdStatus)
    DMA_GetFlagStatus                        0x080015a1   Thumb Code    54  stm32f4xx_dma.o(i.DMA_GetFlagStatus)
    DMA_ITConfig                             0x080015e5   Thumb Code    58  stm32f4xx_dma.o(i.DMA_ITConfig)
    DMA_Init                                 0x08001621   Thumb Code    82  stm32f4xx_dma.o(i.DMA_Init)
    DMA_SetCurrDataCounter                   0x08001679   Thumb Code     4  stm32f4xx_dma.o(i.DMA_SetCurrDataCounter)
    DebugMon_Handler                         0x0800167d   Thumb Code     2  stm32f4xx_it.o(i.DebugMon_Handler)
    ElectricInit                             0x080016cd   Thumb Code    86  electric.o(i.ElectricInit)
    FSMC_NORSRAMCmd                          0x080018b1   Thumb Code    46  stm32f4xx_fsmc.o(i.FSMC_NORSRAMCmd)
    FSMC_NORSRAMInit                         0x080018e5   Thumb Code   290  stm32f4xx_fsmc.o(i.FSMC_NORSRAMInit)
    FSMC_NOR_EraseBlock                      0x08001a0d   Thumb Code    48  fsmc_nor.o(i.FSMC_NOR_EraseBlock)
    FSMC_NOR_EraseSector                     0x08001a45   Thumb Code    48  fsmc_nor.o(i.FSMC_NOR_EraseSector)
    FSMC_NOR_GetStatus                       0x08001a7d   Thumb Code    76  fsmc_nor.o(i.FSMC_NOR_GetStatus)
    FSMC_NOR_Init                            0x08001ac9   Thumb Code   650  fsmc_nor.o(i.FSMC_NOR_Init)
    FSMC_NOR_ReadBuffer                      0x08001d65   Thumb Code    44  fsmc_nor.o(i.FSMC_NOR_ReadBuffer)
    FSMC_NOR_WriteBuffer                     0x08001d99   Thumb Code    38  fsmc_nor.o(i.FSMC_NOR_WriteBuffer)
    FSMC_NOR_WriteHalfWord                   0x08001dc1   Thumb Code    38  fsmc_nor.o(i.FSMC_NOR_WriteHalfWord)
    GHA                                      0x08001df1   Thumb Code   496  lat_longitude.o(i.GHA)
    GPIO_Init                                0x08002021   Thumb Code   144  stm32f4xx_gpio.o(i.GPIO_Init)
    GPIO_PinAFConfig                         0x080020b1   Thumb Code    70  stm32f4xx_gpio.o(i.GPIO_PinAFConfig)
    GPIO_ResetBits                           0x080020f7   Thumb Code     4  stm32f4xx_gpio.o(i.GPIO_ResetBits)
    GPIO_SetBits                             0x080020fb   Thumb Code     4  stm32f4xx_gpio.o(i.GPIO_SetBits)
    GSMInit                                  0x08002101   Thumb Code    76  gsm.o(i.GSMInit)
    G_sun                                    0x08002395   Thumb Code    56  lat_longitude.o(i.G_sun)
    GatewayAddrCheck                         0x080023dd   Thumb Code    72  gateway_protocol.o(i.GatewayAddrCheck)
    GsmDMA_TxBuff                            0x08002509   Thumb Code   112  gsm.o(i.GsmDMA_TxBuff)
    GsmStartConnect                          0x080025e9   Thumb Code   364  gsm.o(i.GsmStartConnect)
    HandleGatewayParam                       0x08002985   Thumb Code   174  gateway_protocol.o(i.HandleGatewayParam)
    HandleLampDimmer                         0x08002a33   Thumb Code     2  gateway_protocol.o(i.HandleLampDimmer)
    HandleLampOnOff                          0x08002a35   Thumb Code     2  gateway_protocol.o(i.HandleLampOnOff)
    HandleLampParam                          0x08002a39   Thumb Code   620  gateway_protocol.o(i.HandleLampParam)
    HandleLampStrategy                       0x08002ca9   Thumb Code     2  gateway_protocol.o(i.HandleLampStrategy)
    HandleTunnelStrategy                     0x08002cab   Thumb Code    90  gateway_protocol.o(i.HandleTunnelStrategy)
    HandleUnitLightParam                     0x08002d05   Thumb Code     2  ballast_protocol.o(i.HandleUnitLightParam)
    HandleUnitReadData                       0x08002d07   Thumb Code     2  ballast_protocol.o(i.HandleUnitReadData)
    HandleUnitStrategy                       0x08002d09   Thumb Code     2  ballast_protocol.o(i.HandleUnitStrategy)
    HardFault_Handler                        0x08002d0b   Thumb Code     4  stm32f4xx_it.o(i.HardFault_Handler)
    KM_CtrlInit                              0x08002d45   Thumb Code    48  km_ctrl.o(i.KM_CtrlInit)
    L_sun                                    0x08002e21   Thumb Code    56  lat_longitude.o(i.L_sun)
    LampAttrSort                             0x08002e69   Thumb Code   250  table_process.o(i.LampAttrSort)
    LampRunCtrlTableInit                     0x08002f6d   Thumb Code    48  table_process.o(i.LampRunCtrlTableInit)
    LampSortFunction                         0x08002fa1   Thumb Code   296  table_process.o(i.LampSortFunction)
    MemManage_Handler                        0x080030d5   Thumb Code     4  stm32f4xx_it.o(i.MemManage_Handler)
    MemStorage_Convert                       0x080030d9   Thumb Code    24  norflash.o(i.MemStorage_Convert)
    NMI_Handler                              0x080030f1   Thumb Code     2  stm32f4xx_it.o(i.NMI_Handler)
    NVIC_Init                                0x080030f5   Thumb Code   106  misc.o(i.NVIC_Init)
    NVIC_PriorityGroupConfig                 0x0800316d   Thumb Code    10  misc.o(i.NVIC_PriorityGroupConfig)
    NetTimeCentury                           0x08003181   Thumb Code   112  rtc.o(i.NetTimeCentury)
    NorFlashInit                             0x08003215   Thumb Code    24  norflash.o(i.NorFlashInit)
    NorFlashRead                             0x08003231   Thumb Code    54  norflash.o(i.NorFlashRead)
    NorFlashWrite                            0x0800326d   Thumb Code    86  norflash.o(i.NorFlashWrite)
    PWR_BackupAccessCmd                      0x08003309   Thumb Code     6  stm32f4xx_pwr.o(i.PWR_BackupAccessCmd)
    Protocol_Check                           0x08003315   Thumb Code    78  gateway_protocol.o(i.Protocol_Check)
    Protocol_Response                        0x08003363   Thumb Code   198  gateway_protocol.o(i.Protocol_Response)
    RCC_AHB1PeriphClockCmd                   0x08003429   Thumb Code    26  stm32f4xx_rcc.o(i.RCC_AHB1PeriphClockCmd)
    RCC_AHB3PeriphClockCmd                   0x08003449   Thumb Code    26  stm32f4xx_rcc.o(i.RCC_AHB3PeriphClockCmd)
    RCC_APB1PeriphClockCmd                   0x08003469   Thumb Code    26  stm32f4xx_rcc.o(i.RCC_APB1PeriphClockCmd)
    RCC_APB2PeriphClockCmd                   0x08003489   Thumb Code    26  stm32f4xx_rcc.o(i.RCC_APB2PeriphClockCmd)
    RCC_GetClocksFreq                        0x080034a9   Thumb Code   214  stm32f4xx_rcc.o(i.RCC_GetClocksFreq)
    RCC_GetFlagStatus                        0x08003591   Thumb Code    60  stm32f4xx_rcc.o(i.RCC_GetFlagStatus)
    RCC_LSEConfig                            0x080035d1   Thumb Code    40  stm32f4xx_rcc.o(i.RCC_LSEConfig)
    RCC_RTCCLKCmd                            0x080035fd   Thumb Code     6  stm32f4xx_rcc.o(i.RCC_RTCCLKCmd)
    RCC_RTCCLKConfig                         0x08003609   Thumb Code    50  stm32f4xx_rcc.o(i.RCC_RTCCLKConfig)
    RTC_EnterInitMode                        0x08003679   Thumb Code    76  stm32f4xx_rtc.o(i.RTC_EnterInitMode)
    RTC_ExitInitMode                         0x080036c9   Thumb Code    14  stm32f4xx_rtc.o(i.RTC_ExitInitMode)
    RTC_GetDate                              0x080036dd   Thumb Code    68  stm32f4xx_rtc.o(i.RTC_GetDate)
    RTC_GetTime                              0x08003729   Thumb Code    72  stm32f4xx_rtc.o(i.RTC_GetTime)
    RTC_Init                                 0x08003779   Thumb Code    94  stm32f4xx_rtc.o(i.RTC_Init)
    RTC_ReadBackupRegister                   0x080037dd   Thumb Code    26  stm32f4xx_rtc.o(i.RTC_ReadBackupRegister)
    RTC_SetDate                              0x080037fd   Thumb Code   190  stm32f4xx_rtc.o(i.RTC_SetDate)
    RTC_SetTime                              0x080038c5   Thumb Code   198  stm32f4xx_rtc.o(i.RTC_SetTime)
    RTC_WaitForSynchro                       0x08003995   Thumb Code    92  stm32f4xx_rtc.o(i.RTC_WaitForSynchro)
    RTC_WriteBackupRegister                  0x080039f5   Thumb Code    24  stm32f4xx_rtc.o(i.RTC_WriteBackupRegister)
    ReadRTC_Time                             0x08003a11   Thumb Code   116  rtc.o(i.ReadRTC_Time)
    RelinkTCP                                0x08003a89   Thumb Code    84  gsm.o(i.RelinkTCP)
    RtcInit                                  0x08003b2d   Thumb Code   120  rtc.o(i.RtcInit)
    SendMsgToSim                             0x08003ba9   Thumb Code   136  gsm.o(i.SendMsgToSim)
    SimSendData                              0x08003fad   Thumb Code    94  gsm.o(i.SimSendData)
    SwitchToCommand                          0x08004025   Thumb Code    42  gsm.o(i.SwitchToCommand)
    SwitchToData                             0x0800406d   Thumb Code    30  gsm.o(i.SwitchToData)
    SystemInit                               0x080040b1   Thumb Code    88  system_stm32f4xx.o(i.SystemInit)
    TunnelStrategyRun                        0x08004345   Thumb Code   110  table_process.o(i.TunnelStrategyRun)
    UART4_IRQHandler                         0x080043b5   Thumb Code   132  ballast_comm.o(i.UART4_IRQHandler)
    USART1_IRQHandler                        0x08004449   Thumb Code   132  electric.o(i.USART1_IRQHandler)
    USART3_IRQHandler                        0x080044dd   Thumb Code   328  gsm.o(i.USART3_IRQHandler)
    USART6_IRQHandler                        0x0800463d   Thumb Code   164  sys_debug.o(i.USART6_IRQHandler)
    USART_Cmd                                0x080046f5   Thumb Code    24  stm32f4xx_usart.o(i.USART_Cmd)
    USART_DMACmd                             0x0800470d   Thumb Code    18  stm32f4xx_usart.o(i.USART_DMACmd)
    USART_GetITStatus                        0x0800471f   Thumb Code    84  stm32f4xx_usart.o(i.USART_GetITStatus)
    USART_ITConfig                           0x08004773   Thumb Code    74  stm32f4xx_usart.o(i.USART_ITConfig)
    USART_Init                               0x080047bd   Thumb Code   204  stm32f4xx_usart.o(i.USART_Init)
    USART_ReceiveData                        0x08004891   Thumb Code    10  stm32f4xx_usart.o(i.USART_ReceiveData)
    UT_rise                                  0x0800489b   Thumb Code    84  lat_longitude.o(i.UT_rise)
    UT_set                                   0x080048ef   Thumb Code    84  lat_longitude.o(i.UT_set)
    UartDebugHardwareInit                    0x08004999   Thumb Code   214  uart_debug.o(i.UartDebugHardwareInit)
    UartDebugInit                            0x08004a79   Thumb Code    16  sys_debug.o(i.UartDebugInit)
    UpdataNetTime                            0x08004a89   Thumb Code   408  rtc.o(i.UpdataNetTime)
    UsageFault_Handler                       0x08004c4d   Thumb Code     4  stm32f4xx_it.o(i.UsageFault_Handler)
    Zone                                     0x08004c51   Thumb Code     4  lat_longitude.o(i.Zone)
    __ARM_fpclassify                         0x08004c55   Thumb Code    48  fpclassify.o(i.__ARM_fpclassify)
    __hardfp_acos                            0x08004c89   Thumb Code   738  acos.o(i.__hardfp_acos)
    __hardfp_asin                            0x08004fe1   Thumb Code   770  asin.o(i.__hardfp_asin)
    __hardfp_cos                             0x08005341   Thumb Code   180  cos.o(i.__hardfp_cos)
    __hardfp_sin                             0x08005409   Thumb Code   180  sin.o(i.__hardfp_sin)
    __ieee754_rem_pio2                       0x080054d1   Thumb Code   938  rred.o(i.__ieee754_rem_pio2)
    __kernel_cos                             0x08005909   Thumb Code   322  cos_i.o(i.__kernel_cos)
    __kernel_poly                            0x08005a79   Thumb Code   248  poly.o(i.__kernel_poly)
    __kernel_sin                             0x08005b71   Thumb Code   280  sin_i.o(i.__kernel_sin)
    __mathlib_dbl_infnan                     0x08005ca1   Thumb Code    20  dunder.o(i.__mathlib_dbl_infnan)
    __mathlib_dbl_invalid                    0x08005cb9   Thumb Code    24  dunder.o(i.__mathlib_dbl_invalid)
    __mathlib_dbl_underflow                  0x08005cd9   Thumb Code    24  dunder.o(i.__mathlib_dbl_underflow)
    _is_digit                                0x08005cf9   Thumb Code    14  __printf_wp.o(i._is_digit)
    _sys_exit                                0x08005d07   Thumb Code     4  uart_debug.o(i._sys_exit)
    addr_index_ctrl                          0x08005d0d   Thumb Code   150  table_process.o(i.addr_index_ctrl)
    branch_attr_ctrl                         0x08005db1   Thumb Code   144  table_process.o(i.branch_attr_ctrl)
    branch_quick_sort                        0x08005e45   Thumb Code   216  table_process.o(i.branch_quick_sort)
    chr2hex                                  0x08005f21   Thumb Code    54  common.o(i.chr2hex)
    days                                     0x08005f59   Thumb Code   100  lat_longitude.o(i.days)
    e                                        0x08005fc5   Thumb Code   428  lat_longitude.o(i.e)
    earth_tilt                               0x08006189   Thumb Code    56  lat_longitude.o(i.earth_tilt)
    ecliptic_longitude                       0x080061d1   Thumb Code   220  lat_longitude.o(i.ecliptic_longitude)
    fabs                                     0x080062d5   Thumb Code    24  fabs.o(i.fabs)
    fputc                                    0x080062ed   Thumb Code    24  uart_debug.o(i.fputc)
    get_glat                                 0x08006309   Thumb Code   240  lat_longitude.o(i.get_glat)
    get_glong                                0x08006419   Thumb Code   240  lat_longitude.o(i.get_glong)
    hex2chr                                  0x08006529   Thumb Code    34  common.o(i.hex2chr)
    leap_year                                0x0800654b   Thumb Code    50  lat_longitude.o(i.leap_year)
    main                                     0x0800657d   Thumb Code    54  main.o(i.main)
    pcTaskGetTaskName                        0x080065b5   Thumb Code    20  tasks.o(i.pcTaskGetTaskName)
    pole_quick_sort                          0x080065cd   Thumb Code   220  table_process.o(i.pole_quick_sort)
    printf_buff                              0x080066ad   Thumb Code   104  sys_debug.o(i.printf_buff)
    printf_str                               0x08006729   Thumb Code    90  sys_debug.o(i.printf_str)
    pvPortMalloc                             0x08006b75   Thumb Code   164  heap_2.o(i.pvPortMalloc)
    pvTaskIncrementMutexHeldCount            0x08006c2d   Thumb Code    26  tasks.o(i.pvTaskIncrementMutexHeldCount)
    pxPortInitialiseStack                    0x08006c4d   Thumb Code    34  port.o(i.pxPortInitialiseStack)
    resule_convert                           0x08006c75   Thumb Code   932  lat_longitude.o(i.resule_convert)
    result_rise                              0x08007035   Thumb Code   586  lat_longitude.o(i.result_rise)
    result_set                               0x0800728d   Thumb Code   586  lat_longitude.o(i.result_set)
    rise_set                                 0x080074e5   Thumb Code   988  lat_longitude.o(i.rise_set)
    segment_quick_sort                       0x080078d9   Thumb Code   220  table_process.o(i.segment_quick_sort)
    sqrt                                     0x080079b9   Thumb Code   110  sqrt.o(i.sqrt)
    sun_deviation                            0x08007a29   Thumb Code   164  lat_longitude.o(i.sun_deviation)
    t_century                                0x08007add   Thumb Code    80  lat_longitude.o(i.t_century)
    unit_addr_check                          0x08007b3d   Thumb Code    92  gateway_protocol.o(i.unit_addr_check)
    uxListRemove                             0x08007b99   Thumb Code    40  list.o(i.uxListRemove)
    vApplicationStackOverflowHook            0x08007bc1   Thumb Code    34  freertos_hook.o(i.vApplicationStackOverflowHook)
    vApplicationTickHook                     0x08007c09   Thumb Code     2  freertos_hook.o(i.vApplicationTickHook)
    vListInitialise                          0x08007d41   Thumb Code    26  list.o(i.vListInitialise)
    vListInitialiseItem                      0x08007d5b   Thumb Code     6  list.o(i.vListInitialiseItem)
    vListInsert                              0x08007d61   Thumb Code    52  list.o(i.vListInsert)
    vListInsertEnd                           0x08007d95   Thumb Code    24  list.o(i.vListInsertEnd)
    vPortEnterCritical                       0x08007dad   Thumb Code    30  port.o(i.vPortEnterCritical)
    vPortExitCritical                        0x08007dd1   Thumb Code    28  port.o(i.vPortExitCritical)
    vPortFree                                0x08007df1   Thumb Code    56  heap_2.o(i.vPortFree)
    vPortSetupTimerInterrupt                 0x08007e31   Thumb Code    14  port.o(i.vPortSetupTimerInterrupt)
    vTaskDelay                               0x08007e45   Thumb Code    84  tasks.o(i.vTaskDelay)
    vTaskMissedYield                         0x08007ea9   Thumb Code     8  tasks.o(i.vTaskMissedYield)
    vTaskPlaceOnEventList                    0x08007eb5   Thumb Code    84  tasks.o(i.vTaskPlaceOnEventList)
    vTaskPriorityInherit                     0x08007f19   Thumb Code   164  tasks.o(i.vTaskPriorityInherit)
    vTaskSetTimeOutState                     0x08007fc9   Thumb Code    14  tasks.o(i.vTaskSetTimeOutState)
    vTaskStartScheduler                      0x08007fe1   Thumb Code    74  tasks.o(i.vTaskStartScheduler)
    vTaskSuspendAll                          0x08008045   Thumb Code    12  tasks.o(i.vTaskSuspendAll)
    vTaskSwitchContext                       0x08008055   Thumb Code   132  tasks.o(i.vTaskSwitchContext)
    xPortStartScheduler                      0x0800812d   Thumb Code    58  port.o(i.xPortStartScheduler)
    xPortSysTickHandler                      0x08008175   Thumb Code    48  port.o(i.xPortSysTickHandler)
    xQueueCreateMutex                        0x080081a9   Thumb Code    72  queue.o(i.xQueueCreateMutex)
    xQueueGenericCreate                      0x080081f1   Thumb Code    70  queue.o(i.xQueueGenericCreate)
    xQueueGenericReceive                     0x08008239   Thumb Code   318  queue.o(i.xQueueGenericReceive)
    xQueueGenericReset                       0x0800837d   Thumb Code   120  queue.o(i.xQueueGenericReset)
    xQueueGenericSend                        0x080083f9   Thumb Code   268  queue.o(i.xQueueGenericSend)
    xQueueGenericSendFromISR                 0x08008509   Thumb Code   126  queue.o(i.xQueueGenericSendFromISR)
    xQueueGiveFromISR                        0x08008587   Thumb Code   110  queue.o(i.xQueueGiveFromISR)
    xTaskCheckForTimeOut                     0x080085f5   Thumb Code    84  tasks.o(i.xTaskCheckForTimeOut)
    xTaskGenericCreate                       0x08008651   Thumb Code   236  tasks.o(i.xTaskGenericCreate)
    xTaskGetCurrentTaskHandle                0x08008759   Thumb Code     6  tasks.o(i.xTaskGetCurrentTaskHandle)
    xTaskGetTickCount                        0x08008765   Thumb Code     6  tasks.o(i.xTaskGetTickCount)
    xTaskIncrementTick                       0x08008771   Thumb Code   256  tasks.o(i.xTaskIncrementTick)
    xTaskPriorityDisinherit                  0x0800889d   Thumb Code   122  tasks.o(i.xTaskPriorityDisinherit)
    xTaskRemoveFromEventList                 0x08008921   Thumb Code   104  tasks.o(i.xTaskRemoveFromEventList)
    xTaskResumeAll                           0x080089a1   Thumb Code   196  tasks.o(i.xTaskResumeAll)
    zigbee_config                            0x08008a89   Thumb Code     2  gateway_protocol.o(i.zigbee_config)
    _get_lc_ctype                            0x08008a8d   Thumb Code    44  lc_ctype_c.o(locale$$code)
    __aeabi_dneg                             0x08008ab9   Thumb Code     0  basic.o(x$fpl$basic)
    _dneg                                    0x08008ab9   Thumb Code     6  basic.o(x$fpl$basic)
    __aeabi_fneg                             0x08008abf   Thumb Code     0  basic.o(x$fpl$basic)
    _fneg                                    0x08008abf   Thumb Code     6  basic.o(x$fpl$basic)
    _dabs                                    0x08008ac5   Thumb Code     6  basic.o(x$fpl$basic)
    _fabs                                    0x08008acb   Thumb Code     6  basic.o(x$fpl$basic)
    __aeabi_dadd                             0x08008ad1   Thumb Code     0  daddsub_clz.o(x$fpl$dadd)
    _dadd                                    0x08008ad1   Thumb Code   332  daddsub_clz.o(x$fpl$dadd)
    __fpl_dcmp_Inf                           0x08008c21   Thumb Code    24  dcmpi.o(x$fpl$dcmpinf)
    __aeabi_ddiv                             0x08008c39   Thumb Code     0  ddiv.o(x$fpl$ddiv)
    _ddiv                                    0x08008c39   Thumb Code   552  ddiv.o(x$fpl$ddiv)
    __aeabi_d2iz                             0x08008ee9   Thumb Code     0  dfix.o(x$fpl$dfix)
    _dfix                                    0x08008ee9   Thumb Code    94  dfix.o(x$fpl$dfix)
    __aeabi_d2uiz                            0x08008f49   Thumb Code     0  dfixu.o(x$fpl$dfixu)
    _dfixu                                   0x08008f49   Thumb Code    90  dfixu.o(x$fpl$dfixu)
    __aeabi_i2d                              0x08008fa3   Thumb Code     0  dflt_clz.o(x$fpl$dflt)
    _dflt                                    0x08008fa3   Thumb Code    46  dflt_clz.o(x$fpl$dflt)
    __aeabi_ui2d                             0x08008fd1   Thumb Code     0  dflt_clz.o(x$fpl$dfltu)
    _dfltu                                   0x08008fd1   Thumb Code    38  dflt_clz.o(x$fpl$dfltu)
    __aeabi_cdcmple                          0x08008ff9   Thumb Code     0  dleqf.o(x$fpl$dleqf)
    _dcmple                                  0x08008ff9   Thumb Code   120  dleqf.o(x$fpl$dleqf)
    __fpl_dcmple_InfNaN                      0x0800905b   Thumb Code     0  dleqf.o(x$fpl$dleqf)
    __aeabi_dmul                             0x08009071   Thumb Code     0  dmul.o(x$fpl$dmul)
    _dmul                                    0x08009071   Thumb Code   332  dmul.o(x$fpl$dmul)
    __fpl_dnaninf                            0x080091c5   Thumb Code   156  dnaninf.o(x$fpl$dnaninf)
    __fpl_dretinf                            0x08009261   Thumb Code    12  dretinf.o(x$fpl$dretinf)
    __aeabi_cdrcmple                         0x0800926d   Thumb Code     0  drleqf.o(x$fpl$drleqf)
    _drcmple                                 0x0800926d   Thumb Code   108  drleqf.o(x$fpl$drleqf)
    __aeabi_drsub                            0x080092d9   Thumb Code     0  daddsub_clz.o(x$fpl$drsb)
    _drsb                                    0x080092d9   Thumb Code    22  daddsub_clz.o(x$fpl$drsb)
    _dsqrt                                   0x080092f1   Thumb Code   404  dsqrt_umaal.o(x$fpl$dsqrt)
    __aeabi_dsub                             0x08009489   Thumb Code     0  daddsub_clz.o(x$fpl$dsub)
    _dsub                                    0x08009489   Thumb Code   464  daddsub_clz.o(x$fpl$dsub)
    _fp_init                                 0x0800965d   Thumb Code    10  fpinit.o(x$fpl$fpinit)
    __fplib_config_fpu_vfp                   0x08009665   Thumb Code     0  fpinit.o(x$fpl$fpinit)
    __fplib_config_pureend_doubles           0x08009665   Thumb Code     0  fpinit.o(x$fpl$fpinit)
    __I$use$fp                               0x08009666   Number         0  usenofp.o(x$fpl$usenofp)
    Region$$Table$$Base                      0x080099a8   Number         0  anon$$obj.o(Region$$Table)
    Region$$Table$$Limit                     0x080099c8   Number         0  anon$$obj.o(Region$$Table)
    __ctype                                  0x080099d5   Data           0  lc_ctype_c.o(locale$$data)
    LampDataTempBuff                         0x10000000   Data       50000  table_process.o(.ARM.__AT_0x10000000)
    LampAttrSortTable                        0x1000c350   Data        6000  table_process.o(.ARM.__AT_0x1000C350)
    LampRunCtrlTable                         0x1000dac0   Data        4000  table_process.o(.ARM.__AT_0x1000DAC0)
    ballastComm1Tx_semaphore                 0x20000010   Data           4  ballast_comm.o(.data)
    EleTx_semaphore                          0x20000018   Data           4  electric.o(.data)
    GsmTx_semaphore                          0x20000020   Data           4  gsm.o(.data)
    GPRS_ConnectState                        0x2000002c   Data           1  gsm.o(.data)
    FrameType_Flag                           0x2000002d   Data           1  gsm.o(.data)
    DebugMode                                0x20000038   Data           1  sys_debug.o(.data)
    TestMode                                 0x2000003c   Data           4  sys_debug.o(.data)
    TestModeFlag                             0x20000040   Data           1  sys_debug.o(.data)
    lamp_num                                 0x20000042   Data           2  table_process.o(.data)
    h                                        0x20000048   Data           8  lat_longitude.o(.data)
    sun_rise                                 0x20000050   Data           8  lat_longitude.o(.data)
    sun_set                                  0x20000058   Data           8  lat_longitude.o(.data)
    sun_time_rise                            0x20000060   Data           8  lat_longitude.o(.data)
    sun_time_set                             0x20000068   Data           8  lat_longitude.o(.data)
    days_of_month_1                          0x20000070   Data          48  lat_longitude.o(.data)
    days_of_month_2                          0x200000a0   Data          48  lat_longitude.o(.data)
    pxCurrentTCB                             0x200000ec   Data           4  tasks.o(.data)
    NVIC_InitStructure                       0x20000128   Data           4  rtc.o(.data)
    __stdout                                 0x20000130   Data           4  uart_debug.o(.data)
    BallastComm1RxData                       0x20000134   Data         102  ballast_comm.o(.bss)
    BallastComm1TxData                       0x2000019a   Data         102  ballast_comm.o(.bss)
    EleTxData                                0x20000200   Data         102  electric.o(.bss)
    EleRxData                                0x20000266   Data         102  electric.o(.bss)
    WG_ServerParameter                       0x200002cc   Data          22  gsm.o(.bss)
    ManagementAddr                           0x200002e2   Data          10  gsm.o(.bss)
    GsmTxData                                0x200002ec   Data         202  gsm.o(.bss)
    GsmRxData                                0x200003b6   Data         202  gsm.o(.bss)
    DebugRxData                              0x20000480   Data          52  sys_debug.o(.bss)
    sun_rise_set                             0x200004b4   Data          16  lat_longitude.o(.bss)
    time                                     0x2001e58c   Data          28  rtc.o(.bss)
    __libspace_start                         0x2001e5a8   Data          96  libspace.o(.bss)
    __temporary_stack_top$libspace           0x2001e608   Data           0  libspace.o(.bss)



==============================================================================

Memory Map of the image

  Image Entry point : 0x08000189

  Load Region LR_IROM1 (Base: 0x08000000, Size: 0x00009c0c, Max: 0x00100000, ABSOLUTE, COMPRESSED[0x00009b10])

    Execution Region ER_IROM1 (Base: 0x08000000, Size: 0x00009ad8, Max: 0x00100000, ABSOLUTE)

    Base Addr    Size         Type   Attr      Idx    E Section Name        Object

    0x08000000   0x00000188   Data   RO            3    RESET               startup_stm32f40_41xxx.o
    0x08000188   0x00000008   Code   RO         3995  * !!!main             c_w.l(__main.o)
    0x08000190   0x00000034   Code   RO         4338    !!!scatter          c_w.l(__scatter.o)
    0x080001c4   0x0000005a   Code   RO         4336    !!dczerorl2         c_w.l(__dczerorl2.o)
    0x0800021e   0x00000002   PAD
    0x08000220   0x0000001c   Code   RO         4340    !!handler_zi        c_w.l(__scatter_zi.o)
    0x0800023c   0x00000000   Code   RO         3968    .ARM.Collect$$_printf_percent$$00000000  c_w.l(_printf_percent.o)
    0x0800023c   0x00000006   Code   RO         3967    .ARM.Collect$$_printf_percent$$00000014  c_w.l(_printf_s.o)
    0x08000242   0x00000004   Code   RO         4090    .ARM.Collect$$_printf_percent$$00000017  c_w.l(_printf_percent_end.o)
    0x08000246   0x00000002   Code   RO         4206    .ARM.Collect$$libinit$$00000000  c_w.l(libinit.o)
    0x08000248   0x00000004   Code   RO         4217    .ARM.Collect$$libinit$$00000001  c_w.l(libinit2.o)
    0x0800024c   0x00000000   Code   RO         4220    .ARM.Collect$$libinit$$00000004  c_w.l(libinit2.o)
    0x0800024c   0x00000000   Code   RO         4223    .ARM.Collect$$libinit$$0000000A  c_w.l(libinit2.o)
    0x0800024c   0x00000000   Code   RO         4225    .ARM.Collect$$libinit$$0000000C  c_w.l(libinit2.o)
    0x0800024c   0x00000000   Code   RO         4227    .ARM.Collect$$libinit$$0000000E  c_w.l(libinit2.o)
    0x0800024c   0x00000006   Code   RO         4228    .ARM.Collect$$libinit$$0000000F  c_w.l(libinit2.o)
    0x08000252   0x00000000   Code   RO         4230    .ARM.Collect$$libinit$$00000011  c_w.l(libinit2.o)
    0x08000252   0x0000000c   Code   RO         4231    .ARM.Collect$$libinit$$00000012  c_w.l(libinit2.o)
    0x0800025e   0x00000000   Code   RO         4232    .ARM.Collect$$libinit$$00000013  c_w.l(libinit2.o)
    0x0800025e   0x00000000   Code   RO         4234    .ARM.Collect$$libinit$$00000015  c_w.l(libinit2.o)
    0x0800025e   0x00000000   Code   RO         4236    .ARM.Collect$$libinit$$00000017  c_w.l(libinit2.o)
    0x0800025e   0x00000000   Code   RO         4238    .ARM.Collect$$libinit$$00000019  c_w.l(libinit2.o)
    0x0800025e   0x00000000   Code   RO         4240    .ARM.Collect$$libinit$$0000001B  c_w.l(libinit2.o)
    0x0800025e   0x00000000   Code   RO         4242    .ARM.Collect$$libinit$$0000001D  c_w.l(libinit2.o)
    0x0800025e   0x00000000   Code   RO         4244    .ARM.Collect$$libinit$$0000001F  c_w.l(libinit2.o)
    0x0800025e   0x00000000   Code   RO         4246    .ARM.Collect$$libinit$$00000021  c_w.l(libinit2.o)
    0x0800025e   0x00000000   Code   RO         4248    .ARM.Collect$$libinit$$00000023  c_w.l(libinit2.o)
    0x0800025e   0x00000000   Code   RO         4250    .ARM.Collect$$libinit$$00000025  c_w.l(libinit2.o)
    0x0800025e   0x00000000   Code   RO         4254    .ARM.Collect$$libinit$$0000002C  c_w.l(libinit2.o)
    0x0800025e   0x00000000   Code   RO         4256    .ARM.Collect$$libinit$$0000002E  c_w.l(libinit2.o)
    0x0800025e   0x00000000   Code   RO         4258    .ARM.Collect$$libinit$$00000030  c_w.l(libinit2.o)
    0x0800025e   0x00000000   Code   RO         4260    .ARM.Collect$$libinit$$00000032  c_w.l(libinit2.o)
    0x0800025e   0x00000002   Code   RO         4261    .ARM.Collect$$libinit$$00000033  c_w.l(libinit2.o)
    0x08000260   0x00000002   Code   RO         4279    .ARM.Collect$$libshutdown$$00000000  c_w.l(libshutdown.o)
    0x08000262   0x00000000   Code   RO         4290    .ARM.Collect$$libshutdown$$00000003  c_w.l(libshutdown2.o)
    0x08000262   0x00000000   Code   RO         4293    .ARM.Collect$$libshutdown$$00000006  c_w.l(libshutdown2.o)
    0x08000262   0x00000000   Code   RO         4296    .ARM.Collect$$libshutdown$$00000009  c_w.l(libshutdown2.o)
    0x08000262   0x00000000   Code   RO         4298    .ARM.Collect$$libshutdown$$0000000B  c_w.l(libshutdown2.o)
    0x08000262   0x00000000   Code   RO         4301    .ARM.Collect$$libshutdown$$0000000E  c_w.l(libshutdown2.o)
    0x08000262   0x00000002   Code   RO         4302    .ARM.Collect$$libshutdown$$0000000F  c_w.l(libshutdown2.o)
    0x08000264   0x00000000   Code   RO         4079    .ARM.Collect$$rtentry$$00000000  c_w.l(__rtentry.o)
    0x08000264   0x00000000   Code   RO         4159    .ARM.Collect$$rtentry$$00000002  c_w.l(__rtentry2.o)
    0x08000264   0x00000006   Code   RO         4171    .ARM.Collect$$rtentry$$00000004  c_w.l(__rtentry4.o)
    0x0800026a   0x00000000   Code   RO         4161    .ARM.Collect$$rtentry$$00000009  c_w.l(__rtentry2.o)
    0x0800026a   0x00000004   Code   RO         4162    .ARM.Collect$$rtentry$$0000000A  c_w.l(__rtentry2.o)
    0x0800026e   0x00000000   Code   RO         4164    .ARM.Collect$$rtentry$$0000000C  c_w.l(__rtentry2.o)
    0x0800026e   0x00000008   Code   RO         4165    .ARM.Collect$$rtentry$$0000000D  c_w.l(__rtentry2.o)
    0x08000276   0x00000002   Code   RO         4207    .ARM.Collect$$rtexit$$00000000  c_w.l(rtexit.o)
    0x08000278   0x00000000   Code   RO         4263    .ARM.Collect$$rtexit$$00000002  c_w.l(rtexit2.o)
    0x08000278   0x00000004   Code   RO         4264    .ARM.Collect$$rtexit$$00000003  c_w.l(rtexit2.o)
    0x0800027c   0x00000006   Code   RO         4265    .ARM.Collect$$rtexit$$00000004  c_w.l(rtexit2.o)
    0x08000282   0x00000002   PAD
    0x08000284   0x000000b6   Code   RO         3117    .emb_text           port.o
    0x0800033a   0x00000002   PAD
    0x0800033c   0x00000040   Code   RO            4    .text               startup_stm32f40_41xxx.o
    0x0800037c   0x00000002   Code   RO         3933    .text               c_w.l(use_no_semi_2.o)
    0x0800037e   0x00000002   PAD
    0x08000380   0x00000018   Code   RO         3939    .text               c_w.l(noretval__2printf.o)
    0x08000398   0x00000028   Code   RO         3941    .text               c_w.l(noretval__2sprintf.o)
    0x080003c0   0x00000052   Code   RO         3945    .text               c_w.l(_printf_str.o)
    0x08000412   0x0000010e   Code   RO         3955    .text               c_w.l(__printf_wp.o)
    0x08000520   0x0000003c   Code   RO         3969    .text               c_w.l(__0sscanf.o)
    0x0800055c   0x0000014c   Code   RO         3971    .text               c_w.l(_scanf_int.o)
    0x080006a8   0x000000e0   Code   RO         3973    .text               c_w.l(_scanf_str.o)
    0x08000788   0x00000024   Code   RO         3975    .text               c_w.l(strstr.o)
    0x080007ac   0x0000003e   Code   RO         3977    .text               c_w.l(strlen.o)
    0x080007ea   0x00000096   Code   RO         3979    .text               c_w.l(strncmp.o)
    0x08000880   0x0000008a   Code   RO         3981    .text               c_w.l(rt_memcpy_v6.o)
    0x0800090a   0x00000010   Code   RO         3983    .text               c_w.l(aeabi_memset.o)
    0x0800091a   0x00000044   Code   RO         3985    .text               c_w.l(rt_memclr.o)
    0x0800095e   0x0000004e   Code   RO         3987    .text               c_w.l(rt_memclr_w.o)
    0x080009ac   0x00000056   Code   RO         3989    .text               c_w.l(strncpy.o)
    0x08000a02   0x00000002   PAD
    0x08000a04   0x00000080   Code   RO         3991    .text               c_w.l(strcmpv7m.o)
    0x08000a84   0x00000006   Code   RO         3993    .text               c_w.l(heapauxi.o)
    0x08000a8a   0x00000002   Code   RO         4077    .text               c_w.l(use_no_semi.o)
    0x08000a8c   0x00000016   Code   RO         4080    .text               c_w.l(_rserrno.o)
    0x08000aa2   0x00000002   PAD
    0x08000aa4   0x00000030   Code   RO         4082    .text               c_w.l(_printf_char_common.o)
    0x08000ad4   0x0000000a   Code   RO         4084    .text               c_w.l(_sputc.o)
    0x08000ade   0x0000002c   Code   RO         4086    .text               c_w.l(_printf_char.o)
    0x08000b0a   0x00000002   PAD
    0x08000b0c   0x00000024   Code   RO         4088    .text               c_w.l(_printf_char_file.o)
    0x08000b30   0x0000001c   Code   RO         4091    .text               c_w.l(_chval.o)
    0x08000b4c   0x0000002c   Code   RO         4093    .text               c_w.l(scanf_char.o)
    0x08000b78   0x00000040   Code   RO         4095    .text               c_w.l(_sgetc.o)
    0x08000bb8   0x00000064   Code   RO         4097    .text               c_w.l(rt_memcpy_w.o)
    0x08000c1c   0x00000008   Code   RO         4176    .text               c_w.l(rt_errno_addr_intlibspace.o)
    0x08000c24   0x00000012   Code   RO         4178    .text               c_w.l(isspace.o)
    0x08000c36   0x00000002   PAD
    0x08000c38   0x00000374   Code   RO         4182    .text               c_w.l(_scanf.o)
    0x08000fac   0x00000008   Code   RO         4184    .text               c_w.l(ferror.o)
    0x08000fb4   0x00000008   Code   RO         4192    .text               c_w.l(libspace.o)
    0x08000fbc   0x0000004a   Code   RO         4195    .text               c_w.l(sys_stackheap_outer.o)
    0x08001006   0x00000002   PAD
    0x08001008   0x00000010   Code   RO         4197    .text               c_w.l(rt_ctype_table.o)
    0x08001018   0x0000000c   Code   RO         4199    .text               c_w.l(exit.o)
    0x08001024   0x00000008   Code   RO         4212    .text               c_w.l(rt_locale_intlibspace.o)
    0x0800102c   0x00000014   Code   RO         2672    i.AllParaInit       gateway_protocol.o
    0x08001040   0x00000030   Code   RO         2803    i.AllTableInit      table_process.o
    0x08001070   0x0000001e   Code   RO         2892    i.BCC_CheckSum      common.o
    0x0800108e   0x0000000c   Code   RO         2132    i.BallastComm1InitHardware  ballast_comm.o
    0x0800109a   0x00000002   PAD
    0x0800109c   0x00000030   Code   RO         2133    i.BallastComm1RxTxDataInit  ballast_comm.o
    0x080010cc   0x00000078   Code   RO         2134    i.BallastCommInit   ballast_comm.o
    0x08001144   0x00000014   Code   RO         2135    i.BallastRxDataClear  ballast_comm.o
    0x08001158   0x000000b0   Code   RO         2136    i.BallastUartInit   ballast_comm.o
    0x08001208   0x000000a4   Code   RO         2137    i.Ballast_TX_DMA_Init  ballast_comm.o
    0x080012ac   0x00000016   Code   RO         2893    i.Bcd2ToByte        common.o
    0x080012c2   0x00000004   Code   RO           13    i.BusFault_Handler  stm32f4xx_it.o
    0x080012c6   0x00000080   Code   RO         3693    i.CaculateWeekDay   rtc.o
    0x08001346   0x00000002   PAD
    0x08001348   0x0000004c   Code   RO         2335    i.DMA1_Stream3_IRQHandler  gsm.o
    0x08001394   0x00000028   Code   RO         2138    i.DMA1_Stream4_IRQHandler  ballast_comm.o
    0x080013bc   0x0000002c   Code   RO         2242    i.DMA2_Stream7_IRQHandler  electric.o
    0x080013e8   0x00000034   Code   RO         1929    i.DMA_ClearFlag     stm32f4xx_dma.o
    0x0800141c   0x00000016   Code   RO         1931    i.DMA_Cmd           stm32f4xx_dma.o
    0x08001432   0x00000002   PAD
    0x08001434   0x00000158   Code   RO         1932    i.DMA_DeInit        stm32f4xx_dma.o
    0x0800158c   0x00000014   Code   RO         1936    i.DMA_GetCmdStatus  stm32f4xx_dma.o
    0x080015a0   0x00000044   Code   RO         1940    i.DMA_GetFlagStatus  stm32f4xx_dma.o
    0x080015e4   0x0000003a   Code   RO         1942    i.DMA_ITConfig      stm32f4xx_dma.o
    0x0800161e   0x00000002   PAD
    0x08001620   0x00000058   Code   RO         1943    i.DMA_Init          stm32f4xx_dma.o
    0x08001678   0x00000004   Code   RO         1946    i.DMA_SetCurrDataCounter  stm32f4xx_dma.o
    0x0800167c   0x00000002   Code   RO           14    i.DebugMon_Handler  stm32f4xx_it.o
    0x0800167e   0x00000002   PAD
    0x08001680   0x0000001c   Code   RO         2579    i.DebugRxDataInit   sys_debug.o
    0x0800169c   0x00000030   Code   RO         2244    i.EleRxTxDataInit   electric.o
    0x080016cc   0x00000070   Code   RO         2245    i.ElectricInit      electric.o
    0x0800173c   0x00000014   Code   RO         2246    i.ElectricRxDataClear  electric.o
    0x08001750   0x000000b0   Code   RO         2247    i.ElectricUartInit  electric.o
    0x08001800   0x000000a4   Code   RO         2248    i.Electric_TX_DMA_Init  electric.o
    0x080018a4   0x0000000c   Code   RO         2249    i.ElectrolHardwareInit  electric.o
    0x080018b0   0x00000034   Code   RO         1441    i.FSMC_NORSRAMCmd   stm32f4xx_fsmc.o
    0x080018e4   0x00000128   Code   RO         1443    i.FSMC_NORSRAMInit  stm32f4xx_fsmc.o
    0x08001a0c   0x00000038   Code   RO         3745    i.FSMC_NOR_EraseBlock  fsmc_nor.o
    0x08001a44   0x00000038   Code   RO         3747    i.FSMC_NOR_EraseSector  fsmc_nor.o
    0x08001a7c   0x0000004c   Code   RO         3748    i.FSMC_NOR_GetStatus  fsmc_nor.o
    0x08001ac8   0x0000029c   Code   RO         3749    i.FSMC_NOR_Init     fsmc_nor.o
    0x08001d64   0x00000034   Code   RO         3750    i.FSMC_NOR_ReadBuffer  fsmc_nor.o
    0x08001d98   0x00000026   Code   RO         3755    i.FSMC_NOR_WriteBuffer  fsmc_nor.o
    0x08001dbe   0x00000002   PAD
    0x08001dc0   0x00000030   Code   RO         3756    i.FSMC_NOR_WriteHalfWord  fsmc_nor.o
    0x08001df0   0x00000230   Code   RO         2976    i.GHA               lat_longitude.o
    0x08002020   0x00000090   Code   RO          415    i.GPIO_Init         stm32f4xx_gpio.o
    0x080020b0   0x00000046   Code   RO          416    i.GPIO_PinAFConfig  stm32f4xx_gpio.o
    0x080020f6   0x00000004   Code   RO          422    i.GPIO_ResetBits    stm32f4xx_gpio.o
    0x080020fa   0x00000004   Code   RO          423    i.GPIO_SetBits      stm32f4xx_gpio.o
    0x080020fe   0x00000002   PAD
    0x08002100   0x00000064   Code   RO         2336    i.GSMInit           gsm.o
    0x08002164   0x00000010   Code   RO         2337    i.GSMInitHardware   gsm.o
    0x08002174   0x00000034   Code   RO         2338    i.GSM_CtrlPinInit   gsm.o
    0x080021a8   0x00000094   Code   RO         2339    i.GSM_ModuleStart   gsm.o
    0x0800223c   0x000000a4   Code   RO         2340    i.GSM_TX_DMA_Init   gsm.o
    0x080022e0   0x000000b4   Code   RO         2341    i.GSM_USART_Init    gsm.o
    0x08002394   0x00000048   Code   RO         2977    i.G_sun             lat_longitude.o
    0x080023dc   0x00000054   Code   RO         2673    i.GatewayAddrCheck  gateway_protocol.o
    0x08002430   0x000000d8   Code   RO         2580    i.GatewaySetDebug   sys_debug.o
    0x08002508   0x00000080   Code   RO         2342    i.GsmDMA_TxBuff     gsm.o
    0x08002588   0x00000014   Code   RO         2343    i.GsmRxDataClear    gsm.o
    0x0800259c   0x0000001a   Code   RO         2344    i.GsmRxDataInput    gsm.o
    0x080025b6   0x00000002   PAD
    0x080025b8   0x00000030   Code   RO         2345    i.GsmRxTxDataInit   gsm.o
    0x080025e8   0x0000039c   Code   RO         2346    i.GsmStartConnect   gsm.o
    0x08002984   0x000000ae   Code   RO         2674    i.HandleGatewayParam  gateway_protocol.o
    0x08002a32   0x00000002   Code   RO         2675    i.HandleLampDimmer  gateway_protocol.o
    0x08002a34   0x00000002   Code   RO         2676    i.HandleLampOnOff   gateway_protocol.o
    0x08002a36   0x00000002   PAD
    0x08002a38   0x00000270   Code   RO         2677    i.HandleLampParam   gateway_protocol.o
    0x08002ca8   0x00000002   Code   RO         2678    i.HandleLampStrategy  gateway_protocol.o
    0x08002caa   0x0000005a   Code   RO         2679    i.HandleTunnelStrategy  gateway_protocol.o
    0x08002d04   0x00000002   Code   RO         2767    i.HandleUnitLightParam  ballast_protocol.o
    0x08002d06   0x00000002   Code   RO         2768    i.HandleUnitReadData  ballast_protocol.o
    0x08002d08   0x00000002   Code   RO         2769    i.HandleUnitStrategy  ballast_protocol.o
    0x08002d0a   0x00000004   Code   RO           15    i.HardFault_Handler  stm32f4xx_it.o
    0x08002d0e   0x00000002   PAD
    0x08002d10   0x00000034   Code   RO         2347    i.HeartRemainTCPConnect  gsm.o
    0x08002d44   0x00000044   Code   RO         2940    i.KM_CtrlInit       km_ctrl.o
    0x08002d88   0x00000080   Code   RO         2941    i.KM_HardwareInit   km_ctrl.o
    0x08002e08   0x00000018   Code   RO         2942    i.KM_vCtrlTask      km_ctrl.o
    0x08002e20   0x00000048   Code   RO         2978    i.L_sun             lat_longitude.o
    0x08002e68   0x00000104   Code   RO         2804    i.LampAttrSort      table_process.o
    0x08002f6c   0x00000034   Code   RO         2805    i.LampRunCtrlTableInit  table_process.o
    0x08002fa0   0x00000134   Code   RO         2806    i.LampSortFunction  table_process.o
    0x080030d4   0x00000004   Code   RO           16    i.MemManage_Handler  stm32f4xx_it.o
    0x080030d8   0x00000018   Code   RO         3835    i.MemStorage_Convert  norflash.o
    0x080030f0   0x00000002   Code   RO           17    i.NMI_Handler       stm32f4xx_it.o
    0x080030f2   0x00000002   PAD
    0x080030f4   0x00000078   Code   RO          216    i.NVIC_Init         misc.o
    0x0800316c   0x00000014   Code   RO          217    i.NVIC_PriorityGroupConfig  misc.o
    0x08003180   0x00000094   Code   RO         3694    i.NetTimeCentury    rtc.o
    0x08003214   0x0000001c   Code   RO         3838    i.NorFlashInit      norflash.o
    0x08003230   0x0000003c   Code   RO         3839    i.NorFlashRead      norflash.o
    0x0800326c   0x0000009c   Code   RO         3840    i.NorFlashWrite     norflash.o
    0x08003308   0x0000000c   Code   RO          519    i.PWR_BackupAccessCmd  stm32f4xx_pwr.o
    0x08003314   0x0000004e   Code   RO         2680    i.Protocol_Check    gateway_protocol.o
    0x08003362   0x000000c6   Code   RO         2681    i.Protocol_Response  gateway_protocol.o
    0x08003428   0x00000020   Code   RO          633    i.RCC_AHB1PeriphClockCmd  stm32f4xx_rcc.o
    0x08003448   0x00000020   Code   RO          639    i.RCC_AHB3PeriphClockCmd  stm32f4xx_rcc.o
    0x08003468   0x00000020   Code   RO          642    i.RCC_APB1PeriphClockCmd  stm32f4xx_rcc.o
    0x08003488   0x00000020   Code   RO          645    i.RCC_APB2PeriphClockCmd  stm32f4xx_rcc.o
    0x080034a8   0x000000e8   Code   RO          654    i.RCC_GetClocksFreq  stm32f4xx_rcc.o
    0x08003590   0x00000040   Code   RO          655    i.RCC_GetFlagStatus  stm32f4xx_rcc.o
    0x080035d0   0x0000002c   Code   RO          663    i.RCC_LSEConfig     stm32f4xx_rcc.o
    0x080035fc   0x0000000c   Code   RO          677    i.RCC_RTCCLKCmd     stm32f4xx_rcc.o
    0x08003608   0x0000003c   Code   RO          678    i.RCC_RTCCLKConfig  stm32f4xx_rcc.o
    0x08003644   0x00000016   Code   RO         1571    i.RTC_Bcd2ToByte    stm32f4xx_rtc.o
    0x0800365a   0x0000001c   Code   RO         1573    i.RTC_ByteToBcd2    stm32f4xx_rtc.o
    0x08003676   0x00000002   PAD
    0x08003678   0x00000050   Code   RO         1583    i.RTC_EnterInitMode  stm32f4xx_rtc.o
    0x080036c8   0x00000014   Code   RO         1584    i.RTC_ExitInitMode  stm32f4xx_rtc.o
    0x080036dc   0x0000004c   Code   RO         1587    i.RTC_GetDate       stm32f4xx_rtc.o
    0x08003728   0x00000050   Code   RO         1592    i.RTC_GetTime       stm32f4xx_rtc.o
    0x08003778   0x00000064   Code   RO         1597    i.RTC_Init          stm32f4xx_rtc.o
    0x080037dc   0x00000020   Code   RO         1600    i.RTC_ReadBackupRegister  stm32f4xx_rtc.o
    0x080037fc   0x000000c8   Code   RO         1603    i.RTC_SetDate       stm32f4xx_rtc.o
    0x080038c4   0x000000d0   Code   RO         1604    i.RTC_SetTime       stm32f4xx_rtc.o
    0x08003994   0x00000060   Code   RO         1620    i.RTC_WaitForSynchro  stm32f4xx_rtc.o
    0x080039f4   0x0000001c   Code   RO         1623    i.RTC_WriteBackupRegister  stm32f4xx_rtc.o
    0x08003a10   0x00000078   Code   RO         3695    i.ReadRTC_Time      rtc.o
    0x08003a88   0x000000a4   Code   RO         2348    i.RelinkTCP         gsm.o
    0x08003b2c   0x0000007c   Code   RO         3696    i.RtcInit           rtc.o
    0x08003ba8   0x000000a0   Code   RO         2349    i.SendMsgToSim      gsm.o
    0x08003c48   0x000001a8   Code   RO         2581    i.SetSeriveIPPort   sys_debug.o
    0x08003df0   0x000000ec   Code   RO          175    i.SetSysClock       system_stm32f4xx.o
    0x08003edc   0x000000d0   Code   RO         2582    i.SetWGAddr         sys_debug.o
    0x08003fac   0x00000078   Code   RO         2350    i.SimSendData       gsm.o
    0x08004024   0x00000048   Code   RO         2351    i.SwitchToCommand   gsm.o
    0x0800406c   0x00000044   Code   RO         2352    i.SwitchToData      gsm.o
    0x080040b0   0x00000068   Code   RO          177    i.SystemInit        system_stm32f4xx.o
    0x08004118   0x00000002   Code   RO         2583    i.TaskPrintfDebug   sys_debug.o
    0x0800411a   0x00000002   PAD
    0x0800411c   0x00000228   Code   RO         2584    i.TestModeMain      sys_debug.o
    0x08004344   0x0000006e   Code   RO         2807    i.TunnelStrategyRun  table_process.o
    0x080043b2   0x00000002   PAD
    0x080043b4   0x00000094   Code   RO         2139    i.UART4_IRQHandler  ballast_comm.o
    0x08004448   0x00000094   Code   RO         2250    i.USART1_IRQHandler  electric.o
    0x080044dc   0x00000160   Code   RO         2353    i.USART3_IRQHandler  gsm.o
    0x0800463c   0x000000b8   Code   RO         2585    i.USART6_IRQHandler  sys_debug.o
    0x080046f4   0x00000018   Code   RO          978    i.USART_Cmd         stm32f4xx_usart.o
    0x0800470c   0x00000012   Code   RO          979    i.USART_DMACmd      stm32f4xx_usart.o
    0x0800471e   0x00000054   Code   RO          982    i.USART_GetITStatus  stm32f4xx_usart.o
    0x08004772   0x0000004a   Code   RO          984    i.USART_ITConfig    stm32f4xx_usart.o
    0x080047bc   0x000000d4   Code   RO          985    i.USART_Init        stm32f4xx_usart.o
    0x08004890   0x0000000a   Code   RO          992    i.USART_ReceiveData  stm32f4xx_usart.o
    0x0800489a   0x00000054   Code   RO         2979    i.UT_rise           lat_longitude.o
    0x080048ee   0x00000054   Code   RO         2980    i.UT_set            lat_longitude.o
    0x08004942   0x00000002   PAD
    0x08004944   0x00000054   Code   RO         2586    i.UartDebugCreateTask  sys_debug.o
    0x08004998   0x000000e0   Code   RO         3891    i.UartDebugHardwareInit  uart_debug.o
    0x08004a78   0x00000010   Code   RO         2587    i.UartDebugInit     sys_debug.o
    0x08004a88   0x000001c4   Code   RO         3697    i.UpdataNetTime     rtc.o
    0x08004c4c   0x00000004   Code   RO           18    i.UsageFault_Handler  stm32f4xx_it.o
    0x08004c50   0x00000004   Code   RO         2981    i.Zone              lat_longitude.o
    0x08004c54   0x00000030   Code   RO         4131    i.__ARM_fpclassify  m_wm.l(fpclassify.o)
    0x08004c84   0x00000004   PAD
    0x08004c88   0x00000358   Code   RO         4025    i.__hardfp_acos     m_wm.l(acos.o)
    0x08004fe0   0x00000360   Code   RO         4039    i.__hardfp_asin     m_wm.l(asin.o)
    0x08005340   0x000000c8   Code   RO         4053    i.__hardfp_cos      m_wm.l(cos.o)
    0x08005408   0x000000c8   Code   RO         4065    i.__hardfp_sin      m_wm.l(sin.o)
    0x080054d0   0x00000438   Code   RO         4135    i.__ieee754_rem_pio2  m_wm.l(rred.o)
    0x08005908   0x00000170   Code   RO         4108    i.__kernel_cos      m_wm.l(cos_i.o)
    0x08005a78   0x000000f8   Code   RO         4133    i.__kernel_poly     m_wm.l(poly.o)
    0x08005b70   0x00000130   Code   RO         4140    i.__kernel_sin      m_wm.l(sin_i.o)
    0x08005ca0   0x00000014   Code   RO         4112    i.__mathlib_dbl_infnan  m_wm.l(dunder.o)
    0x08005cb4   0x00000004   PAD
    0x08005cb8   0x00000020   Code   RO         4114    i.__mathlib_dbl_invalid  m_wm.l(dunder.o)
    0x08005cd8   0x00000020   Code   RO         4117    i.__mathlib_dbl_underflow  m_wm.l(dunder.o)
    0x08005cf8   0x0000000e   Code   RO         3957    i._is_digit         c_w.l(__printf_wp.o)
    0x08005d06   0x00000004   Code   RO         3892    i._sys_exit         uart_debug.o
    0x08005d0a   0x00000002   PAD
    0x08005d0c   0x000000a4   Code   RO         2808    i.addr_index_ctrl   table_process.o
    0x08005db0   0x00000094   Code   RO         2809    i.branch_attr_ctrl  table_process.o
    0x08005e44   0x000000dc   Code   RO         2810    i.branch_quick_sort  table_process.o
    0x08005f20   0x00000036   Code   RO         2895    i.chr2hex           common.o
    0x08005f56   0x00000002   PAD
    0x08005f58   0x0000006c   Code   RO         2982    i.days              lat_longitude.o
    0x08005fc4   0x000001c4   Code   RO         2983    i.e                 lat_longitude.o
    0x08006188   0x00000048   Code   RO         2984    i.earth_tilt        lat_longitude.o
    0x080061d0   0x00000104   Code   RO         2985    i.ecliptic_longitude  lat_longitude.o
    0x080062d4   0x00000018   Code   RO         4127    i.fabs              m_wm.l(fabs.o)
    0x080062ec   0x0000001c   Code   RO         3893    i.fputc             uart_debug.o
    0x08006308   0x00000110   Code   RO         2986    i.get_glat          lat_longitude.o
    0x08006418   0x00000110   Code   RO         2987    i.get_glong         lat_longitude.o
    0x08006528   0x00000022   Code   RO         2896    i.hex2chr           common.o
    0x0800654a   0x00000032   Code   RO         2988    i.leap_year         lat_longitude.o
    0x0800657c   0x00000036   Code   RO         2511    i.main              main.o
    0x080065b2   0x00000002   PAD
    0x080065b4   0x00000018   Code   RO         3401    i.pcTaskGetTaskName  tasks.o
    0x080065cc   0x000000e0   Code   RO         2811    i.pole_quick_sort   table_process.o
    0x080066ac   0x0000007c   Code   RO         2588    i.printf_buff       sys_debug.o
    0x08006728   0x00000068   Code   RO         2590    i.printf_str        sys_debug.o
    0x08006790   0x00000054   Code   RO         3402    i.prvAddCurrentTaskToDelayedList  tasks.o
    0x080067e4   0x00000042   Code   RO         3403    i.prvAllocateTCBAndStack  tasks.o
    0x08006826   0x00000002   PAD
    0x08006828   0x00000064   Code   RO         3404    i.prvCheckTasksWaitingTermination  tasks.o
    0x0800688c   0x0000002a   Code   RO         3268    i.prvCopyDataFromQueue  queue.o
    0x080068b6   0x00000080   Code   RO         3269    i.prvCopyDataToQueue  queue.o
    0x08006936   0x00000012   Code   RO         3405    i.prvDeleteTCB      tasks.o
    0x08006948   0x00000038   Code   RO         3185    i.prvHeapInit       heap_2.o
    0x08006980   0x00000028   Code   RO         3406    i.prvIdleTask       tasks.o
    0x080069a8   0x00000062   Code   RO         3407    i.prvInitialiseTCBVariables  tasks.o
    0x08006a0a   0x00000002   PAD
    0x08006a0c   0x00000068   Code   RO         3408    i.prvInitialiseTaskLists  tasks.o
    0x08006a74   0x0000001a   Code   RO         3270    i.prvIsQueueEmpty   queue.o
    0x08006a8e   0x0000001e   Code   RO         3271    i.prvIsQueueFull    queue.o
    0x08006aac   0x00000034   Code   RO         3409    i.prvResetNextTaskUnblockTime  tasks.o
    0x08006ae0   0x00000016   Code   RO         3118    i.prvTaskExitError  port.o
    0x08006af6   0x0000007e   Code   RO         3272    i.prvUnlockQueue    queue.o
    0x08006b74   0x000000b8   Code   RO         3186    i.pvPortMalloc      heap_2.o
    0x08006c2c   0x00000020   Code   RO         3411    i.pvTaskIncrementMutexHeldCount  tasks.o
    0x08006c4c   0x00000028   Code   RO         3119    i.pxPortInitialiseStack  port.o
    0x08006c74   0x000003c0   Code   RO         2989    i.resule_convert    lat_longitude.o
    0x08007034   0x00000258   Code   RO         2990    i.result_rise       lat_longitude.o
    0x0800728c   0x00000258   Code   RO         2991    i.result_set        lat_longitude.o
    0x080074e4   0x000003f4   Code   RO         2992    i.rise_set          lat_longitude.o
    0x080078d8   0x000000e0   Code   RO         2812    i.segment_quick_sort  table_process.o
    0x080079b8   0x0000006e   Code   RO         4148    i.sqrt              m_wm.l(sqrt.o)
    0x08007a26   0x00000002   PAD
    0x08007a28   0x000000b4   Code   RO         2993    i.sun_deviation     lat_longitude.o
    0x08007adc   0x00000060   Code   RO         2994    i.t_century         lat_longitude.o
    0x08007b3c   0x0000005c   Code   RO         2682    i.unit_addr_check   gateway_protocol.o
    0x08007b98   0x00000028   Code   RO         3232    i.uxListRemove      list.o
    0x08007bc0   0x00000048   Code   RO         2064    i.vApplicationStackOverflowHook  freertos_hook.o
    0x08007c08   0x00000002   Code   RO         2065    i.vApplicationTickHook  freertos_hook.o
    0x08007c0a   0x00000002   PAD
    0x08007c0c   0x00000054   Code   RO         2140    i.vBallastComm1Task  ballast_comm.o
    0x08007c60   0x00000054   Code   RO         2251    i.vElectTask        electric.o
    0x08007cb4   0x0000008c   Code   RO         2354    i.vGSMTask          gsm.o
    0x08007d40   0x0000001a   Code   RO         3233    i.vListInitialise   list.o
    0x08007d5a   0x00000006   Code   RO         3234    i.vListInitialiseItem  list.o
    0x08007d60   0x00000034   Code   RO         3235    i.vListInsert       list.o
    0x08007d94   0x00000018   Code   RO         3236    i.vListInsertEnd    list.o
    0x08007dac   0x00000024   Code   RO         3121    i.vPortEnterCritical  port.o
    0x08007dd0   0x00000020   Code   RO         3122    i.vPortExitCritical  port.o
    0x08007df0   0x00000040   Code   RO         3187    i.vPortFree         heap_2.o
    0x08007e30   0x00000014   Code   RO         3123    i.vPortSetupTimerInterrupt  port.o
    0x08007e44   0x00000064   Code   RO         3417    i.vTaskDelay        tasks.o
    0x08007ea8   0x0000000c   Code   RO         3421    i.vTaskMissedYield  tasks.o
    0x08007eb4   0x00000064   Code   RO         3423    i.vTaskPlaceOnEventList  tasks.o
    0x08007f18   0x000000b0   Code   RO         3425    i.vTaskPriorityInherit  tasks.o
    0x08007fc8   0x00000018   Code   RO         3428    i.vTaskSetTimeOutState  tasks.o
    0x08007fe0   0x00000064   Code   RO         3429    i.vTaskStartScheduler  tasks.o
    0x08008044   0x00000010   Code   RO         3431    i.vTaskSuspendAll   tasks.o
    0x08008054   0x00000098   Code   RO         3432    i.vTaskSwitchContext  tasks.o
    0x080080ec   0x00000040   Code   RO         2591    i.vUartDebugTask    sys_debug.o
    0x0800812c   0x00000048   Code   RO         3124    i.xPortStartScheduler  port.o
    0x08008174   0x00000034   Code   RO         3125    i.xPortSysTickHandler  port.o
    0x080081a8   0x00000048   Code   RO         3277    i.xQueueCreateMutex  queue.o
    0x080081f0   0x00000046   Code   RO         3278    i.xQueueGenericCreate  queue.o
    0x08008236   0x00000002   PAD
    0x08008238   0x00000144   Code   RO         3279    i.xQueueGenericReceive  queue.o
    0x0800837c   0x0000007c   Code   RO         3280    i.xQueueGenericReset  queue.o
    0x080083f8   0x00000110   Code   RO         3281    i.xQueueGenericSend  queue.o
    0x08008508   0x0000007e   Code   RO         3282    i.xQueueGenericSendFromISR  queue.o
    0x08008586   0x0000006e   Code   RO         3283    i.xQueueGiveFromISR  queue.o
    0x080085f4   0x0000005c   Code   RO         3433    i.xTaskCheckForTimeOut  tasks.o
    0x08008650   0x00000108   Code   RO         3434    i.xTaskGenericCreate  tasks.o
    0x08008758   0x0000000c   Code   RO         3437    i.xTaskGetCurrentTaskHandle  tasks.o
    0x08008764   0x0000000c   Code   RO         3438    i.xTaskGetTickCount  tasks.o
    0x08008770   0x0000012c   Code   RO         3440    i.xTaskIncrementTick  tasks.o
    0x0800889c   0x00000084   Code   RO         3443    i.xTaskPriorityDisinherit  tasks.o
    0x08008920   0x00000080   Code   RO         3444    i.xTaskRemoveFromEventList  tasks.o
    0x080089a0   0x000000e8   Code   RO         3446    i.xTaskResumeAll    tasks.o
    0x08008a88   0x00000002   Code   RO         2683    i.zigbee_config     gateway_protocol.o
    0x08008a8a   0x00000002   PAD
    0x08008a8c   0x0000002c   Code   RO         4215    locale$$code        c_w.l(lc_ctype_c.o)
    0x08008ab8   0x00000018   Code   RO         4099    x$fpl$basic         fz_wm.l(basic.o)
    0x08008ad0   0x00000150   Code   RO         3997    x$fpl$dadd          fz_wm.l(daddsub_clz.o)
    0x08008c20   0x00000018   Code   RO         4188    x$fpl$dcmpinf       fz_wm.l(dcmpi.o)
    0x08008c38   0x000002b0   Code   RO         4004    x$fpl$ddiv          fz_wm.l(ddiv.o)
    0x08008ee8   0x0000005e   Code   RO         4007    x$fpl$dfix          fz_wm.l(dfix.o)
    0x08008f46   0x00000002   PAD
    0x08008f48   0x0000005a   Code   RO         4011    x$fpl$dfixu         fz_wm.l(dfixu.o)
    0x08008fa2   0x0000002e   Code   RO         4016    x$fpl$dflt          fz_wm.l(dflt_clz.o)
    0x08008fd0   0x00000026   Code   RO         4015    x$fpl$dfltu         fz_wm.l(dflt_clz.o)
    0x08008ff6   0x00000002   PAD
    0x08008ff8   0x00000078   Code   RO         4101    x$fpl$dleqf         fz_wm.l(dleqf.o)
    0x08009070   0x00000154   Code   RO         4021    x$fpl$dmul          fz_wm.l(dmul.o)
    0x080091c4   0x0000009c   Code   RO         4103    x$fpl$dnaninf       fz_wm.l(dnaninf.o)
    0x08009260   0x0000000c   Code   RO         4105    x$fpl$dretinf       fz_wm.l(dretinf.o)
    0x0800926c   0x0000006c   Code   RO         4023    x$fpl$drleqf        fz_wm.l(drleqf.o)
    0x080092d8   0x00000016   Code   RO         3998    x$fpl$drsb          fz_wm.l(daddsub_clz.o)
    0x080092ee   0x00000002   PAD
    0x080092f0   0x00000198   Code   RO         4190    x$fpl$dsqrt         fz_wm.l(dsqrt_umaal.o)
    0x08009488   0x000001d4   Code   RO         3999    x$fpl$dsub          fz_wm.l(daddsub_clz.o)
    0x0800965c   0x0000000a   Code   RO         4271    x$fpl$fpinit        fz_wm.l(fpinit.o)
    0x08009666   0x00000000   Code   RO         4107    x$fpl$usenofp       fz_wm.l(usenofp.o)
    0x08009666   0x00000002   PAD
    0x08009668   0x00000018   Data   RO         2142    .constdata          ballast_comm.o
    0x08009680   0x00000008   Data   RO         2253    .constdata          electric.o
    0x08009688   0x00000030   Data   RO         2356    .constdata          gsm.o
    0x080096b8   0x00000050   Data   RO         4028    .constdata          m_wm.l(acos.o)
    0x08009708   0x00000050   Data   RO         4042    .constdata          m_wm.l(asin.o)
    0x08009758   0x00000030   Data   RO         4109    .constdata          m_wm.l(cos_i.o)
    0x08009788   0x000000c8   Data   RO         4137    .constdata          m_wm.l(rred.o)
    0x08009850   0x00000028   Data   RO         4141    .constdata          m_wm.l(sin_i.o)
    0x08009878   0x0000012f   Data   RO         2593    .conststring        sys_debug.o
    0x080099a7   0x00000001   PAD
    0x080099a8   0x00000020   Data   RO         4334    Region$$Table       anon$$obj.o
    0x080099c8   0x00000110   Data   RO         4214    locale$$data        c_w.l(lc_ctype_c.o)


    Execution Region RW_IRAM1 (Base: 0x20000000, Size: 0x0001ec08, Max: 0x00020000, ABSOLUTE, COMPRESSED[0x00000038])

    Base Addr    Size         Type   Attr      Idx    E Section Name        Object

    0x20000000   0x00000010   Data   RW          686    .data               stm32f4xx_rcc.o
    0x20000010   0x00000008   Data   RW         2143    .data               ballast_comm.o
    0x20000018   0x00000008   Data   RW         2254    .data               electric.o
    0x20000020   0x0000000e   Data   RW         2357    .data               gsm.o
    0x2000002e   0x00000002   PAD
    0x20000030   0x00000011   Data   RW         2594    .data               sys_debug.o
    0x20000041   0x00000001   PAD
    0x20000042   0x00000002   Data   RW         2817    .data               table_process.o
    0x20000044   0x00000004   Data   RW         2943    .data               km_ctrl.o
    0x20000048   0x00000088   Data   RW         2996    .data               lat_longitude.o
    0x200000d0   0x00000004   Data   RW         3126    .data               port.o
    0x200000d4   0x00000018   Data   RW         3191    .data               heap_2.o
    0x200000ec   0x00000038   Data   RW         3449    .data               tasks.o
    0x20000124   0x00000008   Data   RW         3699    .data               rtc.o
    0x2000012c   0x00000004   Data   RW         3841    .data               norflash.o
    0x20000130   0x00000004   Data   RW         3894    .data               uart_debug.o
    0x20000134   0x000000cc   Zero   RW         2141    .bss                ballast_comm.o
    0x20000200   0x000000cc   Zero   RW         2252    .bss                electric.o
    0x200002cc   0x000001b4   Zero   RW         2355    .bss                gsm.o
    0x20000480   0x00000034   Zero   RW         2592    .bss                sys_debug.o
    0x200004b4   0x00000010   Zero   RW         2995    .bss                lat_longitude.o
    0x200004c4   0x0001e000   Zero   RW         3190    .bss                heap_2.o
    0x2001e4c4   0x000000c8   Zero   RW         3448    .bss                tasks.o
    0x2001e58c   0x0000001c   Zero   RW         3698    .bss                rtc.o
    0x2001e5a8   0x00000060   Zero   RW         4193    .bss                c_w.l(libspace.o)
    0x2001e608   0x00000200   Zero   RW            2    HEAP                startup_stm32f40_41xxx.o
    0x2001e808   0x00000400   Zero   RW            1    STACK               startup_stm32f40_41xxx.o



  Load Region LR$$.ARM.__AT_0x10000000 (Base: 0x10000000, Size: 0x00000000, Max: 0x0000c350, ABSOLUTE)

    Execution Region ER$$.ARM.__AT_0x10000000 (Base: 0x10000000, Size: 0x0000c350, Max: 0x0000c350, ABSOLUTE, UNINIT)

    Base Addr    Size         Type   Attr      Idx    E Section Name        Object

    0x10000000   0x0000c350   Zero   RW         2813    .ARM.__AT_0x10000000  table_process.o



  Load Region LR$$.ARM.__AT_0x1000C350 (Base: 0x1000c350, Size: 0x00000000, Max: 0x00001770, ABSOLUTE)

    Execution Region ER$$.ARM.__AT_0x1000C350 (Base: 0x1000c350, Size: 0x00001770, Max: 0x00001770, ABSOLUTE, UNINIT)

    Base Addr    Size         Type   Attr      Idx    E Section Name        Object

    0x1000c350   0x00001770   Zero   RW         2814    .ARM.__AT_0x1000C350  table_process.o



  Load Region LR$$.ARM.__AT_0x1000DAC0 (Base: 0x1000dac0, Size: 0x00000000, Max: 0x00000fa0, ABSOLUTE)

    Execution Region ER$$.ARM.__AT_0x1000DAC0 (Base: 0x1000dac0, Size: 0x00000fa0, Max: 0x00000fa0, ABSOLUTE, UNINIT)

    Base Addr    Size         Type   Attr      Idx    E Section Name        Object

    0x1000dac0   0x00000fa0   Zero   RW         2815    .ARM.__AT_0x1000DAC0  table_process.o


==============================================================================

Image component sizes


      Code (inc. data)   RO Data    RW Data    ZI Data      Debug   Object Name

       812        102         24          8        204      13196   ballast_comm.o
         6          0          0          0          0       2209   ballast_protocol.o
       140          0          0          0          0       2672   common.o
       808         88          8          8        204       6511   electric.o
        74         38          0          0          0      11411   freertos_hook.o
       994         52          0          0          0       5612   fsmc_nor.o
      1368         22          0          0          0       9171   gateway_protocol.o
      3010        924         48         14        436      47480   gsm.o
       304         46          0         24     122880       5263   heap_2.o
       220         38          0          4          0       1742   km_ctrl.o
      5810        360          0        136         16      15447   lat_longitude.o
       148          0          0          0          0       3350   list.o
        54          0          0          0          0       1251   main.o
       140         24          0          0          0      44203   misc.o
       268         80          0          4          0       3315   norflash.o
       456         56          0          4          0      15696   port.o
      1450         14          0          0          0      19609   queue.o
       972         96          0          8         28       4634   rtc.o
        64         26        392          0       1536        912   startup_stm32f40_41xxx.o
       656         54          0          0          0      19133   stm32f4xx_dma.o
         0          0          0          0          0       1664   stm32f4xx_exti.o
       348         12          0          0          0      10065   stm32f4xx_fsmc.o
       222          0          0          0          0      10083   stm32f4xx_gpio.o
        20          0          0          0          0     268545   stm32f4xx_it.o
        12          6          0          0          0        558   stm32f4xx_pwr.o
       540         66          0         16          0      23179   stm32f4xx_rcc.o
       970         66          0          0          0      23826   stm32f4xx_rtc.o
       422          8          0          0          0      11065   stm32f4xx_usart.o
      2006        866        303         17         52       8433   sys_debug.o
       340         32          0          0          0       1605   system_stm32f4xx.o
      1758         64          0          2      60000       8695   table_process.o
      2470        368          0         56        200      20609   tasks.o
       256         14          0          4          0       3914   uart_debug.o

    ----------------------------------------------------------------------
     27166       3522        808        308     185556     625058   Object Totals
         0          0         32          0          0          0   (incl. Generated)
        48          0          1          3          0          0   (incl. Padding)

    ----------------------------------------------------------------------

      Code (inc. data)   RO Data    RW Data    ZI Data      Debug   Library Member Name

        60          8          0          0          0         84   __0sscanf.o
        90          0          0          0          0          0   __dczerorl2.o
         8          0          0          0          0         68   __main.o
       284          0          0          0          0        156   __printf_wp.o
         0          0          0          0          0          0   __rtentry.o
        12          0          0          0          0          0   __rtentry2.o
         6          0          0          0          0          0   __rtentry4.o
        52          8          0          0          0          0   __scatter.o
        28          0          0          0          0          0   __scatter_zi.o
        28          0          0          0          0         68   _chval.o
        44          0          0          0          0        108   _printf_char.o
        48          6          0          0          0         96   _printf_char_common.o
        36          4          0          0          0         80   _printf_char_file.o
         0          0          0          0          0          0   _printf_percent.o
         4          0          0          0          0          0   _printf_percent_end.o
         6          0          0          0          0          0   _printf_s.o
        82          0          0          0          0         80   _printf_str.o
        22          0          0          0          0        100   _rserrno.o
       884          6          0          0          0        100   _scanf.o
       332          0          0          0          0         96   _scanf_int.o
       224          0          0          0          0         96   _scanf_str.o
        64          0          0          0          0         84   _sgetc.o
        10          0          0          0          0         68   _sputc.o
        16          0          0          0          0         68   aeabi_memset.o
        12          0          0          0          0         72   exit.o
         8          0          0          0          0         68   ferror.o
         6          0          0          0          0        152   heapauxi.o
        18          0          0          0          0         76   isspace.o
        44         10        272          0          0         76   lc_ctype_c.o
         2          0          0          0          0          0   libinit.o
        24          0          0          0          0          0   libinit2.o
         2          0          0          0          0          0   libshutdown.o
         2          0          0          0          0          0   libshutdown2.o
         8          4          0          0         96         68   libspace.o
        24          4          0          0          0         84   noretval__2printf.o
        40          6          0          0          0         84   noretval__2sprintf.o
        16          4          0          0          0         76   rt_ctype_table.o
         8          4          0          0          0         68   rt_errno_addr_intlibspace.o
         8          4          0          0          0         68   rt_locale_intlibspace.o
        68          0          0          0          0         68   rt_memclr.o
        78          0          0          0          0         80   rt_memclr_w.o
       138          0          0          0          0         68   rt_memcpy_v6.o
       100          0          0          0          0         80   rt_memcpy_w.o
         2          0          0          0          0          0   rtexit.o
        10          0          0          0          0          0   rtexit2.o
        44          8          0          0          0         84   scanf_char.o
       128          0          0          0          0         68   strcmpv7m.o
        62          0          0          0          0         76   strlen.o
       150          0          0          0          0         80   strncmp.o
        86          0          0          0          0         76   strncpy.o
        36          0          0          0          0         80   strstr.o
        74          0          0          0          0         80   sys_stackheap_outer.o
         2          0          0          0          0         68   use_no_semi.o
         2          0          0          0          0         68   use_no_semi_2.o
        24          0          0          0          0        164   basic.o
       826         16          0          0          0        492   daddsub_clz.o
        24          0          0          0          0        116   dcmpi.o
       688        140          0          0          0        256   ddiv.o
        94          4          0          0          0        140   dfix.o
        90          4          0          0          0        140   dfixu.o
        84          0          0          0          0        232   dflt_clz.o
       120          4          0          0          0        140   dleqf.o
       340         12          0          0          0        152   dmul.o
       156          4          0          0          0        140   dnaninf.o
        12          0          0          0          0        116   dretinf.o
       108          0          0          0          0        128   drleqf.o
       408         56          0          0          0        168   dsqrt_umaal.o
        10          0          0          0          0        116   fpinit.o
         0          0          0          0          0          0   usenofp.o
       856        118         80          0          0        288   acos.o
       864         94         80          0          0        280   asin.o
       200         20          0          0          0        164   cos.o
       368         46         48          0          0        200   cos_i.o
        84         16          0          0          0        372   dunder.o
        24          0          0          0          0        124   fabs.o
        48          0          0          0          0        124   fpclassify.o
       248          0          0          0          0        152   poly.o
      1080        142        200          0          0        188   rred.o
       200         20          0          0          0        164   sin.o
       304         24         40          0          0        208   sin_i.o
       110          0          0          0          0        148   sqrt.o

    ----------------------------------------------------------------------
     10946        796        720          0         96       8132   Library Totals
        34          0          0          0          0          0   (incl. Padding)

    ----------------------------------------------------------------------

      Code (inc. data)   RO Data    RW Data    ZI Data      Debug   Library Name

      3542         76        272          0         96       3220   c_w.l
      2984        240          0          0          0       2500   fz_wm.l
      4386        480        448          0          0       2412   m_wm.l

    ----------------------------------------------------------------------
     10946        796        720          0         96       8132   Library Totals

    ----------------------------------------------------------------------

==============================================================================


      Code (inc. data)   RO Data    RW Data    ZI Data      Debug   

     38112       4318       1528        308     185652     606218   Grand Totals
     38112       4318       1528         56     185652     606218   ELF Image Totals (compressed)
     38112       4318       1528         56          0          0   ROM Totals

==============================================================================

    Total RO  Size (Code + RO Data)                39640 (  38.71kB)
    Total RW  Size (RW Data + ZI Data)            185960 ( 181.60kB)
    Total ROM Size (Code + RO Data + RW Data)      39696 (  38.77kB)

==============================================================================

