Component: ARM Compiler 5.05 update 1 (build 106) Tool: armlink [4d0efa]

==============================================================================

Section Cross References

    startup_stm32f40_41xxx.o(STACK) refers (Special) to heapauxi.o(.text) for __use_two_region_memory
    startup_stm32f40_41xxx.o(HEAP) refers (Special) to heapauxi.o(.text) for __use_two_region_memory
    startup_stm32f40_41xxx.o(RESET) refers (Special) to heapauxi.o(.text) for __use_two_region_memory
    startup_stm32f40_41xxx.o(RESET) refers to startup_stm32f40_41xxx.o(STACK) for __initial_sp
    startup_stm32f40_41xxx.o(RESET) refers to startup_stm32f40_41xxx.o(.text) for Reset_Handler
    startup_stm32f40_41xxx.o(RESET) refers to stm32f4xx_it.o(i.NMI_Handler) for NMI_Handler
    startup_stm32f40_41xxx.o(RESET) refers to stm32f4xx_it.o(i.HardFault_Handler) for HardFault_Handler
    startup_stm32f40_41xxx.o(RESET) refers to stm32f4xx_it.o(i.MemManage_Handler) for MemManage_Handler
    startup_stm32f40_41xxx.o(RESET) refers to stm32f4xx_it.o(i.BusFault_Handler) for BusFault_Handler
    startup_stm32f40_41xxx.o(RESET) refers to stm32f4xx_it.o(i.UsageFault_Handler) for UsageFault_Handler
    startup_stm32f40_41xxx.o(RESET) refers to port.o(.emb_text) for vPortSVCHandler
    startup_stm32f40_41xxx.o(RESET) refers to stm32f4xx_it.o(i.DebugMon_Handler) for DebugMon_Handler
    startup_stm32f40_41xxx.o(RESET) refers to port.o(i.xPortSysTickHandler) for xPortSysTickHandler
    startup_stm32f40_41xxx.o(RESET) refers to gsm.o(i.DMA1_Stream3_IRQHandler) for DMA1_Stream3_IRQHandler
    startup_stm32f40_41xxx.o(RESET) refers to ballast_comm.o(i.DMA1_Stream4_IRQHandler) for DMA1_Stream4_IRQHandler
    startup_stm32f40_41xxx.o(RESET) refers to electric.o(i.USART1_IRQHandler) for USART1_IRQHandler
    startup_stm32f40_41xxx.o(RESET) refers to gsm.o(i.USART3_IRQHandler) for USART3_IRQHandler
    startup_stm32f40_41xxx.o(RESET) refers to ballast_comm.o(i.UART4_IRQHandler) for UART4_IRQHandler
    startup_stm32f40_41xxx.o(RESET) refers to electric.o(i.DMA2_Stream7_IRQHandler) for DMA2_Stream7_IRQHandler
    startup_stm32f40_41xxx.o(RESET) refers to sys_debug.o(i.USART6_IRQHandler) for USART6_IRQHandler
    startup_stm32f40_41xxx.o(.text) refers (Special) to heapauxi.o(.text) for __use_two_region_memory
    startup_stm32f40_41xxx.o(.text) refers to system_stm32f4xx.o(i.SystemInit) for SystemInit
    startup_stm32f40_41xxx.o(.text) refers to __main.o(!!!main) for __main
    startup_stm32f40_41xxx.o(.text) refers to startup_stm32f40_41xxx.o(HEAP) for Heap_Mem
    startup_stm32f40_41xxx.o(.text) refers to startup_stm32f40_41xxx.o(STACK) for Stack_Mem
    system_stm32f4xx.o(i.SystemCoreClockUpdate) refers to system_stm32f4xx.o(.data) for SystemCoreClock
    system_stm32f4xx.o(i.SystemInit) refers to system_stm32f4xx.o(i.SetSysClock) for SetSysClock
    stm32f4xx_gpio.o(i.GPIO_DeInit) refers to stm32f4xx_rcc.o(i.RCC_AHB1PeriphResetCmd) for RCC_AHB1PeriphResetCmd
    stm32f4xx_pwr.o(i.PWR_DeInit) refers to stm32f4xx_rcc.o(i.RCC_APB1PeriphResetCmd) for RCC_APB1PeriphResetCmd
    stm32f4xx_rcc.o(i.RCC_GetClocksFreq) refers to stm32f4xx_rcc.o(.data) for APBAHBPrescTable
    stm32f4xx_rcc.o(i.RCC_WaitForHSEStartUp) refers to stm32f4xx_rcc.o(i.RCC_GetFlagStatus) for RCC_GetFlagStatus
    stm32f4xx_usart.o(i.USART_DeInit) refers to stm32f4xx_rcc.o(i.RCC_APB2PeriphResetCmd) for RCC_APB2PeriphResetCmd
    stm32f4xx_usart.o(i.USART_DeInit) refers to stm32f4xx_rcc.o(i.RCC_APB1PeriphResetCmd) for RCC_APB1PeriphResetCmd
    stm32f4xx_usart.o(i.USART_Init) refers to stm32f4xx_rcc.o(i.RCC_GetClocksFreq) for RCC_GetClocksFreq
    stm32f4xx_flash.o(i.FLASH_EraseAllBank1Sectors) refers to stm32f4xx_flash.o(i.FLASH_WaitForLastOperation) for FLASH_WaitForLastOperation
    stm32f4xx_flash.o(i.FLASH_EraseAllBank2Sectors) refers to stm32f4xx_flash.o(i.FLASH_WaitForLastOperation) for FLASH_WaitForLastOperation
    stm32f4xx_flash.o(i.FLASH_EraseAllSectors) refers to stm32f4xx_flash.o(i.FLASH_WaitForLastOperation) for FLASH_WaitForLastOperation
    stm32f4xx_flash.o(i.FLASH_EraseSector) refers to stm32f4xx_flash.o(i.FLASH_WaitForLastOperation) for FLASH_WaitForLastOperation
    stm32f4xx_flash.o(i.FLASH_OB_Launch) refers to stm32f4xx_flash.o(i.FLASH_WaitForLastOperation) for FLASH_WaitForLastOperation
    stm32f4xx_flash.o(i.FLASH_OB_PCROP1Config) refers to stm32f4xx_flash.o(i.FLASH_WaitForLastOperation) for FLASH_WaitForLastOperation
    stm32f4xx_flash.o(i.FLASH_OB_PCROPConfig) refers to stm32f4xx_flash.o(i.FLASH_WaitForLastOperation) for FLASH_WaitForLastOperation
    stm32f4xx_flash.o(i.FLASH_OB_RDPConfig) refers to stm32f4xx_flash.o(i.FLASH_WaitForLastOperation) for FLASH_WaitForLastOperation
    stm32f4xx_flash.o(i.FLASH_OB_UserConfig) refers to stm32f4xx_flash.o(i.FLASH_WaitForLastOperation) for FLASH_WaitForLastOperation
    stm32f4xx_flash.o(i.FLASH_OB_WRP1Config) refers to stm32f4xx_flash.o(i.FLASH_WaitForLastOperation) for FLASH_WaitForLastOperation
[...]
    __decompress1                            0x080001c5   Thumb Code     0  __dczerorl2.o(!!dczerorl2)
    __scatterload_zeroinit                   0x08000221   Thumb Code    28  __scatter_zi.o(!!handler_zi)
    _printf_percent                          0x0800023d   Thumb Code     0  _printf_percent.o(.ARM.Collect$$_printf_percent$$00000000)
    _printf_s                                0x0800023d   Thumb Code     0  _printf_s.o(.ARM.Collect$$_printf_percent$$00000014)
    _printf_percent_end                      0x08000243   Thumb Code     0  _printf_percent_end.o(.ARM.Collect$$_printf_percent$$00000017)
    __rt_lib_init                            0x08000247   Thumb Code     0  libinit.o(.ARM.Collect$$libinit$$00000000)
    __rt_lib_init_fp_1                       0x08000249   Thumb Code     0  libinit2.o(.ARM.Collect$$libinit$$00000001)
    __rt_lib_init_heap_1                     0x0800024d   Thumb Code     0  libinit2.o(.ARM.Collect$$libinit$$0000000A)
    __rt_lib_init_lc_common                  0x0800024d   Thumb Code     0  libinit2.o(.ARM.Collect$$libinit$$0000000F)
    __rt_lib_init_preinit_1                  0x0800024d   Thumb Code     0  libinit2.o(.ARM.Collect$$libinit$$00000004)
    __rt_lib_init_rand_1                     0x0800024d   Thumb Code     0  libinit2.o(.ARM.Collect$$libinit$$0000000E)
    __rt_lib_init_user_alloc_1               0x0800024d   Thumb Code     0  libinit2.o(.ARM.Collect$$libinit$$0000000C)
    __rt_lib_init_lc_collate_1               0x08000253   Thumb Code     0  libinit2.o(.ARM.Collect$$libinit$$00000011)
    __rt_lib_init_lc_ctype_2                 0x08000253   Thumb Code     0  libinit2.o(.ARM.Collect$$libinit$$00000012)
    __rt_lib_init_alloca_1                   0x0800025f   Thumb Code     0  libinit2.o(.ARM.Collect$$libinit$$0000002E)
    __rt_lib_init_argv_1                     0x0800025f   Thumb Code     0  libinit2.o(.ARM.Collect$$libinit$$0000002C)
    __rt_lib_init_atexit_1                   0x0800025f   Thumb Code     0  libinit2.o(.ARM.Collect$$libinit$$0000001B)
    __rt_lib_init_clock_1                    0x0800025f   Thumb Code     0  libinit2.o(.ARM.Collect$$libinit$$00000021)
    __rt_lib_init_cpp_1                      0x0800025f   Thumb Code     0  libinit2.o(.ARM.Collect$$libinit$$00000032)
    __rt_lib_init_exceptions_1               0x0800025f   Thumb Code     0  libinit2.o(.ARM.Collect$$libinit$$00000030)
    __rt_lib_init_fp_trap_1                  0x0800025f   Thumb Code     0  libinit2.o(.ARM.Collect$$libinit$$0000001F)
    __rt_lib_init_getenv_1                   0x0800025f   Thumb Code     0  libinit2.o(.ARM.Collect$$libinit$$00000023)
    __rt_lib_init_lc_ctype_1                 0x0800025f   Thumb Code     0  libinit2.o(.ARM.Collect$$libinit$$00000013)
    __rt_lib_init_lc_monetary_1              0x0800025f   Thumb Code     0  libinit2.o(.ARM.Collect$$libinit$$00000015)
    __rt_lib_init_lc_numeric_1               0x0800025f   Thumb Code     0  libinit2.o(.ARM.Collect$$libinit$$00000017)
    __rt_lib_init_lc_time_1                  0x0800025f   Thumb Code     0  libinit2.o(.ARM.Collect$$libinit$$00000019)
    __rt_lib_init_return                     0x0800025f   Thumb Code     0  libinit2.o(.ARM.Collect$$libinit$$00000033)
    __rt_lib_init_signal_1                   0x0800025f   Thumb Code     0  libinit2.o(.ARM.Collect$$libinit$$0000001D)
    __rt_lib_init_stdio_1                    0x0800025f   Thumb Code     0  libinit2.o(.ARM.Collect$$libinit$$00000025)
    __rt_lib_shutdown                        0x08000261   Thumb Code     0  libshutdown.o(.ARM.Collect$$libshutdown$$00000000)
    __rt_lib_shutdown_fp_trap_1              0x08000263   Thumb Code     0  libshutdown2.o(.ARM.Collect$$libshutdown$$00000006)
    __rt_lib_shutdown_heap_1                 0x08000263   Thumb Code     0  libshutdown2.o(.ARM.Collect$$libshutdown$$0000000E)
    __rt_lib_shutdown_return                 0x08000263   Thumb Code     0  libshutdown2.o(.ARM.Collect$$libshutdown$$0000000F)
    __rt_lib_shutdown_signal_1               0x08000263   Thumb Code     0  libshutdown2.o(.ARM.Collect$$libshutdown$$00000009)
    __rt_lib_shutdown_stdio_1                0x08000263   Thumb Code     0  libshutdown2.o(.ARM.Collect$$libshutdown$$00000003)
    __rt_lib_shutdown_user_alloc_1           0x08000263   Thumb Code     0  libshutdown2.o(.ARM.Collect$$libshutdown$$0000000B)
    __rt_entry                               0x08000265   Thumb Code     0  __rtentry.o(.ARM.Collect$$rtentry$$00000000)
    __rt_entry_presh_1                       0x08000265   Thumb Code     0  __rtentry2.o(.ARM.Collect$$rtentry$$00000002)
    __rt_entry_sh                            0x08000265   Thumb Code     0  __rtentry4.o(.ARM.Collect$$rtentry$$00000004)
    __rt_entry_li                            0x0800026b   Thumb Code     0  __rtentry2.o(.ARM.Collect$$rtentry$$0000000A)
    __rt_entry_postsh_1                      0x0800026b   Thumb Code     0  __rtentry2.o(.ARM.Collect$$rtentry$$00000009)
    __rt_entry_main                          0x0800026f   Thumb Code     0  __rtentry2.o(.ARM.Collect$$rtentry$$0000000D)
    __rt_entry_postli_1                      0x0800026f   Thumb Code     0  __rtentry2.o(.ARM.Collect$$rtentry$$0000000C)
    __rt_exit                                0x08000277   Thumb Code     0  rtexit.o(.ARM.Collect$$rtexit$$00000000)
    __rt_exit_ls                             0x08000279   Thumb Code     0  rtexit2.o(.ARM.Collect$$rtexit$$00000003)
    __rt_exit_prels_1                        0x08000279   Thumb Code     0  rtexit2.o(.ARM.Collect$$rtexit$$00000002)
    __rt_exit_exit                           0x0800027d   Thumb Code     0  rtexit2.o(.ARM.Collect$$rtexit$$00000004)
    vPortSVCHandler                          0x08000285   Thumb Code    28  port.o(.emb_text)
    __asm___6_port_c_39a90d8d__prvStartFirstTask 0x080002a5   Thumb Code    28  port.o(.emb_text)
    __asm___6_port_c_39a90d8d__prvEnableVFP  0x080002c5   Thumb Code    16  port.o(.emb_text)
    xPortPendSVHandler                       0x080002d9   Thumb Code    88  port.o(.emb_text)
    vPortGetIPSR                             0x08000335   Thumb Code     6  port.o(.emb_text)
    Reset_Handler                            0x0800033d   Thumb Code     8  startup_stm32f40_41xxx.o(.text)
    SVC_Handler                              0x0800034f   Thumb Code     2  startup_stm32f40_41xxx.o(.text)
    PendSV_Handler                           0x08000353   Thumb Code     2  startup_stm32f40_41xxx.o(.text)
    SysTick_Handler                          0x08000355   Thumb Code     2  startup_stm32f40_41xxx.o(.text)
    ADC_IRQHandler                           0x08000357   Thumb Code     0  startup_stm32f40_41xxx.o(.text)
    CAN1_RX0_IRQHandler                      0x08000357   Thumb Code     0  startup_stm32f40_41xxx.o(.text)
    CAN1_RX1_IRQHandler                      0x08000357   Thumb Code     0  startup_stm32f40_41xxx.o(.text)
    CAN1_SCE_IRQHandler                      0x08000357   Thumb Code     0  startup_stm32f40_41xxx.o(.text)
    CAN1_TX_IRQHandler                       0x08000357   Thumb Code     0  startup_stm32f40_41xxx.o(.text)
    CAN2_RX0_IRQHandler                      0x08000357   Thumb Code     0  startup_stm32f40_41xxx.o(.text)
    CAN2_RX1_IRQHandler                      0x08000357   Thumb Code     0  startup_stm32f40_41xxx.o(.text)
    CAN2_SCE_IRQHandler                      0x08000357   Thumb Code     0  startup_stm32f40_41xxx.o(.text)
    CAN2_TX_IRQHandler                       0x08000357   Thumb Code     0  startup_stm32f40_41xxx.o(.text)
    CRYP_IRQHandler                          0x08000357   Thumb Code     0  startup_stm32f40_41xxx.o(.text)
    DCMI_IRQHandler                          0x08000357   Thumb Code     0  startup_stm32f40_41xxx.o(.text)
    DMA1_Stream0_IRQHandler                  0x08000357   Thumb Code     0  startup_stm32f40_41xxx.o(.text)
    DMA1_Stream1_IRQHandler                  0x08000357   Thumb Code     0  startup_stm32f40_41xxx.o(.text)
    DMA1_Stream2_IRQHandler                  0x08000357   Thumb Code     0  startup_stm32f40_41xxx.o(.text)
    DMA1_Stream5_IRQHandler                  0x08000357   Thumb Code     0  startup_stm32f40_41xxx.o(.text)
    DMA1_Stream6_IRQHandler                  0x08000357   Thumb Code     0  startup_stm32f40_41xxx.o(.text)
    DMA1_Stream7_IRQHandler                  0x08000357   Thumb Code     0  startup_stm32f40_41xxx.o(.text)
    DMA2_Stream0_IRQHandler                  0x08000357   Thumb Code     0  startup_stm32f40_41xxx.o(.text)
    DMA2_Stream1_IRQHandler                  0x08000357   Thumb Code     0  startup_stm32f40_41xxx.o(.text)
    DMA2_Stream2_IRQHandler                  0x08000357   Thumb Code     0  startup_stm32f40_41xxx.o(.text)
    DMA2_Stream3_IRQHandler                  0x08000357   Thumb Code     0  startup_stm32f40_41xxx.o(.text)
    DMA2_Stream4_IRQHandler                  0x08000357   Thumb Code     0  startup_stm32f40_41xxx.o(.text)
    DMA2_Stream5_IRQHandler                  0x08000357   Thumb Code     0  startup_stm32f40_41xxx.o(.text)
    DMA2_Stream6_IRQHandler                  0x08000357   Thumb Code     0  startup_stm32f40_41xxx.o(.text)
    ETH_IRQHandler                           0x08000357   Thumb Code     0  startup_stm32f40_41xxx.o(.text)
    ETH_WKUP_IRQHandler                      0x08000357   Thumb Code     0  startup_stm32f40_41xxx.o(.text)
    EXTI0_IRQHandler                         0x08000357   Thumb Code     0  startup_stm32f40_41xxx.o(.text)
    EXTI15_10_IRQHandler                     0x08000357   Thumb Code     0  startup_stm32f40_41xxx.o(.text)
    EXTI1_IRQHandler                         0x08000357   Thumb Code     0  startup_stm32f40_41xxx.o(.text)
    EXTI2_IRQHandler                         0x08000357   Thumb Code     0  startup_stm32f40_41xxx.o(.text)
    EXTI3_IRQHandler                         0x08000357   Thumb Code     0  startup_stm32f40_41xxx.o(.text)
    EXTI4_IRQHandler                         0x08000357   Thumb Code     0  startup_stm32f40_41xxx.o(.text)
    EXTI9_5_IRQHandler                       0x08000357   Thumb Code     0  startup_stm32f40_41xxx.o(.text)
    FLASH_IRQHandler                         0x08000357   Thumb Code     0  startup_stm32f40_41xxx.o(.text)
    FPU_IRQHandler                           0x08000357   Thumb Code     0  startup_stm32f40_41xxx.o(.text)
    FSMC_IRQHandler                          0x08000357   Thumb Code     0  startup_stm32f40_41xxx.o(.text)
    HASH_RNG_IRQHandler                      0x08000357   Thumb Code     0  startup_stm32f40_41xxx.o(.text)
    I2C1_ER_IRQHandler                       0x08000357   Thumb Code     0  startup_stm32f40_41xxx.o(.text)
    I2C1_EV_IRQHandler                       0x08000357   Thumb Code     0  startup_stm32f40_41xxx.o(.text)
    I2C2_ER_IRQHandler                       0x08000357   Thumb Code     0  startup_stm32f40_41xxx.o(.text)
    I2C2_EV_IRQHandler                       0x08000357   Thumb Code     0  startup_stm32f40_41xxx.o(.text)
    I2C3_ER_IRQHandler                       0x08000357   Thumb Code     0  startup_stm32f40_41xxx.o(.text)
    I2C3_EV_IRQHandler                       0x08000357   Thumb Code     0  startup_stm32f40_41xxx.o(.text)
    OTG_FS_IRQHandler                        0x08000357   Thumb Code     0  startup_stm32f40_41xxx.o(.text)
    OTG_FS_WKUP_IRQHandler                   0x08000357   Thumb Code     0  startup_stm32f40_41xxx.o(.text)
    OTG_HS_EP1_IN_IRQHandler                 0x08000357   Thumb Code     0  startup_stm32f40_41xxx.o(.text)
    OTG_HS_EP1_OUT_IRQHandler                0x08000357   Thumb Code     0  startup_stm32f40_41xxx.o(.text)
    OTG_HS_IRQHandler                        0x08000357   Thumb Code     0  startup_stm32f40_41xxx.o(.text)
    OTG_HS_WKUP_IRQHandler                   0x08000357   Thumb Code     0  startup_stm32f40_41xxx.o(.text)
    PVD_IRQHandler                           0x08000357   Thumb Code     0  startup_stm32f40_41xxx.o(.text)
    RCC_IRQHandler                           0x08000357   Thumb Code     0  startup_stm32f40_41xxx.o(.text)
    RTC_Alarm_IRQHandler                     0x08000357   Thumb Code     0  startup_stm32f40_41xxx.o(.text)
    RTC_WKUP_IRQHandler                      0x08000357   Thumb Code     0  startup_stm32f40_41xxx.o(.text)
    SDIO_IRQHandler                          0x08000357   Thumb Code     0  startup_stm32f40_41xxx.o(.text)
    SPI1_IRQHandler                          0x08000357   Thumb Code     0  startup_stm32f40_41xxx.o(.text)
    SPI2_IRQHandler                          0x08000357   Thumb Code     0  startup_stm32f40_41xxx.o(.text)
    SPI3_IRQHandler                          0x08000357   Thumb Code     0  startup_stm32f40_41xxx.o(.text)
    TAMP_STAMP_IRQHandler                    0x08000357   Thumb Code     0  startup_stm32f40_41xxx.o(.text)
    TIM1_BRK_TIM9_IRQHandler                 0x08000357   Thumb Code     0  startup_stm32f40_41xxx.o(.text)
    TIM1_CC_IRQHandler                       0x08000357   Thumb Code     0  startup_stm32f40_41xxx.o(.text)
    TIM1_TRG_COM_TIM11_IRQHandler            0x08000357   Thumb Code     0  startup_stm32f40_41xxx.o(.text)
    TIM1_UP_TIM10_IRQHandler                 0x08000357   Thumb Code     0  startup_stm32f40_41xxx.o(.text)
    TIM2_IRQHandler                          0x08000357   Thumb Code     0  startup_stm32f40_41xxx.o(.text)
    TIM3_IRQHandler                          0x08000357   Thumb Code     0  startup_stm32f40_41xxx.o(.text)
    TIM4_IRQHandler                          0x08000357   Thumb Code     0  startup_stm32f40_41xxx.o(.text)
    TIM5_IRQHandler                          0x08000357   Thumb Code     0  startup_stm32f40_41xxx.o(.text)
    TIM6_DAC_IRQHandler                      0x08000357   Thumb Code     0  startup_stm32f40_41xxx.o(.text)
    TIM7_IRQHandler                          0x08000357   Thumb Code     0  startup_stm32f40_41xxx.o(.text)
    TIM8_BRK_TIM12_IRQHandler                0x08000357   Thumb Code     0  startup_stm32f40_41xxx.o(.text)
    TIM8_CC_IRQHandler                       0x08000357   Thumb Code     0  startup_stm32f40_41xxx.o(.text)
    TIM8_TRG_COM_TIM14_IRQHandler            0x08000357   Thumb Code     0  startup_stm32f40_41xxx.o(.text)
    TIM8_UP_TIM13_IRQHandler                 0x08000357   Thumb Code     0  startup_stm32f40_41xxx.o(.text)
    UART5_IRQHandler                         0x08000357   Thumb Code     0  startup_stm32f40_41xxx.o(.text)
    USART2_IRQHandler                        0x08000357   Thumb Code     0  startup_stm32f40_41xxx.o(.text)
    WWDG_IRQHandler                          0x08000357   Thumb Code     0  startup_stm32f40_41xxx.o(.text)
    __user_initial_stackheap                 0x08000359   Thumb Code     0  startup_stm32f40_41xxx.o(.text)
    __use_no_semihosting                     0x0800037d   Thumb Code     2  use_no_semi_2.o(.text)
    __2printf                                0x08000381   Thumb Code    20  noretval__2printf.o(.text)
    __2sprintf                               0x08000399   Thumb Code    34  noretval__2sprintf.o(.text)
    _printf_str                              0x080003c1   Thumb Code    82  _printf_str.o(.text)
    __printf                                 0x08000413   Thumb Code   270  __printf_wp.o(.text)
    __0sscanf                                0x08000521   Thumb Code    52  __0sscanf.o(.text)
    _scanf_int                               0x0800055d   Thumb Code   332  _scanf_int.o(.text)
    _scanf_string                            0x080006a9   Thumb Code   224  _scanf_str.o(.text)
    strstr                                   0x08000789   Thumb Code    36  strstr.o(.text)
    strlen                                   0x080007ad   Thumb Code    62  strlen.o(.text)
    __aeabi_memcpy                           0x080007eb   Thumb Code     0  rt_memcpy_v6.o(.text)
    __rt_memcpy                              0x080007eb   Thumb Code   138  rt_memcpy_v6.o(.text)
    _memcpy_lastbytes                        0x08000851   Thumb Code     0  rt_memcpy_v6.o(.text)
    __aeabi_memset                           0x08000875   Thumb Code    16  aeabi_memset.o(.text)
    __aeabi_memclr                           0x08000885   Thumb Code     0  rt_memclr.o(.text)
    __rt_memclr                              0x08000885   Thumb Code    68  rt_memclr.o(.text)
    _memset                                  0x08000889   Thumb Code     0  rt_memclr.o(.text)
    __aeabi_memclr4                          0x080008c9   Thumb Code     0  rt_memclr_w.o(.text)
    __aeabi_memclr8                          0x080008c9   Thumb Code     0  rt_memclr_w.o(.text)
    __rt_memclr_w                            0x080008c9   Thumb Code    78  rt_memclr_w.o(.text)
    _memset_w                                0x080008cd   Thumb Code     0  rt_memclr_w.o(.text)
    strncpy                                  0x08000917   Thumb Code    86  strncpy.o(.text)
    strcmp                                   0x0800096d   Thumb Code   128  strcmpv7m.o(.text)
    __use_two_region_memory                  0x080009ed   Thumb Code     2  heapauxi.o(.text)
    __rt_heap_escrow$2region                 0x080009ef   Thumb Code     2  heapauxi.o(.text)
    __rt_heap_expand$2region                 0x080009f1   Thumb Code     2  heapauxi.o(.text)
    __I$use$semihosting                      0x080009f3   Thumb Code     0  use_no_semi.o(.text)
    __use_no_semihosting_swi                 0x080009f3   Thumb Code     2  use_no_semi.o(.text)
    __read_errno                             0x080009f5   Thumb Code    10  _rserrno.o(.text)
    __set_errno                              0x080009ff   Thumb Code    12  _rserrno.o(.text)
    _printf_char_common                      0x08000a17   Thumb Code    32  _printf_char_common.o(.text)
    _sputc                                   0x08000a3d   Thumb Code    10  _sputc.o(.text)
    _printf_cs_common                        0x08000a47   Thumb Code    20  _printf_char.o(.text)
    _printf_char                             0x08000a5b   Thumb Code    16  _printf_char.o(.text)
    _printf_string                           0x08000a6b   Thumb Code     8  _printf_char.o(.text)
    _printf_char_file                        0x08000a75   Thumb Code    32  _printf_char_file.o(.text)
    _chval                                   0x08000a99   Thumb Code    28  _chval.o(.text)
    __vfscanf_char                           0x08000ac1   Thumb Code    24  scanf_char.o(.text)
    _sgetc                                   0x08000ae1   Thumb Code    30  _sgetc.o(.text)
    _sbackspace                              0x08000aff   Thumb Code    34  _sgetc.o(.text)
    __aeabi_memcpy4                          0x08000b21   Thumb Code     0  rt_memcpy_w.o(.text)
    __aeabi_memcpy8                          0x08000b21   Thumb Code     0  rt_memcpy_w.o(.text)
    __rt_memcpy_w                            0x08000b21   Thumb Code   100  rt_memcpy_w.o(.text)
    _memcpy_lastbytes_aligned                0x08000b69   Thumb Code     0  rt_memcpy_w.o(.text)
    __aeabi_errno_addr                       0x08000b85   Thumb Code     8  rt_errno_addr_intlibspace.o(.text)
    __errno$intlibspace                      0x08000b85   Thumb Code     0  rt_errno_addr_intlibspace.o(.text)
    __rt_errno_addr$intlibspace              0x08000b85   Thumb Code     0  rt_errno_addr_intlibspace.o(.text)
    isspace                                  0x08000b8d   Thumb Code    18  isspace.o(.text)
    __vfscanf                                0x08000ba1   Thumb Code   878  _scanf.o(.text)
    ferror                                   0x08000f15   Thumb Code     8  ferror.o(.text)
    __user_libspace                          0x08000f1d   Thumb Code     8  libspace.o(.text)
    __user_perproc_libspace                  0x08000f1d   Thumb Code     0  libspace.o(.text)
    __user_perthread_libspace                0x08000f1d   Thumb Code     0  libspace.o(.text)
    __user_setup_stackheap                   0x08000f25   Thumb Code    74  sys_stackheap_outer.o(.text)
    __rt_ctype_table                         0x08000f71   Thumb Code    16  rt_ctype_table.o(.text)
    exit                                     0x08000f81   Thumb Code    12  exit.o(.text)
    __rt_locale                              0x08000f8d   Thumb Code     8  rt_locale_intlibspace.o(.text)
    AllTableInit                             0x08000f95   Thumb Code     2  ballast_protocol.o(i.AllTableInit)
    BCC_CheckSum                             0x08000f97   Thumb Code    30  common.o(i.BCC_CheckSum)
    BallastCommInit                          0x08000ff1   Thumb Code    86  ballast_comm.o(i.BallastCommInit)
    Bcd2ToByte                               0x080011d1   Thumb Code    22  common.o(i.Bcd2ToByte)
    BusFault_Handler                         0x080011e7   Thumb Code     4  stm32f4xx_it.o(i.BusFault_Handler)
    CaculateWeekDay                          0x080011eb   Thumb Code   128  rtc.o(i.CaculateWeekDay)
    DMA1_Stream3_IRQHandler                  0x0800126d   Thumb Code    62  gsm.o(i.DMA1_Stream3_IRQHandler)
    DMA1_Stream4_IRQHandler                  0x080012b9   Thumb Code    26  ballast_comm.o(i.DMA1_Stream4_IRQHandler)
    DMA2_Stream7_IRQHandler                  0x080012e1   Thumb Code    36  electric.o(i.DMA2_Stream7_IRQHandler)
    DMA_ClearFlag                            0x0800130d   Thumb Code    38  stm32f4xx_dma.o(i.DMA_ClearFlag)
    DMA_Cmd                                  0x08001341   Thumb Code    22  stm32f4xx_dma.o(i.DMA_Cmd)
    DMA_DeInit                               0x08001359   Thumb Code   324  stm32f4xx_dma.o(i.DMA_DeInit)
    DMA_GetCmdStatus                         0x080014b1   Thumb Code    20  stm32f4xx_dma.o(i.DMA_GetCmdStatus)
    DMA_GetFlagStatus                        0x080014c5   Thumb Code    54  stm32f4xx_dma.o(i.DMA_GetFlagStatus)
    DMA_ITConfig                             0x08001509   Thumb Code    58  stm32f4xx_dma.o(i.DMA_ITConfig)
    DMA_Init                                 0x08001545   Thumb Code    82  stm32f4xx_dma.o(i.DMA_Init)
    DMA_SetCurrDataCounter                   0x0800159d   Thumb Code     4  stm32f4xx_dma.o(i.DMA_SetCurrDataCounter)
    DebugMon_Handler                         0x080015a1   Thumb Code     2  stm32f4xx_it.o(i.DebugMon_Handler)
    ElectricInit                             0x080015f1   Thumb Code    86  electric.o(i.ElectricInit)
    FSMC_NORSRAMCmd                          0x080017d5   Thumb Code    46  stm32f4xx_fsmc.o(i.FSMC_NORSRAMCmd)
    FSMC_NORSRAMInit                         0x08001809   Thumb Code   290  stm32f4xx_fsmc.o(i.FSMC_NORSRAMInit)
    FSMC_NOR_EraseSector                     0x08001931   Thumb Code    48  fsmc_nor.o(i.FSMC_NOR_EraseSector)
    FSMC_NOR_GetStatus                       0x08001969   Thumb Code    76  fsmc_nor.o(i.FSMC_NOR_GetStatus)
    FSMC_NOR_Init                            0x080019b5   Thumb Code   650  fsmc_nor.o(i.FSMC_NOR_Init)
    FSMC_NOR_ReadBuffer                      0x08001c51   Thumb Code    44  fsmc_nor.o(i.FSMC_NOR_ReadBuffer)
    FSMC_NOR_WriteBuffer                     0x08001c85   Thumb Code    38  fsmc_nor.o(i.FSMC_NOR_WriteBuffer)
    FSMC_NOR_WriteHalfWord                   0x08001cad   Thumb Code    38  fsmc_nor.o(i.FSMC_NOR_WriteHalfWord)
    GHA                                      0x08001cdd   Thumb Code   496  lat_longitude.o(i.GHA)
    GPIO_Init                                0x08001f0d   Thumb Code   144  stm32f4xx_gpio.o(i.GPIO_Init)
    GPIO_PinAFConfig                         0x08001f9d   Thumb Code    70  stm32f4xx_gpio.o(i.GPIO_PinAFConfig)
    GPIO_ResetBits                           0x08001fe3   Thumb Code     4  stm32f4xx_gpio.o(i.GPIO_ResetBits)
    GPIO_SetBits                             0x08001fe7   Thumb Code     4  stm32f4xx_gpio.o(i.GPIO_SetBits)
    GSMInit                                  0x08001fed   Thumb Code    76  gsm.o(i.GSMInit)
    G_sun                                    0x08002281   Thumb Code    56  lat_longitude.o(i.G_sun)
    GsmDMA_TxBuff                            0x080023a1   Thumb Code   112  gsm.o(i.GsmDMA_TxBuff)
    GsmStartConnect                          0x08002481   Thumb Code   364  gsm.o(i.GsmStartConnect)
    HandleGatewayParam                       0x0800281d   Thumb Code   216  gateway_protocol.o(i.HandleGatewayParam)
    HandleLightDimmer                        0x080028f5   Thumb Code     2  gateway_protocol.o(i.HandleLightDimmer)
    HandleLightOnOff                         0x080028f7   Thumb Code     2  gateway_protocol.o(i.HandleLightOnOff)
    HandleLightParam                         0x080028f9   Thumb Code    22  gateway_protocol.o(i.HandleLightParam)
    HandleStrategyDownload                   0x0800290f   Thumb Code     2  gateway_protocol.o(i.HandleStrategyDownload)
    HardFault_Handler                        0x08002911   Thumb Code     4  stm32f4xx_it.o(i.HardFault_Handler)
    KM_CtrlInit                              0x08002949   Thumb Code    48  km_ctrl.o(i.KM_CtrlInit)
    L_sun                                    0x08002a25   Thumb Code    56  lat_longitude.o(i.L_sun)
    MemManage_Handler                        0x08002a6d   Thumb Code     4  stm32f4xx_it.o(i.MemManage_Handler)
    MemStorage_Convert                       0x08002a71   Thumb Code    24  norflash.o(i.MemStorage_Convert)
    NMI_Handler                              0x08002a89   Thumb Code     2  stm32f4xx_it.o(i.NMI_Handler)
    NVIC_Init                                0x08002a8d   Thumb Code   106  misc.o(i.NVIC_Init)
    NVIC_PriorityGroupConfig                 0x08002b05   Thumb Code    10  misc.o(i.NVIC_PriorityGroupConfig)
    NetTimeCentury                           0x08002b19   Thumb Code   112  rtc.o(i.NetTimeCentury)
    NorFlashInit                             0x08002bad   Thumb Code    24  norflash.o(i.NorFlashInit)
    NorFlashRead                             0x08002bc9   Thumb Code    54  norflash.o(i.NorFlashRead)
    NorFlashWrite                            0x08002c05   Thumb Code    86  norflash.o(i.NorFlashWrite)
    PWR_BackupAccessCmd                      0x08002ca1   Thumb Code     6  stm32f4xx_pwr.o(i.PWR_BackupAccessCmd)
    Protocol_Response                        0x08002cad   Thumb Code   198  gateway_protocol.o(i.Protocol_Response)
    RCC_AHB1PeriphClockCmd                   0x08002d75   Thumb Code    26  stm32f4xx_rcc.o(i.RCC_AHB1PeriphClockCmd)
    RCC_AHB3PeriphClockCmd                   0x08002d95   Thumb Code    26  stm32f4xx_rcc.o(i.RCC_AHB3PeriphClockCmd)
    RCC_APB1PeriphClockCmd                   0x08002db5   Thumb Code    26  stm32f4xx_rcc.o(i.RCC_APB1PeriphClockCmd)
    RCC_APB2PeriphClockCmd                   0x08002dd5   Thumb Code    26  stm32f4xx_rcc.o(i.RCC_APB2PeriphClockCmd)
    RCC_GetClocksFreq                        0x08002df5   Thumb Code   214  stm32f4xx_rcc.o(i.RCC_GetClocksFreq)
    RCC_GetFlagStatus                        0x08002edd   Thumb Code    60  stm32f4xx_rcc.o(i.RCC_GetFlagStatus)
    RCC_LSEConfig                            0x08002f1d   Thumb Code    40  stm32f4xx_rcc.o(i.RCC_LSEConfig)
    RCC_RTCCLKCmd                            0x08002f49   Thumb Code     6  stm32f4xx_rcc.o(i.RCC_RTCCLKCmd)
    RCC_RTCCLKConfig                         0x08002f55   Thumb Code    50  stm32f4xx_rcc.o(i.RCC_RTCCLKConfig)
    RTC_EnterInitMode                        0x08002fc5   Thumb Code    76  stm32f4xx_rtc.o(i.RTC_EnterInitMode)
    RTC_ExitInitMode                         0x08003015   Thumb Code    14  stm32f4xx_rtc.o(i.RTC_ExitInitMode)
    RTC_GetDate                              0x08003029   Thumb Code    68  stm32f4xx_rtc.o(i.RTC_GetDate)
    RTC_GetTime                              0x08003075   Thumb Code    72  stm32f4xx_rtc.o(i.RTC_GetTime)
    RTC_Init                                 0x080030c5   Thumb Code    94  stm32f4xx_rtc.o(i.RTC_Init)
    RTC_ReadBackupRegister                   0x08003129   Thumb Code    26  stm32f4xx_rtc.o(i.RTC_ReadBackupRegister)
    RTC_SetDate                              0x08003149   Thumb Code   190  stm32f4xx_rtc.o(i.RTC_SetDate)
    RTC_SetTime                              0x08003211   Thumb Code   198  stm32f4xx_rtc.o(i.RTC_SetTime)
    RTC_WaitForSynchro                       0x080032e1   Thumb Code    92  stm32f4xx_rtc.o(i.RTC_WaitForSynchro)
    RTC_WriteBackupRegister                  0x08003341   Thumb Code    24  stm32f4xx_rtc.o(i.RTC_WriteBackupRegister)
    ReadRTC_Time                             0x0800335d   Thumb Code   116  rtc.o(i.ReadRTC_Time)
    RelinkTCP                                0x080033d5   Thumb Code    84  gsm.o(i.RelinkTCP)
    RtcInit                                  0x08003479   Thumb Code   120  rtc.o(i.RtcInit)
    SendMsgToSim                             0x080034f5   Thumb Code   136  gsm.o(i.SendMsgToSim)
    SimSendData                              0x080038f9   Thumb Code    94  gsm.o(i.SimSendData)
    SwitchToCommand                          0x08003971   Thumb Code    42  gsm.o(i.SwitchToCommand)
    SwitchToData                             0x080039b9   Thumb Code    30  gsm.o(i.SwitchToData)
    SystemInit                               0x080039fd   Thumb Code    88  system_stm32f4xx.o(i.SystemInit)
    UART4_IRQHandler                         0x08003c91   Thumb Code   132  ballast_comm.o(i.UART4_IRQHandler)
    USART1_IRQHandler                        0x08003d25   Thumb Code   132  electric.o(i.USART1_IRQHandler)
    USART3_IRQHandler                        0x08003db9   Thumb Code   328  gsm.o(i.USART3_IRQHandler)
    USART6_IRQHandler                        0x08003f19   Thumb Code   164  sys_debug.o(i.USART6_IRQHandler)
    USART_Cmd                                0x08003fd1   Thumb Code    24  stm32f4xx_usart.o(i.USART_Cmd)
    USART_DMACmd                             0x08003fe9   Thumb Code    18  stm32f4xx_usart.o(i.USART_DMACmd)
    USART_GetITStatus                        0x08003ffb   Thumb Code    84  stm32f4xx_usart.o(i.USART_GetITStatus)
    USART_ITConfig                           0x0800404f   Thumb Code    74  stm32f4xx_usart.o(i.USART_ITConfig)
    USART_Init                               0x08004099   Thumb Code   204  stm32f4xx_usart.o(i.USART_Init)
    USART_ReceiveData                        0x0800416d   Thumb Code    10  stm32f4xx_usart.o(i.USART_ReceiveData)
    UT_rise                                  0x08004177   Thumb Code    84  lat_longitude.o(i.UT_rise)
    UT_set                                   0x080041cb   Thumb Code    84  lat_longitude.o(i.UT_set)
    UartDebugHardwareInit                    0x08004275   Thumb Code   214  uart_debug.o(i.UartDebugHardwareInit)
    UartDebugInit                            0x08004355   Thumb Code    16  sys_debug.o(i.UartDebugInit)
    UpdataNetTime                            0x08004365   Thumb Code   408  rtc.o(i.UpdataNetTime)
    UsageFault_Handler                       0x08004529   Thumb Code     4  stm32f4xx_it.o(i.UsageFault_Handler)
    Zone                                     0x0800452d   Thumb Code    92  lat_longitude.o(i.Zone)
    __ARM_fpclassify                         0x08004599   Thumb Code    48  fpclassify.o(i.__ARM_fpclassify)
    __hardfp_acos                            0x080045c9   Thumb Code   738  acos.o(i.__hardfp_acos)
    __hardfp_asin                            0x08004921   Thumb Code   770  asin.o(i.__hardfp_asin)
    __hardfp_cos                             0x08004c81   Thumb Code   180  cos.o(i.__hardfp_cos)
    __hardfp_sin                             0x08004d49   Thumb Code   180  sin.o(i.__hardfp_sin)
    __ieee754_rem_pio2                       0x08004e11   Thumb Code   938  rred.o(i.__ieee754_rem_pio2)
    __kernel_cos                             0x08005249   Thumb Code   322  cos_i.o(i.__kernel_cos)
    __kernel_poly                            0x080053b9   Thumb Code   248  poly.o(i.__kernel_poly)
    __kernel_sin                             0x080054b1   Thumb Code   280  sin_i.o(i.__kernel_sin)
    __mathlib_dbl_infnan                     0x080055e1   Thumb Code    20  dunder.o(i.__mathlib_dbl_infnan)
    __mathlib_dbl_invalid                    0x080055f9   Thumb Code    24  dunder.o(i.__mathlib_dbl_invalid)
    __mathlib_dbl_underflow                  0x08005619   Thumb Code    24  dunder.o(i.__mathlib_dbl_underflow)
    _is_digit                                0x08005639   Thumb Code    14  __printf_wp.o(i._is_digit)
    _sys_exit                                0x08005647   Thumb Code     4  uart_debug.o(i._sys_exit)
    chr2hex                                  0x0800564b   Thumb Code    54  common.o(i.chr2hex)
    days                                     0x08005681   Thumb Code   100  lat_longitude.o(i.days)
    e                                        0x080056ed   Thumb Code   428  lat_longitude.o(i.e)
    earth_tilt                               0x080058b1   Thumb Code    56  lat_longitude.o(i.earth_tilt)
    ecliptic_longitude                       0x080058f9   Thumb Code   220  lat_longitude.o(i.ecliptic_longitude)
    fabs                                     0x080059fd   Thumb Code    24  fabs.o(i.fabs)
    fputc                                    0x08005a15   Thumb Code    24  uart_debug.o(i.fputc)
    get_glat                                 0x08005a31   Thumb Code   240  lat_longitude.o(i.get_glat)
    get_glong                                0x08005b41   Thumb Code   240  lat_longitude.o(i.get_glong)
    hex2chr                                  0x08005c51   Thumb Code    34  common.o(i.hex2chr)
    leap_year                                0x08005c73   Thumb Code    50  lat_longitude.o(i.leap_year)
    main                                     0x08005ca5   Thumb Code    50  main.o(i.main)
    pcTaskGetTaskName                        0x08005cd9   Thumb Code    20  tasks.o(i.pcTaskGetTaskName)
    printf_buff                              0x08005cf1   Thumb Code    80  sys_debug.o(i.printf_buff)
    printf_str                               0x08005d55   Thumb Code    66  sys_debug.o(i.printf_str)
    pvPortMalloc                             0x08006189   Thumb Code   164  heap_2.o(i.pvPortMalloc)
    pvTaskIncrementMutexHeldCount            0x08006241   Thumb Code    26  tasks.o(i.pvTaskIncrementMutexHeldCount)
    pxPortInitialiseStack                    0x08006261   Thumb Code    34  port.o(i.pxPortInitialiseStack)
    resule_convert                           0x08006289   Thumb Code   932  lat_longitude.o(i.resule_convert)
    result_rise                              0x08006649   Thumb Code   586  lat_longitude.o(i.result_rise)
    result_set                               0x080068a1   Thumb Code   586  lat_longitude.o(i.result_set)
    rise_set                                 0x08006af9   Thumb Code   988  lat_longitude.o(i.rise_set)
    sqrt                                     0x08006eed   Thumb Code   110  sqrt.o(i.sqrt)
    sun_deviation                            0x08006f5d   Thumb Code   164  lat_longitude.o(i.sun_deviation)
    t_century                                0x08007011   Thumb Code    80  lat_longitude.o(i.t_century)
    uxListRemove                             0x08007071   Thumb Code    40  list.o(i.uxListRemove)
    vApplicationStackOverflowHook            0x08007099   Thumb Code    34  freertos_hook.o(i.vApplicationStackOverflowHook)
    vApplicationTickHook                     0x080070e1   Thumb Code     2  freertos_hook.o(i.vApplicationTickHook)
    vListInitialise                          0x08007219   Thumb Code    26  list.o(i.vListInitialise)
    vListInitialiseItem                      0x08007233   Thumb Code     6  list.o(i.vListInitialiseItem)
    vListInsert                              0x08007239   Thumb Code    52  list.o(i.vListInsert)
    vListInsertEnd                           0x0800726d   Thumb Code    24  list.o(i.vListInsertEnd)
    vPortEnterCritical                       0x08007285   Thumb Code    30  port.o(i.vPortEnterCritical)
    vPortExitCritical                        0x080072a9   Thumb Code    28  port.o(i.vPortExitCritical)
    vPortFree                                0x080072c9   Thumb Code    56  heap_2.o(i.vPortFree)
    vPortSetupTimerInterrupt                 0x08007309   Thumb Code    14  port.o(i.vPortSetupTimerInterrupt)
    vTaskDelay                               0x0800731d   Thumb Code    84  tasks.o(i.vTaskDelay)
    vTaskMissedYield                         0x08007381   Thumb Code     8  tasks.o(i.vTaskMissedYield)
    vTaskPlaceOnEventList                    0x0800738d   Thumb Code    84  tasks.o(i.vTaskPlaceOnEventList)
    vTaskPriorityInherit                     0x080073f1   Thumb Code   164  tasks.o(i.vTaskPriorityInherit)
    vTaskSetTimeOutState                     0x080074a1   Thumb Code    14  tasks.o(i.vTaskSetTimeOutState)
    vTaskStartScheduler                      0x080074b9   Thumb Code    74  tasks.o(i.vTaskStartScheduler)
    vTaskSuspendAll                          0x0800751d   Thumb Code    12  tasks.o(i.vTaskSuspendAll)
    vTaskSwitchContext                       0x0800752d   Thumb Code   132  tasks.o(i.vTaskSwitchContext)
    xPortStartScheduler                      0x08007605   Thumb Code    58  port.o(i.xPortStartScheduler)
    xPortSysTickHandler                      0x0800764d   Thumb Code    48  port.o(i.xPortSysTickHandler)
    xQueueCreateMutex                        0x08007681   Thumb Code    72  queue.o(i.xQueueCreateMutex)
    xQueueGenericCreate                      0x080076c9   Thumb Code    70  queue.o(i.xQueueGenericCreate)
    xQueueGenericReceive                     0x08007711   Thumb Code   318  queue.o(i.xQueueGenericReceive)
    xQueueGenericReset                       0x08007855   Thumb Code   120  queue.o(i.xQueueGenericReset)
    xQueueGenericSend                        0x080078d1   Thumb Code   268  queue.o(i.xQueueGenericSend)
    xQueueGenericSendFromISR                 0x080079e1   Thumb Code   126  queue.o(i.xQueueGenericSendFromISR)
    xQueueGiveFromISR                        0x08007a5f   Thumb Code   110  queue.o(i.xQueueGiveFromISR)
    xTaskCheckForTimeOut                     0x08007acd   Thumb Code    84  tasks.o(i.xTaskCheckForTimeOut)
    xTaskGenericCreate                       0x08007b29   Thumb Code   236  tasks.o(i.xTaskGenericCreate)
    xTaskGetCurrentTaskHandle                0x08007c31   Thumb Code     6  tasks.o(i.xTaskGetCurrentTaskHandle)
    xTaskGetTickCount                        0x08007c3d   Thumb Code     6  tasks.o(i.xTaskGetTickCount)
    xTaskIncrementTick                       0x08007c49   Thumb Code   256  tasks.o(i.xTaskIncrementTick)
    xTaskPriorityDisinherit                  0x08007d75   Thumb Code   122  tasks.o(i.xTaskPriorityDisinherit)
    xTaskRemoveFromEventList                 0x08007df9   Thumb Code   104  tasks.o(i.xTaskRemoveFromEventList)
    xTaskResumeAll                           0x08007e79   Thumb Code   196  tasks.o(i.xTaskResumeAll)
    zigbee_config                            0x08007f61   Thumb Code     2  gateway_protocol.o(i.zigbee_config)
    _get_lc_ctype                            0x08007f65   Thumb Code    44  lc_ctype_c.o(locale$$code)
    __aeabi_dneg                             0x08007f91   Thumb Code     0  basic.o(x$fpl$basic)
    _dneg                                    0x08007f91   Thumb Code     6  basic.o(x$fpl$basic)
    __aeabi_fneg                             0x08007f97   Thumb Code     0  basic.o(x$fpl$basic)
    _fneg                                    0x08007f97   Thumb Code     6  basic.o(x$fpl$basic)
    _dabs                                    0x08007f9d   Thumb Code     6  basic.o(x$fpl$basic)
    _fabs                                    0x08007fa3   Thumb Code     6  basic.o(x$fpl$basic)
    __aeabi_dadd                             0x08007fa9   Thumb Code     0  daddsub_clz.o(x$fpl$dadd)
    _dadd                                    0x08007fa9   Thumb Code   332  daddsub_clz.o(x$fpl$dadd)
    __fpl_dcmp_Inf                           0x080080f9   Thumb Code    24  dcmpi.o(x$fpl$dcmpinf)
    __aeabi_ddiv                             0x08008111   Thumb Code     0  ddiv.o(x$fpl$ddiv)
    _ddiv                                    0x08008111   Thumb Code   552  ddiv.o(x$fpl$ddiv)
    __aeabi_d2iz                             0x080083c1   Thumb Code     0  dfix.o(x$fpl$dfix)
    _dfix                                    0x080083c1   Thumb Code    94  dfix.o(x$fpl$dfix)
    __aeabi_d2uiz                            0x08008421   Thumb Code     0  dfixu.o(x$fpl$dfixu)
    _dfixu                                   0x08008421   Thumb Code    90  dfixu.o(x$fpl$dfixu)
    __aeabi_i2d                              0x0800847b   Thumb Code     0  dflt_clz.o(x$fpl$dflt)
    _dflt                                    0x0800847b   Thumb Code    46  dflt_clz.o(x$fpl$dflt)
    __aeabi_ui2d                             0x080084a9   Thumb Code     0  dflt_clz.o(x$fpl$dfltu)
    _dfltu                                   0x080084a9   Thumb Code    38  dflt_clz.o(x$fpl$dfltu)
    __aeabi_cdcmple                          0x080084d1   Thumb Code     0  dleqf.o(x$fpl$dleqf)
    _dcmple                                  0x080084d1   Thumb Code   120  dleqf.o(x$fpl$dleqf)
    __fpl_dcmple_InfNaN                      0x08008533   Thumb Code     0  dleqf.o(x$fpl$dleqf)
    __aeabi_dmul                             0x08008549   Thumb Code     0  dmul.o(x$fpl$dmul)
    _dmul                                    0x08008549   Thumb Code   332  dmul.o(x$fpl$dmul)
    __fpl_dnaninf                            0x0800869d   Thumb Code   156  dnaninf.o(x$fpl$dnaninf)
    __fpl_dretinf                            0x08008739   Thumb Code    12  dretinf.o(x$fpl$dretinf)
    __aeabi_cdrcmple                         0x08008745   Thumb Code     0  drleqf.o(x$fpl$drleqf)
    _drcmple                                 0x08008745   Thumb Code   108  drleqf.o(x$fpl$drleqf)
    __aeabi_drsub                            0x080087b1   Thumb Code     0  daddsub_clz.o(x$fpl$drsb)
    _drsb                                    0x080087b1   Thumb Code    22  daddsub_clz.o(x$fpl$drsb)
    _dsqrt                                   0x080087c9   Thumb Code   404  dsqrt_umaal.o(x$fpl$dsqrt)
    __aeabi_dsub                             0x08008961   Thumb Code     0  daddsub_clz.o(x$fpl$dsub)
    _dsub                                    0x08008961   Thumb Code   464  daddsub_clz.o(x$fpl$dsub)
    _fp_init                                 0x08008b35   Thumb Code    10  fpinit.o(x$fpl$fpinit)
    __fplib_config_fpu_vfp                   0x08008b3d   Thumb Code     0  fpinit.o(x$fpl$fpinit)
    __fplib_config_pureend_doubles           0x08008b3d   Thumb Code     0  fpinit.o(x$fpl$fpinit)
    __I$use$fp                               0x08008b3e   Number         0  usenofp.o(x$fpl$usenofp)
    Region$$Table$$Base                      0x08008e68   Number         0  anon$$obj.o(Region$$Table)
    Region$$Table$$Limit                     0x08008e88   Number         0  anon$$obj.o(Region$$Table)
    __ctype                                  0x08008e95   Data           0  lc_ctype_c.o(locale$$data)
    LampDataTempBuff                         0x10000000   Data       50000  ballast_protocol.o(.ARM.__AT_0x10000000)
    LampAttrSortTable                        0x1000c350   Data        6000  ballast_protocol.o(.ARM.__AT_0x1000C350)
    LampRunCtrlTable                         0x1000dac0   Data        6000  ballast_protocol.o(.ARM.__AT_0x1000DAC0)
    ballastComm1Tx_semaphore                 0x20000010   Data           4  ballast_comm.o(.data)
    EleTx_semaphore                          0x20000018   Data           4  electric.o(.data)
    GsmTx_semaphore                          0x20000020   Data           4  gsm.o(.data)
    GPRS_ConnectState                        0x2000002c   Data           1  gsm.o(.data)
    FrameType_Flag                           0x2000002d   Data           1  gsm.o(.data)
    DebugMode                                0x20000038   Data           1  sys_debug.o(.data)
    TestMode                                 0x2000003c   Data           4  sys_debug.o(.data)
    TestModeFlag                             0x20000040   Data           1  sys_debug.o(.data)
    h                                        0x20000048   Data           8  lat_longitude.o(.data)
    sun_rise                                 0x20000050   Data           8  lat_longitude.o(.data)
    sun_set                                  0x20000058   Data           8  lat_longitude.o(.data)
    sun_time_rise                            0x20000060   Data           8  lat_longitude.o(.data)
    sun_time_set                             0x20000068   Data           8  lat_longitude.o(.data)
    days_of_month_1                          0x20000070   Data          48  lat_longitude.o(.data)
    days_of_month_2                          0x200000a0   Data          48  lat_longitude.o(.data)
    pxCurrentTCB                             0x200000ec   Data           4  tasks.o(.data)
    NVIC_InitStructure                       0x20000128   Data           4  rtc.o(.data)
    __stdout                                 0x20000130   Data           4  uart_debug.o(.data)
    BallastComm1RxData                       0x20000134   Data         102  ballast_comm.o(.bss)
    BallastComm1TxData                       0x2000019a   Data         102  ballast_comm.o(.bss)
    EleTxData                                0x20000200   Data         102  electric.o(.bss)
    EleRxData                                0x20000266   Data         102  electric.o(.bss)
    WG_ServerParameter                       0x200002cc   Data          22  gsm.o(.bss)
    ManagementAddr                           0x200002e2   Data          10  gsm.o(.bss)
    GsmTxData                                0x200002ec   Data         202  gsm.o(.bss)
    GsmRxData                                0x200003b6   Data         202  gsm.o(.bss)
    DebugRxData                              0x20000480   Data          52  sys_debug.o(.bss)
    sun_rise_set                             0x200004b4   Data          16  lat_longitude.o(.bss)
    time                                     0x2001e58c   Data          28  rtc.o(.bss)
    __libspace_start                         0x2001e5a8   Data          96  libspace.o(.bss)
    __temporary_stack_top$libspace           0x2001e608   Data           0  libspace.o(.bss)



==============================================================================

Memory Map of the image

  Image Entry point : 0x08000189

  Load Region LR_IROM1 (Base: 0x08000000, Size: 0x000090cc, Max: 0x00100000, ABSOLUTE, COMPRESSED[0x00008fd0])

    Execution Region ER_IROM1 (Base: 0x08000000, Size: 0x00008f98, Max: 0x00100000, ABSOLUTE)

    Base Addr    Size         Type   Attr      Idx    E Section Name        Object

    0x08000000   0x00000188   Data   RO            3    RESET               startup_stm32f40_41xxx.o
    0x08000188   0x00000008   Code   RO         3864  * !!!main             c_w.l(__main.o)
    0x08000190   0x00000034   Code   RO         4207    !!!scatter          c_w.l(__scatter.o)
    0x080001c4   0x0000005a   Code   RO         4205    !!dczerorl2         c_w.l(__dczerorl2.o)
    0x0800021e   0x00000002   PAD
    0x08000220   0x0000001c   Code   RO         4209    !!handler_zi        c_w.l(__scatter_zi.o)
    0x0800023c   0x00000000   Code   RO         3839    .ARM.Collect$$_printf_percent$$00000000  c_w.l(_printf_percent.o)
    0x0800023c   0x00000006   Code   RO         3838    .ARM.Collect$$_printf_percent$$00000014  c_w.l(_printf_s.o)
    0x08000242   0x00000004   Code   RO         3959    .ARM.Collect$$_printf_percent$$00000017  c_w.l(_printf_percent_end.o)
    0x08000246   0x00000002   Code   RO         4075    .ARM.Collect$$libinit$$00000000  c_w.l(libinit.o)
    0x08000248   0x00000004   Code   RO         4086    .ARM.Collect$$libinit$$00000001  c_w.l(libinit2.o)
    0x0800024c   0x00000000   Code   RO         4089    .ARM.Collect$$libinit$$00000004  c_w.l(libinit2.o)
    0x0800024c   0x00000000   Code   RO         4092    .ARM.Collect$$libinit$$0000000A  c_w.l(libinit2.o)
    0x0800024c   0x00000000   Code   RO         4094    .ARM.Collect$$libinit$$0000000C  c_w.l(libinit2.o)
    0x0800024c   0x00000000   Code   RO         4096    .ARM.Collect$$libinit$$0000000E  c_w.l(libinit2.o)
    0x0800024c   0x00000006   Code   RO         4097    .ARM.Collect$$libinit$$0000000F  c_w.l(libinit2.o)
    0x08000252   0x00000000   Code   RO         4099    .ARM.Collect$$libinit$$00000011  c_w.l(libinit2.o)
    0x08000252   0x0000000c   Code   RO         4100    .ARM.Collect$$libinit$$00000012  c_w.l(libinit2.o)
    0x0800025e   0x00000000   Code   RO         4101    .ARM.Collect$$libinit$$00000013  c_w.l(libinit2.o)
    0x0800025e   0x00000000   Code   RO         4103    .ARM.Collect$$libinit$$00000015  c_w.l(libinit2.o)
    0x0800025e   0x00000000   Code   RO         4105    .ARM.Collect$$libinit$$00000017  c_w.l(libinit2.o)
    0x0800025e   0x00000000   Code   RO         4107    .ARM.Collect$$libinit$$00000019  c_w.l(libinit2.o)
    0x0800025e   0x00000000   Code   RO         4109    .ARM.Collect$$libinit$$0000001B  c_w.l(libinit2.o)
    0x0800025e   0x00000000   Code   RO         4111    .ARM.Collect$$libinit$$0000001D  c_w.l(libinit2.o)
    0x0800025e   0x00000000   Code   RO         4113    .ARM.Collect$$libinit$$0000001F  c_w.l(libinit2.o)
    0x0800025e   0x00000000   Code   RO         4115    .ARM.Collect$$libinit$$00000021  c_w.l(libinit2.o)
    0x0800025e   0x00000000   Code   RO         4117    .ARM.Collect$$libinit$$00000023  c_w.l(libinit2.o)
    0x0800025e   0x00000000   Code   RO         4119    .ARM.Collect$$libinit$$00000025  c_w.l(libinit2.o)
    0x0800025e   0x00000000   Code   RO         4123    .ARM.Collect$$libinit$$0000002C  c_w.l(libinit2.o)
    0x0800025e   0x00000000   Code   RO         4125    .ARM.Collect$$libinit$$0000002E  c_w.l(libinit2.o)
    0x0800025e   0x00000000   Code   RO         4127    .ARM.Collect$$libinit$$00000030  c_w.l(libinit2.o)
    0x0800025e   0x00000000   Code   RO         4129    .ARM.Collect$$libinit$$00000032  c_w.l(libinit2.o)
    0x0800025e   0x00000002   Code   RO         4130    .ARM.Collect$$libinit$$00000033  c_w.l(libinit2.o)
    0x08000260   0x00000002   Code   RO         4148    .ARM.Collect$$libshutdown$$00000000  c_w.l(libshutdown.o)
    0x08000262   0x00000000   Code   RO         4159    .ARM.Collect$$libshutdown$$00000003  c_w.l(libshutdown2.o)
    0x08000262   0x00000000   Code   RO         4162    .ARM.Collect$$libshutdown$$00000006  c_w.l(libshutdown2.o)
    0x08000262   0x00000000   Code   RO         4165    .ARM.Collect$$libshutdown$$00000009  c_w.l(libshutdown2.o)
    0x08000262   0x00000000   Code   RO         4167    .ARM.Collect$$libshutdown$$0000000B  c_w.l(libshutdown2.o)
    0x08000262   0x00000000   Code   RO         4170    .ARM.Collect$$libshutdown$$0000000E  c_w.l(libshutdown2.o)
    0x08000262   0x00000002   Code   RO         4171    .ARM.Collect$$libshutdown$$0000000F  c_w.l(libshutdown2.o)
    0x08000264   0x00000000   Code   RO         3948    .ARM.Collect$$rtentry$$00000000  c_w.l(__rtentry.o)
    0x08000264   0x00000000   Code   RO         4028    .ARM.Collect$$rtentry$$00000002  c_w.l(__rtentry2.o)
    0x08000264   0x00000006   Code   RO         4040    .ARM.Collect$$rtentry$$00000004  c_w.l(__rtentry4.o)
    0x0800026a   0x00000000   Code   RO         4030    .ARM.Collect$$rtentry$$00000009  c_w.l(__rtentry2.o)
    0x0800026a   0x00000004   Code   RO         4031    .ARM.Collect$$rtentry$$0000000A  c_w.l(__rtentry2.o)
    0x0800026e   0x00000000   Code   RO         4033    .ARM.Collect$$rtentry$$0000000C  c_w.l(__rtentry2.o)
    0x0800026e   0x00000008   Code   RO         4034    .ARM.Collect$$rtentry$$0000000D  c_w.l(__rtentry2.o)
    0x08000276   0x00000002   Code   RO         4076    .ARM.Collect$$rtexit$$00000000  c_w.l(rtexit.o)
    0x08000278   0x00000000   Code   RO         4132    .ARM.Collect$$rtexit$$00000002  c_w.l(rtexit2.o)
    0x08000278   0x00000004   Code   RO         4133    .ARM.Collect$$rtexit$$00000003  c_w.l(rtexit2.o)
    0x0800027c   0x00000006   Code   RO         4134    .ARM.Collect$$rtexit$$00000004  c_w.l(rtexit2.o)
    0x08000282   0x00000002   PAD
    0x08000284   0x000000b6   Code   RO         2988    .emb_text           port.o
    0x0800033a   0x00000002   PAD
    0x0800033c   0x00000040   Code   RO            4    .text               startup_stm32f40_41xxx.o
    0x0800037c   0x00000002   Code   RO         3804    .text               c_w.l(use_no_semi_2.o)
    0x0800037e   0x00000002   PAD
    0x08000380   0x00000018   Code   RO         3810    .text               c_w.l(noretval__2printf.o)
    0x08000398   0x00000028   Code   RO         3812    .text               c_w.l(noretval__2sprintf.o)
    0x080003c0   0x00000052   Code   RO         3816    .text               c_w.l(_printf_str.o)
    0x08000412   0x0000010e   Code   RO         3826    .text               c_w.l(__printf_wp.o)
    0x08000520   0x0000003c   Code   RO         3840    .text               c_w.l(__0sscanf.o)
    0x0800055c   0x0000014c   Code   RO         3842    .text               c_w.l(_scanf_int.o)
    0x080006a8   0x000000e0   Code   RO         3844    .text               c_w.l(_scanf_str.o)
    0x08000788   0x00000024   Code   RO         3846    .text               c_w.l(strstr.o)
    0x080007ac   0x0000003e   Code   RO         3848    .text               c_w.l(strlen.o)
    0x080007ea   0x0000008a   Code   RO         3850    .text               c_w.l(rt_memcpy_v6.o)
    0x08000874   0x00000010   Code   RO         3852    .text               c_w.l(aeabi_memset.o)
    0x08000884   0x00000044   Code   RO         3854    .text               c_w.l(rt_memclr.o)
    0x080008c8   0x0000004e   Code   RO         3856    .text               c_w.l(rt_memclr_w.o)
    0x08000916   0x00000056   Code   RO         3858    .text               c_w.l(strncpy.o)
    0x0800096c   0x00000080   Code   RO         3860    .text               c_w.l(strcmpv7m.o)
    0x080009ec   0x00000006   Code   RO         3862    .text               c_w.l(heapauxi.o)
    0x080009f2   0x00000002   Code   RO         3946    .text               c_w.l(use_no_semi.o)
    0x080009f4   0x00000016   Code   RO         3949    .text               c_w.l(_rserrno.o)
    0x08000a0a   0x00000002   PAD
    0x08000a0c   0x00000030   Code   RO         3951    .text               c_w.l(_printf_char_common.o)
    0x08000a3c   0x0000000a   Code   RO         3953    .text               c_w.l(_sputc.o)
    0x08000a46   0x0000002c   Code   RO         3955    .text               c_w.l(_printf_char.o)
    0x08000a72   0x00000002   PAD
    0x08000a74   0x00000024   Code   RO         3957    .text               c_w.l(_printf_char_file.o)
    0x08000a98   0x0000001c   Code   RO         3960    .text               c_w.l(_chval.o)
    0x08000ab4   0x0000002c   Code   RO         3962    .text               c_w.l(scanf_char.o)
    0x08000ae0   0x00000040   Code   RO         3964    .text               c_w.l(_sgetc.o)
    0x08000b20   0x00000064   Code   RO         3966    .text               c_w.l(rt_memcpy_w.o)
    0x08000b84   0x00000008   Code   RO         4045    .text               c_w.l(rt_errno_addr_intlibspace.o)
    0x08000b8c   0x00000012   Code   RO         4047    .text               c_w.l(isspace.o)
    0x08000b9e   0x00000002   PAD
    0x08000ba0   0x00000374   Code   RO         4051    .text               c_w.l(_scanf.o)
    0x08000f14   0x00000008   Code   RO         4053    .text               c_w.l(ferror.o)
    0x08000f1c   0x00000008   Code   RO         4061    .text               c_w.l(libspace.o)
    0x08000f24   0x0000004a   Code   RO         4064    .text               c_w.l(sys_stackheap_outer.o)
    0x08000f6e   0x00000002   PAD
    0x08000f70   0x00000010   Code   RO         4066    .text               c_w.l(rt_ctype_table.o)
    0x08000f80   0x0000000c   Code   RO         4068    .text               c_w.l(exit.o)
    0x08000f8c   0x00000008   Code   RO         4081    .text               c_w.l(rt_locale_intlibspace.o)
    0x08000f94   0x00000002   Code   RO         2733    i.AllTableInit      ballast_protocol.o
    0x08000f96   0x0000001e   Code   RO         2763    i.BCC_CheckSum      common.o
    0x08000fb4   0x0000000c   Code   RO         2132    i.BallastComm1InitHardware  ballast_comm.o
    0x08000fc0   0x00000030   Code   RO         2133    i.BallastComm1RxTxDataInit  ballast_comm.o
    0x08000ff0   0x00000078   Code   RO         2134    i.BallastCommInit   ballast_comm.o
    0x08001068   0x00000014   Code   RO         2135    i.BallastRxDataClear  ballast_comm.o
    0x0800107c   0x000000b0   Code   RO         2136    i.BallastUartInit   ballast_comm.o
    0x0800112c   0x000000a4   Code   RO         2137    i.Ballast_TX_DMA_Init  ballast_comm.o
    0x080011d0   0x00000016   Code   RO         2764    i.Bcd2ToByte        common.o
    0x080011e6   0x00000004   Code   RO           13    i.BusFault_Handler  stm32f4xx_it.o
    0x080011ea   0x00000080   Code   RO         3564    i.CaculateWeekDay   rtc.o
    0x0800126a   0x00000002   PAD
    0x0800126c   0x0000004c   Code   RO         2335    i.DMA1_Stream3_IRQHandler  gsm.o
    0x080012b8   0x00000028   Code   RO         2138    i.DMA1_Stream4_IRQHandler  ballast_comm.o
    0x080012e0   0x0000002c   Code   RO         2242    i.DMA2_Stream7_IRQHandler  electric.o
    0x0800130c   0x00000034   Code   RO         1929    i.DMA_ClearFlag     stm32f4xx_dma.o
    0x08001340   0x00000016   Code   RO         1931    i.DMA_Cmd           stm32f4xx_dma.o
    0x08001356   0x00000002   PAD
    0x08001358   0x00000158   Code   RO         1932    i.DMA_DeInit        stm32f4xx_dma.o
    0x080014b0   0x00000014   Code   RO         1936    i.DMA_GetCmdStatus  stm32f4xx_dma.o
    0x080014c4   0x00000044   Code   RO         1940    i.DMA_GetFlagStatus  stm32f4xx_dma.o
    0x08001508   0x0000003a   Code   RO         1942    i.DMA_ITConfig      stm32f4xx_dma.o
    0x08001542   0x00000002   PAD
    0x08001544   0x00000058   Code   RO         1943    i.DMA_Init          stm32f4xx_dma.o
    0x0800159c   0x00000004   Code   RO         1946    i.DMA_SetCurrDataCounter  stm32f4xx_dma.o
    0x080015a0   0x00000002   Code   RO           14    i.DebugMon_Handler  stm32f4xx_it.o
    0x080015a2   0x00000002   PAD
    0x080015a4   0x0000001c   Code   RO         2576    i.DebugRxDataInit   sys_debug.o
    0x080015c0   0x00000030   Code   RO         2244    i.EleRxTxDataInit   electric.o
    0x080015f0   0x00000070   Code   RO         2245    i.ElectricInit      electric.o
    0x08001660   0x00000014   Code   RO         2246    i.ElectricRxDataClear  electric.o
    0x08001674   0x000000b0   Code   RO         2247    i.ElectricUartInit  electric.o
    0x08001724   0x000000a4   Code   RO         2248    i.Electric_TX_DMA_Init  electric.o
    0x080017c8   0x0000000c   Code   RO         2249    i.ElectrolHardwareInit  electric.o
    0x080017d4   0x00000034   Code   RO         1441    i.FSMC_NORSRAMCmd   stm32f4xx_fsmc.o
    0x08001808   0x00000128   Code   RO         1443    i.FSMC_NORSRAMInit  stm32f4xx_fsmc.o
    0x08001930   0x00000038   Code   RO         3618    i.FSMC_NOR_EraseSector  fsmc_nor.o
    0x08001968   0x0000004c   Code   RO         3619    i.FSMC_NOR_GetStatus  fsmc_nor.o
    0x080019b4   0x0000029c   Code   RO         3620    i.FSMC_NOR_Init     fsmc_nor.o
    0x08001c50   0x00000034   Code   RO         3621    i.FSMC_NOR_ReadBuffer  fsmc_nor.o
    0x08001c84   0x00000026   Code   RO         3626    i.FSMC_NOR_WriteBuffer  fsmc_nor.o
    0x08001caa   0x00000002   PAD
    0x08001cac   0x00000030   Code   RO         3627    i.FSMC_NOR_WriteHalfWord  fsmc_nor.o
    0x08001cdc   0x00000230   Code   RO         2847    i.GHA               lat_longitude.o
    0x08001f0c   0x00000090   Code   RO          415    i.GPIO_Init         stm32f4xx_gpio.o
    0x08001f9c   0x00000046   Code   RO          416    i.GPIO_PinAFConfig  stm32f4xx_gpio.o
    0x08001fe2   0x00000004   Code   RO          422    i.GPIO_ResetBits    stm32f4xx_gpio.o
    0x08001fe6   0x00000004   Code   RO          423    i.GPIO_SetBits      stm32f4xx_gpio.o
    0x08001fea   0x00000002   PAD
    0x08001fec   0x00000064   Code   RO         2336    i.GSMInit           gsm.o
    0x08002050   0x00000010   Code   RO         2337    i.GSMInitHardware   gsm.o
    0x08002060   0x00000034   Code   RO         2338    i.GSM_CtrlPinInit   gsm.o
    0x08002094   0x00000094   Code   RO         2339    i.GSM_ModuleStart   gsm.o
    0x08002128   0x000000a4   Code   RO         2340    i.GSM_TX_DMA_Init   gsm.o
    0x080021cc   0x000000b4   Code   RO         2341    i.GSM_USART_Init    gsm.o
    0x08002280   0x00000048   Code   RO         2848    i.G_sun             lat_longitude.o
    0x080022c8   0x000000d8   Code   RO         2577    i.GatewaySetDebug   sys_debug.o
    0x080023a0   0x00000080   Code   RO         2342    i.GsmDMA_TxBuff     gsm.o
    0x08002420   0x00000014   Code   RO         2343    i.GsmRxDataClear    gsm.o
    0x08002434   0x0000001a   Code   RO         2344    i.GsmRxDataInput    gsm.o
    0x0800244e   0x00000002   PAD
    0x08002450   0x00000030   Code   RO         2345    i.GsmRxTxDataInit   gsm.o
    0x08002480   0x0000039c   Code   RO         2346    i.GsmStartConnect   gsm.o
    0x0800281c   0x000000d8   Code   RO         2669    i.HandleGatewayParam  gateway_protocol.o
    0x080028f4   0x00000002   Code   RO         2670    i.HandleLightDimmer  gateway_protocol.o
    0x080028f6   0x00000002   Code   RO         2671    i.HandleLightOnOff  gateway_protocol.o
    0x080028f8   0x00000016   Code   RO         2672    i.HandleLightParam  gateway_protocol.o
    0x0800290e   0x00000002   Code   RO         2673    i.HandleStrategyDownload  gateway_protocol.o
    0x08002910   0x00000004   Code   RO           15    i.HardFault_Handler  stm32f4xx_it.o
    0x08002914   0x00000034   Code   RO         2347    i.HeartRemainTCPConnect  gsm.o
    0x08002948   0x00000044   Code   RO         2811    i.KM_CtrlInit       km_ctrl.o
    0x0800298c   0x00000080   Code   RO         2812    i.KM_HardwareInit   km_ctrl.o
    0x08002a0c   0x00000018   Code   RO         2813    i.KM_vCtrlTask      km_ctrl.o
    0x08002a24   0x00000048   Code   RO         2849    i.L_sun             lat_longitude.o
    0x08002a6c   0x00000004   Code   RO           16    i.MemManage_Handler  stm32f4xx_it.o
    0x08002a70   0x00000018   Code   RO         3706    i.MemStorage_Convert  norflash.o
    0x08002a88   0x00000002   Code   RO           17    i.NMI_Handler       stm32f4xx_it.o
    0x08002a8a   0x00000002   PAD
    0x08002a8c   0x00000078   Code   RO          216    i.NVIC_Init         misc.o
    0x08002b04   0x00000014   Code   RO          217    i.NVIC_PriorityGroupConfig  misc.o
    0x08002b18   0x00000094   Code   RO         3565    i.NetTimeCentury    rtc.o
    0x08002bac   0x0000001c   Code   RO         3709    i.NorFlashInit      norflash.o
    0x08002bc8   0x0000003c   Code   RO         3710    i.NorFlashRead      norflash.o
    0x08002c04   0x0000009c   Code   RO         3711    i.NorFlashWrite     norflash.o
    0x08002ca0   0x0000000c   Code   RO          519    i.PWR_BackupAccessCmd  stm32f4xx_pwr.o
    0x08002cac   0x000000c6   Code   RO         2674    i.Protocol_Response  gateway_protocol.o
    0x08002d72   0x00000002   PAD
    0x08002d74   0x00000020   Code   RO          633    i.RCC_AHB1PeriphClockCmd  stm32f4xx_rcc.o
    0x08002d94   0x00000020   Code   RO          639    i.RCC_AHB3PeriphClockCmd  stm32f4xx_rcc.o
    0x08002db4   0x00000020   Code   RO          642    i.RCC_APB1PeriphClockCmd  stm32f4xx_rcc.o
    0x08002dd4   0x00000020   Code   RO          645    i.RCC_APB2PeriphClockCmd  stm32f4xx_rcc.o
    0x08002df4   0x000000e8   Code   RO          654    i.RCC_GetClocksFreq  stm32f4xx_rcc.o
    0x08002edc   0x00000040   Code   RO          655    i.RCC_GetFlagStatus  stm32f4xx_rcc.o
    0x08002f1c   0x0000002c   Code   RO          663    i.RCC_LSEConfig     stm32f4xx_rcc.o
    0x08002f48   0x0000000c   Code   RO          677    i.RCC_RTCCLKCmd     stm32f4xx_rcc.o
    0x08002f54   0x0000003c   Code   RO          678    i.RCC_RTCCLKConfig  stm32f4xx_rcc.o
    0x08002f90   0x00000016   Code   RO         1571    i.RTC_Bcd2ToByte    stm32f4xx_rtc.o
    0x08002fa6   0x0000001c   Code   RO         1573    i.RTC_ByteToBcd2    stm32f4xx_rtc.o
    0x08002fc2   0x00000002   PAD
    0x08002fc4   0x00000050   Code   RO         1583    i.RTC_EnterInitMode  stm32f4xx_rtc.o
    0x08003014   0x00000014   Code   RO         1584    i.RTC_ExitInitMode  stm32f4xx_rtc.o
    0x08003028   0x0000004c   Code   RO         1587    i.RTC_GetDate       stm32f4xx_rtc.o
    0x08003074   0x00000050   Code   RO         1592    i.RTC_GetTime       stm32f4xx_rtc.o
    0x080030c4   0x00000064   Code   RO         1597    i.RTC_Init          stm32f4xx_rtc.o
    0x08003128   0x00000020   Code   RO         1600    i.RTC_ReadBackupRegister  stm32f4xx_rtc.o
    0x08003148   0x000000c8   Code   RO         1603    i.RTC_SetDate       stm32f4xx_rtc.o
    0x08003210   0x000000d0   Code   RO         1604    i.RTC_SetTime       stm32f4xx_rtc.o
    0x080032e0   0x00000060   Code   RO         1620    i.RTC_WaitForSynchro  stm32f4xx_rtc.o
    0x08003340   0x0000001c   Code   RO         1623    i.RTC_WriteBackupRegister  stm32f4xx_rtc.o
    0x0800335c   0x00000078   Code   RO         3566    i.ReadRTC_Time      rtc.o
    0x080033d4   0x000000a4   Code   RO         2348    i.RelinkTCP         gsm.o
    0x08003478   0x0000007c   Code   RO         3567    i.RtcInit           rtc.o
    0x080034f4   0x000000a0   Code   RO         2349    i.SendMsgToSim      gsm.o
    0x08003594   0x000001a8   Code   RO         2578    i.SetSeriveIPPort   sys_debug.o
    0x0800373c   0x000000ec   Code   RO          175    i.SetSysClock       system_stm32f4xx.o
    0x08003828   0x000000d0   Code   RO         2579    i.SetWGAddr         sys_debug.o
    0x080038f8   0x00000078   Code   RO         2350    i.SimSendData       gsm.o
    0x08003970   0x00000048   Code   RO         2351    i.SwitchToCommand   gsm.o
    0x080039b8   0x00000044   Code   RO         2352    i.SwitchToData      gsm.o
    0x080039fc   0x00000068   Code   RO          177    i.SystemInit        system_stm32f4xx.o
    0x08003a64   0x00000002   Code   RO         2580    i.TaskPrintfDebug   sys_debug.o
    0x08003a66   0x00000002   PAD
    0x08003a68   0x00000228   Code   RO         2581    i.TestModeMain      sys_debug.o
    0x08003c90   0x00000094   Code   RO         2139    i.UART4_IRQHandler  ballast_comm.o
    0x08003d24   0x00000094   Code   RO         2250    i.USART1_IRQHandler  electric.o
    0x08003db8   0x00000160   Code   RO         2353    i.USART3_IRQHandler  gsm.o
    0x08003f18   0x000000b8   Code   RO         2582    i.USART6_IRQHandler  sys_debug.o
    0x08003fd0   0x00000018   Code   RO          978    i.USART_Cmd         stm32f4xx_usart.o
    0x08003fe8   0x00000012   Code   RO          979    i.USART_DMACmd      stm32f4xx_usart.o
    0x08003ffa   0x00000054   Code   RO          982    i.USART_GetITStatus  stm32f4xx_usart.o
    0x0800404e   0x0000004a   Code   RO          984    i.USART_ITConfig    stm32f4xx_usart.o
    0x08004098   0x000000d4   Code   RO          985    i.USART_Init        stm32f4xx_usart.o
    0x0800416c   0x0000000a   Code   RO          992    i.USART_ReceiveData  stm32f4xx_usart.o
    0x08004176   0x00000054   Code   RO         2850    i.UT_rise           lat_longitude.o
    0x080041ca   0x00000054   Code   RO         2851    i.UT_set            lat_longitude.o
    0x0800421e   0x00000002   PAD
    0x08004220   0x00000054   Code   RO         2583    i.UartDebugCreateTask  sys_debug.o
    0x08004274   0x000000e0   Code   RO         3762    i.UartDebugHardwareInit  uart_debug.o
    0x08004354   0x00000010   Code   RO         2584    i.UartDebugInit     sys_debug.o
    0x08004364   0x000001c4   Code   RO         3568    i.UpdataNetTime     rtc.o
    0x08004528   0x00000004   Code   RO           18    i.UsageFault_Handler  stm32f4xx_it.o
    0x0800452c   0x0000006c   Code   RO         2852    i.Zone              lat_longitude.o
    0x08004598   0x00000030   Code   RO         4000    i.__ARM_fpclassify  m_wm.l(fpclassify.o)
    0x080045c8   0x00000358   Code   RO         3894    i.__hardfp_acos     m_wm.l(acos.o)
    0x08004920   0x00000360   Code   RO         3908    i.__hardfp_asin     m_wm.l(asin.o)
    0x08004c80   0x000000c8   Code   RO         3922    i.__hardfp_cos      m_wm.l(cos.o)
    0x08004d48   0x000000c8   Code   RO         3934    i.__hardfp_sin      m_wm.l(sin.o)
    0x08004e10   0x00000438   Code   RO         4004    i.__ieee754_rem_pio2  m_wm.l(rred.o)
    0x08005248   0x00000170   Code   RO         3977    i.__kernel_cos      m_wm.l(cos_i.o)
    0x080053b8   0x000000f8   Code   RO         4002    i.__kernel_poly     m_wm.l(poly.o)
    0x080054b0   0x00000130   Code   RO         4009    i.__kernel_sin      m_wm.l(sin_i.o)
    0x080055e0   0x00000014   Code   RO         3981    i.__mathlib_dbl_infnan  m_wm.l(dunder.o)
    0x080055f4   0x00000004   PAD
    0x080055f8   0x00000020   Code   RO         3983    i.__mathlib_dbl_invalid  m_wm.l(dunder.o)
    0x08005618   0x00000020   Code   RO         3986    i.__mathlib_dbl_underflow  m_wm.l(dunder.o)
    0x08005638   0x0000000e   Code   RO         3828    i._is_digit         c_w.l(__printf_wp.o)
    0x08005646   0x00000004   Code   RO         3763    i._sys_exit         uart_debug.o
    0x0800564a   0x00000036   Code   RO         2766    i.chr2hex           common.o
    0x08005680   0x0000006c   Code   RO         2853    i.days              lat_longitude.o
    0x080056ec   0x000001c4   Code   RO         2854    i.e                 lat_longitude.o
    0x080058b0   0x00000048   Code   RO         2855    i.earth_tilt        lat_longitude.o
    0x080058f8   0x00000104   Code   RO         2856    i.ecliptic_longitude  lat_longitude.o
    0x080059fc   0x00000018   Code   RO         3996    i.fabs              m_wm.l(fabs.o)
    0x08005a14   0x0000001c   Code   RO         3764    i.fputc             uart_debug.o
    0x08005a30   0x00000110   Code   RO         2857    i.get_glat          lat_longitude.o
    0x08005b40   0x00000110   Code   RO         2858    i.get_glong         lat_longitude.o
    0x08005c50   0x00000022   Code   RO         2767    i.hex2chr           common.o
    0x08005c72   0x00000032   Code   RO         2859    i.leap_year         lat_longitude.o
    0x08005ca4   0x00000032   Code   RO         2511    i.main              main.o
    0x08005cd6   0x00000002   PAD
    0x08005cd8   0x00000018   Code   RO         3272    i.pcTaskGetTaskName  tasks.o
    0x08005cf0   0x00000064   Code   RO         2585    i.printf_buff       sys_debug.o
    0x08005d54   0x00000050   Code   RO         2587    i.printf_str        sys_debug.o
    0x08005da4   0x00000054   Code   RO         3273    i.prvAddCurrentTaskToDelayedList  tasks.o
    0x08005df8   0x00000042   Code   RO         3274    i.prvAllocateTCBAndStack  tasks.o
    0x08005e3a   0x00000002   PAD
    0x08005e3c   0x00000064   Code   RO         3275    i.prvCheckTasksWaitingTermination  tasks.o
    0x08005ea0   0x0000002a   Code   RO         3139    i.prvCopyDataFromQueue  queue.o
    0x08005eca   0x00000080   Code   RO         3140    i.prvCopyDataToQueue  queue.o
    0x08005f4a   0x00000012   Code   RO         3276    i.prvDeleteTCB      tasks.o
    0x08005f5c   0x00000038   Code   RO         3056    i.prvHeapInit       heap_2.o
    0x08005f94   0x00000028   Code   RO         3277    i.prvIdleTask       tasks.o
    0x08005fbc   0x00000062   Code   RO         3278    i.prvInitialiseTCBVariables  tasks.o
    0x0800601e   0x00000002   PAD
    0x08006020   0x00000068   Code   RO         3279    i.prvInitialiseTaskLists  tasks.o
    0x08006088   0x0000001a   Code   RO         3141    i.prvIsQueueEmpty   queue.o
    0x080060a2   0x0000001e   Code   RO         3142    i.prvIsQueueFull    queue.o
    0x080060c0   0x00000034   Code   RO         3280    i.prvResetNextTaskUnblockTime  tasks.o
    0x080060f4   0x00000016   Code   RO         2989    i.prvTaskExitError  port.o
    0x0800610a   0x0000007e   Code   RO         3143    i.prvUnlockQueue    queue.o
    0x08006188   0x000000b8   Code   RO         3057    i.pvPortMalloc      heap_2.o
    0x08006240   0x00000020   Code   RO         3282    i.pvTaskIncrementMutexHeldCount  tasks.o
    0x08006260   0x00000028   Code   RO         2990    i.pxPortInitialiseStack  port.o
    0x08006288   0x000003c0   Code   RO         2860    i.resule_convert    lat_longitude.o
    0x08006648   0x00000258   Code   RO         2861    i.result_rise       lat_longitude.o
    0x080068a0   0x00000258   Code   RO         2862    i.result_set        lat_longitude.o
    0x08006af8   0x000003f4   Code   RO         2863    i.rise_set          lat_longitude.o
    0x08006eec   0x0000006e   Code   RO         4017    i.sqrt              m_wm.l(sqrt.o)
    0x08006f5a   0x00000002   PAD
    0x08006f5c   0x000000b4   Code   RO         2864    i.sun_deviation     lat_longitude.o
    0x08007010   0x00000060   Code   RO         2865    i.t_century         lat_longitude.o
    0x08007070   0x00000028   Code   RO         3103    i.uxListRemove      list.o
    0x08007098   0x00000048   Code   RO         2064    i.vApplicationStackOverflowHook  freertos_hook.o
    0x080070e0   0x00000002   Code   RO         2065    i.vApplicationTickHook  freertos_hook.o
    0x080070e2   0x00000002   PAD
    0x080070e4   0x00000054   Code   RO         2140    i.vBallastComm1Task  ballast_comm.o
    0x08007138   0x00000054   Code   RO         2251    i.vElectTask        electric.o
    0x0800718c   0x0000008c   Code   RO         2354    i.vGSMTask          gsm.o
    0x08007218   0x0000001a   Code   RO         3104    i.vListInitialise   list.o
    0x08007232   0x00000006   Code   RO         3105    i.vListInitialiseItem  list.o
    0x08007238   0x00000034   Code   RO         3106    i.vListInsert       list.o
    0x0800726c   0x00000018   Code   RO         3107    i.vListInsertEnd    list.o
    0x08007284   0x00000024   Code   RO         2992    i.vPortEnterCritical  port.o
    0x080072a8   0x00000020   Code   RO         2993    i.vPortExitCritical  port.o
    0x080072c8   0x00000040   Code   RO         3058    i.vPortFree         heap_2.o
    0x08007308   0x00000014   Code   RO         2994    i.vPortSetupTimerInterrupt  port.o
    0x0800731c   0x00000064   Code   RO         3288    i.vTaskDelay        tasks.o
    0x08007380   0x0000000c   Code   RO         3292    i.vTaskMissedYield  tasks.o
    0x0800738c   0x00000064   Code   RO         3294    i.vTaskPlaceOnEventList  tasks.o
    0x080073f0   0x000000b0   Code   RO         3296    i.vTaskPriorityInherit  tasks.o
    0x080074a0   0x00000018   Code   RO         3299    i.vTaskSetTimeOutState  tasks.o
    0x080074b8   0x00000064   Code   RO         3300    i.vTaskStartScheduler  tasks.o
    0x0800751c   0x00000010   Code   RO         3302    i.vTaskSuspendAll   tasks.o
    0x0800752c   0x00000098   Code   RO         3303    i.vTaskSwitchContext  tasks.o
    0x080075c4   0x00000040   Code   RO         2588    i.vUartDebugTask    sys_debug.o
    0x08007604   0x00000048   Code   RO         2995    i.xPortStartScheduler  port.o
    0x0800764c   0x00000034   Code   RO         2996    i.xPortSysTickHandler  port.o
    0x08007680   0x00000048   Code   RO         3148    i.xQueueCreateMutex  queue.o
    0x080076c8   0x00000046   Code   RO         3149    i.xQueueGenericCreate  queue.o
    0x0800770e   0x00000002   PAD
    0x08007710   0x00000144   Code   RO         3150    i.xQueueGenericReceive  queue.o
    0x08007854   0x0000007c   Code   RO         3151    i.xQueueGenericReset  queue.o
    0x080078d0   0x00000110   Code   RO         3152    i.xQueueGenericSend  queue.o
    0x080079e0   0x0000007e   Code   RO         3153    i.xQueueGenericSendFromISR  queue.o
    0x08007a5e   0x0000006e   Code   RO         3154    i.xQueueGiveFromISR  queue.o
    0x08007acc   0x0000005c   Code   RO         3304    i.xTaskCheckForTimeOut  tasks.o
    0x08007b28   0x00000108   Code   RO         3305    i.xTaskGenericCreate  tasks.o
    0x08007c30   0x0000000c   Code   RO         3308    i.xTaskGetCurrentTaskHandle  tasks.o
    0x08007c3c   0x0000000c   Code   RO         3309    i.xTaskGetTickCount  tasks.o
    0x08007c48   0x0000012c   Code   RO         3311    i.xTaskIncrementTick  tasks.o
    0x08007d74   0x00000084   Code   RO         3314    i.xTaskPriorityDisinherit  tasks.o
    0x08007df8   0x00000080   Code   RO         3315    i.xTaskRemoveFromEventList  tasks.o
    0x08007e78   0x000000e8   Code   RO         3317    i.xTaskResumeAll    tasks.o
    0x08007f60   0x00000002   Code   RO         2675    i.zigbee_config     gateway_protocol.o
    0x08007f62   0x00000002   PAD
    0x08007f64   0x0000002c   Code   RO         4084    locale$$code        c_w.l(lc_ctype_c.o)
    0x08007f90   0x00000018   Code   RO         3968    x$fpl$basic         fz_wm.l(basic.o)
    0x08007fa8   0x00000150   Code   RO         3866    x$fpl$dadd          fz_wm.l(daddsub_clz.o)
    0x080080f8   0x00000018   Code   RO         4057    x$fpl$dcmpinf       fz_wm.l(dcmpi.o)
    0x08008110   0x000002b0   Code   RO         3873    x$fpl$ddiv          fz_wm.l(ddiv.o)
    0x080083c0   0x0000005e   Code   RO         3876    x$fpl$dfix          fz_wm.l(dfix.o)
    0x0800841e   0x00000002   PAD
    0x08008420   0x0000005a   Code   RO         3880    x$fpl$dfixu         fz_wm.l(dfixu.o)
    0x0800847a   0x0000002e   Code   RO         3885    x$fpl$dflt          fz_wm.l(dflt_clz.o)
    0x080084a8   0x00000026   Code   RO         3884    x$fpl$dfltu         fz_wm.l(dflt_clz.o)
    0x080084ce   0x00000002   PAD
    0x080084d0   0x00000078   Code   RO         3970    x$fpl$dleqf         fz_wm.l(dleqf.o)
    0x08008548   0x00000154   Code   RO         3890    x$fpl$dmul          fz_wm.l(dmul.o)
    0x0800869c   0x0000009c   Code   RO         3972    x$fpl$dnaninf       fz_wm.l(dnaninf.o)
    0x08008738   0x0000000c   Code   RO         3974    x$fpl$dretinf       fz_wm.l(dretinf.o)
    0x08008744   0x0000006c   Code   RO         3892    x$fpl$drleqf        fz_wm.l(drleqf.o)
    0x080087b0   0x00000016   Code   RO         3867    x$fpl$drsb          fz_wm.l(daddsub_clz.o)
    0x080087c6   0x00000002   PAD
    0x080087c8   0x00000198   Code   RO         4059    x$fpl$dsqrt         fz_wm.l(dsqrt_umaal.o)
    0x08008960   0x000001d4   Code   RO         3868    x$fpl$dsub          fz_wm.l(daddsub_clz.o)
    0x08008b34   0x0000000a   Code   RO         4140    x$fpl$fpinit        fz_wm.l(fpinit.o)
    0x08008b3e   0x00000000   Code   RO         3976    x$fpl$usenofp       fz_wm.l(usenofp.o)
    0x08008b3e   0x00000002   PAD
    0x08008b40   0x00000008   Data   RO         2142    .constdata          ballast_comm.o
    0x08008b48   0x00000008   Data   RO         2253    .constdata          electric.o
    0x08008b50   0x00000028   Data   RO         2356    .constdata          gsm.o
    0x08008b78   0x00000050   Data   RO         3897    .constdata          m_wm.l(acos.o)
    0x08008bc8   0x00000050   Data   RO         3911    .constdata          m_wm.l(asin.o)
    0x08008c18   0x00000030   Data   RO         3978    .constdata          m_wm.l(cos_i.o)
    0x08008c48   0x000000c8   Data   RO         4006    .constdata          m_wm.l(rred.o)
    0x08008d10   0x00000028   Data   RO         4010    .constdata          m_wm.l(sin_i.o)
    0x08008d38   0x0000012f   Data   RO         2590    .conststring        sys_debug.o
    0x08008e67   0x00000001   PAD
    0x08008e68   0x00000020   Data   RO         4203    Region$$Table       anon$$obj.o
    0x08008e88   0x00000110   Data   RO         4083    locale$$data        c_w.l(lc_ctype_c.o)


    Execution Region RW_IRAM1 (Base: 0x20000000, Size: 0x0001ec08, Max: 0x00020000, ABSOLUTE, COMPRESSED[0x00000038])

    Base Addr    Size         Type   Attr      Idx    E Section Name        Object

    0x20000000   0x00000010   Data   RW          686    .data               stm32f4xx_rcc.o
    0x20000010   0x00000008   Data   RW         2143    .data               ballast_comm.o
    0x20000018   0x00000008   Data   RW         2254    .data               electric.o
    0x20000020   0x0000000e   Data   RW         2357    .data               gsm.o
    0x2000002e   0x00000002   PAD
    0x20000030   0x00000011   Data   RW         2591    .data               sys_debug.o
    0x20000041   0x00000003   PAD
    0x20000044   0x00000004   Data   RW         2814    .data               km_ctrl.o
    0x20000048   0x00000088   Data   RW         2867    .data               lat_longitude.o
    0x200000d0   0x00000004   Data   RW         2997    .data               port.o
    0x200000d4   0x00000018   Data   RW         3062    .data               heap_2.o
    0x200000ec   0x00000038   Data   RW         3320    .data               tasks.o
    0x20000124   0x00000008   Data   RW         3570    .data               rtc.o
    0x2000012c   0x00000004   Data   RW         3712    .data               norflash.o
    0x20000130   0x00000004   Data   RW         3765    .data               uart_debug.o
    0x20000134   0x000000cc   Zero   RW         2141    .bss                ballast_comm.o
    0x20000200   0x000000cc   Zero   RW         2252    .bss                electric.o
    0x200002cc   0x000001b4   Zero   RW         2355    .bss                gsm.o
    0x20000480   0x00000034   Zero   RW         2589    .bss                sys_debug.o
    0x200004b4   0x00000010   Zero   RW         2866    .bss                lat_longitude.o
    0x200004c4   0x0001e000   Zero   RW         3061    .bss                heap_2.o
    0x2001e4c4   0x000000c8   Zero   RW         3319    .bss                tasks.o
    0x2001e58c   0x0000001c   Zero   RW         3569    .bss                rtc.o
    0x2001e5a8   0x00000060   Zero   RW         4062    .bss                c_w.l(libspace.o)
    0x2001e608   0x00000200   Zero   RW            2    HEAP                startup_stm32f40_41xxx.o
    0x2001e808   0x00000400   Zero   RW            1    STACK               startup_stm32f40_41xxx.o



  Load Region LR$$.ARM.__AT_0x10000000 (Base: 0x10000000, Size: 0x00000000, Max: 0x0000c350, ABSOLUTE)

    Execution Region ER$$.ARM.__AT_0x10000000 (Base: 0x10000000, Size: 0x0000c350, Max: 0x0000c350, ABSOLUTE, UNINIT)

    Base Addr    Size         Type   Attr      Idx    E Section Name        Object

    0x10000000   0x0000c350   Zero   RW         2734    .ARM.__AT_0x10000000  ballast_protocol.o



  Load Region LR$$.ARM.__AT_0x1000C350 (Base: 0x1000c350, Size: 0x00000000, Max: 0x00001770, ABSOLUTE)

    Execution Region ER$$.ARM.__AT_0x1000C350 (Base: 0x1000c350, Size: 0x00001770, Max: 0x00001770, ABSOLUTE, UNINIT)

    Base Addr    Size         Type   Attr      Idx    E Section Name        Object

    0x1000c350   0x00001770   Zero   RW         2735    .ARM.__AT_0x1000C350  ballast_protocol.o



  Load Region LR$$.ARM.__AT_0x1000DAC0 (Base: 0x1000dac0, Size: 0x00000000, Max: 0x00001770, ABSOLUTE)

    Execution Region ER$$.ARM.__AT_0x1000DAC0 (Base: 0x1000dac0, Size: 0x00001770, Max: 0x00001770, ABSOLUTE, UNINIT)

    Base Addr    Size         Type   Attr      Idx    E Section Name        Object

    0x1000dac0   0x00001770   Zero   RW         2736    .ARM.__AT_0x1000DAC0  ballast_protocol.o


==============================================================================

Image component sizes


      Code (inc. data)   RO Data    RW Data    ZI Data      Debug   Object Name

       812        102          8          8        204      13264   ballast_comm.o
         2          0          0          0      62000       1610   ballast_protocol.o
       140          0          0          0          0       2672   common.o
       808         88          8          8        204       6511   electric.o
        74         38          0          0          0      11411   freertos_hook.o
       938         44          0          0          0       4986   fsmc_nor.o
       444          0          0          0          0       5036   gateway_protocol.o
      3010        924         40         14        436      47480   gsm.o
       304         46          0         24     122880       5263   heap_2.o
       220         38          0          4          0       1742   km_ctrl.o
      5914        376          0        136         16      15563   lat_longitude.o
       148          0          0          0          0       3350   list.o
        50          0          0          0          0        539   main.o
       140         24          0          0          0      44203   misc.o
       268         80          0          4          0       3315   norflash.o
       456         56          0          4          0      15696   port.o
      1450         14          0          0          0      19609   queue.o
       972         96          0          8         28       4634   rtc.o
        64         26        392          0       1536        912   startup_stm32f40_41xxx.o
       656         54          0          0          0      19133   stm32f4xx_dma.o
         0          0          0          0          0       1664   stm32f4xx_exti.o
       348         12          0          0          0      10065   stm32f4xx_fsmc.o
       222          0          0          0          0      10083   stm32f4xx_gpio.o
        20          0          0          0          0     268545   stm32f4xx_it.o
        12          6          0          0          0        558   stm32f4xx_pwr.o
       540         66          0         16          0      23179   stm32f4xx_rcc.o
       970         66          0          0          0      23826   stm32f4xx_rtc.o
       422          8          0          0          0      11065   stm32f4xx_usart.o
      1958        866        303         17         52       8285   sys_debug.o
       340         32          0          0          0       1605   system_stm32f4xx.o
      2470        368          0         56        200      20609   tasks.o
       256         14          0          4          0       3914   uart_debug.o

    ----------------------------------------------------------------------
     24466       3444        784        308     187556     610327   Object Totals
         0          0         32          0          0          0   (incl. Generated)
        38          0          1          5          0          0   (incl. Padding)

    ----------------------------------------------------------------------

      Code (inc. data)   RO Data    RW Data    ZI Data      Debug   Library Member Name

        60          8          0          0          0         84   __0sscanf.o
        90          0          0          0          0          0   __dczerorl2.o
         8          0          0          0          0         68   __main.o
       284          0          0          0          0        156   __printf_wp.o
         0          0          0          0          0          0   __rtentry.o
        12          0          0          0          0          0   __rtentry2.o
         6          0          0          0          0          0   __rtentry4.o
        52          8          0          0          0          0   __scatter.o
        28          0          0          0          0          0   __scatter_zi.o
        28          0          0          0          0         68   _chval.o
        44          0          0          0          0        108   _printf_char.o
        48          6          0          0          0         96   _printf_char_common.o
        36          4          0          0          0         80   _printf_char_file.o
         0          0          0          0          0          0   _printf_percent.o
         4          0          0          0          0          0   _printf_percent_end.o
         6          0          0          0          0          0   _printf_s.o
        82          0          0          0          0         80   _printf_str.o
        22          0          0          0          0        100   _rserrno.o
       884          6          0          0          0        100   _scanf.o
       332          0          0          0          0         96   _scanf_int.o
       224          0          0          0          0         96   _scanf_str.o
        64          0          0          0          0         84   _sgetc.o
        10          0          0          0          0         68   _sputc.o
        16          0          0          0          0         68   aeabi_memset.o
        12          0          0          0          0         72   exit.o
         8          0          0          0          0         68   ferror.o
         6          0          0          0          0        152   heapauxi.o
        18          0          0          0          0         76   isspace.o
        44         10        272          0          0         76   lc_ctype_c.o
         2          0          0          0          0          0   libinit.o
        24          0          0          0          0          0   libinit2.o
         2          0          0          0          0          0   libshutdown.o
         2          0          0          0          0          0   libshutdown2.o
         8          4          0          0         96         68   libspace.o
        24          4          0          0          0         84   noretval__2printf.o
        40          6          0          0          0         84   noretval__2sprintf.o
        16          4          0          0          0         76   rt_ctype_table.o
         8          4          0          0          0         68   rt_errno_addr_intlibspace.o
         8          4          0          0          0         68   rt_locale_intlibspace.o
        68          0          0          0          0         68   rt_memclr.o
        78          0          0          0          0         80   rt_memclr_w.o
       138          0          0          0          0         68   rt_memcpy_v6.o
       100          0          0          0          0         80   rt_memcpy_w.o
         2          0          0          0          0          0   rtexit.o
        10          0          0          0          0          0   rtexit2.o
        44          8          0          0          0         84   scanf_char.o
       128          0          0          0          0         68   strcmpv7m.o
        62          0          0          0          0         76   strlen.o
        86          0          0          0          0         76   strncpy.o
        36          0          0          0          0         80   strstr.o
        74          0          0          0          0         80   sys_stackheap_outer.o
         2          0          0          0          0         68   use_no_semi.o
         2          0          0          0          0         68   use_no_semi_2.o
        24          0          0          0          0        164   basic.o
       826         16          0          0          0        492   daddsub_clz.o
        24          0          0          0          0        116   dcmpi.o
       688        140          0          0          0        256   ddiv.o
        94          4          0          0          0        140   dfix.o
        90          4          0          0          0        140   dfixu.o
        84          0          0          0          0        232   dflt_clz.o
       120          4          0          0          0        140   dleqf.o
       340         12          0          0          0        152   dmul.o
       156          4          0          0          0        140   dnaninf.o
        12          0          0          0          0        116   dretinf.o
       108          0          0          0          0        128   drleqf.o
       408         56          0          0          0        168   dsqrt_umaal.o
        10          0          0          0          0        116   fpinit.o
         0          0          0          0          0          0   usenofp.o
       856        118         80          0          0        288   acos.o
       864         94         80          0          0        280   asin.o
       200         20          0          0          0        164   cos.o
       368         46         48          0          0        200   cos_i.o
        84         16          0          0          0        372   dunder.o
        24          0          0          0          0        124   fabs.o
        48          0          0          0          0        124   fpclassify.o
       248          0          0          0          0        152   poly.o
      1080        142        200          0          0        188   rred.o
       200         20          0          0          0        164   sin.o
       304         24         40          0          0        208   sin_i.o
       110          0          0          0          0        148   sqrt.o

    ----------------------------------------------------------------------
     10790        796        720          0         96       8052   Library Totals
        28          0          0          0          0          0   (incl. Padding)

    ----------------------------------------------------------------------

      Code (inc. data)   RO Data    RW Data    ZI Data      Debug   Library Name

      3392         76        272          0         96       3140   c_w.l
      2984        240          0          0          0       2500   fz_wm.l
      4386        480        448          0          0       2412   m_wm.l

    ----------------------------------------------------------------------
     10790        796        720          0         96       8052   Library Totals

    ----------------------------------------------------------------------

==============================================================================


      Code (inc. data)   RO Data    RW Data    ZI Data      Debug   

     35256       4240       1504        308     187652     593159   Grand Totals
     35256       4240       1504         56     187652     593159   ELF Image Totals (compressed)
     35256       4240       1504         56          0          0   ROM Totals

==============================================================================

    Total RO  Size (Code + RO Data)                36760 (  35.90kB)
    Total RW  Size (RW Data + ZI Data)            187960 ( 183.55kB)
    Total ROM Size (Code + RO Data + RW Data)      36816 (  35.95kB)

==============================================================================

