Component: ARM Compiler 5.05 update 1 (build 106) Tool: armlink [4d0efa]

==============================================================================

Section Cross References

    startup_stm32f40_41xxx.o(STACK) refers (Special) to heapauxi.o(.text) for __use_two_region_memory
    startup_stm32f40_41xxx.o(HEAP) refers (Special) to heapauxi.o(.text) for __use_two_region_memory
    startup_stm32f40_41xxx.o(RESET) refers (Special) to heapauxi.o(.text) for __use_two_region_memory
    startup_stm32f40_41xxx.o(RESET) refers to startup_stm32f40_41xxx.o(STACK) for __initial_sp
    startup_stm32f40_41xxx.o(RESET) refers to startup_stm32f40_41xxx.o(.text) for Reset_Handler
    startup_stm32f40_41xxx.o(RESET) refers to stm32f4xx_it.o(i.NMI_Handler) for NMI_Handler
    startup_stm32f40_41xxx.o(RESET) refers to stm32f4xx_it.o(i.HardFault_Handler) for HardFault_Handler
    startup_stm32f40_41xxx.o(RESET) refers to stm32f4xx_it.o(i.MemManage_Handler) for MemManage_Handler
    startup_stm32f40_41xxx.o(RESET) refers to stm32f4xx_it.o(i.BusFault_Handler) for BusFault_Handler
    startup_stm32f40_41xxx.o(RESET) refers to stm32f4xx_it.o(i.UsageFault_Handler) for UsageFault_Handler
    startup_stm32f40_41xxx.o(RESET) refers to port.o(.emb_text) for vPortSVCHandler
    startup_stm32f40_41xxx.o(RESET) refers to stm32f4xx_it.o(i.DebugMon_Handler) for DebugMon_Handler
    startup_stm32f40_41xxx.o(RESET) refers to port.o(i.xPortSysTickHandler) for xPortSysTickHandler
    startup_stm32f40_41xxx.o(RESET) refers to gsm.o(i.DMA1_Stream3_IRQHandler) for DMA1_Stream3_IRQHandler
    startup_stm32f40_41xxx.o(RESET) refers to ballast_comm.o(i.DMA1_Stream4_IRQHandler) for DMA1_Stream4_IRQHandler
    startup_stm32f40_41xxx.o(RESET) refers to electric.o(i.USART1_IRQHandler) for USART1_IRQHandler
    startup_stm32f40_41xxx.o(RESET) refers to gsm.o(i.USART3_IRQHandler) for USART3_IRQHandler
    startup_stm32f40_41xxx.o(RESET) refers to ballast_comm.o(i.UART4_IRQHandler) for UART4_IRQHandler
    startup_stm32f40_41xxx.o(RESET) refers to electric.o(i.DMA2_Stream7_IRQHandler) for DMA2_Stream7_IRQHandler
    startup_stm32f40_41xxx.o(RESET) refers to sys_debug.o(i.USART6_IRQHandler) for USART6_IRQHandler
    startup_stm32f40_41xxx.o(.text) refers (Special) to heapauxi.o(.text) for __use_two_region_memory
    startup_stm32f40_41xxx.o(.text) refers to system_stm32f4xx.o(i.SystemInit) for SystemInit
    startup_stm32f40_41xxx.o(.text) refers to __main.o(!!!main) for __main
    startup_stm32f40_41xxx.o(.text) refers to startup_stm32f40_41xxx.o(HEAP) for Heap_Mem
    startup_stm32f40_41xxx.o(.text) refers to startup_stm32f40_41xxx.o(STACK) for Stack_Mem
    system_stm32f4xx.o(i.SystemCoreClockUpdate) refers to system_stm32f4xx.o(.data) for SystemCoreClock
    system_stm32f4xx.o(i.SystemInit) refers to system_stm32f4xx.o(i.SetSysClock) for SetSysClock
    stm32f4xx_gpio.o(i.GPIO_DeInit) refers to stm32f4xx_rcc.o(i.RCC_AHB1PeriphResetCmd) for RCC_AHB1PeriphResetCmd
    stm32f4xx_pwr.o(i.PWR_DeInit) refers to stm32f4xx_rcc.o(i.RCC_APB1PeriphResetCmd) for RCC_APB1PeriphResetCmd
    stm32f4xx_rcc.o(i.RCC_GetClocksFreq) refers to stm32f4xx_rcc.o(.data) for APBAHBPrescTable
    stm32f4xx_rcc.o(i.RCC_WaitForHSEStartUp) refers to stm32f4xx_rcc.o(i.RCC_GetFlagStatus) for RCC_GetFlagStatus
    stm32f4xx_usart.o(i.USART_DeInit) refers to stm32f4xx_rcc.o(i.RCC_APB2PeriphResetCmd) for RCC_APB2PeriphResetCmd
    stm32f4xx_usart.o(i.USART_DeInit) refers to stm32f4xx_rcc.o(i.RCC_APB1PeriphResetCmd) for RCC_APB1PeriphResetCmd
    stm32f4xx_usart.o(i.USART_Init) refers to stm32f4xx_rcc.o(i.RCC_GetClocksFreq) for RCC_GetClocksFreq
    stm32f4xx_flash.o(i.FLASH_EraseAllBank1Sectors) refers to stm32f4xx_flash.o(i.FLASH_WaitForLastOperation) for FLASH_WaitForLastOperation
    stm32f4xx_flash.o(i.FLASH_EraseAllBank2Sectors) refers to stm32f4xx_flash.o(i.FLASH_WaitForLastOperation) for FLASH_WaitForLastOperation
    stm32f4xx_flash.o(i.FLASH_EraseAllSectors) refers to stm32f4xx_flash.o(i.FLASH_WaitForLastOperation) for FLASH_WaitForLastOperation
    stm32f4xx_flash.o(i.FLASH_EraseSector) refers to stm32f4xx_flash.o(i.FLASH_WaitForLastOperation) for FLASH_WaitForLastOperation
    stm32f4xx_flash.o(i.FLASH_OB_Launch) refers to stm32f4xx_flash.o(i.FLASH_WaitForLastOperation) for FLASH_WaitForLastOperation
    stm32f4xx_flash.o(i.FLASH_OB_PCROP1Config) refers to stm32f4xx_flash.o(i.FLASH_WaitForLastOperation) for FLASH_WaitForLastOperation
    stm32f4xx_flash.o(i.FLASH_OB_PCROPConfig) refers to stm32f4xx_flash.o(i.FLASH_WaitForLastOperation) for FLASH_WaitForLastOperation
    stm32f4xx_flash.o(i.FLASH_OB_RDPConfig) refers to stm32f4xx_flash.o(i.FLASH_WaitForLastOperation) for FLASH_WaitForLastOperation
    stm32f4xx_flash.o(i.FLASH_OB_UserConfig) refers to stm32f4xx_flash.o(i.FLASH_WaitForLastOperation) for FLASH_WaitForLastOperation
    stm32f4xx_flash.o(i.FLASH_OB_WRP1Config) refers to stm32f4xx_flash.o(i.FLASH_WaitForLastOperation) for FLASH_WaitForLastOperation
[...]
    _sputc                                   0x08000b59   Thumb Code    10  _sputc.o(.text)
    _printf_cs_common                        0x08000b63   Thumb Code    20  _printf_char.o(.text)
    _printf_char                             0x08000b77   Thumb Code    16  _printf_char.o(.text)
    _printf_string                           0x08000b87   Thumb Code     8  _printf_char.o(.text)
    _printf_char_file                        0x08000b91   Thumb Code    32  _printf_char_file.o(.text)
    _chval                                   0x08000bb5   Thumb Code    28  _chval.o(.text)
    __vfscanf_char                           0x08000bdd   Thumb Code    24  scanf_char.o(.text)
    _sgetc                                   0x08000bfd   Thumb Code    30  _sgetc.o(.text)
    _sbackspace                              0x08000c1b   Thumb Code    34  _sgetc.o(.text)
    strtol                                   0x08000c3d   Thumb Code   112  strtol.o(.text)
    __user_libspace                          0x08000cad   Thumb Code     8  libspace.o(.text)
    __user_perproc_libspace                  0x08000cad   Thumb Code     0  libspace.o(.text)
    __user_perthread_libspace                0x08000cad   Thumb Code     0  libspace.o(.text)
    __rt_ctype_table                         0x08000cb5   Thumb Code    16  rt_ctype_table.o(.text)
    isspace                                  0x08000cc5   Thumb Code    18  isspace.o(.text)
    __vfscanf                                0x08000cd9   Thumb Code   878  _scanf.o(.text)
    _strtoul                                 0x0800104d   Thumb Code   158  _strtoul.o(.text)
    ferror                                   0x080010eb   Thumb Code     8  ferror.o(.text)
    __user_setup_stackheap                   0x080010f3   Thumb Code    74  sys_stackheap_outer.o(.text)
    __rt_locale                              0x0800113d   Thumb Code     8  rt_locale_intlibspace.o(.text)
    exit                                     0x08001145   Thumb Code    12  exit.o(.text)
    AlarmParmUpdate                          0x08001151   Thumb Code   410  gateway_protocol.o(i.AlarmParmUpdate)
    AllParaInit                              0x080012f1   Thumb Code    12  gateway_protocol.o(i.AllParaInit)
    AllTableInit                             0x080012fd   Thumb Code    76  table_process.o(i.AllTableInit)
    BCC_CheckSum                             0x0800135d   Thumb Code    30  common.o(i.BCC_CheckSum)
    BallastCommInit                          0x080013b9   Thumb Code    88  ballast_comm.o(i.BallastCommInit)
    Bcd2ToByte                               0x0800159d   Thumb Code    22  common.o(i.Bcd2ToByte)
    BusFault_Handler                         0x080015b3   Thumb Code     4  stm32f4xx_it.o(i.BusFault_Handler)
    ByteToBcd2                               0x080015b7   Thumb Code    28  common.o(i.ByteToBcd2)
    CSQ_Reply                                0x080015d5   Thumb Code   100  gateway_protocol.o(i.CSQ_Reply)
    CaculateWeekDay                          0x08001645   Thumb Code   128  rtc.o(i.CaculateWeekDay)
    ConvertToByte                            0x080016c5   Thumb Code    24  norflash.o(i.ConvertToByte)
    CtrlBackRun                              0x080016dd   Thumb Code   116  ballast_protocol.o(i.CtrlBackRun)
    CtrlUnitSend                             0x08001751   Thumb Code   120  ballast_protocol.o(i.CtrlUnitSend)
    DMA1_Stream3_IRQHandler                  0x080017c9   Thumb Code    70  gsm.o(i.DMA1_Stream3_IRQHandler)
    DMA1_Stream4_IRQHandler                  0x08001821   Thumb Code    26  ballast_comm.o(i.DMA1_Stream4_IRQHandler)
    DMA2_Stream7_IRQHandler                  0x08001849   Thumb Code    36  electric.o(i.DMA2_Stream7_IRQHandler)
    DMA_ClearFlag                            0x08001875   Thumb Code    38  stm32f4xx_dma.o(i.DMA_ClearFlag)
    DMA_Cmd                                  0x080018a9   Thumb Code    22  stm32f4xx_dma.o(i.DMA_Cmd)
    DMA_DeInit                               0x080018c1   Thumb Code   324  stm32f4xx_dma.o(i.DMA_DeInit)
    DMA_GetCmdStatus                         0x08001a19   Thumb Code    20  stm32f4xx_dma.o(i.DMA_GetCmdStatus)
    DMA_GetFlagStatus                        0x08001a2d   Thumb Code    54  stm32f4xx_dma.o(i.DMA_GetFlagStatus)
    DMA_ITConfig                             0x08001a71   Thumb Code    58  stm32f4xx_dma.o(i.DMA_ITConfig)
    DMA_Init                                 0x08001aad   Thumb Code    82  stm32f4xx_dma.o(i.DMA_Init)
    DMA_SetCurrDataCounter                   0x08001b05   Thumb Code     4  stm32f4xx_dma.o(i.DMA_SetCurrDataCounter)
    DebugMon_Handler                         0x08001b09   Thumb Code     2  stm32f4xx_it.o(i.DebugMon_Handler)
    EleDMA_TxBuff                            0x08001b29   Thumb Code    84  electric.o(i.EleDMA_TxBuff)
    ElecHandleFTPUpdata                      0x08001bb9   Thumb Code     2  electric.o(i.ElecHandleFTPUpdata)
    ElecHandleGWDataQuery                    0x08001bbd   Thumb Code   220  electric.o(i.ElecHandleGWDataQuery)
    ElecHandleReset                          0x08001c9d   Thumb Code    42  electric.o(i.ElecHandleReset)
    ElecHandleSoftVerQuery                   0x08001cc7   Thumb Code    42  electric.o(i.ElecHandleSoftVerQuery)
    ElectricInit                             0x08001cf1   Thumb Code    68  electric.o(i.ElectricInit)
    FSMC_NORSRAMCmd                          0x08001ec5   Thumb Code    46  stm32f4xx_fsmc.o(i.FSMC_NORSRAMCmd)
    FSMC_NORSRAMInit                         0x08001ef9   Thumb Code   290  stm32f4xx_fsmc.o(i.FSMC_NORSRAMInit)
    FSMC_NOR_EraseBlock                      0x08002021   Thumb Code    48  fsmc_nor.o(i.FSMC_NOR_EraseBlock)
    FSMC_NOR_EraseSector                     0x08002059   Thumb Code    48  fsmc_nor.o(i.FSMC_NOR_EraseSector)
    FSMC_NOR_GetStatus                       0x08002091   Thumb Code    76  fsmc_nor.o(i.FSMC_NOR_GetStatus)
    FSMC_NOR_Init                            0x080020dd   Thumb Code   650  fsmc_nor.o(i.FSMC_NOR_Init)
    FSMC_NOR_ReadBuffer                      0x08002379   Thumb Code    44  fsmc_nor.o(i.FSMC_NOR_ReadBuffer)
    FSMC_NOR_WriteBuffer                     0x080023ad   Thumb Code    38  fsmc_nor.o(i.FSMC_NOR_WriteBuffer)
    FSMC_NOR_WriteHalfWord                   0x080023d5   Thumb Code    38  fsmc_nor.o(i.FSMC_NOR_WriteHalfWord)
    GHA                                      0x08002405   Thumb Code   496  lat_longitude.o(i.GHA)
    GPIO_Init                                0x08002635   Thumb Code   144  stm32f4xx_gpio.o(i.GPIO_Init)
    GPIO_PinAFConfig                         0x080026c5   Thumb Code    70  stm32f4xx_gpio.o(i.GPIO_PinAFConfig)
    GPIO_ResetBits                           0x0800270b   Thumb Code     4  stm32f4xx_gpio.o(i.GPIO_ResetBits)
    GPIO_SetBits                             0x0800270f   Thumb Code     4  stm32f4xx_gpio.o(i.GPIO_SetBits)
    GPRSSendUnitDataFun                      0x08002715   Thumb Code   202  gateway_protocol.o(i.GPRSSendUnitDataFun)
    GPRS_Protocol_Check                      0x080027e5   Thumb Code    78  gateway_protocol.o(i.GPRS_Protocol_Check)
    GPRS_Protocol_Response                   0x08002833   Thumb Code   198  gateway_protocol.o(i.GPRS_Protocol_Response)
    GSMInit                                  0x080028f9   Thumb Code    78  gsm.o(i.GSMInit)
    G_sun                                    0x08002bb9   Thumb Code    56  lat_longitude.o(i.G_sun)
    GatewayAddrCheck                         0x08002c01   Thumb Code    72  gateway_protocol.o(i.GatewayAddrCheck)
    GsmDMA_TxBuff                            0x08002d09   Thumb Code   140  gsm.o(i.GsmDMA_TxBuff)
    GsmStartConnect                          0x08002e09   Thumb Code   328  gsm.o(i.GsmStartConnect)
    HandleAdjustTime                         0x08003155   Thumb Code   310  gateway_protocol.o(i.HandleAdjustTime)
    HandleBranchOnOff                        0x08003291   Thumb Code    58  gateway_protocol.o(i.HandleBranchOnOff)
    HandleElecVersQuery                      0x080032d1   Thumb Code    48  gateway_protocol.o(i.HandleElecVersQuery)
    HandleGWAddrQuery                        0x08003301   Thumb Code    56  gateway_protocol.o(i.HandleGWAddrQuery)
    HandleGWDataQuery                        0x08003339   Thumb Code    48  gateway_protocol.o(i.HandleGWDataQuery)
    HandleGWUpgrade                          0x08003369   Thumb Code     2  gateway_protocol.o(i.HandleGWUpgrade)
    HandleGWVersQuery                        0x0800336d   Thumb Code    76  gateway_protocol.o(i.HandleGWVersQuery)
    HandleGatewayParam                       0x080033d5   Thumb Code   164  gateway_protocol.o(i.HandleGatewayParam)
    HandleLampDimmer                         0x08003479   Thumb Code   408  gateway_protocol.o(i.HandleLampDimmer)
    HandleLampOnOff                          0x08003615   Thumb Code   390  gateway_protocol.o(i.HandleLampOnOff)
    HandleLampParam                          0x080037a1   Thumb Code   626  gateway_protocol.o(i.HandleLampParam)
    HandleLampStrategy                       0x08003a21   Thumb Code   188  gateway_protocol.o(i.HandleLampStrategy)
    HandleReadBSNData                        0x08003ae9   Thumb Code   358  gateway_protocol.o(i.HandleReadBSNData)
    HandleRestart                            0x08003c4f   Thumb Code   114  gateway_protocol.o(i.HandleRestart)
    HandleSetIPPort                          0x08003cc1   Thumb Code   258  gateway_protocol.o(i.HandleSetIPPort)
    HandleSignalQuality                      0x08003df5   Thumb Code    72  gateway_protocol.o(i.HandleSignalQuality)
    HandleTunnelStrategy                     0x08003e51   Thumb Code    88  gateway_protocol.o(i.HandleTunnelStrategy)
    HandleUnitLightParamReply                0x08003ea9   Thumb Code     8  ballast_protocol.o(i.HandleUnitLightParamReply)
    HandleUnitReadDataReply                  0x08003eb5   Thumb Code   954  ballast_protocol.o(i.HandleUnitReadDataReply)
    HandleUnitRunBack                        0x08004289   Thumb Code    92  gateway_protocol.o(i.HandleUnitRunBack)
    HandleUnitStrategyReply                  0x080042e5   Thumb Code     8  ballast_protocol.o(i.HandleUnitStrategyReply)
    HardFault_Handler                        0x080042f1   Thumb Code     4  stm32f4xx_it.o(i.HardFault_Handler)
    KM_CtrlInit                              0x08004325   Thumb Code    50  km_ctrl.o(i.KM_CtrlInit)
    KM_OnOff                                 0x08004419   Thumb Code   260  km_ctrl.o(i.KM_OnOff)
    KM_StateInit                             0x0800452d   Thumb Code    24  km_ctrl.o(i.KM_StateInit)
    L_sun                                    0x08004545   Thumb Code    56  lat_longitude.o(i.L_sun)
    LampAttrSort                             0x0800458d   Thumb Code   250  table_process.o(i.LampAttrSort)
    LampParamReload                          0x08004691   Thumb Code   184  ballast_protocol.o(i.LampParamReload)
    LampRunCtrlTableClear                    0x08004751   Thumb Code    52  table_process.o(i.LampRunCtrlTableClear)
    LampSortFunction                         0x08004789   Thumb Code   296  table_process.o(i.LampSortFunction)
    LampStrategyReload                       0x080048bd   Thumb Code   294  ballast_protocol.o(i.LampStrategyReload)
    LampTimeReload                           0x080049ed   Thumb Code   444  ballast_protocol.o(i.LampTimeReload)
    Lamp_Protocol_Check                      0x08004bad   Thumb Code    78  ballast_protocol.o(i.Lamp_Protocol_Check)
    MemManage_Handler                        0x08004bfb   Thumb Code     4  stm32f4xx_it.o(i.MemManage_Handler)
    MemStorage_Convert                       0x08004bff   Thumb Code    24  norflash.o(i.MemStorage_Convert)
    NMI_Handler                              0x08004c17   Thumb Code     2  stm32f4xx_it.o(i.NMI_Handler)
    NVIC_Init                                0x08004c19   Thumb Code   106  misc.o(i.NVIC_Init)
    NVIC_PriorityGroupConfig                 0x08004c91   Thumb Code    10  misc.o(i.NVIC_PriorityGroupConfig)
    NetTimeCentury                           0x08004cf5   Thumb Code   112  rtc.o(i.NetTimeCentury)
    NorFlashEraseBlock                       0x08004d89   Thumb Code    58  norflash.o(i.NorFlashEraseBlock)
    NorFlashEraseSector                      0x08004ded   Thumb Code    58  norflash.o(i.NorFlashEraseSector)
    NorFlashInit                             0x08004e51   Thumb Code    18  norflash.o(i.NorFlashInit)
    NorFlashRead                             0x08004e69   Thumb Code    54  norflash.o(i.NorFlashRead)
    NorFlashWrite                            0x08004ea5   Thumb Code    86  norflash.o(i.NorFlashWrite)
    NorflashDataCheck                        0x08004f41   Thumb Code    38  norflash.o(i.NorflashDataCheck)
    OtherTaskSuspend                         0x08004f69   Thumb Code    44  sys_debug.o(i.OtherTaskSuspend)
    PWR_BackupAccessCmd                      0x08004fa9   Thumb Code     6  stm32f4xx_pwr.o(i.PWR_BackupAccessCmd)
    QueryNextAddr                            0x08004fb5   Thumb Code   228  ballast_protocol.o(i.QueryNextAddr)
    RCC_AHB1PeriphClockCmd                   0x080050cd   Thumb Code    26  stm32f4xx_rcc.o(i.RCC_AHB1PeriphClockCmd)
    RCC_AHB3PeriphClockCmd                   0x080050ed   Thumb Code    26  stm32f4xx_rcc.o(i.RCC_AHB3PeriphClockCmd)
    RCC_APB1PeriphClockCmd                   0x0800510d   Thumb Code    26  stm32f4xx_rcc.o(i.RCC_APB1PeriphClockCmd)
    RCC_APB2PeriphClockCmd                   0x0800512d   Thumb Code    26  stm32f4xx_rcc.o(i.RCC_APB2PeriphClockCmd)
    RCC_GetClocksFreq                        0x0800514d   Thumb Code   214  stm32f4xx_rcc.o(i.RCC_GetClocksFreq)
    RCC_GetFlagStatus                        0x08005235   Thumb Code    60  stm32f4xx_rcc.o(i.RCC_GetFlagStatus)
    RCC_LSEConfig                            0x08005275   Thumb Code    40  stm32f4xx_rcc.o(i.RCC_LSEConfig)
    RCC_RTCCLKCmd                            0x080052a1   Thumb Code     6  stm32f4xx_rcc.o(i.RCC_RTCCLKCmd)
    RCC_RTCCLKConfig                         0x080052ad   Thumb Code    50  stm32f4xx_rcc.o(i.RCC_RTCCLKConfig)
    RTC_EnterInitMode                        0x0800531d   Thumb Code    76  stm32f4xx_rtc.o(i.RTC_EnterInitMode)
    RTC_ExitInitMode                         0x0800536d   Thumb Code    14  stm32f4xx_rtc.o(i.RTC_ExitInitMode)
    RTC_GetDate                              0x08005381   Thumb Code    68  stm32f4xx_rtc.o(i.RTC_GetDate)
    RTC_GetTime                              0x080053cd   Thumb Code    72  stm32f4xx_rtc.o(i.RTC_GetTime)
    RTC_Init                                 0x0800541d   Thumb Code    94  stm32f4xx_rtc.o(i.RTC_Init)
    RTC_ReadBackupRegister                   0x08005481   Thumb Code    26  stm32f4xx_rtc.o(i.RTC_ReadBackupRegister)
    RTC_SetDate                              0x080054a1   Thumb Code   190  stm32f4xx_rtc.o(i.RTC_SetDate)
    RTC_SetTime                              0x08005569   Thumb Code   198  stm32f4xx_rtc.o(i.RTC_SetTime)
    RTC_TimeToChar                           0x08005639   Thumb Code   184  gateway_protocol.o(i.RTC_TimeToChar)
    RTC_WaitForSynchro                       0x080056f1   Thumb Code    92  stm32f4xx_rtc.o(i.RTC_WaitForSynchro)
    RTC_WriteBackupRegister                  0x08005751   Thumb Code    24  stm32f4xx_rtc.o(i.RTC_WriteBackupRegister)
    ReadRTC_Time                             0x0800576d   Thumb Code   150  rtc.o(i.ReadRTC_Time)
    ReadUnitData                             0x08005809   Thumb Code   160  ballast_protocol.o(i.ReadUnitData)
    ReadUpload_Time                          0x080058b1   Thumb Code    74  rtc.o(i.ReadUpload_Time)
    RelinkTCP                                0x080058fd   Thumb Code    84  gsm.o(i.RelinkTCP)
    RtcInit                                  0x080059a1   Thumb Code   120  rtc.o(i.RtcInit)
    SendMsgToSim                             0x08005a1d   Thumb Code   164  gsm.o(i.SendMsgToSim)
    SimSendData                              0x08005e5d   Thumb Code    72  gsm.o(i.SimSendData)
    SwitchToCommand                          0x08005eb9   Thumb Code    72  gsm.o(i.SwitchToCommand)
    SwitchToData                             0x08005f21   Thumb Code    36  gsm.o(i.SwitchToData)
    SystemInit                               0x08005f69   Thumb Code    88  system_stm32f4xx.o(i.SystemInit)
    TimePlanInit                             0x080060f1   Thumb Code    32  time_plan.o(i.TimePlanInit)
    TunnelStrategyRun                        0x08006129   Thumb Code   160  table_process.o(i.TunnelStrategyRun)
    TunnelStrategyRunInit                    0x080061c9   Thumb Code    40  time_plan.o(i.TunnelStrategyRunInit)
    UART4_IRQHandler                         0x080061f5   Thumb Code   132  ballast_comm.o(i.UART4_IRQHandler)
    USART1_IRQHandler                        0x08006289   Thumb Code   152  electric.o(i.USART1_IRQHandler)
    USART3_IRQHandler                        0x08006331   Thumb Code   328  gsm.o(i.USART3_IRQHandler)
    USART6_IRQHandler                        0x08006491   Thumb Code   164  sys_debug.o(i.USART6_IRQHandler)
    USART_Cmd                                0x08006549   Thumb Code    24  stm32f4xx_usart.o(i.USART_Cmd)
    USART_DMACmd                             0x08006561   Thumb Code    18  stm32f4xx_usart.o(i.USART_DMACmd)
    USART_GetITStatus                        0x08006573   Thumb Code    84  stm32f4xx_usart.o(i.USART_GetITStatus)
    USART_ITConfig                           0x080065c7   Thumb Code    74  stm32f4xx_usart.o(i.USART_ITConfig)
    USART_Init                               0x08006611   Thumb Code   204  stm32f4xx_usart.o(i.USART_Init)
    USART_ReceiveData                        0x080066e5   Thumb Code    10  stm32f4xx_usart.o(i.USART_ReceiveData)
    UT_rise                                  0x080066ef   Thumb Code    84  lat_longitude.o(i.UT_rise)
    UT_set                                   0x08006743   Thumb Code    84  lat_longitude.o(i.UT_set)
    UartDebugHardwareInit                    0x080067ed   Thumb Code   214  uart_debug.o(i.UartDebugHardwareInit)
    UartDebugInit                            0x080068cd   Thumb Code    16  sys_debug.o(i.UartDebugInit)
    UnitComm1DMA_TxBuff                      0x080068dd   Thumb Code    84  ballast_comm.o(i.UnitComm1DMA_TxBuff)
    UnitDimmmingCtrl                         0x0800693d   Thumb Code   140  ballast_protocol.o(i.UnitDimmmingCtrl)
    UnitOnOffCtrl                            0x080069c9   Thumb Code   122  ballast_protocol.o(i.UnitOnOffCtrl)
    UpdataNetTime                            0x08006a45   Thumb Code   408  rtc.o(i.UpdataNetTime)
    UploadTimeBackup                         0x08006c09   Thumb Code    74  time_plan.o(i.UploadTimeBackup)
    UsageFault_Handler                       0x08006c53   Thumb Code     4  stm32f4xx_it.o(i.UsageFault_Handler)
    WGConfigCheck                            0x08006c59   Thumb Code    50  sys_debug.o(i.WGConfigCheck)
    WG_AlarmFlagCheck                        0x08006c91   Thumb Code   374  electric.o(i.WG_AlarmFlagCheck)
    WG_StateCheck                            0x08006e11   Thumb Code   182  electric.o(i.WG_StateCheck)
    WG_StateClear                            0x08006ecd   Thumb Code    34  electric.o(i.WG_StateClear)
    Zone                                     0x08006ef5   Thumb Code     4  lat_longitude.o(i.Zone)
    __ARM_fpclassify                         0x08006ef9   Thumb Code    48  fpclassify.o(i.__ARM_fpclassify)
    __hardfp_acos                            0x08006f29   Thumb Code   738  acos.o(i.__hardfp_acos)
    __hardfp_asin                            0x08007281   Thumb Code   770  asin.o(i.__hardfp_asin)
    __hardfp_cos                             0x080075e1   Thumb Code   180  cos.o(i.__hardfp_cos)
    __hardfp_sin                             0x080076a9   Thumb Code   180  sin.o(i.__hardfp_sin)
    __ieee754_rem_pio2                       0x08007771   Thumb Code   938  rred.o(i.__ieee754_rem_pio2)
    __kernel_cos                             0x08007ba9   Thumb Code   322  cos_i.o(i.__kernel_cos)
    __kernel_poly                            0x08007d19   Thumb Code   248  poly.o(i.__kernel_poly)
    __kernel_sin                             0x08007e11   Thumb Code   280  sin_i.o(i.__kernel_sin)
    __mathlib_dbl_infnan                     0x08007f41   Thumb Code    20  dunder.o(i.__mathlib_dbl_infnan)
    __mathlib_dbl_invalid                    0x08007f59   Thumb Code    24  dunder.o(i.__mathlib_dbl_invalid)
    __mathlib_dbl_underflow                  0x08007f79   Thumb Code    24  dunder.o(i.__mathlib_dbl_underflow)
    _is_digit                                0x08007f99   Thumb Code    14  __printf_wp.o(i._is_digit)
    _sys_exit                                0x08007fa7   Thumb Code     4  uart_debug.o(i._sys_exit)
    addr_index_ctrl                          0x08007fad   Thumb Code   226  table_process.o(i.addr_index_ctrl)
    branch_attr_ctrl                         0x08008099   Thumb Code   152  table_process.o(i.branch_attr_ctrl)
    branch_quick_sort                        0x08008135   Thumb Code   216  table_process.o(i.branch_quick_sort)
    chr2hex                                  0x08008211   Thumb Code    54  common.o(i.chr2hex)
    clear_unit_buff                          0x08008249   Thumb Code   298  ballast_protocol.o(i.clear_unit_buff)
    days                                     0x0800837d   Thumb Code   100  lat_longitude.o(i.days)
    e                                        0x080083e9   Thumb Code   428  lat_longitude.o(i.e)
    earth_tilt                               0x080085ad   Thumb Code    56  lat_longitude.o(i.earth_tilt)
    ecliptic_longitude                       0x080085f5   Thumb Code   220  lat_longitude.o(i.ecliptic_longitude)
    fabs                                     0x080086f9   Thumb Code    24  fabs.o(i.fabs)
    fputc                                    0x08008711   Thumb Code    24  uart_debug.o(i.fputc)
    get_glat                                 0x0800872d   Thumb Code   240  lat_longitude.o(i.get_glat)
    get_glong                                0x0800883d   Thumb Code   240  lat_longitude.o(i.get_glong)
    hex2chr                                  0x0800894d   Thumb Code    34  common.o(i.hex2chr)
    leap_year                                0x0800896f   Thumb Code    50  lat_longitude.o(i.leap_year)
    main                                     0x080089a1   Thumb Code    82  main.o(i.main)
    pcTaskGetTaskName                        0x08008a7d   Thumb Code    20  tasks.o(i.pcTaskGetTaskName)
    pluse_hold_time                          0x08008a95   Thumb Code    12  km_ctrl.o(i.pluse_hold_time)
    pole_quick_sort                          0x08008aa1   Thumb Code   220  table_process.o(i.pole_quick_sort)
    printf_buff                              0x08008b81   Thumb Code   104  sys_debug.o(i.printf_buff)
    printf_str                               0x08008bfd   Thumb Code    90  sys_debug.o(i.printf_str)
    pvPortMalloc                             0x08009081   Thumb Code   164  heap_2.o(i.pvPortMalloc)
    pvTaskIncrementMutexHeldCount            0x08009139   Thumb Code    26  tasks.o(i.pvTaskIncrementMutexHeldCount)
    pxPortInitialiseStack                    0x08009159   Thumb Code    34  port.o(i.pxPortInitialiseStack)
    resule_convert                           0x08009181   Thumb Code   932  lat_longitude.o(i.resule_convert)
    result_rise                              0x08009541   Thumb Code   586  lat_longitude.o(i.result_rise)
    result_set                               0x08009799   Thumb Code   586  lat_longitude.o(i.result_set)
    rise_set                                 0x080099f1   Thumb Code   988  lat_longitude.o(i.rise_set)
    segment_quick_sort                       0x08009de1   Thumb Code   220  table_process.o(i.segment_quick_sort)
    sqrt                                     0x08009ec1   Thumb Code   110  sqrt.o(i.sqrt)
    sun_deviation                            0x08009f31   Thumb Code   164  lat_longitude.o(i.sun_deviation)
    t_century                                0x08009fe5   Thumb Code    80  lat_longitude.o(i.t_century)
    unit_addr_check                          0x0800a045   Thumb Code    96  gateway_protocol.o(i.unit_addr_check)
    unit_ctrl                                0x0800a0a5   Thumb Code   836  gateway_protocol.o(i.unit_ctrl)
    unit_state_ctrl                          0x0800a3fd   Thumb Code   128  ballast_protocol.o(i.unit_state_ctrl)
    uxListRemove                             0x0800a481   Thumb Code    40  list.o(i.uxListRemove)
    uxQueueMessagesWaiting                   0x0800a4a9   Thumb Code    18  queue.o(i.uxQueueMessagesWaiting)
    vApplicationStackOverflowHook            0x0800a4bd   Thumb Code    34  freertos_hook.o(i.vApplicationStackOverflowHook)
    vApplicationTickHook                     0x0800a505   Thumb Code     2  freertos_hook.o(i.vApplicationTickHook)
    vListInitialise                          0x0800aa89   Thumb Code    26  list.o(i.vListInitialise)
    vListInitialiseItem                      0x0800aaa3   Thumb Code     6  list.o(i.vListInitialiseItem)
    vListInsert                              0x0800aaa9   Thumb Code    52  list.o(i.vListInsert)
    vListInsertEnd                           0x0800aadd   Thumb Code    24  list.o(i.vListInsertEnd)
    vPortEnterCritical                       0x0800aaf5   Thumb Code    30  port.o(i.vPortEnterCritical)
    vPortExitCritical                        0x0800ab19   Thumb Code    28  port.o(i.vPortExitCritical)
    vPortFree                                0x0800ab39   Thumb Code    56  heap_2.o(i.vPortFree)
    vPortSetupTimerInterrupt                 0x0800ab79   Thumb Code    14  port.o(i.vPortSetupTimerInterrupt)
    vTaskDelay                               0x0800ab8d   Thumb Code    84  tasks.o(i.vTaskDelay)
    vTaskMissedYield                         0x0800abf1   Thumb Code     8  tasks.o(i.vTaskMissedYield)
    vTaskPlaceOnEventList                    0x0800abfd   Thumb Code    84  tasks.o(i.vTaskPlaceOnEventList)
    vTaskPriorityInherit                     0x0800ac61   Thumb Code   164  tasks.o(i.vTaskPriorityInherit)
    vTaskResume                              0x0800ad11   Thumb Code    82  tasks.o(i.vTaskResume)
    vTaskSetTimeOutState                     0x0800ad71   Thumb Code    14  tasks.o(i.vTaskSetTimeOutState)
    vTaskStartScheduler                      0x0800ad89   Thumb Code    74  tasks.o(i.vTaskStartScheduler)
    vTaskSuspend                             0x0800aded   Thumb Code   162  tasks.o(i.vTaskSuspend)
    vTaskSuspendAll                          0x0800aead   Thumb Code    12  tasks.o(i.vTaskSuspendAll)
    vTaskSwitchContext                       0x0800aebd   Thumb Code   132  tasks.o(i.vTaskSwitchContext)
    xPortStartScheduler                      0x0800b159   Thumb Code    58  port.o(i.xPortStartScheduler)
    xPortSysTickHandler                      0x0800b1a1   Thumb Code    48  port.o(i.xPortSysTickHandler)
    xQueueCreateMutex                        0x0800b1d5   Thumb Code    72  queue.o(i.xQueueCreateMutex)
    xQueueGenericCreate                      0x0800b21d   Thumb Code    70  queue.o(i.xQueueGenericCreate)
    xQueueGenericReceive                     0x0800b265   Thumb Code   280  queue.o(i.xQueueGenericReceive)
    xQueueGenericReset                       0x0800b381   Thumb Code   102  queue.o(i.xQueueGenericReset)
    xQueueGenericSend                        0x0800b3e9   Thumb Code   234  queue.o(i.xQueueGenericSend)
    xQueueGenericSendFromISR                 0x0800b4d9   Thumb Code   126  queue.o(i.xQueueGenericSendFromISR)
    xQueueGiveFromISR                        0x0800b557   Thumb Code   110  queue.o(i.xQueueGiveFromISR)
    xTaskCheckForTimeOut                     0x0800b5c5   Thumb Code    84  tasks.o(i.xTaskCheckForTimeOut)
    xTaskGenericCreate                       0x0800b621   Thumb Code   216  tasks.o(i.xTaskGenericCreate)
    xTaskGetCurrentTaskHandle                0x0800b711   Thumb Code     6  tasks.o(i.xTaskGetCurrentTaskHandle)
    xTaskGetTickCount                        0x0800b71d   Thumb Code     6  tasks.o(i.xTaskGetTickCount)
    xTaskIncrementTick                       0x0800b729   Thumb Code   212  tasks.o(i.xTaskIncrementTick)
    xTaskPriorityDisinherit                  0x0800b821   Thumb Code   122  tasks.o(i.xTaskPriorityDisinherit)
    xTaskRemoveFromEventList                 0x0800b8a5   Thumb Code   104  tasks.o(i.xTaskRemoveFromEventList)
    xTaskResumeAll                           0x0800b925   Thumb Code   176  tasks.o(i.xTaskResumeAll)
    zigbee_config                            0x0800b9f5   Thumb Code     2  gateway_protocol.o(i.zigbee_config)
    _get_lc_ctype                            0x0800b9f9   Thumb Code    44  lc_ctype_c.o(locale$$code)
    __aeabi_dneg                             0x0800ba25   Thumb Code     0  basic.o(x$fpl$basic)
    _dneg                                    0x0800ba25   Thumb Code     6  basic.o(x$fpl$basic)
    __aeabi_fneg                             0x0800ba2b   Thumb Code     0  basic.o(x$fpl$basic)
    _fneg                                    0x0800ba2b   Thumb Code     6  basic.o(x$fpl$basic)
    _dabs                                    0x0800ba31   Thumb Code     6  basic.o(x$fpl$basic)
    _fabs                                    0x0800ba37   Thumb Code     6  basic.o(x$fpl$basic)
    __aeabi_dadd                             0x0800ba3d   Thumb Code     0  daddsub_clz.o(x$fpl$dadd)
    _dadd                                    0x0800ba3d   Thumb Code   332  daddsub_clz.o(x$fpl$dadd)
    __fpl_dcmp_Inf                           0x0800bb8d   Thumb Code    24  dcmpi.o(x$fpl$dcmpinf)
    __aeabi_ddiv                             0x0800bba5   Thumb Code     0  ddiv.o(x$fpl$ddiv)
    _ddiv                                    0x0800bba5   Thumb Code   552  ddiv.o(x$fpl$ddiv)
    __aeabi_d2iz                             0x0800be55   Thumb Code     0  dfix.o(x$fpl$dfix)
    _dfix                                    0x0800be55   Thumb Code    94  dfix.o(x$fpl$dfix)
    __aeabi_d2uiz                            0x0800beb5   Thumb Code     0  dfixu.o(x$fpl$dfixu)
    _dfixu                                   0x0800beb5   Thumb Code    90  dfixu.o(x$fpl$dfixu)
    __aeabi_i2d                              0x0800bf0f   Thumb Code     0  dflt_clz.o(x$fpl$dflt)
    _dflt                                    0x0800bf0f   Thumb Code    46  dflt_clz.o(x$fpl$dflt)
    __aeabi_ui2d                             0x0800bf3d   Thumb Code     0  dflt_clz.o(x$fpl$dfltu)
    _dfltu                                   0x0800bf3d   Thumb Code    38  dflt_clz.o(x$fpl$dfltu)
    __aeabi_cdcmple                          0x0800bf65   Thumb Code     0  dleqf.o(x$fpl$dleqf)
    _dcmple                                  0x0800bf65   Thumb Code   120  dleqf.o(x$fpl$dleqf)
    __fpl_dcmple_InfNaN                      0x0800bfc7   Thumb Code     0  dleqf.o(x$fpl$dleqf)
    __aeabi_dmul                             0x0800bfdd   Thumb Code     0  dmul.o(x$fpl$dmul)
    _dmul                                    0x0800bfdd   Thumb Code   332  dmul.o(x$fpl$dmul)
    __fpl_dnaninf                            0x0800c131   Thumb Code   156  dnaninf.o(x$fpl$dnaninf)
    __fpl_dretinf                            0x0800c1cd   Thumb Code    12  dretinf.o(x$fpl$dretinf)
    __aeabi_cdrcmple                         0x0800c1d9   Thumb Code     0  drleqf.o(x$fpl$drleqf)
    _drcmple                                 0x0800c1d9   Thumb Code   108  drleqf.o(x$fpl$drleqf)
    __aeabi_drsub                            0x0800c245   Thumb Code     0  daddsub_clz.o(x$fpl$drsb)
    _drsb                                    0x0800c245   Thumb Code    22  daddsub_clz.o(x$fpl$drsb)
    _dsqrt                                   0x0800c25d   Thumb Code   404  dsqrt_umaal.o(x$fpl$dsqrt)
    __aeabi_dsub                             0x0800c3f5   Thumb Code     0  daddsub_clz.o(x$fpl$dsub)
    _dsub                                    0x0800c3f5   Thumb Code   464  daddsub_clz.o(x$fpl$dsub)
    _fp_init                                 0x0800c5c9   Thumb Code    10  fpinit.o(x$fpl$fpinit)
    __fplib_config_fpu_vfp                   0x0800c5d1   Thumb Code     0  fpinit.o(x$fpl$fpinit)
    __fplib_config_pureend_doubles           0x0800c5d1   Thumb Code     0  fpinit.o(x$fpl$fpinit)
    __I$use$fp                               0x0800c5d2   Number         0  usenofp.o(x$fpl$usenofp)
    Sofeware_Version                         0x0800c6ac   Data          28  main.o(.constdata)
    Complie_Time                             0x0800c6c8   Data          36  main.o(.constdata)
    Region$$Table$$Base                      0x0800ca2c   Number         0  anon$$obj.o(Region$$Table)
    Region$$Table$$Limit                     0x0800ca4c   Number         0  anon$$obj.o(Region$$Table)
    __ctype                                  0x0800ca59   Data           0  lc_ctype_c.o(locale$$data)
    LampDataTempBuff                         0x10000000   Data       50000  table_process.o(.ARM.__AT_0x10000000)
    LampAttrSortTable                        0x1000c350   Data        6000  table_process.o(.ARM.__AT_0x1000C350)
    LampRunCtrlTable                         0x1000dac0   Data        4000  table_process.o(.ARM.__AT_0x1000DAC0)
    ballastComm1Tx_semaphore                 0x20000010   Data           4  ballast_comm.o(.data)
    UnitWaitFlag                             0x20000018   Data           1  ballast_comm.o(.data)
    UnitQueryState                           0x20000019   Data           1  ballast_comm.o(.data)
    xBallastComm1Task                        0x2000001c   Data           4  ballast_comm.o(.data)
    EleTx_semaphore                          0x20000020   Data           4  electric.o(.data)
    xElectTask                               0x20000028   Data           4  electric.o(.data)
    xGSMTaskHandle                           0x2000002c   Data           4  gsm.o(.data)
    GsmTx_semaphore                          0x20000030   Data           4  gsm.o(.data)
    GSM_GPRS_queue                           0x20000034   Data           4  gsm.o(.data)
    GSM_AT_queue                             0x20000038   Data           4  gsm.o(.data)
    FrameType_Flag                           0x20000044   Data           1  gsm.o(.data)
    xTimePlanTask                            0x2000004c   Data           4  time_plan.o(.data)
    DebugMode                                0x20000058   Data           1  sys_debug.o(.data)
    TestMode                                 0x2000005c   Data           4  sys_debug.o(.data)
    TestModeFlag                             0x20000060   Data           1  sys_debug.o(.data)
    QueryUnitAddrBCD                         0x20000064   Data           2  ballast_protocol.o(.data)
    LampQueryAddrQueue                       0x20000070   Data           4  table_process.o(.data)
    GPRSSendAddrQueue                        0x20000074   Data           4  table_process.o(.data)
    LampAddr                                 0x20000078   Data           4  table_process.o(.data)
    KMCtrlQueue                              0x2000007c   Data           4  km_ctrl.o(.data)
    xKM_vCtrlTask                            0x20000080   Data           4  km_ctrl.o(.data)
    h                                        0x20000088   Data           8  lat_longitude.o(.data)
    sun_rise                                 0x20000090   Data           8  lat_longitude.o(.data)
    sun_set                                  0x20000098   Data           8  lat_longitude.o(.data)
    sun_time_rise                            0x200000a0   Data           8  lat_longitude.o(.data)
    sun_time_set                             0x200000a8   Data           8  lat_longitude.o(.data)
    days_of_month_1                          0x200000b0   Data          48  lat_longitude.o(.data)
    days_of_month_2                          0x200000e0   Data          48  lat_longitude.o(.data)
    pxCurrentTCB                             0x2000012c   Data           4  tasks.o(.data)
    RTC_SystemRunningSemaphore               0x20000164   Data           4  rtc.o(.data)
    NVIC_InitStructure                       0x20000168   Data           4  rtc.o(.data)
    __stdout                                 0x20000170   Data           4  uart_debug.o(.data)
    BallastComm1RxData                       0x20000174   Data         102  ballast_comm.o(.bss)
    BallastComm1TxData                       0x200001da   Data         102  ballast_comm.o(.bss)
    WG_AlarmFlag                             0x20000240   Data          14  electric.o(.bss)
    EleTxData                                0x2000024e   Data         202  electric.o(.bss)
    EleRxData                                0x20000318   Data         202  electric.o(.bss)
    WG_ServerParameter                       0x200003e2   Data          22  gsm.o(.bss)
    GsmTxData                                0x200003f8   Data         202  gsm.o(.bss)
    GsmRxData                                0x200004c2   Data         202  gsm.o(.bss)
    DebugRxData                              0x2000058c   Data          52  sys_debug.o(.bss)
    AlarmParm                                0x200005c0   Data          30  gateway_protocol.o(.bss)
    sun_rise_set                             0x200005e0   Data          16  lat_longitude.o(.bss)
    __libspace_start                         0x200196b8   Data          96  libspace.o(.bss)
    __temporary_stack_top$libspace           0x20019718   Data           0  libspace.o(.bss)



==============================================================================

Memory Map of the image

  Image Entry point : 0x08000189

  Load Region LR_IROM1 (Base: 0x08000000, Size: 0x0000ccd0, Max: 0x00100000, ABSOLUTE, COMPRESSED[0x0000cb94])

    Execution Region ER_IROM1 (Base: 0x08000000, Size: 0x0000cb5c, Max: 0x00100000, ABSOLUTE)

    Base Addr    Size         Type   Attr      Idx    E Section Name        Object

    0x08000000   0x00000188   Data   RO            3    RESET               startup_stm32f40_41xxx.o
    0x08000188   0x00000008   Code   RO         4337  * !!!main             c_w.l(__main.o)
    0x08000190   0x00000034   Code   RO         4682    !!!scatter          c_w.l(__scatter.o)
    0x080001c4   0x0000005a   Code   RO         4680    !!dczerorl2         c_w.l(__dczerorl2.o)
    0x0800021e   0x00000002   PAD
    0x08000220   0x0000001c   Code   RO         4684    !!handler_zi        c_w.l(__scatter_zi.o)
    0x0800023c   0x00000000   Code   RO         4306    .ARM.Collect$$_printf_percent$$00000000  c_w.l(_printf_percent.o)
    0x0800023c   0x00000006   Code   RO         4305    .ARM.Collect$$_printf_percent$$00000014  c_w.l(_printf_s.o)
    0x08000242   0x00000004   Code   RO         4437    .ARM.Collect$$_printf_percent$$00000017  c_w.l(_printf_percent_end.o)
    0x08000246   0x00000002   Code   RO         4558    .ARM.Collect$$libinit$$00000000  c_w.l(libinit.o)
    0x08000248   0x00000004   Code   RO         4561    .ARM.Collect$$libinit$$00000001  c_w.l(libinit2.o)
    0x0800024c   0x00000000   Code   RO         4564    .ARM.Collect$$libinit$$00000004  c_w.l(libinit2.o)
    0x0800024c   0x00000000   Code   RO         4567    .ARM.Collect$$libinit$$0000000A  c_w.l(libinit2.o)
    0x0800024c   0x00000000   Code   RO         4569    .ARM.Collect$$libinit$$0000000C  c_w.l(libinit2.o)
    0x0800024c   0x00000000   Code   RO         4571    .ARM.Collect$$libinit$$0000000E  c_w.l(libinit2.o)
    0x0800024c   0x00000006   Code   RO         4572    .ARM.Collect$$libinit$$0000000F  c_w.l(libinit2.o)
    0x08000252   0x00000000   Code   RO         4574    .ARM.Collect$$libinit$$00000011  c_w.l(libinit2.o)
    0x08000252   0x0000000c   Code   RO         4575    .ARM.Collect$$libinit$$00000012  c_w.l(libinit2.o)
    0x0800025e   0x00000000   Code   RO         4576    .ARM.Collect$$libinit$$00000013  c_w.l(libinit2.o)
    0x0800025e   0x00000000   Code   RO         4578    .ARM.Collect$$libinit$$00000015  c_w.l(libinit2.o)
    0x0800025e   0x00000000   Code   RO         4580    .ARM.Collect$$libinit$$00000017  c_w.l(libinit2.o)
    0x0800025e   0x00000000   Code   RO         4582    .ARM.Collect$$libinit$$00000019  c_w.l(libinit2.o)
    0x0800025e   0x00000000   Code   RO         4584    .ARM.Collect$$libinit$$0000001B  c_w.l(libinit2.o)
    0x0800025e   0x00000000   Code   RO         4586    .ARM.Collect$$libinit$$0000001D  c_w.l(libinit2.o)
    0x0800025e   0x00000000   Code   RO         4588    .ARM.Collect$$libinit$$0000001F  c_w.l(libinit2.o)
    0x0800025e   0x00000000   Code   RO         4590    .ARM.Collect$$libinit$$00000021  c_w.l(libinit2.o)
    0x0800025e   0x00000000   Code   RO         4592    .ARM.Collect$$libinit$$00000023  c_w.l(libinit2.o)
    0x0800025e   0x00000000   Code   RO         4594    .ARM.Collect$$libinit$$00000025  c_w.l(libinit2.o)
    0x0800025e   0x00000000   Code   RO         4598    .ARM.Collect$$libinit$$0000002C  c_w.l(libinit2.o)
    0x0800025e   0x00000000   Code   RO         4600    .ARM.Collect$$libinit$$0000002E  c_w.l(libinit2.o)
    0x0800025e   0x00000000   Code   RO         4602    .ARM.Collect$$libinit$$00000030  c_w.l(libinit2.o)
    0x0800025e   0x00000000   Code   RO         4604    .ARM.Collect$$libinit$$00000032  c_w.l(libinit2.o)
    0x0800025e   0x00000002   Code   RO         4605    .ARM.Collect$$libinit$$00000033  c_w.l(libinit2.o)
    0x08000260   0x00000002   Code   RO         4623    .ARM.Collect$$libshutdown$$00000000  c_w.l(libshutdown.o)
    0x08000262   0x00000000   Code   RO         4634    .ARM.Collect$$libshutdown$$00000003  c_w.l(libshutdown2.o)
    0x08000262   0x00000000   Code   RO         4637    .ARM.Collect$$libshutdown$$00000006  c_w.l(libshutdown2.o)
    0x08000262   0x00000000   Code   RO         4640    .ARM.Collect$$libshutdown$$00000009  c_w.l(libshutdown2.o)
    0x08000262   0x00000000   Code   RO         4642    .ARM.Collect$$libshutdown$$0000000B  c_w.l(libshutdown2.o)
    0x08000262   0x00000000   Code   RO         4645    .ARM.Collect$$libshutdown$$0000000E  c_w.l(libshutdown2.o)
    0x08000262   0x00000002   Code   RO         4646    .ARM.Collect$$libshutdown$$0000000F  c_w.l(libshutdown2.o)
    0x08000264   0x00000000   Code   RO         4421    .ARM.Collect$$rtentry$$00000000  c_w.l(__rtentry.o)
    0x08000264   0x00000000   Code   RO         4509    .ARM.Collect$$rtentry$$00000002  c_w.l(__rtentry2.o)
    0x08000264   0x00000006   Code   RO         4521    .ARM.Collect$$rtentry$$00000004  c_w.l(__rtentry4.o)
    0x0800026a   0x00000000   Code   RO         4511    .ARM.Collect$$rtentry$$00000009  c_w.l(__rtentry2.o)
    0x0800026a   0x00000004   Code   RO         4512    .ARM.Collect$$rtentry$$0000000A  c_w.l(__rtentry2.o)
    0x0800026e   0x00000000   Code   RO         4514    .ARM.Collect$$rtentry$$0000000C  c_w.l(__rtentry2.o)
    0x0800026e   0x00000008   Code   RO         4515    .ARM.Collect$$rtentry$$0000000D  c_w.l(__rtentry2.o)
    0x08000276   0x00000002   Code   RO         4559    .ARM.Collect$$rtexit$$00000000  c_w.l(rtexit.o)
    0x08000278   0x00000000   Code   RO         4607    .ARM.Collect$$rtexit$$00000002  c_w.l(rtexit2.o)
    0x08000278   0x00000004   Code   RO         4608    .ARM.Collect$$rtexit$$00000003  c_w.l(rtexit2.o)
    0x0800027c   0x00000006   Code   RO         4609    .ARM.Collect$$rtexit$$00000004  c_w.l(rtexit2.o)
    0x08000282   0x00000002   PAD
    0x08000284   0x000000b6   Code   RO         3432    .emb_text           port.o
    0x0800033a   0x00000002   PAD
    0x0800033c   0x00000040   Code   RO            4    .text               startup_stm32f40_41xxx.o
    0x0800037c   0x00000002   Code   RO         4271    .text               c_w.l(use_no_semi_2.o)
    0x0800037e   0x00000002   PAD
    0x08000380   0x00000018   Code   RO         4277    .text               c_w.l(noretval__2printf.o)
    0x08000398   0x00000028   Code   RO         4279    .text               c_w.l(noretval__2sprintf.o)
    0x080003c0   0x00000052   Code   RO         4283    .text               c_w.l(_printf_str.o)
    0x08000412   0x0000010e   Code   RO         4293    .text               c_w.l(__printf_wp.o)
    0x08000520   0x0000003c   Code   RO         4307    .text               c_w.l(__0sscanf.o)
    0x0800055c   0x0000014c   Code   RO         4309    .text               c_w.l(_scanf_int.o)
    0x080006a8   0x000000e0   Code   RO         4311    .text               c_w.l(_scanf_str.o)
    0x08000788   0x0000001a   Code   RO         4313    .text               c_w.l(atoi.o)
    0x080007a2   0x00000024   Code   RO         4315    .text               c_w.l(strstr.o)
    0x080007c6   0x0000003e   Code   RO         4317    .text               c_w.l(strlen.o)
    0x08000804   0x00000096   Code   RO         4319    .text               c_w.l(strncmp.o)
    0x0800089a   0x0000008a   Code   RO         4321    .text               c_w.l(rt_memcpy_v6.o)
    0x08000924   0x00000064   Code   RO         4323    .text               c_w.l(rt_memcpy_w.o)
    0x08000988   0x00000010   Code   RO         4325    .text               c_w.l(aeabi_memset.o)
    0x08000998   0x00000044   Code   RO         4327    .text               c_w.l(rt_memclr.o)
    0x080009dc   0x0000004e   Code   RO         4329    .text               c_w.l(rt_memclr_w.o)
    0x08000a2a   0x00000056   Code   RO         4331    .text               c_w.l(strncpy.o)
    0x08000a80   0x00000080   Code   RO         4333    .text               c_w.l(strcmpv7m.o)
    0x08000b00   0x00000006   Code   RO         4335    .text               c_w.l(heapauxi.o)
    0x08000b06   0x00000002   Code   RO         4419    .text               c_w.l(use_no_semi.o)
    0x08000b08   0x00000008   Code   RO         4425    .text               c_w.l(rt_errno_addr_intlibspace.o)
    0x08000b10   0x00000016   Code   RO         4427    .text               c_w.l(_rserrno.o)
    0x08000b26   0x00000002   PAD
    0x08000b28   0x00000030   Code   RO         4429    .text               c_w.l(_printf_char_common.o)
    0x08000b58   0x0000000a   Code   RO         4431    .text               c_w.l(_sputc.o)
    0x08000b62   0x0000002c   Code   RO         4433    .text               c_w.l(_printf_char.o)
    0x08000b8e   0x00000002   PAD
    0x08000b90   0x00000024   Code   RO         4435    .text               c_w.l(_printf_char_file.o)
    0x08000bb4   0x0000001c   Code   RO         4438    .text               c_w.l(_chval.o)
    0x08000bd0   0x0000002c   Code   RO         4440    .text               c_w.l(scanf_char.o)
    0x08000bfc   0x00000040   Code   RO         4442    .text               c_w.l(_sgetc.o)
    0x08000c3c   0x00000070   Code   RO         4444    .text               c_w.l(strtol.o)
    0x08000cac   0x00000008   Code   RO         4505    .text               c_w.l(libspace.o)
    0x08000cb4   0x00000010   Code   RO         4523    .text               c_w.l(rt_ctype_table.o)
    0x08000cc4   0x00000012   Code   RO         4525    .text               c_w.l(isspace.o)
    0x08000cd6   0x00000002   PAD
    0x08000cd8   0x00000374   Code   RO         4529    .text               c_w.l(_scanf.o)
    0x0800104c   0x0000009e   Code   RO         4531    .text               c_w.l(_strtoul.o)
    0x080010ea   0x00000008   Code   RO         4533    .text               c_w.l(ferror.o)
    0x080010f2   0x0000004a   Code   RO         4541    .text               c_w.l(sys_stackheap_outer.o)
    0x0800113c   0x00000008   Code   RO         4546    .text               c_w.l(rt_locale_intlibspace.o)
    0x08001144   0x0000000c   Code   RO         4551    .text               c_w.l(exit.o)
    0x08001150   0x000001a0   Code   RO         2760    i.AlarmParmUpdate   gateway_protocol.o
    0x080012f0   0x0000000c   Code   RO         2761    i.AllParaInit       gateway_protocol.o
    0x080012fc   0x00000060   Code   RO         3099    i.AllTableInit      table_process.o
    0x0800135c   0x0000001e   Code   RO         3192    i.BCC_CheckSum      common.o
    0x0800137a   0x0000000c   Code   RO         2131    i.BallastComm1InitHardware  ballast_comm.o
    0x08001386   0x00000002   PAD
    0x08001388   0x00000030   Code   RO         2132    i.BallastComm1RxTxDataInit  ballast_comm.o
    0x080013b8   0x0000007c   Code   RO         2133    i.BallastCommInit   ballast_comm.o
    0x08001434   0x00000014   Code   RO         2134    i.BallastRxDataClear  ballast_comm.o
    0x08001448   0x000000b0   Code   RO         2135    i.BallastUartInit   ballast_comm.o
    0x080014f8   0x000000a4   Code   RO         2136    i.Ballast_TX_DMA_Init  ballast_comm.o
    0x0800159c   0x00000016   Code   RO         3193    i.Bcd2ToByte        common.o
    0x080015b2   0x00000004   Code   RO           13    i.BusFault_Handler  stm32f4xx_it.o
    0x080015b6   0x0000001c   Code   RO         3194    i.ByteToBcd2        common.o
    0x080015d2   0x00000002   PAD
    0x080015d4   0x00000070   Code   RO         2762    i.CSQ_Reply         gateway_protocol.o
    0x08001644   0x00000080   Code   RO         4008    i.CaculateWeekDay   rtc.o
    0x080016c4   0x00000018   Code   RO         4155    i.ConvertToByte     norflash.o
    0x080016dc   0x00000074   Code   RO         2976    i.CtrlBackRun       ballast_protocol.o
    0x08001750   0x00000078   Code   RO         2977    i.CtrlUnitSend      ballast_protocol.o
    0x080017c8   0x00000058   Code   RO         2397    i.DMA1_Stream3_IRQHandler  gsm.o
    0x08001820   0x00000028   Code   RO         2137    i.DMA1_Stream4_IRQHandler  ballast_comm.o
    0x08001848   0x0000002c   Code   RO         2249    i.DMA2_Stream7_IRQHandler  electric.o
    0x08001874   0x00000034   Code   RO         1929    i.DMA_ClearFlag     stm32f4xx_dma.o
    0x080018a8   0x00000016   Code   RO         1931    i.DMA_Cmd           stm32f4xx_dma.o
    0x080018be   0x00000002   PAD
    0x080018c0   0x00000158   Code   RO         1932    i.DMA_DeInit        stm32f4xx_dma.o
    0x08001a18   0x00000014   Code   RO         1936    i.DMA_GetCmdStatus  stm32f4xx_dma.o
    0x08001a2c   0x00000044   Code   RO         1940    i.DMA_GetFlagStatus  stm32f4xx_dma.o
    0x08001a70   0x0000003a   Code   RO         1942    i.DMA_ITConfig      stm32f4xx_dma.o
    0x08001aaa   0x00000002   PAD
    0x08001aac   0x00000058   Code   RO         1943    i.DMA_Init          stm32f4xx_dma.o
    0x08001b04   0x00000004   Code   RO         1946    i.DMA_SetCurrDataCounter  stm32f4xx_dma.o
    0x08001b08   0x00000002   Code   RO           14    i.DebugMon_Handler  stm32f4xx_it.o
    0x08001b0a   0x00000002   PAD
    0x08001b0c   0x0000001c   Code   RO         2655    i.DebugRxDataInit   sys_debug.o
    0x08001b28   0x00000060   Code   RO         2250    i.EleDMA_TxBuff     electric.o
    0x08001b88   0x00000030   Code   RO         2251    i.EleRxTxDataInit   electric.o
    0x08001bb8   0x00000002   Code   RO         2252    i.ElecHandleFTPUpdata  electric.o
    0x08001bba   0x00000002   PAD
    0x08001bbc   0x000000e0   Code   RO         2253    i.ElecHandleGWDataQuery  electric.o
    0x08001c9c   0x0000002a   Code   RO         2254    i.ElecHandleReset   electric.o
    0x08001cc6   0x0000002a   Code   RO         2255    i.ElecHandleSoftVerQuery  electric.o
    0x08001cf0   0x00000060   Code   RO         2256    i.ElectricInit      electric.o
    0x08001d50   0x00000014   Code   RO         2257    i.ElectricRxDataClear  electric.o
    0x08001d64   0x000000b0   Code   RO         2258    i.ElectricUartInit  electric.o
    0x08001e14   0x000000a4   Code   RO         2259    i.Electric_TX_DMA_Init  electric.o
    0x08001eb8   0x0000000c   Code   RO         2260    i.ElectrolHardwareInit  electric.o
    0x08001ec4   0x00000034   Code   RO         1441    i.FSMC_NORSRAMCmd   stm32f4xx_fsmc.o
    0x08001ef8   0x00000128   Code   RO         1443    i.FSMC_NORSRAMInit  stm32f4xx_fsmc.o
    0x08002020   0x00000038   Code   RO         4065    i.FSMC_NOR_EraseBlock  fsmc_nor.o
    0x08002058   0x00000038   Code   RO         4067    i.FSMC_NOR_EraseSector  fsmc_nor.o
    0x08002090   0x0000004c   Code   RO         4068    i.FSMC_NOR_GetStatus  fsmc_nor.o
    0x080020dc   0x0000029c   Code   RO         4069    i.FSMC_NOR_Init     fsmc_nor.o
    0x08002378   0x00000034   Code   RO         4070    i.FSMC_NOR_ReadBuffer  fsmc_nor.o
    0x080023ac   0x00000026   Code   RO         4075    i.FSMC_NOR_WriteBuffer  fsmc_nor.o
    0x080023d2   0x00000002   PAD
    0x080023d4   0x00000030   Code   RO         4076    i.FSMC_NOR_WriteHalfWord  fsmc_nor.o
    0x08002404   0x00000230   Code   RO         3295    i.GHA               lat_longitude.o
    0x08002634   0x00000090   Code   RO          415    i.GPIO_Init         stm32f4xx_gpio.o
    0x080026c4   0x00000046   Code   RO          416    i.GPIO_PinAFConfig  stm32f4xx_gpio.o
    0x0800270a   0x00000004   Code   RO          422    i.GPIO_ResetBits    stm32f4xx_gpio.o
    0x0800270e   0x00000004   Code   RO          423    i.GPIO_SetBits      stm32f4xx_gpio.o
    0x08002712   0x00000002   PAD
    0x08002714   0x000000d0   Code   RO         2763    i.GPRSSendUnitDataFun  gateway_protocol.o
    0x080027e4   0x0000004e   Code   RO         2764    i.GPRS_Protocol_Check  gateway_protocol.o
    0x08002832   0x000000c6   Code   RO         2765    i.GPRS_Protocol_Response  gateway_protocol.o
    0x080028f8   0x0000006c   Code   RO         2398    i.GSMInit           gsm.o
    0x08002964   0x00000010   Code   RO         2399    i.GSMInitHardware   gsm.o
    0x08002974   0x00000058   Code   RO         2400    i.GSM_CtrlPinInit   gsm.o
    0x080029cc   0x00000094   Code   RO         2401    i.GSM_ModuleStart   gsm.o
    0x08002a60   0x000000a4   Code   RO         2402    i.GSM_TX_DMA_Init   gsm.o
    0x08002b04   0x000000b4   Code   RO         2403    i.GSM_USART_Init    gsm.o
    0x08002bb8   0x00000048   Code   RO         3296    i.G_sun             lat_longitude.o
    0x08002c00   0x00000054   Code   RO         2766    i.GatewayAddrCheck  gateway_protocol.o
    0x08002c54   0x000000b4   Code   RO         2656    i.GatewaySetDebug   sys_debug.o
    0x08002d08   0x000000a0   Code   RO         2404    i.GsmDMA_TxBuff     gsm.o
    0x08002da8   0x00000014   Code   RO         2405    i.GsmRxDataClear    gsm.o
    0x08002dbc   0x0000001a   Code   RO         2406    i.GsmRxDataInput    gsm.o
    0x08002dd6   0x00000002   PAD
    0x08002dd8   0x00000030   Code   RO         2407    i.GsmRxTxDataInit   gsm.o
    0x08002e08   0x0000034c   Code   RO         2408    i.GsmStartConnect   gsm.o
    0x08003154   0x0000013c   Code   RO         2767    i.HandleAdjustTime  gateway_protocol.o
    0x08003290   0x00000040   Code   RO         2768    i.HandleBranchOnOff  gateway_protocol.o
    0x080032d0   0x00000030   Code   RO         2769    i.HandleElecVersQuery  gateway_protocol.o
    0x08003300   0x00000038   Code   RO         2770    i.HandleGWAddrQuery  gateway_protocol.o
    0x08003338   0x00000030   Code   RO         2771    i.HandleGWDataQuery  gateway_protocol.o
    0x08003368   0x00000002   Code   RO         2772    i.HandleGWUpgrade   gateway_protocol.o
    0x0800336a   0x00000002   PAD
    0x0800336c   0x00000068   Code   RO         2773    i.HandleGWVersQuery  gateway_protocol.o
    0x080033d4   0x000000a4   Code   RO         2774    i.HandleGatewayParam  gateway_protocol.o
    0x08003478   0x0000019c   Code   RO         2775    i.HandleLampDimmer  gateway_protocol.o
    0x08003614   0x0000018c   Code   RO         2776    i.HandleLampOnOff   gateway_protocol.o
    0x080037a0   0x00000280   Code   RO         2777    i.HandleLampParam   gateway_protocol.o
    0x08003a20   0x000000c8   Code   RO         2778    i.HandleLampStrategy  gateway_protocol.o
    0x08003ae8   0x00000166   Code   RO         2779    i.HandleReadBSNData  gateway_protocol.o
    0x08003c4e   0x00000072   Code   RO         2780    i.HandleRestart     gateway_protocol.o
    0x08003cc0   0x00000134   Code   RO         2781    i.HandleSetIPPort   gateway_protocol.o
    0x08003df4   0x0000005c   Code   RO         2782    i.HandleSignalQuality  gateway_protocol.o
    0x08003e50   0x00000058   Code   RO         2783    i.HandleTunnelStrategy  gateway_protocol.o
    0x08003ea8   0x0000000c   Code   RO         2978    i.HandleUnitLightParamReply  ballast_protocol.o
    0x08003eb4   0x000003d4   Code   RO         2979    i.HandleUnitReadDataReply  ballast_protocol.o
    0x08004288   0x0000005c   Code   RO         2784    i.HandleUnitRunBack  gateway_protocol.o
    0x080042e4   0x0000000c   Code   RO         2980    i.HandleUnitStrategyReply  ballast_protocol.o
    0x080042f0   0x00000004   Code   RO           15    i.HardFault_Handler  stm32f4xx_it.o
    0x080042f4   0x00000030   Code   RO         2409    i.HeartRemainTCPConnect  gsm.o
    0x08004324   0x0000004c   Code   RO         3240    i.KM_CtrlInit       km_ctrl.o
    0x08004370   0x000000a8   Code   RO         3241    i.KM_HardwareInit   km_ctrl.o
    0x08004418   0x00000114   Code   RO         3242    i.KM_OnOff          km_ctrl.o
    0x0800452c   0x00000018   Code   RO         3243    i.KM_StateInit      km_ctrl.o
    0x08004544   0x00000048   Code   RO         3297    i.L_sun             lat_longitude.o
    0x0800458c   0x00000104   Code   RO         3100    i.LampAttrSort      table_process.o
    0x08004690   0x000000c0   Code   RO         2981    i.LampParamReload   ballast_protocol.o
    0x08004750   0x00000038   Code   RO         3101    i.LampRunCtrlTableClear  table_process.o
    0x08004788   0x00000134   Code   RO         3103    i.LampSortFunction  table_process.o
    0x080048bc   0x00000130   Code   RO         2982    i.LampStrategyReload  ballast_protocol.o
    0x080049ec   0x000001c0   Code   RO         2983    i.LampTimeReload    ballast_protocol.o
    0x08004bac   0x0000004e   Code   RO         2984    i.Lamp_Protocol_Check  ballast_protocol.o
    0x08004bfa   0x00000004   Code   RO           16    i.MemManage_Handler  stm32f4xx_it.o
    0x08004bfe   0x00000018   Code   RO         4156    i.MemStorage_Convert  norflash.o
    0x08004c16   0x00000002   Code   RO           17    i.NMI_Handler       stm32f4xx_it.o
    0x08004c18   0x00000078   Code   RO          216    i.NVIC_Init         misc.o
    0x08004c90   0x00000014   Code   RO          217    i.NVIC_PriorityGroupConfig  misc.o
    0x08004ca4   0x00000028   Code   RO         2410    i.NVIC_SystemReset  gsm.o
    0x08004ccc   0x00000028   Code   RO         2786    i.NVIC_SystemReset  gateway_protocol.o
    0x08004cf4   0x00000094   Code   RO         4009    i.NetTimeCentury    rtc.o
    0x08004d88   0x00000064   Code   RO         4157    i.NorFlashEraseBlock  norflash.o
    0x08004dec   0x00000064   Code   RO         4159    i.NorFlashEraseSector  norflash.o
    0x08004e50   0x00000018   Code   RO         4160    i.NorFlashInit      norflash.o
    0x08004e68   0x0000003c   Code   RO         4161    i.NorFlashRead      norflash.o
    0x08004ea4   0x0000009c   Code   RO         4162    i.NorFlashWrite     norflash.o
    0x08004f40   0x00000026   Code   RO         4163    i.NorflashDataCheck  norflash.o
    0x08004f66   0x00000002   PAD
    0x08004f68   0x00000040   Code   RO         2657    i.OtherTaskSuspend  sys_debug.o
    0x08004fa8   0x0000000c   Code   RO          519    i.PWR_BackupAccessCmd  stm32f4xx_pwr.o
    0x08004fb4   0x00000118   Code   RO         2985    i.QueryNextAddr     ballast_protocol.o
    0x080050cc   0x00000020   Code   RO          633    i.RCC_AHB1PeriphClockCmd  stm32f4xx_rcc.o
    0x080050ec   0x00000020   Code   RO          639    i.RCC_AHB3PeriphClockCmd  stm32f4xx_rcc.o
    0x0800510c   0x00000020   Code   RO          642    i.RCC_APB1PeriphClockCmd  stm32f4xx_rcc.o
    0x0800512c   0x00000020   Code   RO          645    i.RCC_APB2PeriphClockCmd  stm32f4xx_rcc.o
    0x0800514c   0x000000e8   Code   RO          654    i.RCC_GetClocksFreq  stm32f4xx_rcc.o
    0x08005234   0x00000040   Code   RO          655    i.RCC_GetFlagStatus  stm32f4xx_rcc.o
    0x08005274   0x0000002c   Code   RO          663    i.RCC_LSEConfig     stm32f4xx_rcc.o
    0x080052a0   0x0000000c   Code   RO          677    i.RCC_RTCCLKCmd     stm32f4xx_rcc.o
    0x080052ac   0x0000003c   Code   RO          678    i.RCC_RTCCLKConfig  stm32f4xx_rcc.o
    0x080052e8   0x00000016   Code   RO         1571    i.RTC_Bcd2ToByte    stm32f4xx_rtc.o
    0x080052fe   0x0000001c   Code   RO         1573    i.RTC_ByteToBcd2    stm32f4xx_rtc.o
    0x0800531a   0x00000002   PAD
    0x0800531c   0x00000050   Code   RO         1583    i.RTC_EnterInitMode  stm32f4xx_rtc.o
    0x0800536c   0x00000014   Code   RO         1584    i.RTC_ExitInitMode  stm32f4xx_rtc.o
    0x08005380   0x0000004c   Code   RO         1587    i.RTC_GetDate       stm32f4xx_rtc.o
    0x080053cc   0x00000050   Code   RO         1592    i.RTC_GetTime       stm32f4xx_rtc.o
    0x0800541c   0x00000064   Code   RO         1597    i.RTC_Init          stm32f4xx_rtc.o
    0x08005480   0x00000020   Code   RO         1600    i.RTC_ReadBackupRegister  stm32f4xx_rtc.o
    0x080054a0   0x000000c8   Code   RO         1603    i.RTC_SetDate       stm32f4xx_rtc.o
    0x08005568   0x000000d0   Code   RO         1604    i.RTC_SetTime       stm32f4xx_rtc.o
    0x08005638   0x000000b8   Code   RO         2787    i.RTC_TimeToChar    gateway_protocol.o
    0x080056f0   0x00000060   Code   RO         1620    i.RTC_WaitForSynchro  stm32f4xx_rtc.o
    0x08005750   0x0000001c   Code   RO         1623    i.RTC_WriteBackupRegister  stm32f4xx_rtc.o
    0x0800576c   0x0000009c   Code   RO         4010    i.ReadRTC_Time      rtc.o
    0x08005808   0x000000a8   Code   RO         2986    i.ReadUnitData      ballast_protocol.o
    0x080058b0   0x0000004a   Code   RO         4011    i.ReadUpload_Time   rtc.o
    0x080058fa   0x00000002   PAD
    0x080058fc   0x000000a4   Code   RO         2411    i.RelinkTCP         gsm.o
    0x080059a0   0x0000007c   Code   RO         4012    i.RtcInit           rtc.o
    0x08005a1c   0x000000c4   Code   RO         2412    i.SendMsgToSim      gsm.o
    0x08005ae0   0x000001a8   Code   RO         2658    i.SetSeriveIPPort   sys_debug.o
    0x08005c88   0x000000ec   Code   RO          175    i.SetSysClock       system_stm32f4xx.o
    0x08005d74   0x000000e8   Code   RO         2659    i.SetWGAddr         sys_debug.o
    0x08005e5c   0x0000005c   Code   RO         2413    i.SimSendData       gsm.o
    0x08005eb8   0x00000068   Code   RO         2414    i.SwitchToCommand   gsm.o
    0x08005f20   0x00000048   Code   RO         2415    i.SwitchToData      gsm.o
    0x08005f68   0x00000068   Code   RO          177    i.SystemInit        system_stm32f4xx.o
    0x08005fd0   0x00000120   Code   RO         2660    i.TestModeMain      sys_debug.o
    0x080060f0   0x00000038   Code   RO         2606    i.TimePlanInit      time_plan.o
    0x08006128   0x000000a0   Code   RO         3104    i.TunnelStrategyRun  table_process.o
    0x080061c8   0x0000002c   Code   RO         2607    i.TunnelStrategyRunInit  time_plan.o
    0x080061f4   0x00000094   Code   RO         2138    i.UART4_IRQHandler  ballast_comm.o
    0x08006288   0x000000a8   Code   RO         2261    i.USART1_IRQHandler  electric.o
    0x08006330   0x00000160   Code   RO         2416    i.USART3_IRQHandler  gsm.o
    0x08006490   0x000000b8   Code   RO         2661    i.USART6_IRQHandler  sys_debug.o
    0x08006548   0x00000018   Code   RO          978    i.USART_Cmd         stm32f4xx_usart.o
    0x08006560   0x00000012   Code   RO          979    i.USART_DMACmd      stm32f4xx_usart.o
    0x08006572   0x00000054   Code   RO          982    i.USART_GetITStatus  stm32f4xx_usart.o
    0x080065c6   0x0000004a   Code   RO          984    i.USART_ITConfig    stm32f4xx_usart.o
    0x08006610   0x000000d4   Code   RO          985    i.USART_Init        stm32f4xx_usart.o
    0x080066e4   0x0000000a   Code   RO          992    i.USART_ReceiveData  stm32f4xx_usart.o
    0x080066ee   0x00000054   Code   RO         3298    i.UT_rise           lat_longitude.o
    0x08006742   0x00000054   Code   RO         3299    i.UT_set            lat_longitude.o
    0x08006796   0x00000002   PAD
    0x08006798   0x00000054   Code   RO         2662    i.UartDebugCreateTask  sys_debug.o
    0x080067ec   0x000000e0   Code   RO         4229    i.UartDebugHardwareInit  uart_debug.o
    0x080068cc   0x00000010   Code   RO         2663    i.UartDebugInit     sys_debug.o
    0x080068dc   0x00000060   Code   RO         2139    i.UnitComm1DMA_TxBuff  ballast_comm.o
    0x0800693c   0x0000008c   Code   RO         2987    i.UnitDimmmingCtrl  ballast_protocol.o
    0x080069c8   0x0000007a   Code   RO         2988    i.UnitOnOffCtrl     ballast_protocol.o
    0x08006a42   0x00000002   PAD
    0x08006a44   0x000001c4   Code   RO         4013    i.UpdataNetTime     rtc.o
    0x08006c08   0x0000004a   Code   RO         2608    i.UploadTimeBackup  time_plan.o
    0x08006c52   0x00000004   Code   RO           18    i.UsageFault_Handler  stm32f4xx_it.o
    0x08006c56   0x00000002   PAD
    0x08006c58   0x00000038   Code   RO         2664    i.WGConfigCheck     sys_debug.o
    0x08006c90   0x00000180   Code   RO         2262    i.WG_AlarmFlagCheck  electric.o
    0x08006e10   0x000000bc   Code   RO         2263    i.WG_StateCheck     electric.o
    0x08006ecc   0x00000028   Code   RO         2264    i.WG_StateClear     electric.o
    0x08006ef4   0x00000004   Code   RO         3300    i.Zone              lat_longitude.o
    0x08006ef8   0x00000030   Code   RO         4478    i.__ARM_fpclassify  m_wm.l(fpclassify.o)
    0x08006f28   0x00000358   Code   RO         4367    i.__hardfp_acos     m_wm.l(acos.o)
    0x08007280   0x00000360   Code   RO         4381    i.__hardfp_asin     m_wm.l(asin.o)
    0x080075e0   0x000000c8   Code   RO         4395    i.__hardfp_cos      m_wm.l(cos.o)
    0x080076a8   0x000000c8   Code   RO         4407    i.__hardfp_sin      m_wm.l(sin.o)
    0x08007770   0x00000438   Code   RO         4482    i.__ieee754_rem_pio2  m_wm.l(rred.o)
    0x08007ba8   0x00000170   Code   RO         4455    i.__kernel_cos      m_wm.l(cos_i.o)
    0x08007d18   0x000000f8   Code   RO         4480    i.__kernel_poly     m_wm.l(poly.o)
    0x08007e10   0x00000130   Code   RO         4487    i.__kernel_sin      m_wm.l(sin_i.o)
    0x08007f40   0x00000014   Code   RO         4459    i.__mathlib_dbl_infnan  m_wm.l(dunder.o)
    0x08007f54   0x00000004   PAD
    0x08007f58   0x00000020   Code   RO         4461    i.__mathlib_dbl_invalid  m_wm.l(dunder.o)
    0x08007f78   0x00000020   Code   RO         4464    i.__mathlib_dbl_underflow  m_wm.l(dunder.o)
    0x08007f98   0x0000000e   Code   RO         4295    i._is_digit         c_w.l(__printf_wp.o)
    0x08007fa6   0x00000004   Code   RO         4230    i._sys_exit         uart_debug.o
    0x08007faa   0x00000002   PAD
    0x08007fac   0x000000ec   Code   RO         3105    i.addr_index_ctrl   table_process.o
    0x08008098   0x0000009c   Code   RO         3106    i.branch_attr_ctrl  table_process.o
    0x08008134   0x000000dc   Code   RO         3107    i.branch_quick_sort  table_process.o
    0x08008210   0x00000036   Code   RO         3195    i.chr2hex           common.o
    0x08008246   0x00000002   PAD
    0x08008248   0x00000134   Code   RO         2989    i.clear_unit_buff   ballast_protocol.o
    0x0800837c   0x0000006c   Code   RO         3301    i.days              lat_longitude.o
    0x080083e8   0x000001c4   Code   RO         3302    i.e                 lat_longitude.o
    0x080085ac   0x00000048   Code   RO         3303    i.earth_tilt        lat_longitude.o
    0x080085f4   0x00000104   Code   RO         3304    i.ecliptic_longitude  lat_longitude.o
    0x080086f8   0x00000018   Code   RO         4474    i.fabs              m_wm.l(fabs.o)
    0x08008710   0x0000001c   Code   RO         4231    i.fputc             uart_debug.o
    0x0800872c   0x00000110   Code   RO         3305    i.get_glat          lat_longitude.o
    0x0800883c   0x00000110   Code   RO         3306    i.get_glong         lat_longitude.o
    0x0800894c   0x00000022   Code   RO         3196    i.hex2chr           common.o
    0x0800896e   0x00000032   Code   RO         3307    i.leap_year         lat_longitude.o
    0x080089a0   0x000000dc   Code   RO         2567    i.main              main.o
    0x08008a7c   0x00000018   Code   RO         3716    i.pcTaskGetTaskName  tasks.o
    0x08008a94   0x0000000c   Code   RO         3244    i.pluse_hold_time   km_ctrl.o
    0x08008aa0   0x000000e0   Code   RO         3108    i.pole_quick_sort   table_process.o
    0x08008b80   0x0000007c   Code   RO         2665    i.printf_buff       sys_debug.o
    0x08008bfc   0x00000068   Code   RO         2667    i.printf_str        sys_debug.o
    0x08008c64   0x00000054   Code   RO         3717    i.prvAddCurrentTaskToDelayedList  tasks.o
    0x08008cb8   0x00000042   Code   RO         3718    i.prvAllocateTCBAndStack  tasks.o
    0x08008cfa   0x00000002   PAD
    0x08008cfc   0x00000064   Code   RO         3719    i.prvCheckTasksWaitingTermination  tasks.o
    0x08008d60   0x0000002a   Code   RO         3583    i.prvCopyDataFromQueue  queue.o
    0x08008d8a   0x00000080   Code   RO         3584    i.prvCopyDataToQueue  queue.o
    0x08008e0a   0x00000012   Code   RO         3720    i.prvDeleteTCB      tasks.o
    0x08008e1c   0x00000038   Code   RO         3500    i.prvHeapInit       heap_2.o
    0x08008e54   0x0000001c   Code   RO         3721    i.prvIdleTask       tasks.o
    0x08008e70   0x00000062   Code   RO         3722    i.prvInitialiseTCBVariables  tasks.o
    0x08008ed2   0x00000002   PAD
    0x08008ed4   0x00000068   Code   RO         3723    i.prvInitialiseTaskLists  tasks.o
    0x08008f3c   0x0000001a   Code   RO         3585    i.prvIsQueueEmpty   queue.o
    0x08008f56   0x0000001e   Code   RO         3586    i.prvIsQueueFull    queue.o
    0x08008f74   0x00000034   Code   RO         3724    i.prvResetNextTaskUnblockTime  tasks.o
    0x08008fa8   0x00000016   Code   RO         3433    i.prvTaskExitError  port.o
    0x08008fbe   0x00000002   PAD
    0x08008fc0   0x00000040   Code   RO         3725    i.prvTaskIsTaskSuspended  tasks.o
    0x08009000   0x0000007e   Code   RO         3587    i.prvUnlockQueue    queue.o
    0x0800907e   0x00000002   PAD
    0x08009080   0x000000b8   Code   RO         3501    i.pvPortMalloc      heap_2.o
    0x08009138   0x00000020   Code   RO         3726    i.pvTaskIncrementMutexHeldCount  tasks.o
    0x08009158   0x00000028   Code   RO         3434    i.pxPortInitialiseStack  port.o
    0x08009180   0x000003c0   Code   RO         3308    i.resule_convert    lat_longitude.o
    0x08009540   0x00000258   Code   RO         3309    i.result_rise       lat_longitude.o
    0x08009798   0x00000258   Code   RO         3310    i.result_set        lat_longitude.o
    0x080099f0   0x000003f0   Code   RO         3311    i.rise_set          lat_longitude.o
    0x08009de0   0x000000e0   Code   RO         3109    i.segment_quick_sort  table_process.o
    0x08009ec0   0x0000006e   Code   RO         4495    i.sqrt              m_wm.l(sqrt.o)
    0x08009f2e   0x00000002   PAD
    0x08009f30   0x000000b4   Code   RO         3312    i.sun_deviation     lat_longitude.o
    0x08009fe4   0x00000060   Code   RO         3313    i.t_century         lat_longitude.o
    0x0800a044   0x00000060   Code   RO         2789    i.unit_addr_check   gateway_protocol.o
    0x0800a0a4   0x00000358   Code   RO         2790    i.unit_ctrl         gateway_protocol.o
    0x0800a3fc   0x00000084   Code   RO         2991    i.unit_state_ctrl   ballast_protocol.o
    0x0800a480   0x00000028   Code   RO         3547    i.uxListRemove      list.o
    0x0800a4a8   0x00000012   Code   RO         3588    i.uxQueueMessagesWaiting  queue.o
    0x0800a4ba   0x00000002   PAD
    0x0800a4bc   0x00000048   Code   RO         2064    i.vApplicationStackOverflowHook  freertos_hook.o
    0x0800a504   0x00000002   Code   RO         2065    i.vApplicationTickHook  freertos_hook.o
    0x0800a506   0x00000002   PAD
    0x0800a508   0x000002cc   Code   RO         2140    i.vBallastComm1Task  ballast_comm.o
    0x0800a7d4   0x00000054   Code   RO         2265    i.vElectTask        electric.o
    0x0800a828   0x000001ec   Code   RO         2417    i.vGSMTask          gsm.o
    0x0800aa14   0x00000074   Code   RO         3245    i.vKM_vCtrlTask     km_ctrl.o
    0x0800aa88   0x0000001a   Code   RO         3548    i.vListInitialise   list.o
    0x0800aaa2   0x00000006   Code   RO         3549    i.vListInitialiseItem  list.o
    0x0800aaa8   0x00000034   Code   RO         3550    i.vListInsert       list.o
    0x0800aadc   0x00000018   Code   RO         3551    i.vListInsertEnd    list.o
    0x0800aaf4   0x00000024   Code   RO         3436    i.vPortEnterCritical  port.o
    0x0800ab18   0x00000020   Code   RO         3437    i.vPortExitCritical  port.o
    0x0800ab38   0x00000040   Code   RO         3502    i.vPortFree         heap_2.o
    0x0800ab78   0x00000014   Code   RO         3438    i.vPortSetupTimerInterrupt  port.o
    0x0800ab8c   0x00000064   Code   RO         3732    i.vTaskDelay        tasks.o
    0x0800abf0   0x0000000c   Code   RO         3736    i.vTaskMissedYield  tasks.o
    0x0800abfc   0x00000064   Code   RO         3738    i.vTaskPlaceOnEventList  tasks.o
    0x0800ac60   0x000000b0   Code   RO         3740    i.vTaskPriorityInherit  tasks.o
    0x0800ad10   0x00000060   Code   RO         3742    i.vTaskResume       tasks.o
    0x0800ad70   0x00000018   Code   RO         3743    i.vTaskSetTimeOutState  tasks.o
    0x0800ad88   0x00000064   Code   RO         3744    i.vTaskStartScheduler  tasks.o
    0x0800adec   0x000000c0   Code   RO         3745    i.vTaskSuspend      tasks.o
    0x0800aeac   0x00000010   Code   RO         3746    i.vTaskSuspendAll   tasks.o
    0x0800aebc   0x00000098   Code   RO         3747    i.vTaskSwitchContext  tasks.o
    0x0800af54   0x000001bc   Code   RO         2609    i.vTimePlanTask     time_plan.o
    0x0800b110   0x00000048   Code   RO         2668    i.vUartDebugTask    sys_debug.o
    0x0800b158   0x00000048   Code   RO         3439    i.xPortStartScheduler  port.o
    0x0800b1a0   0x00000034   Code   RO         3440    i.xPortSysTickHandler  port.o
    0x0800b1d4   0x00000048   Code   RO         3592    i.xQueueCreateMutex  queue.o
    0x0800b21c   0x00000046   Code   RO         3593    i.xQueueGenericCreate  queue.o
    0x0800b262   0x00000002   PAD
    0x0800b264   0x0000011c   Code   RO         3594    i.xQueueGenericReceive  queue.o
    0x0800b380   0x00000066   Code   RO         3595    i.xQueueGenericReset  queue.o
    0x0800b3e6   0x00000002   PAD
    0x0800b3e8   0x000000f0   Code   RO         3596    i.xQueueGenericSend  queue.o
    0x0800b4d8   0x0000007e   Code   RO         3597    i.xQueueGenericSendFromISR  queue.o
    0x0800b556   0x0000006e   Code   RO         3598    i.xQueueGiveFromISR  queue.o
    0x0800b5c4   0x0000005c   Code   RO         3748    i.xTaskCheckForTimeOut  tasks.o
    0x0800b620   0x000000f0   Code   RO         3749    i.xTaskGenericCreate  tasks.o
    0x0800b710   0x0000000c   Code   RO         3752    i.xTaskGetCurrentTaskHandle  tasks.o
    0x0800b71c   0x0000000c   Code   RO         3753    i.xTaskGetTickCount  tasks.o
    0x0800b728   0x000000f8   Code   RO         3755    i.xTaskIncrementTick  tasks.o
    0x0800b820   0x00000084   Code   RO         3758    i.xTaskPriorityDisinherit  tasks.o
    0x0800b8a4   0x00000080   Code   RO         3759    i.xTaskRemoveFromEventList  tasks.o
    0x0800b924   0x000000d0   Code   RO         3761    i.xTaskResumeAll    tasks.o
    0x0800b9f4   0x00000002   Code   RO         2791    i.zigbee_config     gateway_protocol.o
    0x0800b9f6   0x00000002   PAD
    0x0800b9f8   0x0000002c   Code   RO         4549    locale$$code        c_w.l(lc_ctype_c.o)
    0x0800ba24   0x00000018   Code   RO         4446    x$fpl$basic         fz_wm.l(basic.o)
    0x0800ba3c   0x00000150   Code   RO         4339    x$fpl$dadd          fz_wm.l(daddsub_clz.o)
    0x0800bb8c   0x00000018   Code   RO         4537    x$fpl$dcmpinf       fz_wm.l(dcmpi.o)
    0x0800bba4   0x000002b0   Code   RO         4346    x$fpl$ddiv          fz_wm.l(ddiv.o)
    0x0800be54   0x0000005e   Code   RO         4349    x$fpl$dfix          fz_wm.l(dfix.o)
    0x0800beb2   0x00000002   PAD
    0x0800beb4   0x0000005a   Code   RO         4353    x$fpl$dfixu         fz_wm.l(dfixu.o)
    0x0800bf0e   0x0000002e   Code   RO         4358    x$fpl$dflt          fz_wm.l(dflt_clz.o)
    0x0800bf3c   0x00000026   Code   RO         4357    x$fpl$dfltu         fz_wm.l(dflt_clz.o)
    0x0800bf62   0x00000002   PAD
    0x0800bf64   0x00000078   Code   RO         4448    x$fpl$dleqf         fz_wm.l(dleqf.o)
    0x0800bfdc   0x00000154   Code   RO         4363    x$fpl$dmul          fz_wm.l(dmul.o)
    0x0800c130   0x0000009c   Code   RO         4450    x$fpl$dnaninf       fz_wm.l(dnaninf.o)
    0x0800c1cc   0x0000000c   Code   RO         4452    x$fpl$dretinf       fz_wm.l(dretinf.o)
    0x0800c1d8   0x0000006c   Code   RO         4365    x$fpl$drleqf        fz_wm.l(drleqf.o)
    0x0800c244   0x00000016   Code   RO         4340    x$fpl$drsb          fz_wm.l(daddsub_clz.o)
    0x0800c25a   0x00000002   PAD
    0x0800c25c   0x00000198   Code   RO         4539    x$fpl$dsqrt         fz_wm.l(dsqrt_umaal.o)
    0x0800c3f4   0x000001d4   Code   RO         4341    x$fpl$dsub          fz_wm.l(daddsub_clz.o)
    0x0800c5c8   0x0000000a   Code   RO         4615    x$fpl$fpinit        fz_wm.l(fpinit.o)
    0x0800c5d2   0x00000000   Code   RO         4454    x$fpl$usenofp       fz_wm.l(usenofp.o)
    0x0800c5d2   0x00000002   PAD
    0x0800c5d4   0x00000020   Data   RO         2142    .constdata          ballast_comm.o
    0x0800c5f4   0x00000020   Data   RO         2267    .constdata          electric.o
    0x0800c614   0x00000098   Data   RO         2419    .constdata          gsm.o
    0x0800c6ac   0x00000040   Data   RO         2568    .constdata          main.o
    0x0800c6ec   0x0000000a   Data   RO         2670    .constdata          sys_debug.o
    0x0800c6f6   0x00000002   PAD
    0x0800c6f8   0x00000050   Data   RO         4370    .constdata          m_wm.l(acos.o)
    0x0800c748   0x00000050   Data   RO         4384    .constdata          m_wm.l(asin.o)
    0x0800c798   0x00000030   Data   RO         4456    .constdata          m_wm.l(cos_i.o)
    0x0800c7c8   0x000000c8   Data   RO         4484    .constdata          m_wm.l(rred.o)
    0x0800c890   0x00000028   Data   RO         4488    .constdata          m_wm.l(sin_i.o)
    0x0800c8b8   0x00000173   Data   RO         2671    .conststring        sys_debug.o
    0x0800ca2b   0x00000001   PAD
    0x0800ca2c   0x00000020   Data   RO         4678    Region$$Table       anon$$obj.o
    0x0800ca4c   0x00000110   Data   RO         4548    locale$$data        c_w.l(lc_ctype_c.o)


    Execution Region RW_IRAM1 (Base: 0x20000000, Size: 0x00019d18, Max: 0x00020000, ABSOLUTE, COMPRESSED[0x00000038])

    Base Addr    Size         Type   Attr      Idx    E Section Name        Object

    0x20000000   0x00000010   Data   RW          686    .data               stm32f4xx_rcc.o
    0x20000010   0x00000010   Data   RW         2143    .data               ballast_comm.o
    0x20000020   0x0000000c   Data   RW         2268    .data               electric.o
    0x2000002c   0x00000019   Data   RW         2420    .data               gsm.o
    0x20000045   0x00000003   PAD
    0x20000048   0x00000008   Data   RW         2610    .data               time_plan.o
    0x20000050   0x00000011   Data   RW         2672    .data               sys_debug.o
    0x20000061   0x00000003   PAD
    0x20000064   0x0000000c   Data   RW         2993    .data               ballast_protocol.o
    0x20000070   0x0000000c   Data   RW         3113    .data               table_process.o
    0x2000007c   0x00000008   Data   RW         3246    .data               km_ctrl.o
    0x20000084   0x00000004   PAD
    0x20000088   0x00000088   Data   RW         3315    .data               lat_longitude.o
    0x20000110   0x00000004   Data   RW         3441    .data               port.o
    0x20000114   0x00000018   Data   RW         3506    .data               heap_2.o
    0x2000012c   0x00000038   Data   RW         3764    .data               tasks.o
    0x20000164   0x00000008   Data   RW         4014    .data               rtc.o
    0x2000016c   0x00000004   Data   RW         4164    .data               norflash.o
    0x20000170   0x00000004   Data   RW         4232    .data               uart_debug.o
    0x20000174   0x000000cc   Zero   RW         2141    .bss                ballast_comm.o
    0x20000240   0x000001a2   Zero   RW         2266    .bss                electric.o
    0x200003e2   0x000001aa   Zero   RW         2418    .bss                gsm.o
    0x2000058c   0x00000034   Zero   RW         2669    .bss                sys_debug.o
    0x200005c0   0x0000001e   Zero   RW         2792    .bss                gateway_protocol.o
    0x200005de   0x00000002   PAD
    0x200005e0   0x00000010   Zero   RW         3314    .bss                lat_longitude.o
    0x200005f0   0x00019000   Zero   RW         3505    .bss                heap_2.o
    0x200195f0   0x000000c8   Zero   RW         3763    .bss                tasks.o
    0x200196b8   0x00000060   Zero   RW         4506    .bss                c_w.l(libspace.o)
    0x20019718   0x00000200   Zero   RW            2    HEAP                startup_stm32f40_41xxx.o
    0x20019918   0x00000400   Zero   RW            1    STACK               startup_stm32f40_41xxx.o



  Load Region LR$$.ARM.__AT_0x10000000 (Base: 0x10000000, Size: 0x00000000, Max: 0x0000c350, ABSOLUTE)

    Execution Region ER$$.ARM.__AT_0x10000000 (Base: 0x10000000, Size: 0x0000c350, Max: 0x0000c350, ABSOLUTE, UNINIT)

    Base Addr    Size         Type   Attr      Idx    E Section Name        Object

    0x10000000   0x0000c350   Zero   RW         3110    .ARM.__AT_0x10000000  table_process.o



  Load Region LR$$.ARM.__AT_0x1000C350 (Base: 0x1000c350, Size: 0x00000000, Max: 0x00001770, ABSOLUTE)

    Execution Region ER$$.ARM.__AT_0x1000C350 (Base: 0x1000c350, Size: 0x00001770, Max: 0x00001770, ABSOLUTE, UNINIT)

    Base Addr    Size         Type   Attr      Idx    E Section Name        Object

    0x1000c350   0x00001770   Zero   RW         3111    .ARM.__AT_0x1000C350  table_process.o



  Load Region LR$$.ARM.__AT_0x1000DAC0 (Base: 0x1000dac0, Size: 0x00000000, Max: 0x00000fa0, ABSOLUTE)

    Execution Region ER$$.ARM.__AT_0x1000DAC0 (Base: 0x1000dac0, Size: 0x00000fa0, Max: 0x00000fa0, ABSOLUTE, UNINIT)

    Base Addr    Size         Type   Attr      Idx    E Section Name        Object

    0x1000dac0   0x00000fa0   Zero   RW         3112    .ARM.__AT_0x1000DAC0  table_process.o


==============================================================================

Image component sizes


      Code (inc. data)   RO Data    RW Data    ZI Data      Debug   Object Name

      1544        146         32         16        204      17808   ballast_comm.o
      3412        130          0         12          0      12915   ballast_protocol.o
       168          0          0          0          0       3237   common.o
      1830        128         32         12        418      16045   electric.o
        74         38          0          0          0      11411   freertos_hook.o
       994         52          0          0          0       5612   fsmc_nor.o
      5788        212          0          0         30      25022   gateway_protocol.o
      3450        986        152         25        426      52482   gsm.o
       304         46          0         24     102400       5263   heap_2.o
       672         86          0          8          0       3726   km_ctrl.o
      5806        356          0        136         16      15459   lat_longitude.o
       148          0          0          0          0       3350   list.o
       220        138         64          0          0       1563   main.o
       140         24          0          0          0      59059   misc.o
       526        166          0          4          0       5942   norflash.o
       456         56          0          4          0      15696   port.o
      1374         10          0          0          0      20138   queue.o
      1082         98          0          8          0       5330   rtc.o
        64         26        392          0       1536        912   startup_stm32f40_41xxx.o
       656         54          0          0          0      19133   stm32f4xx_dma.o
         0          0          0          0          0       1664   stm32f4xx_exti.o
       348         12          0          0          0      10065   stm32f4xx_fsmc.o
       222          0          0          0          0      10083   stm32f4xx_gpio.o
        20          0          0          0          0     268545   stm32f4xx_it.o
        12          6          0          0          0        558   stm32f4xx_pwr.o
       540         66          0         16          0      23179   stm32f4xx_rcc.o
       970         66          0          0          0      23826   stm32f4xx_rtc.o
       422          8          0          0          0      11065   stm32f4xx_usart.o
      1856        706        381         17         52       9250   sys_debug.o
       340         32          0          0          0       1605   system_stm32f4xx.o
      1940         72          0         12      60000       8909   table_process.o
      2710        400          0         56        200      22474   tasks.o
       618         86          0          8          0       2962   time_plan.o
       256         14          0          4          0       3914   uart_debug.o

    ----------------------------------------------------------------------
     39018       4220       1088        372     165284     698202   Object Totals
         0          0         32          0          0          0   (incl. Generated)
        56          0          3         10          2          0   (incl. Padding)

    ----------------------------------------------------------------------

      Code (inc. data)   RO Data    RW Data    ZI Data      Debug   Library Member Name

        60          8          0          0          0         84   __0sscanf.o
        90          0          0          0          0          0   __dczerorl2.o
         8          0          0          0          0         68   __main.o
       284          0          0          0          0        156   __printf_wp.o
         0          0          0          0          0          0   __rtentry.o
        12          0          0          0          0          0   __rtentry2.o
         6          0          0          0          0          0   __rtentry4.o
        52          8          0          0          0          0   __scatter.o
        28          0          0          0          0          0   __scatter_zi.o
        28          0          0          0          0         68   _chval.o
        44          0          0          0          0        108   _printf_char.o
        48          6          0          0          0         96   _printf_char_common.o
        36          4          0          0          0         80   _printf_char_file.o
         0          0          0          0          0          0   _printf_percent.o
         4          0          0          0          0          0   _printf_percent_end.o
         6          0          0          0          0          0   _printf_s.o
        82          0          0          0          0         80   _printf_str.o
        22          0          0          0          0        100   _rserrno.o
       884          6          0          0          0        100   _scanf.o
       332          0          0          0          0         96   _scanf_int.o
       224          0          0          0          0         96   _scanf_str.o
        64          0          0          0          0         84   _sgetc.o
        10          0          0          0          0         68   _sputc.o
       158          0          0          0          0         92   _strtoul.o
        16          0          0          0          0         68   aeabi_memset.o
        26          0          0          0          0         80   atoi.o
        12          0          0          0          0         72   exit.o
         8          0          0          0          0         68   ferror.o
         6          0          0          0          0        152   heapauxi.o
        18          0          0          0          0         76   isspace.o
        44         10        272          0          0         76   lc_ctype_c.o
         2          0          0          0          0          0   libinit.o
        24          0          0          0          0          0   libinit2.o
         2          0          0          0          0          0   libshutdown.o
         2          0          0          0          0          0   libshutdown2.o
         8          4          0          0         96         68   libspace.o
        24          4          0          0          0         84   noretval__2printf.o
        40          6          0          0          0         84   noretval__2sprintf.o
        16          4          0          0          0         76   rt_ctype_table.o
         8          4          0          0          0         68   rt_errno_addr_intlibspace.o
         8          4          0          0          0         68   rt_locale_intlibspace.o
        68          0          0          0          0         68   rt_memclr.o
        78          0          0          0          0         80   rt_memclr_w.o
       138          0          0          0          0         68   rt_memcpy_v6.o
       100          0          0          0          0         80   rt_memcpy_w.o
         2          0          0          0          0          0   rtexit.o
        10          0          0          0          0          0   rtexit2.o
        44          8          0          0          0         84   scanf_char.o
       128          0          0          0          0         68   strcmpv7m.o
        62          0          0          0          0         76   strlen.o
       150          0          0          0          0         80   strncmp.o
        86          0          0          0          0         76   strncpy.o
        36          0          0          0          0         80   strstr.o
       112          0          0          0          0         88   strtol.o
        74          0          0          0          0         80   sys_stackheap_outer.o
         2          0          0          0          0         68   use_no_semi.o
         2          0          0          0          0         68   use_no_semi_2.o
        24          0          0          0          0        164   basic.o
       826         16          0          0          0        492   daddsub_clz.o
        24          0          0          0          0        116   dcmpi.o
       688        140          0          0          0        256   ddiv.o
        94          4          0          0          0        140   dfix.o
        90          4          0          0          0        140   dfixu.o
        84          0          0          0          0        232   dflt_clz.o
       120          4          0          0          0        140   dleqf.o
       340         12          0          0          0        152   dmul.o
       156          4          0          0          0        140   dnaninf.o
        12          0          0          0          0        116   dretinf.o
       108          0          0          0          0        128   drleqf.o
       408         56          0          0          0        168   dsqrt_umaal.o
        10          0          0          0          0        116   fpinit.o
         0          0          0          0          0          0   usenofp.o
       856        118         80          0          0        288   acos.o
       864         94         80          0          0        280   asin.o
       200         20          0          0          0        164   cos.o
       368         46         48          0          0        200   cos_i.o
        84         16          0          0          0        372   dunder.o
        24          0          0          0          0        124   fabs.o
        48          0          0          0          0        124   fpclassify.o
       248          0          0          0          0        152   poly.o
      1080        142        200          0          0        188   rred.o
       200         20          0          0          0        164   sin.o
       304         24         40          0          0        208   sin_i.o
       110          0          0          0          0        148   sqrt.o

    ----------------------------------------------------------------------
     11234        796        720          0         96       8392   Library Totals
        26          0          0          0          0          0   (incl. Padding)

    ----------------------------------------------------------------------

      Code (inc. data)   RO Data    RW Data    ZI Data      Debug   Library Name

      3838         76        272          0         96       3480   c_w.l
      2984        240          0          0          0       2500   fz_wm.l
      4386        480        448          0          0       2412   m_wm.l

    ----------------------------------------------------------------------
     11234        796        720          0         96       8392   Library Totals

    ----------------------------------------------------------------------

==============================================================================


      Code (inc. data)   RO Data    RW Data    ZI Data      Debug   

     50252       5016       1808        372     165380     673666   Grand Totals
     50252       5016       1808         56     165380     673666   ELF Image Totals (compressed)
     50252       5016       1808         56          0          0   ROM Totals

==============================================================================

    Total RO  Size (Code + RO Data)                52060 (  50.84kB)
    Total RW  Size (RW Data + ZI Data)            165752 ( 161.87kB)
    Total ROM Size (Code + RO Data + RW Data)      52116 (  50.89kB)

==============================================================================

