Component: ARM Compiler 5.05 update 1 (build 106) Tool: armlink [4d0efa]

==============================================================================

Section Cross References

    startup_stm32f40_41xxx.o(STACK) refers (Special) to heapauxi.o(.text) for __use_two_region_memory
    startup_stm32f40_41xxx.o(HEAP) refers (Special) to heapauxi.o(.text) for __use_two_region_memory
    startup_stm32f40_41xxx.o(RESET) refers (Special) to heapauxi.o(.text) for __use_two_region_memory
    startup_stm32f40_41xxx.o(RESET) refers to startup_stm32f40_41xxx.o(STACK) for __initial_sp
    startup_stm32f40_41xxx.o(RESET) refers to startup_stm32f40_41xxx.o(.text) for Reset_Handler
    startup_stm32f40_41xxx.o(RESET) refers to stm32f4xx_it.o(i.NMI_Handler) for NMI_Handler
    startup_stm32f40_41xxx.o(RESET) refers to stm32f4xx_it.o(i.HardFault_Handler) for HardFault_Handler
    startup_stm32f40_41xxx.o(RESET) refers to stm32f4xx_it.o(i.MemManage_Handler) for MemManage_Handler
    startup_stm32f40_41xxx.o(RESET) refers to stm32f4xx_it.o(i.BusFault_Handler) for BusFault_Handler
    startup_stm32f40_41xxx.o(RESET) refers to stm32f4xx_it.o(i.UsageFault_Handler) for UsageFault_Handler
    startup_stm32f40_41xxx.o(RESET) refers to port.o(.emb_text) for vPortSVCHandler
    startup_stm32f40_41xxx.o(RESET) refers to stm32f4xx_it.o(i.DebugMon_Handler) for DebugMon_Handler
    startup_stm32f40_41xxx.o(RESET) refers to port.o(i.xPortSysTickHandler) for xPortSysTickHandler
    startup_stm32f40_41xxx.o(RESET) refers to gsm.o(i.DMA1_Stream3_IRQHandler) for DMA1_Stream3_IRQHandler
    startup_stm32f40_41xxx.o(RESET) refers to ballast_comm.o(i.DMA1_Stream4_IRQHandler) for DMA1_Stream4_IRQHandler
    startup_stm32f40_41xxx.o(RESET) refers to electric.o(i.USART1_IRQHandler) for USART1_IRQHandler
    startup_stm32f40_41xxx.o(RESET) refers to gsm.o(i.USART3_IRQHandler) for USART3_IRQHandler
    startup_stm32f40_41xxx.o(RESET) refers to ballast_comm.o(i.UART4_IRQHandler) for UART4_IRQHandler
    startup_stm32f40_41xxx.o(RESET) refers to electric.o(i.DMA2_Stream7_IRQHandler) for DMA2_Stream7_IRQHandler
    startup_stm32f40_41xxx.o(RESET) refers to sys_debug.o(i.USART6_IRQHandler) for USART6_IRQHandler
    startup_stm32f40_41xxx.o(.text) refers (Special) to heapauxi.o(.text) for __use_two_region_memory
    startup_stm32f40_41xxx.o(.text) refers to system_stm32f4xx.o(i.SystemInit) for SystemInit
    startup_stm32f40_41xxx.o(.text) refers to __main.o(!!!main) for __main
    startup_stm32f40_41xxx.o(.text) refers to startup_stm32f40_41xxx.o(HEAP) for Heap_Mem
    startup_stm32f40_41xxx.o(.text) refers to startup_stm32f40_41xxx.o(STACK) for Stack_Mem
    system_stm32f4xx.o(i.SystemCoreClockUpdate) refers to system_stm32f4xx.o(.data) for SystemCoreClock
    system_stm32f4xx.o(i.SystemInit) refers to system_stm32f4xx.o(i.SetSysClock) for SetSysClock
    stm32f4xx_gpio.o(i.GPIO_DeInit) refers to stm32f4xx_rcc.o(i.RCC_AHB1PeriphResetCmd) for RCC_AHB1PeriphResetCmd
    stm32f4xx_pwr.o(i.PWR_DeInit) refers to stm32f4xx_rcc.o(i.RCC_APB1PeriphResetCmd) for RCC_APB1PeriphResetCmd
    stm32f4xx_rcc.o(i.RCC_GetClocksFreq) refers to stm32f4xx_rcc.o(.data) for APBAHBPrescTable
    stm32f4xx_rcc.o(i.RCC_WaitForHSEStartUp) refers to stm32f4xx_rcc.o(i.RCC_GetFlagStatus) for RCC_GetFlagStatus
    stm32f4xx_usart.o(i.USART_DeInit) refers to stm32f4xx_rcc.o(i.RCC_APB2PeriphResetCmd) for RCC_APB2PeriphResetCmd
    stm32f4xx_usart.o(i.USART_DeInit) refers to stm32f4xx_rcc.o(i.RCC_APB1PeriphResetCmd) for RCC_APB1PeriphResetCmd
    stm32f4xx_usart.o(i.USART_Init) refers to stm32f4xx_rcc.o(i.RCC_GetClocksFreq) for RCC_GetClocksFreq
    stm32f4xx_flash.o(i.FLASH_EraseAllBank1Sectors) refers to stm32f4xx_flash.o(i.FLASH_WaitForLastOperation) for FLASH_WaitForLastOperation
    stm32f4xx_flash.o(i.FLASH_EraseAllBank2Sectors) refers to stm32f4xx_flash.o(i.FLASH_WaitForLastOperation) for FLASH_WaitForLastOperation
    stm32f4xx_flash.o(i.FLASH_EraseAllSectors) refers to stm32f4xx_flash.o(i.FLASH_WaitForLastOperation) for FLASH_WaitForLastOperation
    stm32f4xx_flash.o(i.FLASH_EraseSector) refers to stm32f4xx_flash.o(i.FLASH_WaitForLastOperation) for FLASH_WaitForLastOperation
    stm32f4xx_flash.o(i.FLASH_OB_Launch) refers to stm32f4xx_flash.o(i.FLASH_WaitForLastOperation) for FLASH_WaitForLastOperation
    stm32f4xx_flash.o(i.FLASH_OB_PCROP1Config) refers to stm32f4xx_flash.o(i.FLASH_WaitForLastOperation) for FLASH_WaitForLastOperation
    stm32f4xx_flash.o(i.FLASH_OB_PCROPConfig) refers to stm32f4xx_flash.o(i.FLASH_WaitForLastOperation) for FLASH_WaitForLastOperation
    stm32f4xx_flash.o(i.FLASH_OB_RDPConfig) refers to stm32f4xx_flash.o(i.FLASH_WaitForLastOperation) for FLASH_WaitForLastOperation
    stm32f4xx_flash.o(i.FLASH_OB_UserConfig) refers to stm32f4xx_flash.o(i.FLASH_WaitForLastOperation) for FLASH_WaitForLastOperation
    stm32f4xx_flash.o(i.FLASH_OB_WRP1Config) refers to stm32f4xx_flash.o(i.FLASH_WaitForLastOperation) for FLASH_WaitForLastOperation
[...]
    GSMInit                                  0x08003add   Thumb Code    78  gsm.o(i.GSMInit)
    G_sun                                    0x08003d9d   Thumb Code    56  lat_longitude.o(i.G_sun)
    GatewayAddrCheck                         0x08003de5   Thumb Code    72  gateway_protocol.o(i.GatewayAddrCheck)
    GsmDMA_TxBuff                            0x08003f99   Thumb Code   140  gsm.o(i.GsmDMA_TxBuff)
    GsmStartConnect                          0x08004099   Thumb Code   328  gsm.o(i.GsmStartConnect)
    HandleAdjustTime                         0x080043e5   Thumb Code   310  gateway_protocol.o(i.HandleAdjustTime)
    HandleBranchOnOff                        0x08004521   Thumb Code    58  gateway_protocol.o(i.HandleBranchOnOff)
    HandleElecVersQuery                      0x08004561   Thumb Code    48  gateway_protocol.o(i.HandleElecVersQuery)
    HandleGWAddrQuery                        0x08004591   Thumb Code    60  gateway_protocol.o(i.HandleGWAddrQuery)
    HandleGWDataQuery                        0x080045cd   Thumb Code    48  gateway_protocol.o(i.HandleGWDataQuery)
    HandleGWUpgrade                          0x080045fd   Thumb Code     2  gateway_protocol.o(i.HandleGWUpgrade)
    HandleGWVersQuery                        0x08004601   Thumb Code    76  gateway_protocol.o(i.HandleGWVersQuery)
    HandleGatewayParam                       0x08004669   Thumb Code   164  gateway_protocol.o(i.HandleGatewayParam)
    HandleLampDimmer                         0x0800470d   Thumb Code   408  gateway_protocol.o(i.HandleLampDimmer)
    HandleLampOnOff                          0x080048a9   Thumb Code   390  gateway_protocol.o(i.HandleLampOnOff)
    HandleLampParam                          0x08004a35   Thumb Code   626  gateway_protocol.o(i.HandleLampParam)
    HandleLampStrategy                       0x08004cb5   Thumb Code   188  gateway_protocol.o(i.HandleLampStrategy)
    HandleReadBSNData                        0x08004d7d   Thumb Code   358  gateway_protocol.o(i.HandleReadBSNData)
    HandleRestart                            0x08004ee3   Thumb Code   114  gateway_protocol.o(i.HandleRestart)
    HandleSend                               0x08004f55   Thumb Code    58  gateway_protocol.o(i.HandleSend)
    HandleSetIPPort                          0x08004f91   Thumb Code   258  gateway_protocol.o(i.HandleSetIPPort)
    HandleSignalQuality                      0x080050c5   Thumb Code    72  gateway_protocol.o(i.HandleSignalQuality)
    HandleTunnelStrategy                     0x08005121   Thumb Code    88  gateway_protocol.o(i.HandleTunnelStrategy)
    HandleUnitLightParamReply                0x08005179   Thumb Code     8  ballast_protocol.o(i.HandleUnitLightParamReply)
    HandleUnitReadDataReply                  0x08005185   Thumb Code   948  ballast_protocol.o(i.HandleUnitReadDataReply)
    HandleUnitRunBack                        0x0800554d   Thumb Code    92  gateway_protocol.o(i.HandleUnitRunBack)
    HandleUnitStrategyReply                  0x080055a9   Thumb Code     8  ballast_protocol.o(i.HandleUnitStrategyReply)
    HardFault_Handler                        0x080055b5   Thumb Code     4  stm32f4xx_it.o(i.HardFault_Handler)
    InitUpTime                               0x080055e1   Thumb Code   314  time_plan.o(i.InitUpTime)
    KM_CtrlInit                              0x08005721   Thumb Code    50  km_ctrl.o(i.KM_CtrlInit)
    KM_OnOff                                 0x08005835   Thumb Code   260  km_ctrl.o(i.KM_OnOff)
    KM_StateInit                             0x08005949   Thumb Code    24  km_ctrl.o(i.KM_StateInit)
    KM_Unit_branch_state                     0x08005961   Thumb Code   128  km_ctrl.o(i.KM_Unit_branch_state)
    L_sun                                    0x080059ed   Thumb Code    56  lat_longitude.o(i.L_sun)
    LampAttrSort                             0x08005a35   Thumb Code   250  table_process.o(i.LampAttrSort)
    LampParamReload                          0x08005b39   Thumb Code   184  ballast_protocol.o(i.LampParamReload)
    LampRunCtrlTableClear                    0x08005bf9   Thumb Code    52  table_process.o(i.LampRunCtrlTableClear)
    LampSortFunction                         0x08005c31   Thumb Code   296  table_process.o(i.LampSortFunction)
    LampStrategyReload                       0x08005d65   Thumb Code   294  ballast_protocol.o(i.LampStrategyReload)
    LampTimeReload                           0x08005e95   Thumb Code   444  ballast_protocol.o(i.LampTimeReload)
    Lamp_Protocol_Check                      0x08006055   Thumb Code    78  ballast_protocol.o(i.Lamp_Protocol_Check)
    MemManage_Handler                        0x080060a3   Thumb Code     4  stm32f4xx_it.o(i.MemManage_Handler)
    MemStorage_Convert                       0x080060a7   Thumb Code    24  norflash.o(i.MemStorage_Convert)
    NMI_Handler                              0x080060bf   Thumb Code     2  stm32f4xx_it.o(i.NMI_Handler)
    NVIC_Init                                0x080060c1   Thumb Code   106  misc.o(i.NVIC_Init)
    NVIC_PriorityGroupConfig                 0x08006139   Thumb Code    10  misc.o(i.NVIC_PriorityGroupConfig)
    NetTimeCentury                           0x080061c5   Thumb Code   112  rtc.o(i.NetTimeCentury)
    NorFlashCheck                            0x08006259   Thumb Code   282  sys_debug.o(i.NorFlashCheck)
    NorFlashDataInit                         0x080063d9   Thumb Code   124  norflash.o(i.NorFlashDataInit)
    NorFlashEraseBlock                       0x08006479   Thumb Code    58  norflash.o(i.NorFlashEraseBlock)
    NorFlashEraseChip                        0x080064dd   Thumb Code    54  norflash.o(i.NorFlashEraseChip)
    NorFlashEraseSector                      0x08006539   Thumb Code    58  norflash.o(i.NorFlashEraseSector)
    NorFlashInit                             0x0800659d   Thumb Code    22  norflash.o(i.NorFlashInit)
    NorFlashRead                             0x080065b9   Thumb Code    54  norflash.o(i.NorFlashRead)
    NorFlashWrite                            0x080065f5   Thumb Code    86  norflash.o(i.NorFlashWrite)
    NorflashDataCheck                        0x08006691   Thumb Code    38  norflash.o(i.NorflashDataCheck)
    OtherTaskSuspend                         0x080066b9   Thumb Code    44  sys_debug.o(i.OtherTaskSuspend)
    PWR_BackupAccessCmd                      0x080066f9   Thumb Code     6  stm32f4xx_pwr.o(i.PWR_BackupAccessCmd)
    QueryNextAddr                            0x08006705   Thumb Code   276  ballast_protocol.o(i.QueryNextAddr)
    RCC_AHB1PeriphClockCmd                   0x08006839   Thumb Code    26  stm32f4xx_rcc.o(i.RCC_AHB1PeriphClockCmd)
    RCC_AHB3PeriphClockCmd                   0x08006859   Thumb Code    26  stm32f4xx_rcc.o(i.RCC_AHB3PeriphClockCmd)
    RCC_APB1PeriphClockCmd                   0x08006879   Thumb Code    26  stm32f4xx_rcc.o(i.RCC_APB1PeriphClockCmd)
    RCC_APB2PeriphClockCmd                   0x08006899   Thumb Code    26  stm32f4xx_rcc.o(i.RCC_APB2PeriphClockCmd)
    RCC_GetClocksFreq                        0x080068b9   Thumb Code   214  stm32f4xx_rcc.o(i.RCC_GetClocksFreq)
    RCC_GetFlagStatus                        0x080069a1   Thumb Code    60  stm32f4xx_rcc.o(i.RCC_GetFlagStatus)
    RCC_LSEConfig                            0x080069e1   Thumb Code    40  stm32f4xx_rcc.o(i.RCC_LSEConfig)
    RCC_RTCCLKCmd                            0x08006a0d   Thumb Code     6  stm32f4xx_rcc.o(i.RCC_RTCCLKCmd)
    RCC_RTCCLKConfig                         0x08006a19   Thumb Code    50  stm32f4xx_rcc.o(i.RCC_RTCCLKConfig)
    RTC_BackUpCheck                          0x08006a55   Thumb Code    80  rtc.o(i.RTC_BackUpCheck)
    RTC_EnterInitMode                        0x08006ae1   Thumb Code    76  stm32f4xx_rtc.o(i.RTC_EnterInitMode)
    RTC_ExitInitMode                         0x08006b31   Thumb Code    14  stm32f4xx_rtc.o(i.RTC_ExitInitMode)
    RTC_GetDate                              0x08006b45   Thumb Code    68  stm32f4xx_rtc.o(i.RTC_GetDate)
    RTC_GetTime                              0x08006b91   Thumb Code    72  stm32f4xx_rtc.o(i.RTC_GetTime)
    RTC_Init                                 0x08006be1   Thumb Code    94  stm32f4xx_rtc.o(i.RTC_Init)
    RTC_ReadBackupRegister                   0x08006c45   Thumb Code    26  stm32f4xx_rtc.o(i.RTC_ReadBackupRegister)
    RTC_SetDate                              0x08006c65   Thumb Code   190  stm32f4xx_rtc.o(i.RTC_SetDate)
    RTC_SetTime                              0x08006d2d   Thumb Code   198  stm32f4xx_rtc.o(i.RTC_SetTime)
    RTC_TimeToChar                           0x08006dfd   Thumb Code   184  gateway_protocol.o(i.RTC_TimeToChar)
    RTC_WaitForSynchro                       0x08006eb5   Thumb Code    92  stm32f4xx_rtc.o(i.RTC_WaitForSynchro)
    RTC_WriteBackupRegister                  0x08006f15   Thumb Code    24  stm32f4xx_rtc.o(i.RTC_WriteBackupRegister)
    ReadRTC_Time                             0x08006f31   Thumb Code   150  rtc.o(i.ReadRTC_Time)
    ReadUnitData                             0x08006fcd   Thumb Code   160  ballast_protocol.o(i.ReadUnitData)
    RelinkTCP                                0x08007075   Thumb Code    84  gsm.o(i.RelinkTCP)
    RtcInit                                  0x08007119   Thumb Code   108  rtc.o(i.RtcInit)
    SendMsgToSim                             0x08007189   Thumb Code   164  gsm.o(i.SendMsgToSim)
    SimSendData                              0x0800779d   Thumb Code    86  gsm.o(i.SimSendData)
    SwitchToCommand                          0x08007815   Thumb Code    72  gsm.o(i.SwitchToCommand)
    SwitchToData                             0x0800787d   Thumb Code    36  gsm.o(i.SwitchToData)
    SystemInit                               0x080078c9   Thumb Code    88  system_stm32f4xx.o(i.SystemInit)
    TimePlanInit                             0x08007979   Thumb Code    32  time_plan.o(i.TimePlanInit)
    TunnelStrategyRun                        0x080079b1   Thumb Code   160  table_process.o(i.TunnelStrategyRun)
    TunnelStrategyRunInit                    0x08007a51   Thumb Code    40  time_plan.o(i.TunnelStrategyRunInit)
    UART4_IRQHandler                         0x08007a7d   Thumb Code   132  ballast_comm.o(i.UART4_IRQHandler)
    USART1_IRQHandler                        0x08007b11   Thumb Code   132  electric.o(i.USART1_IRQHandler)
    USART3_IRQHandler                        0x08007ba5   Thumb Code   298  gsm.o(i.USART3_IRQHandler)
    USART6_IRQHandler                        0x08007ce9   Thumb Code   130  sys_debug.o(i.USART6_IRQHandler)
    USART_Cmd                                0x08007d7d   Thumb Code    24  stm32f4xx_usart.o(i.USART_Cmd)
    USART_DMACmd                             0x08007d95   Thumb Code    18  stm32f4xx_usart.o(i.USART_DMACmd)
    USART_GetITStatus                        0x08007da7   Thumb Code    84  stm32f4xx_usart.o(i.USART_GetITStatus)
    USART_ITConfig                           0x08007dfb   Thumb Code    74  stm32f4xx_usart.o(i.USART_ITConfig)
    USART_Init                               0x08007e45   Thumb Code   204  stm32f4xx_usart.o(i.USART_Init)
    USART_ReceiveData                        0x08007f19   Thumb Code    10  stm32f4xx_usart.o(i.USART_ReceiveData)
    UT_rise                                  0x08007f23   Thumb Code    84  lat_longitude.o(i.UT_rise)
    UT_set                                   0x08007f77   Thumb Code    84  lat_longitude.o(i.UT_set)
    UartDebugHardwareInit                    0x08008021   Thumb Code   214  uart_debug.o(i.UartDebugHardwareInit)
    UartDebugInit                            0x08008101   Thumb Code    16  sys_debug.o(i.UartDebugInit)
    UnitComm1DMA_TxBuff                      0x08008111   Thumb Code    84  ballast_comm.o(i.UnitComm1DMA_TxBuff)
    UnitDimmmingCtrl                         0x08008171   Thumb Code   140  ballast_protocol.o(i.UnitDimmmingCtrl)
    UnitOnOffCtrl                            0x080081fd   Thumb Code   122  ballast_protocol.o(i.UnitOnOffCtrl)
    UpdataNetTime                            0x08008279   Thumb Code   378  rtc.o(i.UpdataNetTime)
    UsageFault_Handler                       0x08008421   Thumb Code     4  stm32f4xx_it.o(i.UsageFault_Handler)
    WGConfigCheck                            0x08008425   Thumb Code    50  sys_debug.o(i.WGConfigCheck)
    WG_AlarmFlagCheck                        0x0800845d   Thumb Code   374  electric.o(i.WG_AlarmFlagCheck)
    WG_DataSample                            0x080085dd   Thumb Code   120  electric.o(i.WG_DataSample)
    WG_ParamInform                           0x08008679   Thumb Code   544  sys_debug.o(i.WG_ParamInform)
    WG_StateCheck                            0x08008ad1   Thumb Code   182  electric.o(i.WG_StateCheck)
    WG_StateClear                            0x08008b8d   Thumb Code    34  electric.o(i.WG_StateClear)
    Zone                                     0x08008bb5   Thumb Code   136  lat_longitude.o(i.Zone)
    __ARM_fpclassify                         0x08008c3d   Thumb Code    48  fpclassify.o(i.__ARM_fpclassify)
    __hardfp_acos                            0x08008c71   Thumb Code   738  acos.o(i.__hardfp_acos)
    __hardfp_asin                            0x08008fc9   Thumb Code   770  asin.o(i.__hardfp_asin)
    __hardfp_cos                             0x08009329   Thumb Code   180  cos.o(i.__hardfp_cos)
    __hardfp_sin                             0x080093f1   Thumb Code   180  sin.o(i.__hardfp_sin)
    __ieee754_rem_pio2                       0x080094b9   Thumb Code   938  rred.o(i.__ieee754_rem_pio2)
    __kernel_cos                             0x080098f1   Thumb Code   322  cos_i.o(i.__kernel_cos)
    __kernel_poly                            0x08009a61   Thumb Code   248  poly.o(i.__kernel_poly)
    __kernel_sin                             0x08009b59   Thumb Code   280  sin_i.o(i.__kernel_sin)
    __mathlib_dbl_infnan                     0x08009c89   Thumb Code    20  dunder.o(i.__mathlib_dbl_infnan)
    __mathlib_dbl_invalid                    0x08009ca1   Thumb Code    24  dunder.o(i.__mathlib_dbl_invalid)
    __mathlib_dbl_underflow                  0x08009cc1   Thumb Code    24  dunder.o(i.__mathlib_dbl_underflow)
    _is_digit                                0x08009ce1   Thumb Code    14  __printf_wp.o(i._is_digit)
    _sys_exit                                0x08009cef   Thumb Code     4  uart_debug.o(i._sys_exit)
    addr_index_ctrl                          0x08009cf5   Thumb Code   226  table_process.o(i.addr_index_ctrl)
    branch_attr_ctrl                         0x08009de1   Thumb Code   152  table_process.o(i.branch_attr_ctrl)
    branch_quick_sort                        0x08009e7d   Thumb Code   216  table_process.o(i.branch_quick_sort)
    chr2hex                                  0x08009f59   Thumb Code    54  common.o(i.chr2hex)
    clear_unit_buff                          0x08009f91   Thumb Code   298  ballast_protocol.o(i.clear_unit_buff)
    days                                     0x0800a0c5   Thumb Code   100  lat_longitude.o(i.days)
    e                                        0x0800a131   Thumb Code   428  lat_longitude.o(i.e)
    earth_tilt                               0x0800a2f5   Thumb Code    56  lat_longitude.o(i.earth_tilt)
    ecliptic_longitude                       0x0800a33d   Thumb Code   220  lat_longitude.o(i.ecliptic_longitude)
    fabs                                     0x0800a441   Thumb Code    24  fabs.o(i.fabs)
    fputc                                    0x0800a459   Thumb Code    24  uart_debug.o(i.fputc)
    get_glat                                 0x0800a475   Thumb Code   240  lat_longitude.o(i.get_glat)
    get_glong                                0x0800a585   Thumb Code   240  lat_longitude.o(i.get_glong)
    hex2chr                                  0x0800a695   Thumb Code    34  common.o(i.hex2chr)
    leap_year                                0x0800a6b7   Thumb Code    50  lat_longitude.o(i.leap_year)
    main                                     0x0800a6e9   Thumb Code    58  main.o(i.main)
    pcTaskGetTaskName                        0x0800a725   Thumb Code    20  tasks.o(i.pcTaskGetTaskName)
    pluse_hold_time                          0x0800a73d   Thumb Code    12  km_ctrl.o(i.pluse_hold_time)
    pole_quick_sort                          0x0800a749   Thumb Code   220  table_process.o(i.pole_quick_sort)
    printf_buff                              0x0800a829   Thumb Code   104  sys_debug.o(i.printf_buff)
    printf_str                               0x0800a8a5   Thumb Code    90  sys_debug.o(i.printf_str)
    pvPortMalloc                             0x0800ad29   Thumb Code   164  heap_2.o(i.pvPortMalloc)
    pvTaskIncrementMutexHeldCount            0x0800ade1   Thumb Code    26  tasks.o(i.pvTaskIncrementMutexHeldCount)
    pxPortInitialiseStack                    0x0800ae01   Thumb Code    34  port.o(i.pxPortInitialiseStack)
    resule_convert                           0x0800ae29   Thumb Code   932  lat_longitude.o(i.resule_convert)
    result_rise                              0x0800b1e9   Thumb Code   586  lat_longitude.o(i.result_rise)
    result_set                               0x0800b441   Thumb Code   586  lat_longitude.o(i.result_set)
    rise_set                                 0x0800b699   Thumb Code   988  lat_longitude.o(i.rise_set)
    segment_quick_sort                       0x0800ba89   Thumb Code   220  table_process.o(i.segment_quick_sort)
    sqrt                                     0x0800bb69   Thumb Code   110  sqrt.o(i.sqrt)
    sun_deviation                            0x0800bbd9   Thumb Code   164  lat_longitude.o(i.sun_deviation)
    t_century                                0x0800bc8d   Thumb Code    80  lat_longitude.o(i.t_century)
    unit_addr_check                          0x0800bced   Thumb Code    96  gateway_protocol.o(i.unit_addr_check)
    unit_ctrl                                0x0800bd4d   Thumb Code   836  gateway_protocol.o(i.unit_ctrl)
    unit_state_ctrl                          0x0800c0a5   Thumb Code   152  ballast_protocol.o(i.unit_state_ctrl)
    uxListRemove                             0x0800c141   Thumb Code    40  list.o(i.uxListRemove)
    uxQueueMessagesWaiting                   0x0800c169   Thumb Code    18  queue.o(i.uxQueueMessagesWaiting)
    vApplicationStackOverflowHook            0x0800c17d   Thumb Code    34  freertos_hook.o(i.vApplicationStackOverflowHook)
    vApplicationTickHook                     0x0800c1c5   Thumb Code     2  freertos_hook.o(i.vApplicationTickHook)
    vListInitialise                          0x0800c7a1   Thumb Code    26  list.o(i.vListInitialise)
    vListInitialiseItem                      0x0800c7bb   Thumb Code     6  list.o(i.vListInitialiseItem)
    vListInsert                              0x0800c7c1   Thumb Code    52  list.o(i.vListInsert)
    vListInsertEnd                           0x0800c7f5   Thumb Code    24  list.o(i.vListInsertEnd)
    vPortEnterCritical                       0x0800c80d   Thumb Code    30  port.o(i.vPortEnterCritical)
    vPortExitCritical                        0x0800c831   Thumb Code    28  port.o(i.vPortExitCritical)
    vPortFree                                0x0800c851   Thumb Code    56  heap_2.o(i.vPortFree)
    vPortSetupTimerInterrupt                 0x0800c891   Thumb Code    14  port.o(i.vPortSetupTimerInterrupt)
    vTaskDelay                               0x0800c8a5   Thumb Code    84  tasks.o(i.vTaskDelay)
    vTaskMissedYield                         0x0800c909   Thumb Code     8  tasks.o(i.vTaskMissedYield)
    vTaskPlaceOnEventList                    0x0800c915   Thumb Code    84  tasks.o(i.vTaskPlaceOnEventList)
    vTaskPriorityInherit                     0x0800c979   Thumb Code   164  tasks.o(i.vTaskPriorityInherit)
    vTaskResume                              0x0800ca29   Thumb Code    82  tasks.o(i.vTaskResume)
    vTaskSetTimeOutState                     0x0800ca89   Thumb Code    14  tasks.o(i.vTaskSetTimeOutState)
    vTaskStartScheduler                      0x0800caa1   Thumb Code    74  tasks.o(i.vTaskStartScheduler)
    vTaskSuspend                             0x0800cb05   Thumb Code   162  tasks.o(i.vTaskSuspend)
    vTaskSuspendAll                          0x0800cbc5   Thumb Code    12  tasks.o(i.vTaskSuspendAll)
    vTaskSwitchContext                       0x0800cbd5   Thumb Code   132  tasks.o(i.vTaskSwitchContext)
    xPortStartScheduler                      0x0800ce09   Thumb Code    58  port.o(i.xPortStartScheduler)
    xPortSysTickHandler                      0x0800ce51   Thumb Code    48  port.o(i.xPortSysTickHandler)
    xQueueCreateMutex                        0x0800ce85   Thumb Code    72  queue.o(i.xQueueCreateMutex)
    xQueueGenericCreate                      0x0800cecd   Thumb Code    70  queue.o(i.xQueueGenericCreate)
    xQueueGenericReceive                     0x0800cf15   Thumb Code   280  queue.o(i.xQueueGenericReceive)
    xQueueGenericReset                       0x0800d031   Thumb Code   102  queue.o(i.xQueueGenericReset)
    xQueueGenericSend                        0x0800d099   Thumb Code   234  queue.o(i.xQueueGenericSend)
    xQueueGenericSendFromISR                 0x0800d189   Thumb Code   126  queue.o(i.xQueueGenericSendFromISR)
    xQueueGiveFromISR                        0x0800d207   Thumb Code   110  queue.o(i.xQueueGiveFromISR)
    xTaskCheckForTimeOut                     0x0800d275   Thumb Code    84  tasks.o(i.xTaskCheckForTimeOut)
    xTaskGenericCreate                       0x0800d2d1   Thumb Code   216  tasks.o(i.xTaskGenericCreate)
    xTaskGetCurrentTaskHandle                0x0800d3c1   Thumb Code     6  tasks.o(i.xTaskGetCurrentTaskHandle)
    xTaskGetTickCount                        0x0800d3cd   Thumb Code     6  tasks.o(i.xTaskGetTickCount)
    xTaskIncrementTick                       0x0800d3d9   Thumb Code   212  tasks.o(i.xTaskIncrementTick)
    xTaskPriorityDisinherit                  0x0800d4d1   Thumb Code   122  tasks.o(i.xTaskPriorityDisinherit)
    xTaskRemoveFromEventList                 0x0800d555   Thumb Code   104  tasks.o(i.xTaskRemoveFromEventList)
    xTaskResumeAll                           0x0800d5d5   Thumb Code   176  tasks.o(i.xTaskResumeAll)
    zigbee_config                            0x0800d6a5   Thumb Code     2  gateway_protocol.o(i.zigbee_config)
    _get_lc_ctype                            0x0800d6a9   Thumb Code    44  lc_ctype_c.o(locale$$code)
    _get_lc_numeric                          0x0800d6d5   Thumb Code    44  lc_numeric_c.o(locale$$code)
    __aeabi_dneg                             0x0800d701   Thumb Code     0  basic.o(x$fpl$basic)
    _dneg                                    0x0800d701   Thumb Code     6  basic.o(x$fpl$basic)
    __aeabi_fneg                             0x0800d707   Thumb Code     0  basic.o(x$fpl$basic)
    _fneg                                    0x0800d707   Thumb Code     6  basic.o(x$fpl$basic)
    _dabs                                    0x0800d70d   Thumb Code     6  basic.o(x$fpl$basic)
    _fabs                                    0x0800d713   Thumb Code     6  basic.o(x$fpl$basic)
    __aeabi_dadd                             0x0800d719   Thumb Code     0  daddsub_clz.o(x$fpl$dadd)
    _dadd                                    0x0800d719   Thumb Code   332  daddsub_clz.o(x$fpl$dadd)
    __fpl_dcmp_Inf                           0x0800d869   Thumb Code    24  dcmpi.o(x$fpl$dcmpinf)
    __aeabi_ddiv                             0x0800d881   Thumb Code     0  ddiv.o(x$fpl$ddiv)
    _ddiv                                    0x0800d881   Thumb Code   552  ddiv.o(x$fpl$ddiv)
    __aeabi_d2iz                             0x0800db31   Thumb Code     0  dfix.o(x$fpl$dfix)
    _dfix                                    0x0800db31   Thumb Code    94  dfix.o(x$fpl$dfix)
    __aeabi_d2uiz                            0x0800db91   Thumb Code     0  dfixu.o(x$fpl$dfixu)
    _dfixu                                   0x0800db91   Thumb Code    90  dfixu.o(x$fpl$dfixu)
    __aeabi_i2d                              0x0800dbeb   Thumb Code     0  dflt_clz.o(x$fpl$dflt)
    _dflt                                    0x0800dbeb   Thumb Code    46  dflt_clz.o(x$fpl$dflt)
    __aeabi_ui2d                             0x0800dc19   Thumb Code     0  dflt_clz.o(x$fpl$dfltu)
    _dfltu                                   0x0800dc19   Thumb Code    38  dflt_clz.o(x$fpl$dfltu)
    __aeabi_cdcmple                          0x0800dc41   Thumb Code     0  dleqf.o(x$fpl$dleqf)
    _dcmple                                  0x0800dc41   Thumb Code   120  dleqf.o(x$fpl$dleqf)
    __fpl_dcmple_InfNaN                      0x0800dca3   Thumb Code     0  dleqf.o(x$fpl$dleqf)
    __aeabi_dmul                             0x0800dcb9   Thumb Code     0  dmul.o(x$fpl$dmul)
    _dmul                                    0x0800dcb9   Thumb Code   332  dmul.o(x$fpl$dmul)
    __fpl_dnaninf                            0x0800de0d   Thumb Code   156  dnaninf.o(x$fpl$dnaninf)
    __fpl_dretinf                            0x0800dea9   Thumb Code    12  dretinf.o(x$fpl$dretinf)
    __aeabi_cdrcmple                         0x0800deb5   Thumb Code     0  drleqf.o(x$fpl$drleqf)
    _drcmple                                 0x0800deb5   Thumb Code   108  drleqf.o(x$fpl$drleqf)
    __aeabi_drsub                            0x0800df21   Thumb Code     0  daddsub_clz.o(x$fpl$drsb)
    _drsb                                    0x0800df21   Thumb Code    22  daddsub_clz.o(x$fpl$drsb)
    _dsqrt                                   0x0800df39   Thumb Code   404  dsqrt_umaal.o(x$fpl$dsqrt)
    __aeabi_dsub                             0x0800e0d1   Thumb Code     0  daddsub_clz.o(x$fpl$dsub)
    _dsub                                    0x0800e0d1   Thumb Code   464  daddsub_clz.o(x$fpl$dsub)
    __aeabi_f2d                              0x0800e2a5   Thumb Code     0  f2d.o(x$fpl$f2d)
    _f2d                                     0x0800e2a5   Thumb Code    86  f2d.o(x$fpl$f2d)
    __fpl_fnaninf                            0x0800e2fb   Thumb Code   140  fnaninf.o(x$fpl$fnaninf)
    _fp_init                                 0x0800e387   Thumb Code    10  fpinit.o(x$fpl$fpinit)
    __fplib_config_fpu_vfp                   0x0800e38f   Thumb Code     0  fpinit.o(x$fpl$fpinit)
    __fplib_config_pureend_doubles           0x0800e38f   Thumb Code     0  fpinit.o(x$fpl$fpinit)
    _printf_fp_dec                           0x0800e391   Thumb Code     4  printf1.o(x$fpl$printf1)
    __I$use$fp                               0x0800e394   Number         0  usenofp.o(x$fpl$usenofp)
    Sofeware_Version                         0x0800e4ac   Data          28  main.o(.constdata)
    Complie_Time                             0x0800e4c8   Data          36  main.o(.constdata)
    Region$$Table$$Base                      0x0800e8dc   Number         0  anon$$obj.o(Region$$Table)
    Region$$Table$$Limit                     0x0800e8fc   Number         0  anon$$obj.o(Region$$Table)
    __ctype                                  0x0800e909   Data           0  lc_ctype_c.o(locale$$data)
    LampDataTempBuff                         0x10000000   Data       50000  table_process.o(.ARM.__AT_0x10000000)
    LampAttrSortTable                        0x1000c350   Data        6000  table_process.o(.ARM.__AT_0x1000C350)
    LampRunCtrlTable                         0x1000dac0   Data        4000  table_process.o(.ARM.__AT_0x1000DAC0)
    ballastComm1Tx_semaphore                 0x20000010   Data           4  ballast_comm.o(.data)
    UnitWaitFlag                             0x20000018   Data           1  ballast_comm.o(.data)
    UnitQueryState                           0x20000019   Data           1  ballast_comm.o(.data)
    xBallastComm1Task                        0x2000001c   Data           4  ballast_comm.o(.data)
    EleTx_semaphore                          0x20000020   Data           4  electric.o(.data)
    ElectricQueue                            0x20000024   Data           4  electric.o(.data)
    xElectTask                               0x20000028   Data           4  electric.o(.data)
    xGSMTaskHandle                           0x2000002c   Data           4  gsm.o(.data)
    GsmTx_semaphore                          0x20000030   Data           4  gsm.o(.data)
    GSM_GPRS_queue                           0x20000034   Data           4  gsm.o(.data)
    GSM_AT_queue                             0x20000038   Data           4  gsm.o(.data)
    FrameType_Flag                           0x20000044   Data           1  gsm.o(.data)
    xTimePlanTask                            0x20000050   Data           4  time_plan.o(.data)
    DebugMode                                0x2000005c   Data           1  sys_debug.o(.data)
    EnterTestMode                            0x20000060   Data           4  sys_debug.o(.data)
    FactoryPassword                          0x20000064   Data           4  sys_debug.o(.data)
    TestModeFlag                             0x20000068   Data           1  sys_debug.o(.data)
    QueryUnitAddrBCD                         0x2000006c   Data           2  ballast_protocol.o(.data)
    UnitErrorNum                             0x2000006e   Data           1  ballast_protocol.o(.data)
    LampQueryAddrQueue                       0x20000078   Data           4  table_process.o(.data)
    GPRSSendAddrQueue                        0x2000007c   Data           4  table_process.o(.data)
    LampAddr                                 0x20000080   Data           4  table_process.o(.data)
    KMCtrlQueue                              0x20000084   Data           4  km_ctrl.o(.data)
    xKM_vCtrlTask                            0x20000088   Data           4  km_ctrl.o(.data)
    h                                        0x20000090   Data           8  lat_longitude.o(.data)
    sun_rise                                 0x20000098   Data           8  lat_longitude.o(.data)
    sun_set                                  0x200000a0   Data           8  lat_longitude.o(.data)
    sun_time_rise                            0x200000a8   Data           8  lat_longitude.o(.data)
    sun_time_set                             0x200000b0   Data           8  lat_longitude.o(.data)
    days_of_month_1                          0x200000b8   Data          48  lat_longitude.o(.data)
    days_of_month_2                          0x200000e8   Data          48  lat_longitude.o(.data)
    pxCurrentTCB                             0x20000134   Data           4  tasks.o(.data)
    RTC_SystemRunningSemaphore               0x2000016c   Data           4  rtc.o(.data)
    NVIC_InitStructure                       0x20000170   Data           4  rtc.o(.data)
    __stdout                                 0x20000178   Data           4  uart_debug.o(.data)
    BallastComm1RxData                       0x2000017c   Data         102  ballast_comm.o(.bss)
    BallastComm1TxData                       0x200001e2   Data         102  ballast_comm.o(.bss)
    WG_AlarmFlag                             0x20000248   Data          14  electric.o(.bss)
    EleTxData                                0x20000256   Data         202  electric.o(.bss)
    EleRxData                                0x20000320   Data         202  electric.o(.bss)
    WG_ServerParameter                       0x200003ea   Data          22  gsm.o(.bss)
    GsmTxData                                0x20000400   Data         202  gsm.o(.bss)
    GsmRxData                                0x200004ca   Data         202  gsm.o(.bss)
    DebugRxData                              0x20000594   Data          52  sys_debug.o(.bss)
    AlarmParm                                0x200005c8   Data          30  gateway_protocol.o(.bss)
    sun_rise_set                             0x200005e8   Data          16  lat_longitude.o(.bss)
    __libspace_start                         0x200196c0   Data          96  libspace.o(.bss)
    __temporary_stack_top$libspace           0x20019720   Data           0  libspace.o(.bss)



==============================================================================

Memory Map of the image

  Image Entry point : 0x08000189

  Load Region LR_IROM1 (Base: 0x08000000, Size: 0x0000eba4, Max: 0x00100000, ABSOLUTE, COMPRESSED[0x0000ea64])

    Execution Region ER_IROM1 (Base: 0x08000000, Size: 0x0000ea28, Max: 0x00100000, ABSOLUTE)

    Base Addr    Size         Type   Attr      Idx    E Section Name        Object

    0x08000000   0x00000188   Data   RO            3    RESET               startup_stm32f40_41xxx.o
    0x08000188   0x00000008   Code   RO         4432  * !!!main             c_w.l(__main.o)
    0x08000190   0x00000034   Code   RO         4819    !!!scatter          c_w.l(__scatter.o)
    0x080001c4   0x0000005a   Code   RO         4817    !!dczerorl2         c_w.l(__dczerorl2.o)
    0x0800021e   0x00000002   PAD
    0x08000220   0x0000001c   Code   RO         4821    !!handler_zi        c_w.l(__scatter_zi.o)
    0x0800023c   0x00000000   Code   RO         4397    .ARM.Collect$$_printf_percent$$00000000  c_w.l(_printf_percent.o)
    0x0800023c   0x00000006   Code   RO         4396    .ARM.Collect$$_printf_percent$$00000003  c_w.l(_printf_f.o)
    0x08000242   0x00000006   Code   RO         4395    .ARM.Collect$$_printf_percent$$00000009  c_w.l(_printf_d.o)
    0x08000248   0x00000006   Code   RO         4394    .ARM.Collect$$_printf_percent$$0000000C  c_w.l(_printf_x.o)
    0x0800024e   0x00000006   Code   RO         4393    .ARM.Collect$$_printf_percent$$00000014  c_w.l(_printf_s.o)
    0x08000254   0x00000004   Code   RO         4542    .ARM.Collect$$_printf_percent$$00000017  c_w.l(_printf_percent_end.o)
    0x08000258   0x00000002   Code   RO         4695    .ARM.Collect$$libinit$$00000000  c_w.l(libinit.o)
    0x0800025a   0x00000004   Code   RO         4696    .ARM.Collect$$libinit$$00000001  c_w.l(libinit2.o)
    0x0800025e   0x00000000   Code   RO         4699    .ARM.Collect$$libinit$$00000004  c_w.l(libinit2.o)
    0x0800025e   0x00000000   Code   RO         4702    .ARM.Collect$$libinit$$0000000A  c_w.l(libinit2.o)
    0x0800025e   0x00000000   Code   RO         4704    .ARM.Collect$$libinit$$0000000C  c_w.l(libinit2.o)
    0x0800025e   0x00000000   Code   RO         4706    .ARM.Collect$$libinit$$0000000E  c_w.l(libinit2.o)
    0x0800025e   0x00000006   Code   RO         4707    .ARM.Collect$$libinit$$0000000F  c_w.l(libinit2.o)
    0x08000264   0x00000000   Code   RO         4709    .ARM.Collect$$libinit$$00000011  c_w.l(libinit2.o)
    0x08000264   0x0000000c   Code   RO         4710    .ARM.Collect$$libinit$$00000012  c_w.l(libinit2.o)
    0x08000270   0x00000000   Code   RO         4711    .ARM.Collect$$libinit$$00000013  c_w.l(libinit2.o)
    0x08000270   0x00000000   Code   RO         4713    .ARM.Collect$$libinit$$00000015  c_w.l(libinit2.o)
    0x08000270   0x0000000a   Code   RO         4714    .ARM.Collect$$libinit$$00000016  c_w.l(libinit2.o)
    0x0800027a   0x00000000   Code   RO         4715    .ARM.Collect$$libinit$$00000017  c_w.l(libinit2.o)
    0x0800027a   0x00000000   Code   RO         4717    .ARM.Collect$$libinit$$00000019  c_w.l(libinit2.o)
    0x0800027a   0x00000000   Code   RO         4719    .ARM.Collect$$libinit$$0000001B  c_w.l(libinit2.o)
    0x0800027a   0x00000000   Code   RO         4721    .ARM.Collect$$libinit$$0000001D  c_w.l(libinit2.o)
    0x0800027a   0x00000000   Code   RO         4723    .ARM.Collect$$libinit$$0000001F  c_w.l(libinit2.o)
    0x0800027a   0x00000000   Code   RO         4725    .ARM.Collect$$libinit$$00000021  c_w.l(libinit2.o)
    0x0800027a   0x00000000   Code   RO         4727    .ARM.Collect$$libinit$$00000023  c_w.l(libinit2.o)
    0x0800027a   0x00000000   Code   RO         4729    .ARM.Collect$$libinit$$00000025  c_w.l(libinit2.o)
    0x0800027a   0x00000000   Code   RO         4733    .ARM.Collect$$libinit$$0000002C  c_w.l(libinit2.o)
    0x0800027a   0x00000000   Code   RO         4735    .ARM.Collect$$libinit$$0000002E  c_w.l(libinit2.o)
    0x0800027a   0x00000000   Code   RO         4737    .ARM.Collect$$libinit$$00000030  c_w.l(libinit2.o)
    0x0800027a   0x00000000   Code   RO         4739    .ARM.Collect$$libinit$$00000032  c_w.l(libinit2.o)
    0x0800027a   0x00000002   Code   RO         4740    .ARM.Collect$$libinit$$00000033  c_w.l(libinit2.o)
    0x0800027c   0x00000002   Code   RO         4768    .ARM.Collect$$libshutdown$$00000000  c_w.l(libshutdown.o)
    0x0800027e   0x00000000   Code   RO         4778    .ARM.Collect$$libshutdown$$00000003  c_w.l(libshutdown2.o)
    0x0800027e   0x00000000   Code   RO         4781    .ARM.Collect$$libshutdown$$00000006  c_w.l(libshutdown2.o)
    0x0800027e   0x00000000   Code   RO         4784    .ARM.Collect$$libshutdown$$00000009  c_w.l(libshutdown2.o)
    0x0800027e   0x00000000   Code   RO         4786    .ARM.Collect$$libshutdown$$0000000B  c_w.l(libshutdown2.o)
    0x0800027e   0x00000000   Code   RO         4789    .ARM.Collect$$libshutdown$$0000000E  c_w.l(libshutdown2.o)
    0x0800027e   0x00000002   Code   RO         4790    .ARM.Collect$$libshutdown$$0000000F  c_w.l(libshutdown2.o)
    0x08000280   0x00000000   Code   RO         4520    .ARM.Collect$$rtentry$$00000000  c_w.l(__rtentry.o)
    0x08000280   0x00000000   Code   RO         4616    .ARM.Collect$$rtentry$$00000002  c_w.l(__rtentry2.o)
    0x08000280   0x00000006   Code   RO         4628    .ARM.Collect$$rtentry$$00000004  c_w.l(__rtentry4.o)
    0x08000286   0x00000000   Code   RO         4618    .ARM.Collect$$rtentry$$00000009  c_w.l(__rtentry2.o)
    0x08000286   0x00000004   Code   RO         4619    .ARM.Collect$$rtentry$$0000000A  c_w.l(__rtentry2.o)
    0x0800028a   0x00000000   Code   RO         4621    .ARM.Collect$$rtentry$$0000000C  c_w.l(__rtentry2.o)
    0x0800028a   0x00000008   Code   RO         4622    .ARM.Collect$$rtentry$$0000000D  c_w.l(__rtentry2.o)
    0x08000292   0x00000002   Code   RO         4741    .ARM.Collect$$rtexit$$00000000  c_w.l(rtexit.o)
    0x08000294   0x00000000   Code   RO         4748    .ARM.Collect$$rtexit$$00000002  c_w.l(rtexit2.o)
    0x08000294   0x00000004   Code   RO         4749    .ARM.Collect$$rtexit$$00000003  c_w.l(rtexit2.o)
    0x08000298   0x00000006   Code   RO         4750    .ARM.Collect$$rtexit$$00000004  c_w.l(rtexit2.o)
    0x0800029e   0x00000002   PAD
    0x080002a0   0x000000b6   Code   RO         3489    .emb_text           port.o
    0x08000356   0x00000002   PAD
    0x08000358   0x00000040   Code   RO            4    .text               startup_stm32f40_41xxx.o
    0x08000398   0x00000002   Code   RO         4334    .text               c_w.l(use_no_semi_2.o)
    0x0800039a   0x00000002   PAD
    0x0800039c   0x00000018   Code   RO         4340    .text               c_w.l(noretval__2printf.o)
    0x080003b4   0x00000028   Code   RO         4342    .text               c_w.l(noretval__2sprintf.o)
    0x080003dc   0x0000004e   Code   RO         4346    .text               c_w.l(_printf_pad.o)
    0x0800042a   0x00000052   Code   RO         4348    .text               c_w.l(_printf_str.o)
    0x0800047c   0x00000078   Code   RO         4350    .text               c_w.l(_printf_dec.o)
    0x080004f4   0x00000058   Code   RO         4355    .text               c_w.l(_printf_hex_int.o)
    0x0800054c   0x00000138   Code   RO         4385    .text               c_w.l(__printf_flags_wp.o)
    0x08000684   0x0000003c   Code   RO         4398    .text               c_w.l(__0sscanf.o)
    0x080006c0   0x0000014c   Code   RO         4400    .text               c_w.l(_scanf_int.o)
    0x0800080c   0x000000e0   Code   RO         4402    .text               c_w.l(_scanf_str.o)
    0x080008ec   0x0000001a   Code   RO         4404    .text               c_w.l(atoi.o)
    0x08000906   0x00000070   Code   RO         4406    .text               c_w.l(strtol.o)
    0x08000976   0x00000024   Code   RO         4408    .text               c_w.l(strstr.o)
    0x0800099a   0x00000048   Code   RO         4410    .text               c_w.l(strcpy.o)
    0x080009e2   0x0000003e   Code   RO         4412    .text               c_w.l(strlen.o)
    0x08000a20   0x00000096   Code   RO         4414    .text               c_w.l(strncmp.o)
    0x08000ab6   0x0000008a   Code   RO         4416    .text               c_w.l(rt_memcpy_v6.o)
    0x08000b40   0x00000064   Code   RO         4418    .text               c_w.l(rt_memcpy_w.o)
    0x08000ba4   0x00000010   Code   RO         4420    .text               c_w.l(aeabi_memset.o)
    0x08000bb4   0x00000044   Code   RO         4422    .text               c_w.l(rt_memclr.o)
    0x08000bf8   0x0000004e   Code   RO         4424    .text               c_w.l(rt_memclr_w.o)
    0x08000c46   0x00000056   Code   RO         4426    .text               c_w.l(strncpy.o)
    0x08000c9c   0x00000080   Code   RO         4428    .text               c_w.l(strcmpv7m.o)
    0x08000d1c   0x00000006   Code   RO         4430    .text               c_w.l(heapauxi.o)
    0x08000d22   0x00000002   Code   RO         4518    .text               c_w.l(use_no_semi.o)
    0x08000d24   0x00000010   Code   RO         4521    .text               c_w.l(rt_ctype_table.o)
    0x08000d34   0x00000008   Code   RO         4526    .text               c_w.l(rt_errno_addr_intlibspace.o)
    0x08000d3c   0x00000016   Code   RO         4528    .text               c_w.l(_rserrno.o)
    0x08000d52   0x000000b2   Code   RO         4530    .text               c_w.l(_printf_intcommon.o)
    0x08000e04   0x0000041a   Code   RO         4532    .text               c_w.l(_printf_fp_dec.o)
    0x0800121e   0x00000002   PAD
    0x08001220   0x00000030   Code   RO         4534    .text               c_w.l(_printf_char_common.o)
    0x08001250   0x0000000a   Code   RO         4536    .text               c_w.l(_sputc.o)
    0x0800125a   0x0000002c   Code   RO         4538    .text               c_w.l(_printf_char.o)
    0x08001286   0x00000002   PAD
    0x08001288   0x00000024   Code   RO         4540    .text               c_w.l(_printf_char_file.o)
    0x080012ac   0x0000001c   Code   RO         4543    .text               c_w.l(_chval.o)
    0x080012c8   0x0000002c   Code   RO         4545    .text               c_w.l(scanf_char.o)
    0x080012f4   0x00000040   Code   RO         4547    .text               c_w.l(_sgetc.o)
    0x08001334   0x0000009e   Code   RO         4549    .text               c_w.l(_strtoul.o)
    0x080013d2   0x00000002   PAD
    0x080013d4   0x00000008   Code   RO         4612    .text               c_w.l(libspace.o)
    0x080013dc   0x00000008   Code   RO         4633    .text               c_w.l(rt_locale_intlibspace.o)
    0x080013e4   0x0000008a   Code   RO         4635    .text               c_w.l(lludiv10.o)
    0x0800146e   0x00000012   Code   RO         4637    .text               c_w.l(isspace.o)
    0x08001480   0x00000080   Code   RO         4639    .text               c_w.l(_printf_fp_infnan.o)
    0x08001500   0x00000374   Code   RO         4643    .text               c_w.l(_scanf.o)
    0x08001874   0x000000dc   Code   RO         4645    .text               c_w.l(bigflt0.o)
    0x08001950   0x00000008   Code   RO         4670    .text               c_w.l(ferror.o)
    0x08001958   0x0000004a   Code   RO         4686    .text               c_w.l(sys_stackheap_outer.o)
    0x080019a2   0x0000000c   Code   RO         4688    .text               c_w.l(exit.o)
    0x080019ae   0x0000003e   Code   RO         4648    CL$$btod_d2e        c_w.l(btod.o)
    0x080019ec   0x00000046   Code   RO         4650    CL$$btod_d2e_denorm_low  c_w.l(btod.o)
    0x08001a32   0x00000060   Code   RO         4649    CL$$btod_d2e_norm_op1  c_w.l(btod.o)
    0x08001a92   0x00000338   Code   RO         4658    CL$$btod_div_common  c_w.l(btod.o)
    0x08001dca   0x000000c6   Code   RO         4655    CL$$btod_e2e        c_w.l(btod.o)
    0x08001e90   0x00000028   Code   RO         4652    CL$$btod_ediv       c_w.l(btod.o)
    0x08001eb8   0x00000028   Code   RO         4651    CL$$btod_emul       c_w.l(btod.o)
    0x08001ee0   0x00000244   Code   RO         4657    CL$$btod_mult_common  c_w.l(btod.o)
    0x08002124   0x000001a0   Code   RO         2808    i.AlarmParmUpdate   gateway_protocol.o
    0x080022c4   0x0000000c   Code   RO         2809    i.AllParaInit       gateway_protocol.o
    0x080022d0   0x00000060   Code   RO         3144    i.AllTableInit      table_process.o
    0x08002330   0x0000001e   Code   RO         3237    i.BCC_CheckSum      common.o
    0x0800234e   0x0000000c   Code   RO         2131    i.BallastComm1InitHardware  ballast_comm.o
    0x0800235a   0x00000002   PAD
    0x0800235c   0x00000030   Code   RO         2132    i.BallastComm1RxTxDataInit  ballast_comm.o
    0x0800238c   0x0000007c   Code   RO         2133    i.BallastCommInit   ballast_comm.o
    0x08002408   0x00000014   Code   RO         2134    i.BallastRxDataClear  ballast_comm.o
    0x0800241c   0x000000b0   Code   RO         2135    i.BallastUartInit   ballast_comm.o
    0x080024cc   0x000000a4   Code   RO         2136    i.Ballast_TX_DMA_Init  ballast_comm.o
    0x08002570   0x00000016   Code   RO         3238    i.Bcd2ToByte        common.o
    0x08002586   0x00000004   Code   RO           13    i.BusFault_Handler  stm32f4xx_it.o
    0x0800258a   0x0000001c   Code   RO         3239    i.ByteToBcd2        common.o
    0x080025a6   0x00000002   PAD
    0x080025a8   0x00000074   Code   RO         2810    i.CSQ_Reply         gateway_protocol.o
    0x0800261c   0x00000080   Code   RO         4059    i.CaculateWeekDay   rtc.o
    0x0800269c   0x00000018   Code   RO         4212    i.ConvertToByte     norflash.o
    0x080026b4   0x00000074   Code   RO         3021    i.CtrlBackRun       ballast_protocol.o
    0x08002728   0x00000078   Code   RO         3022    i.CtrlUnitSend      ballast_protocol.o
    0x080027a0   0x00000058   Code   RO         2406    i.DMA1_Stream3_IRQHandler  gsm.o
    0x080027f8   0x00000028   Code   RO         2137    i.DMA1_Stream4_IRQHandler  ballast_comm.o
    0x08002820   0x0000002c   Code   RO         2249    i.DMA2_Stream7_IRQHandler  electric.o
    0x0800284c   0x00000034   Code   RO         1929    i.DMA_ClearFlag     stm32f4xx_dma.o
    0x08002880   0x00000016   Code   RO         1931    i.DMA_Cmd           stm32f4xx_dma.o
    0x08002896   0x00000002   PAD
    0x08002898   0x00000158   Code   RO         1932    i.DMA_DeInit        stm32f4xx_dma.o
    0x080029f0   0x00000014   Code   RO         1936    i.DMA_GetCmdStatus  stm32f4xx_dma.o
    0x08002a04   0x00000044   Code   RO         1940    i.DMA_GetFlagStatus  stm32f4xx_dma.o
    0x08002a48   0x0000003a   Code   RO         1942    i.DMA_ITConfig      stm32f4xx_dma.o
    0x08002a82   0x00000002   PAD
    0x08002a84   0x00000058   Code   RO         1943    i.DMA_Init          stm32f4xx_dma.o
    0x08002adc   0x00000004   Code   RO         1946    i.DMA_SetCurrDataCounter  stm32f4xx_dma.o
    0x08002ae0   0x00000002   Code   RO           14    i.DebugMon_Handler  stm32f4xx_it.o
    0x08002ae2   0x00000002   PAD
    0x08002ae4   0x0000001c   Code   RO         2664    i.DebugRxDataInit   sys_debug.o
    0x08002b00   0x00000060   Code   RO         2250    i.EleDMA_TxBuff     electric.o
    0x08002b60   0x00000030   Code   RO         2251    i.EleRxTxDataInit   electric.o
    0x08002b90   0x00000002   Code   RO         2252    i.ElecHandleFTPUpdata  electric.o
    0x08002b92   0x00000002   PAD
    0x08002b94   0x00000100   Code   RO         2253    i.ElecHandleGWDataQuery  electric.o
    0x08002c94   0x00000034   Code   RO         2254    i.ElecHandleReset   electric.o
    0x08002cc8   0x00000034   Code   RO         2255    i.ElecHandleSoftVerQuery  electric.o
    0x08002cfc   0x00000060   Code   RO         2256    i.ElectricInit      electric.o
    0x08002d5c   0x00000014   Code   RO         2257    i.ElectricRxDataClear  electric.o
    0x08002d70   0x000000b0   Code   RO         2258    i.ElectricUartInit  electric.o
    0x08002e20   0x000000a4   Code   RO         2259    i.Electric_TX_DMA_Init  electric.o
    0x08002ec4   0x0000000c   Code   RO         2260    i.ElectrolHardwareInit  electric.o
    0x08002ed0   0x00000004   Code   RO         2665    i.Exit              sys_debug.o
    0x08002ed4   0x00000034   Code   RO         1441    i.FSMC_NORSRAMCmd   stm32f4xx_fsmc.o
    0x08002f08   0x00000128   Code   RO         1443    i.FSMC_NORSRAMInit  stm32f4xx_fsmc.o
    0x08003030   0x00000038   Code   RO         4122    i.FSMC_NOR_EraseBlock  fsmc_nor.o
    0x08003068   0x00000038   Code   RO         4123    i.FSMC_NOR_EraseChip  fsmc_nor.o
    0x080030a0   0x00000038   Code   RO         4124    i.FSMC_NOR_EraseSector  fsmc_nor.o
    0x080030d8   0x0000004c   Code   RO         4125    i.FSMC_NOR_GetStatus  fsmc_nor.o
    0x08003124   0x0000029c   Code   RO         4126    i.FSMC_NOR_Init     fsmc_nor.o
    0x080033c0   0x00000034   Code   RO         4127    i.FSMC_NOR_ReadBuffer  fsmc_nor.o
    0x080033f4   0x00000026   Code   RO         4132    i.FSMC_NOR_WriteBuffer  fsmc_nor.o
    0x0800341a   0x00000002   PAD
    0x0800341c   0x00000030   Code   RO         4133    i.FSMC_NOR_WriteHalfWord  fsmc_nor.o
    0x0800344c   0x0000018c   Code   RO         2666    i.FactoryDefault    sys_debug.o
    0x080035d8   0x00000230   Code   RO         3346    i.GHA               lat_longitude.o
    0x08003808   0x00000090   Code   RO          415    i.GPIO_Init         stm32f4xx_gpio.o
    0x08003898   0x00000046   Code   RO          416    i.GPIO_PinAFConfig  stm32f4xx_gpio.o
    0x080038de   0x00000012   Code   RO          421    i.GPIO_ReadOutputDataBit  stm32f4xx_gpio.o
    0x080038f0   0x00000004   Code   RO          422    i.GPIO_ResetBits    stm32f4xx_gpio.o
    0x080038f4   0x00000004   Code   RO          423    i.GPIO_SetBits      stm32f4xx_gpio.o
    0x080038f8   0x000000d0   Code   RO         2811    i.GPRSSendUnitDataFun  gateway_protocol.o
    0x080039c8   0x0000004e   Code   RO         2812    i.GPRS_Protocol_Check  gateway_protocol.o
    0x08003a16   0x000000c6   Code   RO         2813    i.GPRS_Protocol_Response  gateway_protocol.o
    0x08003adc   0x0000006c   Code   RO         2407    i.GSMInit           gsm.o
    0x08003b48   0x00000010   Code   RO         2408    i.GSMInitHardware   gsm.o
    0x08003b58   0x00000058   Code   RO         2409    i.GSM_CtrlPinInit   gsm.o
    0x08003bb0   0x00000094   Code   RO         2410    i.GSM_ModuleStart   gsm.o
    0x08003c44   0x000000a4   Code   RO         2411    i.GSM_TX_DMA_Init   gsm.o
    0x08003ce8   0x000000b4   Code   RO         2412    i.GSM_USART_Init    gsm.o
    0x08003d9c   0x00000048   Code   RO         3347    i.G_sun             lat_longitude.o
    0x08003de4   0x00000054   Code   RO         2814    i.GatewayAddrCheck  gateway_protocol.o
    0x08003e38   0x00000160   Code   RO         2667    i.GatewaySetDebug   sys_debug.o
    0x08003f98   0x000000a0   Code   RO         2413    i.GsmDMA_TxBuff     gsm.o
    0x08004038   0x00000014   Code   RO         2414    i.GsmRxDataClear    gsm.o
    0x0800404c   0x0000001a   Code   RO         2415    i.GsmRxDataInput    gsm.o
    0x08004066   0x00000002   PAD
    0x08004068   0x00000030   Code   RO         2416    i.GsmRxTxDataInit   gsm.o
    0x08004098   0x0000034c   Code   RO         2417    i.GsmStartConnect   gsm.o
    0x080043e4   0x0000013c   Code   RO         2815    i.HandleAdjustTime  gateway_protocol.o
    0x08004520   0x00000040   Code   RO         2816    i.HandleBranchOnOff  gateway_protocol.o
    0x08004560   0x00000030   Code   RO         2817    i.HandleElecVersQuery  gateway_protocol.o
    0x08004590   0x0000003c   Code   RO         2818    i.HandleGWAddrQuery  gateway_protocol.o
    0x080045cc   0x00000030   Code   RO         2819    i.HandleGWDataQuery  gateway_protocol.o
    0x080045fc   0x00000002   Code   RO         2820    i.HandleGWUpgrade   gateway_protocol.o
    0x080045fe   0x00000002   PAD
    0x08004600   0x00000068   Code   RO         2821    i.HandleGWVersQuery  gateway_protocol.o
    0x08004668   0x000000a4   Code   RO         2822    i.HandleGatewayParam  gateway_protocol.o
    0x0800470c   0x0000019c   Code   RO         2823    i.HandleLampDimmer  gateway_protocol.o
    0x080048a8   0x0000018c   Code   RO         2824    i.HandleLampOnOff   gateway_protocol.o
    0x08004a34   0x00000280   Code   RO         2825    i.HandleLampParam   gateway_protocol.o
    0x08004cb4   0x000000c8   Code   RO         2826    i.HandleLampStrategy  gateway_protocol.o
    0x08004d7c   0x00000166   Code   RO         2827    i.HandleReadBSNData  gateway_protocol.o
    0x08004ee2   0x00000072   Code   RO         2828    i.HandleRestart     gateway_protocol.o
    0x08004f54   0x0000003a   Code   RO         2829    i.HandleSend        gateway_protocol.o
    0x08004f8e   0x00000002   PAD
    0x08004f90   0x00000134   Code   RO         2830    i.HandleSetIPPort   gateway_protocol.o
    0x080050c4   0x0000005c   Code   RO         2831    i.HandleSignalQuality  gateway_protocol.o
    0x08005120   0x00000058   Code   RO         2832    i.HandleTunnelStrategy  gateway_protocol.o
    0x08005178   0x0000000c   Code   RO         3023    i.HandleUnitLightParamReply  ballast_protocol.o
    0x08005184   0x000003c8   Code   RO         3024    i.HandleUnitReadDataReply  ballast_protocol.o
    0x0800554c   0x0000005c   Code   RO         2833    i.HandleUnitRunBack  gateway_protocol.o
    0x080055a8   0x0000000c   Code   RO         3025    i.HandleUnitStrategyReply  ballast_protocol.o
    0x080055b4   0x00000004   Code   RO           15    i.HardFault_Handler  stm32f4xx_it.o
    0x080055b8   0x00000028   Code   RO         2418    i.HeartRemainTCPConnect  gsm.o
    0x080055e0   0x00000140   Code   RO         2612    i.InitUpTime        time_plan.o
    0x08005720   0x0000004c   Code   RO         3285    i.KM_CtrlInit       km_ctrl.o
    0x0800576c   0x000000c8   Code   RO         3286    i.KM_HardwareInit   km_ctrl.o
    0x08005834   0x00000114   Code   RO         3287    i.KM_OnOff          km_ctrl.o
    0x08005948   0x00000018   Code   RO         3288    i.KM_StateInit      km_ctrl.o
    0x08005960   0x0000008c   Code   RO         3289    i.KM_Unit_branch_state  km_ctrl.o
    0x080059ec   0x00000048   Code   RO         3348    i.L_sun             lat_longitude.o
    0x08005a34   0x00000104   Code   RO         3145    i.LampAttrSort      table_process.o
    0x08005b38   0x000000c0   Code   RO         3026    i.LampParamReload   ballast_protocol.o
    0x08005bf8   0x00000038   Code   RO         3146    i.LampRunCtrlTableClear  table_process.o
    0x08005c30   0x00000134   Code   RO         3148    i.LampSortFunction  table_process.o
    0x08005d64   0x00000130   Code   RO         3027    i.LampStrategyReload  ballast_protocol.o
    0x08005e94   0x000001c0   Code   RO         3028    i.LampTimeReload    ballast_protocol.o
    0x08006054   0x0000004e   Code   RO         3029    i.Lamp_Protocol_Check  ballast_protocol.o
    0x080060a2   0x00000004   Code   RO           16    i.MemManage_Handler  stm32f4xx_it.o
    0x080060a6   0x00000018   Code   RO         4213    i.MemStorage_Convert  norflash.o
    0x080060be   0x00000002   Code   RO           17    i.NMI_Handler       stm32f4xx_it.o
    0x080060c0   0x00000078   Code   RO          216    i.NVIC_Init         misc.o
    0x08006138   0x00000014   Code   RO          217    i.NVIC_PriorityGroupConfig  misc.o
    0x0800614c   0x00000028   Code   RO         2419    i.NVIC_SystemReset  gsm.o
    0x08006174   0x00000028   Code   RO         2668    i.NVIC_SystemReset  sys_debug.o
    0x0800619c   0x00000028   Code   RO         2834    i.NVIC_SystemReset  gateway_protocol.o
    0x080061c4   0x00000094   Code   RO         4060    i.NetTimeCentury    rtc.o
    0x08006258   0x00000180   Code   RO         2669    i.NorFlashCheck     sys_debug.o
    0x080063d8   0x000000a0   Code   RO         4214    i.NorFlashDataInit  norflash.o
    0x08006478   0x00000064   Code   RO         4215    i.NorFlashEraseBlock  norflash.o
    0x080064dc   0x0000005c   Code   RO         4216    i.NorFlashEraseChip  norflash.o
    0x08006538   0x00000064   Code   RO         4217    i.NorFlashEraseSector  norflash.o
    0x0800659c   0x0000001c   Code   RO         4218    i.NorFlashInit      norflash.o
    0x080065b8   0x0000003c   Code   RO         4219    i.NorFlashRead      norflash.o
    0x080065f4   0x0000009c   Code   RO         4220    i.NorFlashWrite     norflash.o
    0x08006690   0x00000026   Code   RO         4221    i.NorflashDataCheck  norflash.o
    0x080066b6   0x00000002   PAD
    0x080066b8   0x00000040   Code   RO         2670    i.OtherTaskSuspend  sys_debug.o
    0x080066f8   0x0000000c   Code   RO          519    i.PWR_BackupAccessCmd  stm32f4xx_pwr.o
    0x08006704   0x00000134   Code   RO         3030    i.QueryNextAddr     ballast_protocol.o
    0x08006838   0x00000020   Code   RO          633    i.RCC_AHB1PeriphClockCmd  stm32f4xx_rcc.o
    0x08006858   0x00000020   Code   RO          639    i.RCC_AHB3PeriphClockCmd  stm32f4xx_rcc.o
    0x08006878   0x00000020   Code   RO          642    i.RCC_APB1PeriphClockCmd  stm32f4xx_rcc.o
    0x08006898   0x00000020   Code   RO          645    i.RCC_APB2PeriphClockCmd  stm32f4xx_rcc.o
    0x080068b8   0x000000e8   Code   RO          654    i.RCC_GetClocksFreq  stm32f4xx_rcc.o
    0x080069a0   0x00000040   Code   RO          655    i.RCC_GetFlagStatus  stm32f4xx_rcc.o
    0x080069e0   0x0000002c   Code   RO          663    i.RCC_LSEConfig     stm32f4xx_rcc.o
    0x08006a0c   0x0000000c   Code   RO          677    i.RCC_RTCCLKCmd     stm32f4xx_rcc.o
    0x08006a18   0x0000003c   Code   RO          678    i.RCC_RTCCLKConfig  stm32f4xx_rcc.o
    0x08006a54   0x00000058   Code   RO         4061    i.RTC_BackUpCheck   rtc.o
    0x08006aac   0x00000016   Code   RO         1571    i.RTC_Bcd2ToByte    stm32f4xx_rtc.o
    0x08006ac2   0x0000001c   Code   RO         1573    i.RTC_ByteToBcd2    stm32f4xx_rtc.o
    0x08006ade   0x00000002   PAD
    0x08006ae0   0x00000050   Code   RO         1583    i.RTC_EnterInitMode  stm32f4xx_rtc.o
    0x08006b30   0x00000014   Code   RO         1584    i.RTC_ExitInitMode  stm32f4xx_rtc.o
    0x08006b44   0x0000004c   Code   RO         1587    i.RTC_GetDate       stm32f4xx_rtc.o
    0x08006b90   0x00000050   Code   RO         1592    i.RTC_GetTime       stm32f4xx_rtc.o
    0x08006be0   0x00000064   Code   RO         1597    i.RTC_Init          stm32f4xx_rtc.o
    0x08006c44   0x00000020   Code   RO         1600    i.RTC_ReadBackupRegister  stm32f4xx_rtc.o
    0x08006c64   0x000000c8   Code   RO         1603    i.RTC_SetDate       stm32f4xx_rtc.o
    0x08006d2c   0x000000d0   Code   RO         1604    i.RTC_SetTime       stm32f4xx_rtc.o
    0x08006dfc   0x000000b8   Code   RO         2835    i.RTC_TimeToChar    gateway_protocol.o
    0x08006eb4   0x00000060   Code   RO         1620    i.RTC_WaitForSynchro  stm32f4xx_rtc.o
    0x08006f14   0x0000001c   Code   RO         1623    i.RTC_WriteBackupRegister  stm32f4xx_rtc.o
    0x08006f30   0x0000009c   Code   RO         4062    i.ReadRTC_Time      rtc.o
    0x08006fcc   0x000000a8   Code   RO         3031    i.ReadUnitData      ballast_protocol.o
    0x08007074   0x000000a4   Code   RO         2420    i.RelinkTCP         gsm.o
    0x08007118   0x00000070   Code   RO         4063    i.RtcInit           rtc.o
    0x08007188   0x000000c4   Code   RO         2421    i.SendMsgToSim      gsm.o
    0x0800724c   0x000001f4   Code   RO         2671    i.SetSeriveIPPort   sys_debug.o
    0x08007440   0x000000ec   Code   RO          175    i.SetSysClock       system_stm32f4xx.o
    0x0800752c   0x0000011c   Code   RO         2672    i.SetWGAddr         sys_debug.o
    0x08007648   0x00000154   Code   RO         2673    i.SetZone           sys_debug.o
    0x0800779c   0x00000078   Code   RO         2422    i.SimSendData       gsm.o
    0x08007814   0x00000068   Code   RO         2423    i.SwitchToCommand   gsm.o
    0x0800787c   0x00000048   Code   RO         2424    i.SwitchToData      gsm.o
    0x080078c4   0x00000002   Code   RO         2674    i.SysRunInfor       sys_debug.o
    0x080078c6   0x00000002   PAD
    0x080078c8   0x00000068   Code   RO          177    i.SystemInit        system_stm32f4xx.o
    0x08007930   0x00000048   Code   RO         2675    i.TestModeMain      sys_debug.o
    0x08007978   0x00000038   Code   RO         2613    i.TimePlanInit      time_plan.o
    0x080079b0   0x000000a0   Code   RO         3149    i.TunnelStrategyRun  table_process.o
    0x08007a50   0x0000002c   Code   RO         2614    i.TunnelStrategyRunInit  time_plan.o
    0x08007a7c   0x00000094   Code   RO         2138    i.UART4_IRQHandler  ballast_comm.o
    0x08007b10   0x00000094   Code   RO         2261    i.USART1_IRQHandler  electric.o
    0x08007ba4   0x00000144   Code   RO         2425    i.USART3_IRQHandler  gsm.o
    0x08007ce8   0x00000094   Code   RO         2676    i.USART6_IRQHandler  sys_debug.o
    0x08007d7c   0x00000018   Code   RO          978    i.USART_Cmd         stm32f4xx_usart.o
    0x08007d94   0x00000012   Code   RO          979    i.USART_DMACmd      stm32f4xx_usart.o
    0x08007da6   0x00000054   Code   RO          982    i.USART_GetITStatus  stm32f4xx_usart.o
    0x08007dfa   0x0000004a   Code   RO          984    i.USART_ITConfig    stm32f4xx_usart.o
    0x08007e44   0x000000d4   Code   RO          985    i.USART_Init        stm32f4xx_usart.o
    0x08007f18   0x0000000a   Code   RO          992    i.USART_ReceiveData  stm32f4xx_usart.o
    0x08007f22   0x00000054   Code   RO         3349    i.UT_rise           lat_longitude.o
    0x08007f76   0x00000054   Code   RO         3350    i.UT_set            lat_longitude.o
    0x08007fca   0x00000002   PAD
    0x08007fcc   0x00000054   Code   RO         2677    i.UartDebugCreateTask  sys_debug.o
    0x08008020   0x000000e0   Code   RO         4292    i.UartDebugHardwareInit  uart_debug.o
    0x08008100   0x00000010   Code   RO         2678    i.UartDebugInit     sys_debug.o
    0x08008110   0x00000060   Code   RO         2139    i.UnitComm1DMA_TxBuff  ballast_comm.o
    0x08008170   0x0000008c   Code   RO         3032    i.UnitDimmmingCtrl  ballast_protocol.o
    0x080081fc   0x0000007a   Code   RO         3033    i.UnitOnOffCtrl     ballast_protocol.o
    0x08008276   0x00000002   PAD
    0x08008278   0x000001a8   Code   RO         4064    i.UpdataNetTime     rtc.o
    0x08008420   0x00000004   Code   RO           18    i.UsageFault_Handler  stm32f4xx_it.o
    0x08008424   0x00000038   Code   RO         2679    i.WGConfigCheck     sys_debug.o
    0x0800845c   0x00000180   Code   RO         2262    i.WG_AlarmFlagCheck  electric.o
    0x080085dc   0x0000009c   Code   RO         2263    i.WG_DataSample     electric.o
    0x08008678   0x00000454   Code   RO         2680    i.WG_ParamInform    sys_debug.o
    0x08008acc   0x00000002   Code   RO         2681    i.WG_ResetInfor     sys_debug.o
    0x08008ace   0x00000002   PAD
    0x08008ad0   0x000000bc   Code   RO         2264    i.WG_StateCheck     electric.o
    0x08008b8c   0x00000028   Code   RO         2265    i.WG_StateClear     electric.o
    0x08008bb4   0x00000088   Code   RO         3351    i.Zone              lat_longitude.o
    0x08008c3c   0x00000030   Code   RO         4585    i.__ARM_fpclassify  m_wm.l(fpclassify.o)
    0x08008c6c   0x00000004   PAD
    0x08008c70   0x00000358   Code   RO         4466    i.__hardfp_acos     m_wm.l(acos.o)
    0x08008fc8   0x00000360   Code   RO         4480    i.__hardfp_asin     m_wm.l(asin.o)
    0x08009328   0x000000c8   Code   RO         4494    i.__hardfp_cos      m_wm.l(cos.o)
    0x080093f0   0x000000c8   Code   RO         4506    i.__hardfp_sin      m_wm.l(sin.o)
    0x080094b8   0x00000438   Code   RO         4589    i.__ieee754_rem_pio2  m_wm.l(rred.o)
    0x080098f0   0x00000170   Code   RO         4562    i.__kernel_cos      m_wm.l(cos_i.o)
    0x08009a60   0x000000f8   Code   RO         4587    i.__kernel_poly     m_wm.l(poly.o)
    0x08009b58   0x00000130   Code   RO         4594    i.__kernel_sin      m_wm.l(sin_i.o)
    0x08009c88   0x00000014   Code   RO         4566    i.__mathlib_dbl_infnan  m_wm.l(dunder.o)
    0x08009c9c   0x00000004   PAD
    0x08009ca0   0x00000020   Code   RO         4568    i.__mathlib_dbl_invalid  m_wm.l(dunder.o)
    0x08009cc0   0x00000020   Code   RO         4571    i.__mathlib_dbl_underflow  m_wm.l(dunder.o)
    0x08009ce0   0x0000000e   Code   RO         4383    i._is_digit         c_w.l(__printf_wp.o)
    0x08009cee   0x00000004   Code   RO         4293    i._sys_exit         uart_debug.o
    0x08009cf2   0x00000002   PAD
    0x08009cf4   0x000000ec   Code   RO         3150    i.addr_index_ctrl   table_process.o
    0x08009de0   0x0000009c   Code   RO         3151    i.branch_attr_ctrl  table_process.o
    0x08009e7c   0x000000dc   Code   RO         3152    i.branch_quick_sort  table_process.o
    0x08009f58   0x00000036   Code   RO         3240    i.chr2hex           common.o
    0x08009f8e   0x00000002   PAD
    0x08009f90   0x00000134   Code   RO         3034    i.clear_unit_buff   ballast_protocol.o
    0x0800a0c4   0x0000006c   Code   RO         3352    i.days              lat_longitude.o
    0x0800a130   0x000001c4   Code   RO         3353    i.e                 lat_longitude.o
    0x0800a2f4   0x00000048   Code   RO         3354    i.earth_tilt        lat_longitude.o
    0x0800a33c   0x00000104   Code   RO         3355    i.ecliptic_longitude  lat_longitude.o
    0x0800a440   0x00000018   Code   RO         4581    i.fabs              m_wm.l(fabs.o)
    0x0800a458   0x0000001c   Code   RO         4294    i.fputc             uart_debug.o
    0x0800a474   0x00000110   Code   RO         3356    i.get_glat          lat_longitude.o
    0x0800a584   0x00000110   Code   RO         3357    i.get_glong         lat_longitude.o
    0x0800a694   0x00000022   Code   RO         3241    i.hex2chr           common.o
    0x0800a6b6   0x00000032   Code   RO         3358    i.leap_year         lat_longitude.o
    0x0800a6e8   0x0000003a   Code   RO         2576    i.main              main.o
    0x0800a722   0x00000002   PAD
    0x0800a724   0x00000018   Code   RO         3767    i.pcTaskGetTaskName  tasks.o
    0x0800a73c   0x0000000c   Code   RO         3290    i.pluse_hold_time   km_ctrl.o
    0x0800a748   0x000000e0   Code   RO         3153    i.pole_quick_sort   table_process.o
    0x0800a828   0x0000007c   Code   RO         2682    i.printf_buff       sys_debug.o
    0x0800a8a4   0x00000068   Code   RO         2683    i.printf_str        sys_debug.o
    0x0800a90c   0x00000054   Code   RO         3768    i.prvAddCurrentTaskToDelayedList  tasks.o
    0x0800a960   0x00000042   Code   RO         3769    i.prvAllocateTCBAndStack  tasks.o
    0x0800a9a2   0x00000002   PAD
    0x0800a9a4   0x00000064   Code   RO         3770    i.prvCheckTasksWaitingTermination  tasks.o
    0x0800aa08   0x0000002a   Code   RO         3637    i.prvCopyDataFromQueue  queue.o
    0x0800aa32   0x00000080   Code   RO         3638    i.prvCopyDataToQueue  queue.o
    0x0800aab2   0x00000012   Code   RO         3771    i.prvDeleteTCB      tasks.o
    0x0800aac4   0x00000038   Code   RO         3557    i.prvHeapInit       heap_2.o
    0x0800aafc   0x0000001c   Code   RO         3772    i.prvIdleTask       tasks.o
    0x0800ab18   0x00000062   Code   RO         3773    i.prvInitialiseTCBVariables  tasks.o
    0x0800ab7a   0x00000002   PAD
    0x0800ab7c   0x00000068   Code   RO         3774    i.prvInitialiseTaskLists  tasks.o
    0x0800abe4   0x0000001a   Code   RO         3639    i.prvIsQueueEmpty   queue.o
    0x0800abfe   0x0000001e   Code   RO         3640    i.prvIsQueueFull    queue.o
    0x0800ac1c   0x00000034   Code   RO         3775    i.prvResetNextTaskUnblockTime  tasks.o
    0x0800ac50   0x00000016   Code   RO         3490    i.prvTaskExitError  port.o
    0x0800ac66   0x00000002   PAD
    0x0800ac68   0x00000040   Code   RO         3776    i.prvTaskIsTaskSuspended  tasks.o
    0x0800aca8   0x0000007e   Code   RO         3641    i.prvUnlockQueue    queue.o
    0x0800ad26   0x00000002   PAD
    0x0800ad28   0x000000b8   Code   RO         3558    i.pvPortMalloc      heap_2.o
    0x0800ade0   0x00000020   Code   RO         3777    i.pvTaskIncrementMutexHeldCount  tasks.o
    0x0800ae00   0x00000028   Code   RO         3491    i.pxPortInitialiseStack  port.o
    0x0800ae28   0x000003c0   Code   RO         3359    i.resule_convert    lat_longitude.o
    0x0800b1e8   0x00000258   Code   RO         3360    i.result_rise       lat_longitude.o
    0x0800b440   0x00000258   Code   RO         3361    i.result_set        lat_longitude.o
    0x0800b698   0x000003f0   Code   RO         3362    i.rise_set          lat_longitude.o
    0x0800ba88   0x000000e0   Code   RO         3154    i.segment_quick_sort  table_process.o
    0x0800bb68   0x0000006e   Code   RO         4602    i.sqrt              m_wm.l(sqrt.o)
    0x0800bbd6   0x00000002   PAD
    0x0800bbd8   0x000000b4   Code   RO         3363    i.sun_deviation     lat_longitude.o
    0x0800bc8c   0x00000060   Code   RO         3364    i.t_century         lat_longitude.o
    0x0800bcec   0x00000060   Code   RO         2837    i.unit_addr_check   gateway_protocol.o
    0x0800bd4c   0x00000358   Code   RO         2838    i.unit_ctrl         gateway_protocol.o
    0x0800c0a4   0x0000009c   Code   RO         3036    i.unit_state_ctrl   ballast_protocol.o
    0x0800c140   0x00000028   Code   RO         3601    i.uxListRemove      list.o
    0x0800c168   0x00000012   Code   RO         3642    i.uxQueueMessagesWaiting  queue.o
    0x0800c17a   0x00000002   PAD
    0x0800c17c   0x00000048   Code   RO         2064    i.vApplicationStackOverflowHook  freertos_hook.o
    0x0800c1c4   0x00000002   Code   RO         2065    i.vApplicationTickHook  freertos_hook.o
    0x0800c1c6   0x00000002   PAD
    0x0800c1c8   0x000002d4   Code   RO         2140    i.vBallastComm1Task  ballast_comm.o
    0x0800c49c   0x00000054   Code   RO         2266    i.vElectTask        electric.o
    0x0800c4f0   0x00000234   Code   RO         2426    i.vGSMTask          gsm.o
    0x0800c724   0x0000007c   Code   RO         3291    i.vKM_vCtrlTask     km_ctrl.o
    0x0800c7a0   0x0000001a   Code   RO         3602    i.vListInitialise   list.o
    0x0800c7ba   0x00000006   Code   RO         3603    i.vListInitialiseItem  list.o
    0x0800c7c0   0x00000034   Code   RO         3604    i.vListInsert       list.o
    0x0800c7f4   0x00000018   Code   RO         3605    i.vListInsertEnd    list.o
    0x0800c80c   0x00000024   Code   RO         3493    i.vPortEnterCritical  port.o
    0x0800c830   0x00000020   Code   RO         3494    i.vPortExitCritical  port.o
    0x0800c850   0x00000040   Code   RO         3559    i.vPortFree         heap_2.o
    0x0800c890   0x00000014   Code   RO         3495    i.vPortSetupTimerInterrupt  port.o
    0x0800c8a4   0x00000064   Code   RO         3783    i.vTaskDelay        tasks.o
    0x0800c908   0x0000000c   Code   RO         3787    i.vTaskMissedYield  tasks.o
    0x0800c914   0x00000064   Code   RO         3789    i.vTaskPlaceOnEventList  tasks.o
    0x0800c978   0x000000b0   Code   RO         3791    i.vTaskPriorityInherit  tasks.o
    0x0800ca28   0x00000060   Code   RO         3793    i.vTaskResume       tasks.o
    0x0800ca88   0x00000018   Code   RO         3794    i.vTaskSetTimeOutState  tasks.o
    0x0800caa0   0x00000064   Code   RO         3795    i.vTaskStartScheduler  tasks.o
    0x0800cb04   0x000000c0   Code   RO         3796    i.vTaskSuspend      tasks.o
    0x0800cbc4   0x00000010   Code   RO         3797    i.vTaskSuspendAll   tasks.o
    0x0800cbd4   0x00000098   Code   RO         3798    i.vTaskSwitchContext  tasks.o
    0x0800cc6c   0x0000015c   Code   RO         2615    i.vTimePlanTask     time_plan.o
    0x0800cdc8   0x00000040   Code   RO         2684    i.vUartDebugTask    sys_debug.o
    0x0800ce08   0x00000048   Code   RO         3496    i.xPortStartScheduler  port.o
    0x0800ce50   0x00000034   Code   RO         3497    i.xPortSysTickHandler  port.o
    0x0800ce84   0x00000048   Code   RO         3646    i.xQueueCreateMutex  queue.o
    0x0800cecc   0x00000046   Code   RO         3647    i.xQueueGenericCreate  queue.o
    0x0800cf12   0x00000002   PAD
    0x0800cf14   0x0000011c   Code   RO         3648    i.xQueueGenericReceive  queue.o
    0x0800d030   0x00000066   Code   RO         3649    i.xQueueGenericReset  queue.o
    0x0800d096   0x00000002   PAD
    0x0800d098   0x000000f0   Code   RO         3650    i.xQueueGenericSend  queue.o
    0x0800d188   0x0000007e   Code   RO         3651    i.xQueueGenericSendFromISR  queue.o
    0x0800d206   0x0000006e   Code   RO         3652    i.xQueueGiveFromISR  queue.o
    0x0800d274   0x0000005c   Code   RO         3799    i.xTaskCheckForTimeOut  tasks.o
    0x0800d2d0   0x000000f0   Code   RO         3800    i.xTaskGenericCreate  tasks.o
    0x0800d3c0   0x0000000c   Code   RO         3803    i.xTaskGetCurrentTaskHandle  tasks.o
    0x0800d3cc   0x0000000c   Code   RO         3804    i.xTaskGetTickCount  tasks.o
    0x0800d3d8   0x000000f8   Code   RO         3806    i.xTaskIncrementTick  tasks.o
    0x0800d4d0   0x00000084   Code   RO         3809    i.xTaskPriorityDisinherit  tasks.o
    0x0800d554   0x00000080   Code   RO         3810    i.xTaskRemoveFromEventList  tasks.o
    0x0800d5d4   0x000000d0   Code   RO         3812    i.xTaskResumeAll    tasks.o
    0x0800d6a4   0x00000002   Code   RO         2839    i.zigbee_config     gateway_protocol.o
    0x0800d6a6   0x00000002   PAD
    0x0800d6a8   0x0000002c   Code   RO         4675    locale$$code        c_w.l(lc_ctype_c.o)
    0x0800d6d4   0x0000002c   Code   RO         4678    locale$$code        c_w.l(lc_numeric_c.o)
    0x0800d700   0x00000018   Code   RO         4551    x$fpl$basic         fz_wm.l(basic.o)
    0x0800d718   0x00000150   Code   RO         4434    x$fpl$dadd          fz_wm.l(daddsub_clz.o)
    0x0800d868   0x00000018   Code   RO         4680    x$fpl$dcmpinf       fz_wm.l(dcmpi.o)
    0x0800d880   0x000002b0   Code   RO         4441    x$fpl$ddiv          fz_wm.l(ddiv.o)
    0x0800db30   0x0000005e   Code   RO         4444    x$fpl$dfix          fz_wm.l(dfix.o)
    0x0800db8e   0x00000002   PAD
    0x0800db90   0x0000005a   Code   RO         4448    x$fpl$dfixu         fz_wm.l(dfixu.o)
    0x0800dbea   0x0000002e   Code   RO         4453    x$fpl$dflt          fz_wm.l(dflt_clz.o)
    0x0800dc18   0x00000026   Code   RO         4452    x$fpl$dfltu         fz_wm.l(dflt_clz.o)
    0x0800dc3e   0x00000002   PAD
    0x0800dc40   0x00000078   Code   RO         4553    x$fpl$dleqf         fz_wm.l(dleqf.o)
    0x0800dcb8   0x00000154   Code   RO         4458    x$fpl$dmul          fz_wm.l(dmul.o)
    0x0800de0c   0x0000009c   Code   RO         4555    x$fpl$dnaninf       fz_wm.l(dnaninf.o)
    0x0800dea8   0x0000000c   Code   RO         4557    x$fpl$dretinf       fz_wm.l(dretinf.o)
    0x0800deb4   0x0000006c   Code   RO         4460    x$fpl$drleqf        fz_wm.l(drleqf.o)
    0x0800df20   0x00000016   Code   RO         4435    x$fpl$drsb          fz_wm.l(daddsub_clz.o)
    0x0800df36   0x00000002   PAD
    0x0800df38   0x00000198   Code   RO         4682    x$fpl$dsqrt         fz_wm.l(dsqrt_umaal.o)
    0x0800e0d0   0x000001d4   Code   RO         4436    x$fpl$dsub          fz_wm.l(daddsub_clz.o)
    0x0800e2a4   0x00000056   Code   RO         4462    x$fpl$f2d           fz_wm.l(f2d.o)
    0x0800e2fa   0x0000008c   Code   RO         4559    x$fpl$fnaninf       fz_wm.l(fnaninf.o)
    0x0800e386   0x0000000a   Code   RO         4745    x$fpl$fpinit        fz_wm.l(fpinit.o)
    0x0800e390   0x00000004   Code   RO         4464    x$fpl$printf1       fz_wm.l(printf1.o)
    0x0800e394   0x00000000   Code   RO         4561    x$fpl$usenofp       fz_wm.l(usenofp.o)
    0x0800e394   0x00000020   Data   RO         2142    .constdata          ballast_comm.o
    0x0800e3b4   0x0000003e   Data   RO         2268    .constdata          electric.o
    0x0800e3f2   0x00000002   PAD
    0x0800e3f4   0x000000b8   Data   RO         2428    .constdata          gsm.o
    0x0800e4ac   0x00000040   Data   RO         2577    .constdata          main.o
    0x0800e4ec   0x0000000a   Data   RO         2686    .constdata          sys_debug.o
    0x0800e4f6   0x00000028   Data   RO         4356    .constdata          c_w.l(_printf_hex_int.o)
    0x0800e51e   0x00000011   Data   RO         4386    .constdata          c_w.l(__printf_flags_wp.o)
    0x0800e52f   0x00000001   PAD
    0x0800e530   0x00000050   Data   RO         4469    .constdata          m_wm.l(acos.o)
    0x0800e580   0x00000050   Data   RO         4483    .constdata          m_wm.l(asin.o)
    0x0800e5d0   0x00000030   Data   RO         4563    .constdata          m_wm.l(cos_i.o)
    0x0800e600   0x000000c8   Data   RO         4591    .constdata          m_wm.l(rred.o)
    0x0800e6c8   0x00000028   Data   RO         4595    .constdata          m_wm.l(sin_i.o)
    0x0800e6f0   0x00000094   Data   RO         4646    .constdata          c_w.l(bigflt0.o)
    0x0800e784   0x00000157   Data   RO         2687    .conststring        sys_debug.o
    0x0800e8db   0x00000001   PAD
    0x0800e8dc   0x00000020   Data   RO         4815    Region$$Table       anon$$obj.o
    0x0800e8fc   0x00000110   Data   RO         4674    locale$$data        c_w.l(lc_ctype_c.o)
    0x0800ea0c   0x0000001c   Data   RO         4677    locale$$data        c_w.l(lc_numeric_c.o)


    Execution Region RW_IRAM1 (Base: 0x20000000, Size: 0x00019d20, Max: 0x00020000, ABSOLUTE, COMPRESSED[0x0000003c])

    Base Addr    Size         Type   Attr      Idx    E Section Name        Object

    0x20000000   0x00000010   Data   RW          686    .data               stm32f4xx_rcc.o
    0x20000010   0x00000010   Data   RW         2143    .data               ballast_comm.o
    0x20000020   0x0000000c   Data   RW         2269    .data               electric.o
    0x2000002c   0x00000019   Data   RW         2429    .data               gsm.o
    0x20000045   0x00000003   PAD
    0x20000048   0x0000000c   Data   RW         2616    .data               time_plan.o
    0x20000054   0x00000015   Data   RW         2688    .data               sys_debug.o
    0x20000069   0x00000003   PAD
    0x2000006c   0x0000000c   Data   RW         3038    .data               ballast_protocol.o
    0x20000078   0x0000000c   Data   RW         3158    .data               table_process.o
    0x20000084   0x00000008   Data   RW         3292    .data               km_ctrl.o
    0x2000008c   0x00000004   PAD
    0x20000090   0x00000088   Data   RW         3366    .data               lat_longitude.o
    0x20000118   0x00000004   Data   RW         3498    .data               port.o
    0x2000011c   0x00000018   Data   RW         3563    .data               heap_2.o
    0x20000134   0x00000038   Data   RW         3815    .data               tasks.o
    0x2000016c   0x00000008   Data   RW         4065    .data               rtc.o
    0x20000174   0x00000004   Data   RW         4222    .data               norflash.o
    0x20000178   0x00000004   Data   RW         4295    .data               uart_debug.o
    0x2000017c   0x000000cc   Zero   RW         2141    .bss                ballast_comm.o
    0x20000248   0x000001a2   Zero   RW         2267    .bss                electric.o
    0x200003ea   0x000001aa   Zero   RW         2427    .bss                gsm.o
    0x20000594   0x00000034   Zero   RW         2685    .bss                sys_debug.o
    0x200005c8   0x0000001e   Zero   RW         2840    .bss                gateway_protocol.o
    0x200005e6   0x00000002   PAD
    0x200005e8   0x00000010   Zero   RW         3365    .bss                lat_longitude.o
    0x200005f8   0x00019000   Zero   RW         3562    .bss                heap_2.o
    0x200195f8   0x000000c8   Zero   RW         3814    .bss                tasks.o
    0x200196c0   0x00000060   Zero   RW         4613    .bss                c_w.l(libspace.o)
    0x20019720   0x00000200   Zero   RW            2    HEAP                startup_stm32f40_41xxx.o
    0x20019920   0x00000400   Zero   RW            1    STACK               startup_stm32f40_41xxx.o



  Load Region LR$$.ARM.__AT_0x10000000 (Base: 0x10000000, Size: 0x00000000, Max: 0x0000c350, ABSOLUTE)

    Execution Region ER$$.ARM.__AT_0x10000000 (Base: 0x10000000, Size: 0x0000c350, Max: 0x0000c350, ABSOLUTE, UNINIT)

    Base Addr    Size         Type   Attr      Idx    E Section Name        Object

    0x10000000   0x0000c350   Zero   RW         3155    .ARM.__AT_0x10000000  table_process.o



  Load Region LR$$.ARM.__AT_0x1000C350 (Base: 0x1000c350, Size: 0x00000000, Max: 0x00001770, ABSOLUTE)

    Execution Region ER$$.ARM.__AT_0x1000C350 (Base: 0x1000c350, Size: 0x00001770, Max: 0x00001770, ABSOLUTE, UNINIT)

    Base Addr    Size         Type   Attr      Idx    E Section Name        Object

    0x1000c350   0x00001770   Zero   RW         3156    .ARM.__AT_0x1000C350  table_process.o



  Load Region LR$$.ARM.__AT_0x1000DAC0 (Base: 0x1000dac0, Size: 0x00000000, Max: 0x00000fa0, ABSOLUTE)

    Execution Region ER$$.ARM.__AT_0x1000DAC0 (Base: 0x1000dac0, Size: 0x00000fa0, Max: 0x00000fa0, ABSOLUTE, UNINIT)

    Base Addr    Size         Type   Attr      Idx    E Section Name        Object

    0x1000dac0   0x00000fa0   Zero   RW         3157    .ARM.__AT_0x1000DAC0  table_process.o


==============================================================================

Image component sizes


      Code (inc. data)   RO Data    RW Data    ZI Data      Debug   Object Name

      1552        148         32         16        204      17909   ballast_comm.o
      3452        104          0         12          0      12948   ballast_protocol.o
       168          0          0          0          0       3237   common.o
      2018        182         62         12        418      16922   electric.o
        74         38          0          0          0      11411   freertos_hook.o
      1050         62          0          0          0       6197   fsmc_nor.o
      5854        216          0          0         30      25691   gateway_protocol.o
      3514       1014        184         25        426      52628   gsm.o
       304         46          0         24     102400       3791   heap_2.o
       852         98          0          8          0       4397   km_ctrl.o
      5938        356          0        136         16      17235   lat_longitude.o
       148          0          0          0          0       3350   list.o
        58          0         64          0          0       1547   main.o
       140         24          0          0          0      59059   misc.o
       782        240          0          4          0       7301   norflash.o
       456         56          0          4          0      15696   port.o
      1374         10          0          0          0      20138   queue.o
      1056        108          0          8          0       5330   rtc.o
        64         26        392          0       1536        912   startup_stm32f40_41xxx.o
       656         54          0          0          0      19133   stm32f4xx_dma.o
         0          0          0          0          0       1664   stm32f4xx_exti.o
       348         12          0          0          0      10065   stm32f4xx_fsmc.o
       240          0          0          0          0      10744   stm32f4xx_gpio.o
        20          0          0          0          0     268545   stm32f4xx_it.o
        12          6          0          0          0        558   stm32f4xx_pwr.o
       540         66          0         16          0      23179   stm32f4xx_rcc.o
       970         66          0          0          0      23826   stm32f4xx_rtc.o
       422          8          0          0          0      11065   stm32f4xx_usart.o
      4172       1754        353         21         52      14705   sys_debug.o
       340         32          0          0          0       1605   system_stm32f4xx.o
      1940         72          0         12      60000       8909   table_process.o
      2710        400          0         56        200      22474   tasks.o
       768         68          0         12          0       3072   time_plan.o
       256         14          0          4          0       3914   uart_debug.o

    ----------------------------------------------------------------------
     42306       5280       1122        380     165284     709157   Object Totals
         0          0         32          0          0          0   (incl. Generated)
        58          0          3         10          2          0   (incl. Padding)

    ----------------------------------------------------------------------

      Code (inc. data)   RO Data    RW Data    ZI Data      Debug   Library Member Name

        60          8          0          0          0         84   __0sscanf.o
        90          0          0          0          0          0   __dczerorl2.o
         8          0          0          0          0         68   __main.o
       312          4         17          0          0         92   __printf_flags_wp.o
        14          0          0          0          0         68   __printf_wp.o
         0          0          0          0          0          0   __rtentry.o
        12          0          0          0          0          0   __rtentry2.o
         6          0          0          0          0          0   __rtentry4.o
        52          8          0          0          0          0   __scatter.o
        28          0          0          0          0          0   __scatter_zi.o
        28          0          0          0          0         68   _chval.o
        44          0          0          0          0        108   _printf_char.o
        48          6          0          0          0         96   _printf_char_common.o
        36          4          0          0          0         80   _printf_char_file.o
         6          0          0          0          0          0   _printf_d.o
       120         16          0          0          0         92   _printf_dec.o
         6          0          0          0          0          0   _printf_f.o
      1050          0          0          0          0        216   _printf_fp_dec.o
       128         16          0          0          0         84   _printf_fp_infnan.o
        88          4         40          0          0         88   _printf_hex_int.o
       178          0          0          0          0         88   _printf_intcommon.o
        78          0          0          0          0        108   _printf_pad.o
         0          0          0          0          0          0   _printf_percent.o
         4          0          0          0          0          0   _printf_percent_end.o
         6          0          0          0          0          0   _printf_s.o
        82          0          0          0          0         80   _printf_str.o
         6          0          0          0          0          0   _printf_x.o
        22          0          0          0          0        100   _rserrno.o
       884          6          0          0          0        100   _scanf.o
       332          0          0          0          0         96   _scanf_int.o
       224          0          0          0          0         96   _scanf_str.o
        64          0          0          0          0         84   _sgetc.o
        10          0          0          0          0         68   _sputc.o
       158          0          0          0          0         92   _strtoul.o
        16          0          0          0          0         68   aeabi_memset.o
        26          0          0          0          0         80   atoi.o
       220          4        148          0          0         96   bigflt0.o
      1910        128          0          0          0        672   btod.o
        12          0          0          0          0         72   exit.o
         8          0          0          0          0         68   ferror.o
         6          0          0          0          0        152   heapauxi.o
        18          0          0          0          0         76   isspace.o
        44         10        272          0          0         76   lc_ctype_c.o
        44         10         28          0          0         76   lc_numeric_c.o
         2          0          0          0          0          0   libinit.o
        34          0          0          0          0          0   libinit2.o
         2          0          0          0          0          0   libshutdown.o
         2          0          0          0          0          0   libshutdown2.o
         8          4          0          0         96         68   libspace.o
       138          0          0          0          0         80   lludiv10.o
        24          4          0          0          0         84   noretval__2printf.o
        40          6          0          0          0         84   noretval__2sprintf.o
        16          4          0          0          0         76   rt_ctype_table.o
         8          4          0          0          0         68   rt_errno_addr_intlibspace.o
         8          4          0          0          0         68   rt_locale_intlibspace.o
        68          0          0          0          0         68   rt_memclr.o
        78          0          0          0          0         80   rt_memclr_w.o
       138          0          0          0          0         68   rt_memcpy_v6.o
       100          0          0          0          0         80   rt_memcpy_w.o
         2          0          0          0          0          0   rtexit.o
        10          0          0          0          0          0   rtexit2.o
        44          8          0          0          0         84   scanf_char.o
       128          0          0          0          0         68   strcmpv7m.o
        72          0          0          0          0         80   strcpy.o
        62          0          0          0          0         76   strlen.o
       150          0          0          0          0         80   strncmp.o
        86          0          0          0          0         76   strncpy.o
        36          0          0          0          0         80   strstr.o
       112          0          0          0          0         88   strtol.o
        74          0          0          0          0         80   sys_stackheap_outer.o
         2          0          0          0          0         68   use_no_semi.o
         2          0          0          0          0         68   use_no_semi_2.o
        24          0          0          0          0        164   basic.o
       826         16          0          0          0        492   daddsub_clz.o
        24          0          0          0          0        116   dcmpi.o
       688        140          0          0          0        256   ddiv.o
        94          4          0          0          0        140   dfix.o
        90          4          0          0          0        140   dfixu.o
        84          0          0          0          0        232   dflt_clz.o
       120          4          0          0          0        140   dleqf.o
       340         12          0          0          0        152   dmul.o
       156          4          0          0          0        140   dnaninf.o
        12          0          0          0          0        116   dretinf.o
       108          0          0          0          0        128   drleqf.o
       408         56          0          0          0        168   dsqrt_umaal.o
        86          4          0          0          0        132   f2d.o
       140          4          0          0          0        132   fnaninf.o
        10          0          0          0          0        116   fpinit.o
         4          0          0          0          0        116   printf1.o
         0          0          0          0          0          0   usenofp.o
       856        118         80          0          0        288   acos.o
       864         94         80          0          0        280   asin.o
       200         20          0          0          0        164   cos.o
       368         46         48          0          0        200   cos_i.o
        84         16          0          0          0        372   dunder.o
        24          0          0          0          0        124   fabs.o
        48          0          0          0          0        124   fpclassify.o
       248          0          0          0          0        152   poly.o
      1080        142        200          0          0        188   rred.o
       200         20          0          0          0        164   sin.o
       304         24         40          0          0        208   sin_i.o
       110          0          0          0          0        148   sqrt.o

    ----------------------------------------------------------------------
     15562        986        954          0         96      10456   Library Totals
        28          0          1          0          0          0   (incl. Padding)

    ----------------------------------------------------------------------

      Code (inc. data)   RO Data    RW Data    ZI Data      Debug   Library Name

      7934        258        505          0         96       5164   c_w.l
      3214        248          0          0          0       2880   fz_wm.l
      4386        480        448          0          0       2412   m_wm.l

    ----------------------------------------------------------------------
     15562        986        954          0         96      10456   Library Totals

    ----------------------------------------------------------------------

==============================================================================


      Code (inc. data)   RO Data    RW Data    ZI Data      Debug   

     57868       6266       2076        380     165380     683797   Grand Totals
     57868       6266       2076         60     165380     683797   ELF Image Totals (compressed)
     57868       6266       2076         60          0          0   ROM Totals

==============================================================================

    Total RO  Size (Code + RO Data)                59944 (  58.54kB)
    Total RW  Size (RW Data + ZI Data)            165760 ( 161.88kB)
    Total ROM Size (Code + RO Data + RW Data)      60004 (  58.60kB)

==============================================================================

