Component: ARM Compiler 5.05 update 1 (build 106) Tool: armlink [4d0efa]

==============================================================================

Section Cross References

    startup_stm32f40_41xxx.o(STACK) refers (Special) to heapauxi.o(.text) for __use_two_region_memory
    startup_stm32f40_41xxx.o(HEAP) refers (Special) to heapauxi.o(.text) for __use_two_region_memory
    startup_stm32f40_41xxx.o(RESET) refers (Special) to heapauxi.o(.text) for __use_two_region_memory
    startup_stm32f40_41xxx.o(RESET) refers to startup_stm32f40_41xxx.o(STACK) for __initial_sp
    startup_stm32f40_41xxx.o(RESET) refers to startup_stm32f40_41xxx.o(.text) for Reset_Handler
    startup_stm32f40_41xxx.o(RESET) refers to stm32f4xx_it.o(i.NMI_Handler) for NMI_Handler
    startup_stm32f40_41xxx.o(RESET) refers to stm32f4xx_it.o(i.HardFault_Handler) for HardFault_Handler
    startup_stm32f40_41xxx.o(RESET) refers to stm32f4xx_it.o(i.MemManage_Handler) for MemManage_Handler
    startup_stm32f40_41xxx.o(RESET) refers to stm32f4xx_it.o(i.BusFault_Handler) for BusFault_Handler
    startup_stm32f40_41xxx.o(RESET) refers to stm32f4xx_it.o(i.UsageFault_Handler) for UsageFault_Handler
    startup_stm32f40_41xxx.o(RESET) refers to port.o(.emb_text) for vPortSVCHandler
    startup_stm32f40_41xxx.o(RESET) refers to stm32f4xx_it.o(i.DebugMon_Handler) for DebugMon_Handler
    startup_stm32f40_41xxx.o(RESET) refers to port.o(i.xPortSysTickHandler) for xPortSysTickHandler
    startup_stm32f40_41xxx.o(RESET) refers to gsm.o(i.DMA1_Stream3_IRQHandler) for DMA1_Stream3_IRQHandler
    startup_stm32f40_41xxx.o(RESET) refers to ballast_comm.o(i.DMA1_Stream4_IRQHandler) for DMA1_Stream4_IRQHandler
    startup_stm32f40_41xxx.o(RESET) refers to electric.o(i.USART1_IRQHandler) for USART1_IRQHandler
    startup_stm32f40_41xxx.o(RESET) refers to gsm.o(i.USART3_IRQHandler) for USART3_IRQHandler
    startup_stm32f40_41xxx.o(RESET) refers to ballast_comm.o(i.UART4_IRQHandler) for UART4_IRQHandler
    startup_stm32f40_41xxx.o(RESET) refers to electric.o(i.DMA2_Stream7_IRQHandler) for DMA2_Stream7_IRQHandler
    startup_stm32f40_41xxx.o(RESET) refers to sys_debug.o(i.USART6_IRQHandler) for USART6_IRQHandler
    startup_stm32f40_41xxx.o(.text) refers (Special) to heapauxi.o(.text) for __use_two_region_memory
    startup_stm32f40_41xxx.o(.text) refers to system_stm32f4xx.o(i.SystemInit) for SystemInit
    startup_stm32f40_41xxx.o(.text) refers to __main.o(!!!main) for __main
    startup_stm32f40_41xxx.o(.text) refers to startup_stm32f40_41xxx.o(HEAP) for Heap_Mem
    startup_stm32f40_41xxx.o(.text) refers to startup_stm32f40_41xxx.o(STACK) for Stack_Mem
    system_stm32f4xx.o(i.SystemCoreClockUpdate) refers to system_stm32f4xx.o(.data) for SystemCoreClock
    system_stm32f4xx.o(i.SystemInit) refers to system_stm32f4xx.o(i.SetSysClock) for SetSysClock
    stm32f4xx_gpio.o(i.GPIO_DeInit) refers to stm32f4xx_rcc.o(i.RCC_AHB1PeriphResetCmd) for RCC_AHB1PeriphResetCmd
    stm32f4xx_pwr.o(i.PWR_DeInit) refers to stm32f4xx_rcc.o(i.RCC_APB1PeriphResetCmd) for RCC_APB1PeriphResetCmd
    stm32f4xx_rcc.o(i.RCC_GetClocksFreq) refers to stm32f4xx_rcc.o(.data) for APBAHBPrescTable
    stm32f4xx_rcc.o(i.RCC_WaitForHSEStartUp) refers to stm32f4xx_rcc.o(i.RCC_GetFlagStatus) for RCC_GetFlagStatus
    stm32f4xx_usart.o(i.USART_DeInit) refers to stm32f4xx_rcc.o(i.RCC_APB2PeriphResetCmd) for RCC_APB2PeriphResetCmd
    stm32f4xx_usart.o(i.USART_DeInit) refers to stm32f4xx_rcc.o(i.RCC_APB1PeriphResetCmd) for RCC_APB1PeriphResetCmd
    stm32f4xx_usart.o(i.USART_Init) refers to stm32f4xx_rcc.o(i.RCC_GetClocksFreq) for RCC_GetClocksFreq
    stm32f4xx_flash.o(i.FLASH_EraseAllBank1Sectors) refers to stm32f4xx_flash.o(i.FLASH_WaitForLastOperation) for FLASH_WaitForLastOperation
    stm32f4xx_flash.o(i.FLASH_EraseAllBank2Sectors) refers to stm32f4xx_flash.o(i.FLASH_WaitForLastOperation) for FLASH_WaitForLastOperation
    stm32f4xx_flash.o(i.FLASH_EraseAllSectors) refers to stm32f4xx_flash.o(i.FLASH_WaitForLastOperation) for FLASH_WaitForLastOperation
    stm32f4xx_flash.o(i.FLASH_EraseSector) refers to stm32f4xx_flash.o(i.FLASH_WaitForLastOperation) for FLASH_WaitForLastOperation
    stm32f4xx_flash.o(i.FLASH_OB_Launch) refers to stm32f4xx_flash.o(i.FLASH_WaitForLastOperation) for FLASH_WaitForLastOperation
    stm32f4xx_flash.o(i.FLASH_OB_PCROP1Config) refers to stm32f4xx_flash.o(i.FLASH_WaitForLastOperation) for FLASH_WaitForLastOperation
    stm32f4xx_flash.o(i.FLASH_OB_PCROPConfig) refers to stm32f4xx_flash.o(i.FLASH_WaitForLastOperation) for FLASH_WaitForLastOperation
    stm32f4xx_flash.o(i.FLASH_OB_RDPConfig) refers to stm32f4xx_flash.o(i.FLASH_WaitForLastOperation) for FLASH_WaitForLastOperation
    stm32f4xx_flash.o(i.FLASH_OB_UserConfig) refers to stm32f4xx_flash.o(i.FLASH_WaitForLastOperation) for FLASH_WaitForLastOperation
    stm32f4xx_flash.o(i.FLASH_OB_WRP1Config) refers to stm32f4xx_flash.o(i.FLASH_WaitForLastOperation) for FLASH_WaitForLastOperation
[...]
    prvIdleTask                              0x080041c5   Thumb Code    32  tasks.o(i.prvIdleTask)
    i.prvInitialiseTCBVariables              0x080041ec   Section        0  tasks.o(i.prvInitialiseTCBVariables)
    prvInitialiseTCBVariables                0x080041ed   Thumb Code    98  tasks.o(i.prvInitialiseTCBVariables)
    i.prvInitialiseTaskLists                 0x08004250   Section        0  tasks.o(i.prvInitialiseTaskLists)
    prvInitialiseTaskLists                   0x08004251   Thumb Code    70  tasks.o(i.prvInitialiseTaskLists)
    i.prvIsQueueEmpty                        0x080042b8   Section        0  queue.o(i.prvIsQueueEmpty)
    prvIsQueueEmpty                          0x080042b9   Thumb Code    26  queue.o(i.prvIsQueueEmpty)
    i.prvIsQueueFull                         0x080042d2   Section        0  queue.o(i.prvIsQueueFull)
    prvIsQueueFull                           0x080042d3   Thumb Code    30  queue.o(i.prvIsQueueFull)
    i.prvResetNextTaskUnblockTime            0x080042f0   Section        0  tasks.o(i.prvResetNextTaskUnblockTime)
    prvResetNextTaskUnblockTime              0x080042f1   Thumb Code    42  tasks.o(i.prvResetNextTaskUnblockTime)
    i.prvTaskExitError                       0x08004324   Section        0  port.o(i.prvTaskExitError)
    prvTaskExitError                         0x08004325   Thumb Code    22  port.o(i.prvTaskExitError)
    i.prvUnlockQueue                         0x0800433a   Section        0  queue.o(i.prvUnlockQueue)
    prvUnlockQueue                           0x0800433b   Thumb Code   126  queue.o(i.prvUnlockQueue)
    i.pvPortMalloc                           0x080043b8   Section        0  heap_2.o(i.pvPortMalloc)
    i.pvTaskIncrementMutexHeldCount          0x08004470   Section        0  tasks.o(i.pvTaskIncrementMutexHeldCount)
    i.pxPortInitialiseStack                  0x08004490   Section        0  port.o(i.pxPortInitialiseStack)
    i.uxListRemove                           0x080044b8   Section        0  list.o(i.uxListRemove)
    i.vApplicationStackOverflowHook          0x080044e0   Section        0  freertos_hook.o(i.vApplicationStackOverflowHook)
    i.vApplicationTickHook                   0x08004528   Section        0  freertos_hook.o(i.vApplicationTickHook)
    i.vBallastComm1Task                      0x0800452c   Section        0  ballast_comm.o(i.vBallastComm1Task)
    vBallastComm1Task                        0x0800452d   Thumb Code    76  ballast_comm.o(i.vBallastComm1Task)
    i.vElectTask                             0x08004580   Section        0  electric.o(i.vElectTask)
    vElectTask                               0x08004581   Thumb Code    76  electric.o(i.vElectTask)
    i.vGSMTask                               0x080045d4   Section        0  gsm.o(i.vGSMTask)
    vGSMTask                                 0x080045d5   Thumb Code   126  gsm.o(i.vGSMTask)
    i.vListInitialise                        0x08004660   Section        0  list.o(i.vListInitialise)
    i.vListInitialiseItem                    0x0800467a   Section        0  list.o(i.vListInitialiseItem)
    i.vListInsert                            0x08004680   Section        0  list.o(i.vListInsert)
    i.vListInsertEnd                         0x080046b4   Section        0  list.o(i.vListInsertEnd)
    i.vPortEnterCritical                     0x080046cc   Section        0  port.o(i.vPortEnterCritical)
    i.vPortExitCritical                      0x080046f0   Section        0  port.o(i.vPortExitCritical)
    i.vPortFree                              0x08004710   Section        0  heap_2.o(i.vPortFree)
    i.vPortSetupTimerInterrupt               0x08004750   Section        0  port.o(i.vPortSetupTimerInterrupt)
    i.vTaskDelay                             0x08004764   Section        0  tasks.o(i.vTaskDelay)
    i.vTaskMissedYield                       0x080047c8   Section        0  tasks.o(i.vTaskMissedYield)
    i.vTaskPlaceOnEventList                  0x080047d4   Section        0  tasks.o(i.vTaskPlaceOnEventList)
    i.vTaskPriorityInherit                   0x08004838   Section        0  tasks.o(i.vTaskPriorityInherit)
    i.vTaskSetTimeOutState                   0x080048e8   Section        0  tasks.o(i.vTaskSetTimeOutState)
    i.vTaskStartScheduler                    0x08004900   Section        0  tasks.o(i.vTaskStartScheduler)
    i.vTaskSuspendAll                        0x08004964   Section        0  tasks.o(i.vTaskSuspendAll)
    i.vTaskSwitchContext                     0x08004974   Section        0  tasks.o(i.vTaskSwitchContext)
    i.vUartDebugTask                         0x08004a0c   Section        0  sys_debug.o(i.vUartDebugTask)
    vUartDebugTask                           0x08004a0d   Thumb Code    50  sys_debug.o(i.vUartDebugTask)
    i.xPortStartScheduler                    0x08004a4c   Section        0  port.o(i.xPortStartScheduler)
    i.xPortSysTickHandler                    0x08004a94   Section        0  port.o(i.xPortSysTickHandler)
    i.xQueueCreateMutex                      0x08004ac8   Section        0  queue.o(i.xQueueCreateMutex)
    i.xQueueGenericCreate                    0x08004b10   Section        0  queue.o(i.xQueueGenericCreate)
    i.xQueueGenericReceive                   0x08004b58   Section        0  queue.o(i.xQueueGenericReceive)
    i.xQueueGenericReset                     0x08004c9c   Section        0  queue.o(i.xQueueGenericReset)
    i.xQueueGenericSend                      0x08004d18   Section        0  queue.o(i.xQueueGenericSend)
    i.xQueueGenericSendFromISR               0x08004e28   Section        0  queue.o(i.xQueueGenericSendFromISR)
    i.xQueueGiveFromISR                      0x08004ea6   Section        0  queue.o(i.xQueueGiveFromISR)
    i.xTaskCheckForTimeOut                   0x08004f14   Section        0  tasks.o(i.xTaskCheckForTimeOut)
    i.xTaskGenericCreate                     0x08004f70   Section        0  tasks.o(i.xTaskGenericCreate)
    i.xTaskGetCurrentTaskHandle              0x08005078   Section        0  tasks.o(i.xTaskGetCurrentTaskHandle)
    i.xTaskGetTickCount                      0x08005084   Section        0  tasks.o(i.xTaskGetTickCount)
    i.xTaskIncrementTick                     0x08005090   Section        0  tasks.o(i.xTaskIncrementTick)
    i.xTaskPriorityDisinherit                0x080051bc   Section        0  tasks.o(i.xTaskPriorityDisinherit)
    i.xTaskRemoveFromEventList               0x08005240   Section        0  tasks.o(i.xTaskRemoveFromEventList)
    i.xTaskResumeAll                         0x080052c0   Section        0  tasks.o(i.xTaskResumeAll)
    locale$$code                             0x080053a8   Section       44  lc_ctype_c.o(locale$$code)
    x$fpl$fpinit                             0x080053d4   Section       10  fpinit.o(x$fpl$fpinit)
    $v0                                      0x080053d4   Number         0  fpinit.o(x$fpl$fpinit)
    .constdata                               0x080053e0   Section        8  ballast_comm.o(.constdata)
    Ballast_MessageMaps                      0x080053e0   Data           8  ballast_comm.o(.constdata)
    .constdata                               0x080053e8   Section        8  electric.o(.constdata)
    Electric_MessageMaps                     0x080053e8   Data           8  electric.o(.constdata)
    .constdata                               0x080053f0   Section        8  gsm.o(.constdata)
    GPRS_MessageMaps                         0x080053f0   Data           8  gsm.o(.constdata)
    .conststring                             0x080053f8   Section      303  sys_debug.o(.conststring)
    locale$$data                             0x08005548   Section      272  lc_ctype_c.o(locale$$data)
    __lcctype_c_name                         0x0800554c   Data           2  lc_ctype_c.o(locale$$data)
    __lcctype_c_start                        0x08005554   Data           0  lc_ctype_c.o(locale$$data)
    __lcctype_c_end                          0x08005658   Data           0  lc_ctype_c.o(locale$$data)
    .ARM.__AT_0x10000000                     0x10000000   Section    50000  ballast_protocol.o(.ARM.__AT_0x10000000)
    .ARM.__AT_0x1000C350                     0x1000c350   Section     6000  ballast_protocol.o(.ARM.__AT_0x1000C350)
    .ARM.__AT_0x1000DAC0                     0x1000dac0   Section     6000  ballast_protocol.o(.ARM.__AT_0x1000DAC0)
    .data                                    0x20000000   Section       16  stm32f4xx_rcc.o(.data)
    APBAHBPrescTable                         0x20000000   Data          16  stm32f4xx_rcc.o(.data)
    .data                                    0x20000010   Section        8  ballast_comm.o(.data)
    BallastComm1Queue                        0x20000014   Data           4  ballast_comm.o(.data)
    .data                                    0x20000018   Section        8  electric.o(.data)
    ElectricQueue                            0x2000001c   Data           4  electric.o(.data)
    .data                                    0x20000020   Section       14  gsm.o(.data)
    GSM_GPRS_queue                           0x20000024   Data           4  gsm.o(.data)
    GSM_AT_queue                             0x20000028   Data           4  gsm.o(.data)
    .data                                    0x20000030   Section       17  sys_debug.o(.data)
    uartDebugQueue                           0x20000030   Data           4  sys_debug.o(.data)
    printf_semaphore                         0x20000034   Data           4  sys_debug.o(.data)
    .data                                    0x20000044   Section        4  km_ctrl.o(.data)
    KMCtrlQueue                              0x20000044   Data           4  km_ctrl.o(.data)
    .data                                    0x20000048   Section        4  port.o(.data)
    uxCriticalNesting                        0x20000048   Data           4  port.o(.data)
    .data                                    0x2000004c   Section       24  heap_2.o(.data)
    xStart                                   0x2000004c   Data           8  heap_2.o(.data)
    xEnd                                     0x20000054   Data           8  heap_2.o(.data)
    xFreeBytesRemaining                      0x2000005c   Data           4  heap_2.o(.data)
    xHeapHasBeenInitialised                  0x20000060   Data           4  heap_2.o(.data)
    .data                                    0x20000064   Section       56  tasks.o(.data)
    pxDelayedTaskList                        0x20000068   Data           4  tasks.o(.data)
    pxOverflowDelayedTaskList                0x2000006c   Data           4  tasks.o(.data)
    uxTasksDeleted                           0x20000070   Data           4  tasks.o(.data)
    uxCurrentNumberOfTasks                   0x20000074   Data           4  tasks.o(.data)
    xTickCount                               0x20000078   Data           4  tasks.o(.data)
    uxTopReadyPriority                       0x2000007c   Data           4  tasks.o(.data)
    xSchedulerRunning                        0x20000080   Data           4  tasks.o(.data)
    uxPendedTicks                            0x20000084   Data           4  tasks.o(.data)
    xYieldPending                            0x20000088   Data           4  tasks.o(.data)
    xNumOfOverflows                          0x2000008c   Data           4  tasks.o(.data)
    uxTaskNumber                             0x20000090   Data           4  tasks.o(.data)
    xNextTaskUnblockTime                     0x20000094   Data           4  tasks.o(.data)
    uxSchedulerSuspended                     0x20000098   Data           4  tasks.o(.data)
    .data                                    0x2000009c   Section       18  rtc.o(.data)
    RTC_SystemRunningSemaphore               0x2000009c   Data           4  rtc.o(.data)
    .data                                    0x200000b0   Section        4  norflash.o(.data)
    norflash_semaphore                       0x200000b0   Data           4  norflash.o(.data)
    .data                                    0x200000b4   Section        4  uart_debug.o(.data)
    .bss                                     0x200000b8   Section      204  ballast_comm.o(.bss)
    .bss                                     0x20000184   Section      204  electric.o(.bss)
    .bss                                     0x20000250   Section      436  gsm.o(.bss)
    .bss                                     0x20000404   Section       52  sys_debug.o(.bss)
    .bss                                     0x20000438   Section    122880  heap_2.o(.bss)
    ucHeap                                   0x20000438   Data       122880  heap_2.o(.bss)
    .bss                                     0x2001e438   Section      200  tasks.o(.bss)
    pxReadyTasksLists                        0x2001e438   Data         100  tasks.o(.bss)
    xDelayedTaskList1                        0x2001e49c   Data          20  tasks.o(.bss)
    xDelayedTaskList2                        0x2001e4b0   Data          20  tasks.o(.bss)
    xPendingReadyList                        0x2001e4c4   Data          20  tasks.o(.bss)
    xTasksWaitingTermination                 0x2001e4d8   Data          20  tasks.o(.bss)
    xSuspendedTaskList                       0x2001e4ec   Data          20  tasks.o(.bss)
    .bss                                     0x2001e500   Section       96  libspace.o(.bss)
    HEAP                                     0x2001e560   Section      512  startup_stm32f40_41xxx.o(HEAP)
    Heap_Mem                                 0x2001e560   Data         512  startup_stm32f40_41xxx.o(HEAP)
    STACK                                    0x2001e760   Section     1024  startup_stm32f40_41xxx.o(STACK)
    Stack_Mem                                0x2001e760   Data        1024  startup_stm32f40_41xxx.o(STACK)
    __initial_sp                             0x2001eb60   Data           0  startup_stm32f40_41xxx.o(STACK)

    Global Symbols

    Symbol Name                              Value     Ov Type        Size  Object(Section)

    BuildAttributes$$THM_ISAv4$E$P$D$K$B$S$7EM$VFPi3$EXTD16$VFPS$VFMA$PE$A:L22UL41UL21$X:L11$S22US41US21$IEEE1$IW$USESV6$~STKCKD$USESV7$~SHL$OSPACE$ROPI$EBA8$UX$STANDARDLIB$REQ8$PRES8$EABIv2 0x00000000   Number         0  anon$$obj.o ABSOLUTE
    __ARM_use_no_argv                        0x00000000   Number         0  main.o ABSOLUTE
    _printf_flags                            0x00000000   Number         0  printf_stubs.o ABSOLUTE
    _printf_return_value                     0x00000000   Number         0  printf_stubs.o ABSOLUTE
    _printf_sizespec                         0x00000000   Number         0  printf_stubs.o ABSOLUTE
    _printf_widthprec                        0x00000000   Number         0  printf_stubs.o ABSOLUTE
    __ARM_exceptions_init                     - Undefined Weak Reference
    __alloca_initialize                       - Undefined Weak Reference
    __arm_preinit_                            - Undefined Weak Reference
    __cpp_initialize__aeabi_                  - Undefined Weak Reference
    __cxa_finalize                            - Undefined Weak Reference
    __sigvec_lookup                           - Undefined Weak Reference
    _atexit_init                              - Undefined Weak Reference
    _call_atexit_fns                          - Undefined Weak Reference
    _clock_init                               - Undefined Weak Reference
    _fp_trap_init                             - Undefined Weak Reference
    _fp_trap_shutdown                         - Undefined Weak Reference
    _get_lc_collate                           - Undefined Weak Reference
    _get_lc_monetary                          - Undefined Weak Reference
    _get_lc_numeric                           - Undefined Weak Reference
    _get_lc_time                              - Undefined Weak Reference
    _getenv_init                              - Undefined Weak Reference
    _handle_redirection                       - Undefined Weak Reference
    _init_alloc                               - Undefined Weak Reference
    _init_user_alloc                          - Undefined Weak Reference
    _initio                                   - Undefined Weak Reference
    _mutex_acquire                            - Undefined Weak Reference
    _mutex_release                            - Undefined Weak Reference
    _printf_mbtowc                            - Undefined Weak Reference
    _printf_post_padding                      - Undefined Weak Reference
    _printf_pre_padding                       - Undefined Weak Reference
    _rand_init                                - Undefined Weak Reference
    _scanf_longlong                           - Undefined Weak Reference
    _scanf_mbtowc                             - Undefined Weak Reference
    _scanf_real                               - Undefined Weak Reference
    _scanf_wctomb                             - Undefined Weak Reference
    _scanf_wstring                            - Undefined Weak Reference
    _signal_finish                            - Undefined Weak Reference
    _signal_init                              - Undefined Weak Reference
    _terminate_alloc                          - Undefined Weak Reference
    _terminate_user_alloc                     - Undefined Weak Reference
    _terminateio                              - Undefined Weak Reference
    __Vectors_Size                           0x00000188   Number         0  startup_stm32f40_41xxx.o ABSOLUTE
    __Vectors                                0x08000000   Data           4  startup_stm32f40_41xxx.o(RESET)
    __Vectors_End                            0x08000188   Data           0  startup_stm32f40_41xxx.o(RESET)
    __main                                   0x08000189   Thumb Code     8  __main.o(!!!main)
    __scatterload                            0x08000191   Thumb Code     0  __scatter.o(!!!scatter)
    __scatterload_rt2                        0x08000191   Thumb Code    44  __scatter.o(!!!scatter)
    __scatterload_rt2_thumb_only             0x08000191   Thumb Code     0  __scatter.o(!!!scatter)
    __scatterload_null                       0x0800019f   Thumb Code     0  __scatter.o(!!!scatter)
    __scatterload_copy                       0x080001c5   Thumb Code    26  __scatter_copy.o(!!handler_copy)
    __scatterload_zeroinit                   0x080001e1   Thumb Code    28  __scatter_zi.o(!!handler_zi)
    _printf_percent                          0x080001fd   Thumb Code     0  _printf_percent.o(.ARM.Collect$$_printf_percent$$00000000)
    _printf_s                                0x080001fd   Thumb Code     0  _printf_s.o(.ARM.Collect$$_printf_percent$$00000014)
    _printf_percent_end                      0x08000203   Thumb Code     0  _printf_percent_end.o(.ARM.Collect$$_printf_percent$$00000017)
    __rt_lib_init                            0x08000207   Thumb Code     0  libinit.o(.ARM.Collect$$libinit$$00000000)
    __rt_lib_init_fp_1                       0x08000209   Thumb Code     0  libinit2.o(.ARM.Collect$$libinit$$00000001)
    __rt_lib_init_heap_1                     0x0800020d   Thumb Code     0  libinit2.o(.ARM.Collect$$libinit$$0000000A)
    __rt_lib_init_lc_common                  0x0800020d   Thumb Code     0  libinit2.o(.ARM.Collect$$libinit$$0000000F)
    __rt_lib_init_preinit_1                  0x0800020d   Thumb Code     0  libinit2.o(.ARM.Collect$$libinit$$00000004)
    __rt_lib_init_rand_1                     0x0800020d   Thumb Code     0  libinit2.o(.ARM.Collect$$libinit$$0000000E)
    __rt_lib_init_user_alloc_1               0x0800020d   Thumb Code     0  libinit2.o(.ARM.Collect$$libinit$$0000000C)
    __rt_lib_init_lc_collate_1               0x08000213   Thumb Code     0  libinit2.o(.ARM.Collect$$libinit$$00000011)
    __rt_lib_init_lc_ctype_2                 0x08000213   Thumb Code     0  libinit2.o(.ARM.Collect$$libinit$$00000012)
    __rt_lib_init_alloca_1                   0x0800021f   Thumb Code     0  libinit2.o(.ARM.Collect$$libinit$$0000002E)
    __rt_lib_init_argv_1                     0x0800021f   Thumb Code     0  libinit2.o(.ARM.Collect$$libinit$$0000002C)
    __rt_lib_init_atexit_1                   0x0800021f   Thumb Code     0  libinit2.o(.ARM.Collect$$libinit$$0000001B)
    __rt_lib_init_clock_1                    0x0800021f   Thumb Code     0  libinit2.o(.ARM.Collect$$libinit$$00000021)
    __rt_lib_init_cpp_1                      0x0800021f   Thumb Code     0  libinit2.o(.ARM.Collect$$libinit$$00000032)
    __rt_lib_init_exceptions_1               0x0800021f   Thumb Code     0  libinit2.o(.ARM.Collect$$libinit$$00000030)
    __rt_lib_init_fp_trap_1                  0x0800021f   Thumb Code     0  libinit2.o(.ARM.Collect$$libinit$$0000001F)
    __rt_lib_init_getenv_1                   0x0800021f   Thumb Code     0  libinit2.o(.ARM.Collect$$libinit$$00000023)
    __rt_lib_init_lc_ctype_1                 0x0800021f   Thumb Code     0  libinit2.o(.ARM.Collect$$libinit$$00000013)
    __rt_lib_init_lc_monetary_1              0x0800021f   Thumb Code     0  libinit2.o(.ARM.Collect$$libinit$$00000015)
    __rt_lib_init_lc_numeric_1               0x0800021f   Thumb Code     0  libinit2.o(.ARM.Collect$$libinit$$00000017)
    __rt_lib_init_lc_time_1                  0x0800021f   Thumb Code     0  libinit2.o(.ARM.Collect$$libinit$$00000019)
    __rt_lib_init_return                     0x0800021f   Thumb Code     0  libinit2.o(.ARM.Collect$$libinit$$00000033)
    __rt_lib_init_signal_1                   0x0800021f   Thumb Code     0  libinit2.o(.ARM.Collect$$libinit$$0000001D)
    __rt_lib_init_stdio_1                    0x0800021f   Thumb Code     0  libinit2.o(.ARM.Collect$$libinit$$00000025)
    __rt_lib_shutdown                        0x08000221   Thumb Code     0  libshutdown.o(.ARM.Collect$$libshutdown$$00000000)
    __rt_lib_shutdown_fp_trap_1              0x08000223   Thumb Code     0  libshutdown2.o(.ARM.Collect$$libshutdown$$00000006)
    __rt_lib_shutdown_heap_1                 0x08000223   Thumb Code     0  libshutdown2.o(.ARM.Collect$$libshutdown$$0000000E)
    __rt_lib_shutdown_return                 0x08000223   Thumb Code     0  libshutdown2.o(.ARM.Collect$$libshutdown$$0000000F)
    __rt_lib_shutdown_signal_1               0x08000223   Thumb Code     0  libshutdown2.o(.ARM.Collect$$libshutdown$$00000009)
    __rt_lib_shutdown_stdio_1                0x08000223   Thumb Code     0  libshutdown2.o(.ARM.Collect$$libshutdown$$00000003)
    __rt_lib_shutdown_user_alloc_1           0x08000223   Thumb Code     0  libshutdown2.o(.ARM.Collect$$libshutdown$$0000000B)
    __rt_entry                               0x08000225   Thumb Code     0  __rtentry.o(.ARM.Collect$$rtentry$$00000000)
    __rt_entry_presh_1                       0x08000225   Thumb Code     0  __rtentry2.o(.ARM.Collect$$rtentry$$00000002)
    __rt_entry_sh                            0x08000225   Thumb Code     0  __rtentry4.o(.ARM.Collect$$rtentry$$00000004)
    __rt_entry_li                            0x0800022b   Thumb Code     0  __rtentry2.o(.ARM.Collect$$rtentry$$0000000A)
    __rt_entry_postsh_1                      0x0800022b   Thumb Code     0  __rtentry2.o(.ARM.Collect$$rtentry$$00000009)
    __rt_entry_main                          0x0800022f   Thumb Code     0  __rtentry2.o(.ARM.Collect$$rtentry$$0000000D)
    __rt_entry_postli_1                      0x0800022f   Thumb Code     0  __rtentry2.o(.ARM.Collect$$rtentry$$0000000C)
    __rt_exit                                0x08000237   Thumb Code     0  rtexit.o(.ARM.Collect$$rtexit$$00000000)
    __rt_exit_ls                             0x08000239   Thumb Code     0  rtexit2.o(.ARM.Collect$$rtexit$$00000003)
    __rt_exit_prels_1                        0x08000239   Thumb Code     0  rtexit2.o(.ARM.Collect$$rtexit$$00000002)
    __rt_exit_exit                           0x0800023d   Thumb Code     0  rtexit2.o(.ARM.Collect$$rtexit$$00000004)
    vPortSVCHandler                          0x08000245   Thumb Code    28  port.o(.emb_text)
    __asm___6_port_c_39a90d8d__prvStartFirstTask 0x08000265   Thumb Code    28  port.o(.emb_text)
    __asm___6_port_c_39a90d8d__prvEnableVFP  0x08000285   Thumb Code    16  port.o(.emb_text)
    xPortPendSVHandler                       0x08000299   Thumb Code    88  port.o(.emb_text)
    vPortGetIPSR                             0x080002f5   Thumb Code     6  port.o(.emb_text)
    Reset_Handler                            0x080002fd   Thumb Code     8  startup_stm32f40_41xxx.o(.text)
    SVC_Handler                              0x0800030f   Thumb Code     2  startup_stm32f40_41xxx.o(.text)
    PendSV_Handler                           0x08000313   Thumb Code     2  startup_stm32f40_41xxx.o(.text)
    SysTick_Handler                          0x08000315   Thumb Code     2  startup_stm32f40_41xxx.o(.text)
    ADC_IRQHandler                           0x08000317   Thumb Code     0  startup_stm32f40_41xxx.o(.text)
    CAN1_RX0_IRQHandler                      0x08000317   Thumb Code     0  startup_stm32f40_41xxx.o(.text)
    CAN1_RX1_IRQHandler                      0x08000317   Thumb Code     0  startup_stm32f40_41xxx.o(.text)
    CAN1_SCE_IRQHandler                      0x08000317   Thumb Code     0  startup_stm32f40_41xxx.o(.text)
    CAN1_TX_IRQHandler                       0x08000317   Thumb Code     0  startup_stm32f40_41xxx.o(.text)
    CAN2_RX0_IRQHandler                      0x08000317   Thumb Code     0  startup_stm32f40_41xxx.o(.text)
    CAN2_RX1_IRQHandler                      0x08000317   Thumb Code     0  startup_stm32f40_41xxx.o(.text)
    CAN2_SCE_IRQHandler                      0x08000317   Thumb Code     0  startup_stm32f40_41xxx.o(.text)
    CAN2_TX_IRQHandler                       0x08000317   Thumb Code     0  startup_stm32f40_41xxx.o(.text)
    CRYP_IRQHandler                          0x08000317   Thumb Code     0  startup_stm32f40_41xxx.o(.text)
    DCMI_IRQHandler                          0x08000317   Thumb Code     0  startup_stm32f40_41xxx.o(.text)
    DMA1_Stream0_IRQHandler                  0x08000317   Thumb Code     0  startup_stm32f40_41xxx.o(.text)
    DMA1_Stream1_IRQHandler                  0x08000317   Thumb Code     0  startup_stm32f40_41xxx.o(.text)
    DMA1_Stream2_IRQHandler                  0x08000317   Thumb Code     0  startup_stm32f40_41xxx.o(.text)
    DMA1_Stream5_IRQHandler                  0x08000317   Thumb Code     0  startup_stm32f40_41xxx.o(.text)
    DMA1_Stream6_IRQHandler                  0x08000317   Thumb Code     0  startup_stm32f40_41xxx.o(.text)
    DMA1_Stream7_IRQHandler                  0x08000317   Thumb Code     0  startup_stm32f40_41xxx.o(.text)
    DMA2_Stream0_IRQHandler                  0x08000317   Thumb Code     0  startup_stm32f40_41xxx.o(.text)
    DMA2_Stream1_IRQHandler                  0x08000317   Thumb Code     0  startup_stm32f40_41xxx.o(.text)
    DMA2_Stream2_IRQHandler                  0x08000317   Thumb Code     0  startup_stm32f40_41xxx.o(.text)
    DMA2_Stream3_IRQHandler                  0x08000317   Thumb Code     0  startup_stm32f40_41xxx.o(.text)
    DMA2_Stream4_IRQHandler                  0x08000317   Thumb Code     0  startup_stm32f40_41xxx.o(.text)
    DMA2_Stream5_IRQHandler                  0x08000317   Thumb Code     0  startup_stm32f40_41xxx.o(.text)
    DMA2_Stream6_IRQHandler                  0x08000317   Thumb Code     0  startup_stm32f40_41xxx.o(.text)
    ETH_IRQHandler                           0x08000317   Thumb Code     0  startup_stm32f40_41xxx.o(.text)
    ETH_WKUP_IRQHandler                      0x08000317   Thumb Code     0  startup_stm32f40_41xxx.o(.text)
    EXTI0_IRQHandler                         0x08000317   Thumb Code     0  startup_stm32f40_41xxx.o(.text)
    EXTI15_10_IRQHandler                     0x08000317   Thumb Code     0  startup_stm32f40_41xxx.o(.text)
    EXTI1_IRQHandler                         0x08000317   Thumb Code     0  startup_stm32f40_41xxx.o(.text)
    EXTI2_IRQHandler                         0x08000317   Thumb Code     0  startup_stm32f40_41xxx.o(.text)
    EXTI3_IRQHandler                         0x08000317   Thumb Code     0  startup_stm32f40_41xxx.o(.text)
    EXTI4_IRQHandler                         0x08000317   Thumb Code     0  startup_stm32f40_41xxx.o(.text)
    EXTI9_5_IRQHandler                       0x08000317   Thumb Code     0  startup_stm32f40_41xxx.o(.text)
    FLASH_IRQHandler                         0x08000317   Thumb Code     0  startup_stm32f40_41xxx.o(.text)
    FPU_IRQHandler                           0x08000317   Thumb Code     0  startup_stm32f40_41xxx.o(.text)
    FSMC_IRQHandler                          0x08000317   Thumb Code     0  startup_stm32f40_41xxx.o(.text)
    HASH_RNG_IRQHandler                      0x08000317   Thumb Code     0  startup_stm32f40_41xxx.o(.text)
    I2C1_ER_IRQHandler                       0x08000317   Thumb Code     0  startup_stm32f40_41xxx.o(.text)
    I2C1_EV_IRQHandler                       0x08000317   Thumb Code     0  startup_stm32f40_41xxx.o(.text)
    I2C2_ER_IRQHandler                       0x08000317   Thumb Code     0  startup_stm32f40_41xxx.o(.text)
    I2C2_EV_IRQHandler                       0x08000317   Thumb Code     0  startup_stm32f40_41xxx.o(.text)
    I2C3_ER_IRQHandler                       0x08000317   Thumb Code     0  startup_stm32f40_41xxx.o(.text)
    I2C3_EV_IRQHandler                       0x08000317   Thumb Code     0  startup_stm32f40_41xxx.o(.text)
    OTG_FS_IRQHandler                        0x08000317   Thumb Code     0  startup_stm32f40_41xxx.o(.text)
    OTG_FS_WKUP_IRQHandler                   0x08000317   Thumb Code     0  startup_stm32f40_41xxx.o(.text)
    OTG_HS_EP1_IN_IRQHandler                 0x08000317   Thumb Code     0  startup_stm32f40_41xxx.o(.text)
    OTG_HS_EP1_OUT_IRQHandler                0x08000317   Thumb Code     0  startup_stm32f40_41xxx.o(.text)
    OTG_HS_IRQHandler                        0x08000317   Thumb Code     0  startup_stm32f40_41xxx.o(.text)
    OTG_HS_WKUP_IRQHandler                   0x08000317   Thumb Code     0  startup_stm32f40_41xxx.o(.text)
    PVD_IRQHandler                           0x08000317   Thumb Code     0  startup_stm32f40_41xxx.o(.text)
    RCC_IRQHandler                           0x08000317   Thumb Code     0  startup_stm32f40_41xxx.o(.text)
    RTC_Alarm_IRQHandler                     0x08000317   Thumb Code     0  startup_stm32f40_41xxx.o(.text)
    RTC_WKUP_IRQHandler                      0x08000317   Thumb Code     0  startup_stm32f40_41xxx.o(.text)
    SDIO_IRQHandler                          0x08000317   Thumb Code     0  startup_stm32f40_41xxx.o(.text)
    SPI1_IRQHandler                          0x08000317   Thumb Code     0  startup_stm32f40_41xxx.o(.text)
    SPI2_IRQHandler                          0x08000317   Thumb Code     0  startup_stm32f40_41xxx.o(.text)
    SPI3_IRQHandler                          0x08000317   Thumb Code     0  startup_stm32f40_41xxx.o(.text)
    TAMP_STAMP_IRQHandler                    0x08000317   Thumb Code     0  startup_stm32f40_41xxx.o(.text)
    TIM1_BRK_TIM9_IRQHandler                 0x08000317   Thumb Code     0  startup_stm32f40_41xxx.o(.text)
    TIM1_CC_IRQHandler                       0x08000317   Thumb Code     0  startup_stm32f40_41xxx.o(.text)
    TIM1_TRG_COM_TIM11_IRQHandler            0x08000317   Thumb Code     0  startup_stm32f40_41xxx.o(.text)
    TIM1_UP_TIM10_IRQHandler                 0x08000317   Thumb Code     0  startup_stm32f40_41xxx.o(.text)
    TIM2_IRQHandler                          0x08000317   Thumb Code     0  startup_stm32f40_41xxx.o(.text)
    TIM3_IRQHandler                          0x08000317   Thumb Code     0  startup_stm32f40_41xxx.o(.text)
    TIM4_IRQHandler                          0x08000317   Thumb Code     0  startup_stm32f40_41xxx.o(.text)
    TIM5_IRQHandler                          0x08000317   Thumb Code     0  startup_stm32f40_41xxx.o(.text)
    TIM6_DAC_IRQHandler                      0x08000317   Thumb Code     0  startup_stm32f40_41xxx.o(.text)
    TIM7_IRQHandler                          0x08000317   Thumb Code     0  startup_stm32f40_41xxx.o(.text)
    TIM8_BRK_TIM12_IRQHandler                0x08000317   Thumb Code     0  startup_stm32f40_41xxx.o(.text)
    TIM8_CC_IRQHandler                       0x08000317   Thumb Code     0  startup_stm32f40_41xxx.o(.text)
    TIM8_TRG_COM_TIM14_IRQHandler            0x08000317   Thumb Code     0  startup_stm32f40_41xxx.o(.text)
    TIM8_UP_TIM13_IRQHandler                 0x08000317   Thumb Code     0  startup_stm32f40_41xxx.o(.text)
    UART5_IRQHandler                         0x08000317   Thumb Code     0  startup_stm32f40_41xxx.o(.text)
    USART2_IRQHandler                        0x08000317   Thumb Code     0  startup_stm32f40_41xxx.o(.text)
    WWDG_IRQHandler                          0x08000317   Thumb Code     0  startup_stm32f40_41xxx.o(.text)
    __user_initial_stackheap                 0x08000319   Thumb Code     0  startup_stm32f40_41xxx.o(.text)
    __use_no_semihosting                     0x0800033d   Thumb Code     2  use_no_semi_2.o(.text)
    __2printf                                0x08000341   Thumb Code    20  noretval__2printf.o(.text)
    __2sprintf                               0x08000359   Thumb Code    34  noretval__2sprintf.o(.text)
    _printf_str                              0x08000381   Thumb Code    82  _printf_str.o(.text)
    __printf                                 0x080003d3   Thumb Code   270  __printf_wp.o(.text)
    __0sscanf                                0x080004e1   Thumb Code    52  __0sscanf.o(.text)
    _scanf_int                               0x0800051d   Thumb Code   332  _scanf_int.o(.text)
    _scanf_string                            0x08000669   Thumb Code   224  _scanf_str.o(.text)
    strstr                                   0x08000749   Thumb Code    36  strstr.o(.text)
    strlen                                   0x0800076d   Thumb Code    62  strlen.o(.text)
    __aeabi_memcpy                           0x080007ab   Thumb Code     0  rt_memcpy_v6.o(.text)
    __rt_memcpy                              0x080007ab   Thumb Code   138  rt_memcpy_v6.o(.text)
    _memcpy_lastbytes                        0x08000811   Thumb Code     0  rt_memcpy_v6.o(.text)
    __aeabi_memset                           0x08000835   Thumb Code    16  aeabi_memset.o(.text)
    __aeabi_memclr                           0x08000845   Thumb Code     0  rt_memclr.o(.text)
    __rt_memclr                              0x08000845   Thumb Code    68  rt_memclr.o(.text)
    _memset                                  0x08000849   Thumb Code     0  rt_memclr.o(.text)
    __aeabi_memclr4                          0x08000889   Thumb Code     0  rt_memclr_w.o(.text)
    __aeabi_memclr8                          0x08000889   Thumb Code     0  rt_memclr_w.o(.text)
    __rt_memclr_w                            0x08000889   Thumb Code    78  rt_memclr_w.o(.text)
    _memset_w                                0x0800088d   Thumb Code     0  rt_memclr_w.o(.text)
    strncpy                                  0x080008d7   Thumb Code    86  strncpy.o(.text)
    strcmp                                   0x0800092d   Thumb Code   128  strcmpv7m.o(.text)
    __use_two_region_memory                  0x080009ad   Thumb Code     2  heapauxi.o(.text)
    __rt_heap_escrow$2region                 0x080009af   Thumb Code     2  heapauxi.o(.text)
    __rt_heap_expand$2region                 0x080009b1   Thumb Code     2  heapauxi.o(.text)
    __I$use$semihosting                      0x080009b3   Thumb Code     0  use_no_semi.o(.text)
    __use_no_semihosting_swi                 0x080009b3   Thumb Code     2  use_no_semi.o(.text)
    _printf_char_common                      0x080009bf   Thumb Code    32  _printf_char_common.o(.text)
    _sputc                                   0x080009e5   Thumb Code    10  _sputc.o(.text)
    _printf_cs_common                        0x080009ef   Thumb Code    20  _printf_char.o(.text)
    _printf_char                             0x08000a03   Thumb Code    16  _printf_char.o(.text)
    _printf_string                           0x08000a13   Thumb Code     8  _printf_char.o(.text)
    _printf_char_file                        0x08000a1d   Thumb Code    32  _printf_char_file.o(.text)
    _chval                                   0x08000a41   Thumb Code    28  _chval.o(.text)
    __vfscanf_char                           0x08000a69   Thumb Code    24  scanf_char.o(.text)
    _sgetc                                   0x08000a89   Thumb Code    30  _sgetc.o(.text)
    _sbackspace                              0x08000aa7   Thumb Code    34  _sgetc.o(.text)
    __aeabi_memcpy4                          0x08000ac9   Thumb Code     0  rt_memcpy_w.o(.text)
    __aeabi_memcpy8                          0x08000ac9   Thumb Code     0  rt_memcpy_w.o(.text)
    __rt_memcpy_w                            0x08000ac9   Thumb Code   100  rt_memcpy_w.o(.text)
    _memcpy_lastbytes_aligned                0x08000b11   Thumb Code     0  rt_memcpy_w.o(.text)
    isspace                                  0x08000b2d   Thumb Code    18  isspace.o(.text)
    __vfscanf                                0x08000b41   Thumb Code   878  _scanf.o(.text)
    ferror                                   0x08000eb5   Thumb Code     8  ferror.o(.text)
    __user_setup_stackheap                   0x08000ebd   Thumb Code    74  sys_stackheap_outer.o(.text)
    __rt_ctype_table                         0x08000f09   Thumb Code    16  rt_ctype_table.o(.text)
    exit                                     0x08000f19   Thumb Code    12  exit.o(.text)
    __user_libspace                          0x08000f25   Thumb Code     8  libspace.o(.text)
    __user_perproc_libspace                  0x08000f25   Thumb Code     0  libspace.o(.text)
    __user_perthread_libspace                0x08000f25   Thumb Code     0  libspace.o(.text)
    __rt_locale                              0x08000f2d   Thumb Code     8  rt_locale_intlibspace.o(.text)
    AllTableInit                             0x08000f35   Thumb Code     2  ballast_protocol.o(i.AllTableInit)
    BCC_CheckSum                             0x08000f37   Thumb Code    30  common.o(i.BCC_CheckSum)
    BallastCommInit                          0x08000f91   Thumb Code    86  ballast_comm.o(i.BallastCommInit)
    Bcd2ToByte                               0x08001171   Thumb Code    22  common.o(i.Bcd2ToByte)
    BusFault_Handler                         0x08001187   Thumb Code     4  stm32f4xx_it.o(i.BusFault_Handler)
    CaculateWeekDay                          0x0800118b   Thumb Code   128  rtc.o(i.CaculateWeekDay)
    DMA1_Stream3_IRQHandler                  0x0800120d   Thumb Code    62  gsm.o(i.DMA1_Stream3_IRQHandler)
    DMA1_Stream4_IRQHandler                  0x08001259   Thumb Code    26  ballast_comm.o(i.DMA1_Stream4_IRQHandler)
    DMA2_Stream7_IRQHandler                  0x08001281   Thumb Code    36  electric.o(i.DMA2_Stream7_IRQHandler)
    DMA_ClearFlag                            0x080012ad   Thumb Code    38  stm32f4xx_dma.o(i.DMA_ClearFlag)
    DMA_Cmd                                  0x080012e1   Thumb Code    22  stm32f4xx_dma.o(i.DMA_Cmd)
    DMA_DeInit                               0x080012f9   Thumb Code   324  stm32f4xx_dma.o(i.DMA_DeInit)
    DMA_GetCmdStatus                         0x08001451   Thumb Code    20  stm32f4xx_dma.o(i.DMA_GetCmdStatus)
    DMA_GetFlagStatus                        0x08001465   Thumb Code    54  stm32f4xx_dma.o(i.DMA_GetFlagStatus)
    DMA_ITConfig                             0x080014a9   Thumb Code    58  stm32f4xx_dma.o(i.DMA_ITConfig)
    DMA_Init                                 0x080014e5   Thumb Code    82  stm32f4xx_dma.o(i.DMA_Init)
    DMA_SetCurrDataCounter                   0x0800153d   Thumb Code     4  stm32f4xx_dma.o(i.DMA_SetCurrDataCounter)
    DebugMon_Handler                         0x08001541   Thumb Code     2  stm32f4xx_it.o(i.DebugMon_Handler)
    ElectricInit                             0x08001591   Thumb Code    86  electric.o(i.ElectricInit)
    FSMC_NORSRAMCmd                          0x08001775   Thumb Code    46  stm32f4xx_fsmc.o(i.FSMC_NORSRAMCmd)
    FSMC_NORSRAMInit                         0x080017a9   Thumb Code   290  stm32f4xx_fsmc.o(i.FSMC_NORSRAMInit)
    FSMC_NOR_EraseSector                     0x080018d1   Thumb Code    48  fsmc_nor.o(i.FSMC_NOR_EraseSector)
    FSMC_NOR_GetStatus                       0x08001909   Thumb Code    76  fsmc_nor.o(i.FSMC_NOR_GetStatus)
    FSMC_NOR_Init                            0x08001955   Thumb Code   650  fsmc_nor.o(i.FSMC_NOR_Init)
    FSMC_NOR_ReadBuffer                      0x08001bf1   Thumb Code    44  fsmc_nor.o(i.FSMC_NOR_ReadBuffer)
    FSMC_NOR_WriteBuffer                     0x08001c25   Thumb Code    38  fsmc_nor.o(i.FSMC_NOR_WriteBuffer)
    FSMC_NOR_WriteHalfWord                   0x08001c4d   Thumb Code    38  fsmc_nor.o(i.FSMC_NOR_WriteHalfWord)
    GPIO_Init                                0x08001c7d   Thumb Code   144  stm32f4xx_gpio.o(i.GPIO_Init)
    GPIO_PinAFConfig                         0x08001d0d   Thumb Code    70  stm32f4xx_gpio.o(i.GPIO_PinAFConfig)
    GPIO_ResetBits                           0x08001d53   Thumb Code     4  stm32f4xx_gpio.o(i.GPIO_ResetBits)
    GPIO_SetBits                             0x08001d57   Thumb Code     4  stm32f4xx_gpio.o(i.GPIO_SetBits)
    GSMInit                                  0x08001d5d   Thumb Code    76  gsm.o(i.GSMInit)
    GsmDMA_TxBuff                            0x080020c9   Thumb Code   112  gsm.o(i.GsmDMA_TxBuff)
    GsmStartConnect                          0x080021a9   Thumb Code   364  gsm.o(i.GsmStartConnect)
    HandleGatewayParam                       0x08002545   Thumb Code     2  gateway_protocol.o(i.HandleGatewayParam)
    HardFault_Handler                        0x08002547   Thumb Code     4  stm32f4xx_it.o(i.HardFault_Handler)
    KM_CtrlInit                              0x08002581   Thumb Code    48  km_ctrl.o(i.KM_CtrlInit)
    MemManage_Handler                        0x0800265d   Thumb Code     4  stm32f4xx_it.o(i.MemManage_Handler)
    NMI_Handler                              0x08002661   Thumb Code     2  stm32f4xx_it.o(i.NMI_Handler)
    NVIC_Init                                0x08002665   Thumb Code   106  misc.o(i.NVIC_Init)
    NVIC_PriorityGroupConfig                 0x080026dd   Thumb Code    10  misc.o(i.NVIC_PriorityGroupConfig)
    NetTimeCentury                           0x080026f1   Thumb Code   112  rtc.o(i.NetTimeCentury)
    NorFlashInit                             0x08002789   Thumb Code    24  norflash.o(i.NorFlashInit)
    NorFlashRead                             0x080027a5   Thumb Code    54  norflash.o(i.NorFlashRead)
    NorFlashWrite                            0x080027e1   Thumb Code    86  norflash.o(i.NorFlashWrite)
    PWR_BackupAccessCmd                      0x0800287d   Thumb Code     6  stm32f4xx_pwr.o(i.PWR_BackupAccessCmd)
    RCC_AHB1PeriphClockCmd                   0x08002889   Thumb Code    26  stm32f4xx_rcc.o(i.RCC_AHB1PeriphClockCmd)
    RCC_AHB3PeriphClockCmd                   0x080028a9   Thumb Code    26  stm32f4xx_rcc.o(i.RCC_AHB3PeriphClockCmd)
    RCC_APB1PeriphClockCmd                   0x080028c9   Thumb Code    26  stm32f4xx_rcc.o(i.RCC_APB1PeriphClockCmd)
    RCC_APB2PeriphClockCmd                   0x080028e9   Thumb Code    26  stm32f4xx_rcc.o(i.RCC_APB2PeriphClockCmd)
    RCC_GetClocksFreq                        0x08002909   Thumb Code   214  stm32f4xx_rcc.o(i.RCC_GetClocksFreq)
    RCC_GetFlagStatus                        0x080029f1   Thumb Code    60  stm32f4xx_rcc.o(i.RCC_GetFlagStatus)
    RCC_LSEConfig                            0x08002a31   Thumb Code    40  stm32f4xx_rcc.o(i.RCC_LSEConfig)
    RCC_RTCCLKCmd                            0x08002a5d   Thumb Code     6  stm32f4xx_rcc.o(i.RCC_RTCCLKCmd)
    RCC_RTCCLKConfig                         0x08002a69   Thumb Code    50  stm32f4xx_rcc.o(i.RCC_RTCCLKConfig)
    RTC_EnterInitMode                        0x08002ad9   Thumb Code    76  stm32f4xx_rtc.o(i.RTC_EnterInitMode)
    RTC_ExitInitMode                         0x08002b29   Thumb Code    14  stm32f4xx_rtc.o(i.RTC_ExitInitMode)
    RTC_Init                                 0x08002b3d   Thumb Code    94  stm32f4xx_rtc.o(i.RTC_Init)
    RTC_ReadBackupRegister                   0x08002ba1   Thumb Code    26  stm32f4xx_rtc.o(i.RTC_ReadBackupRegister)
    RTC_SetDate                              0x08002bc1   Thumb Code   190  stm32f4xx_rtc.o(i.RTC_SetDate)
    RTC_SetTime                              0x08002c89   Thumb Code   198  stm32f4xx_rtc.o(i.RTC_SetTime)
    RTC_WaitForSynchro                       0x08002d59   Thumb Code    92  stm32f4xx_rtc.o(i.RTC_WaitForSynchro)
    RTC_WriteBackupRegister                  0x08002db9   Thumb Code    24  stm32f4xx_rtc.o(i.RTC_WriteBackupRegister)
    RelinkTCP                                0x08002dd5   Thumb Code    84  gsm.o(i.RelinkTCP)
    RtcInit                                  0x08002e79   Thumb Code   104  rtc.o(i.RtcInit)
    SendMsgToSim                             0x08002ee5   Thumb Code   136  gsm.o(i.SendMsgToSim)
    SimSendData                              0x080032e9   Thumb Code    94  gsm.o(i.SimSendData)
    SwitchToCommand                          0x08003361   Thumb Code    42  gsm.o(i.SwitchToCommand)
    SwitchToData                             0x080033a9   Thumb Code    30  gsm.o(i.SwitchToData)
    SystemInit                               0x080033ed   Thumb Code    88  system_stm32f4xx.o(i.SystemInit)
    UART4_IRQHandler                         0x08003681   Thumb Code   132  ballast_comm.o(i.UART4_IRQHandler)
    USART1_IRQHandler                        0x08003715   Thumb Code   132  electric.o(i.USART1_IRQHandler)
    USART3_IRQHandler                        0x080037a9   Thumb Code   328  gsm.o(i.USART3_IRQHandler)
    USART6_IRQHandler                        0x08003909   Thumb Code   164  sys_debug.o(i.USART6_IRQHandler)
    USART_Cmd                                0x080039c1   Thumb Code    24  stm32f4xx_usart.o(i.USART_Cmd)
    USART_DMACmd                             0x080039d9   Thumb Code    18  stm32f4xx_usart.o(i.USART_DMACmd)
    USART_GetITStatus                        0x080039eb   Thumb Code    84  stm32f4xx_usart.o(i.USART_GetITStatus)
    USART_ITConfig                           0x08003a3f   Thumb Code    74  stm32f4xx_usart.o(i.USART_ITConfig)
    USART_Init                               0x08003a89   Thumb Code   204  stm32f4xx_usart.o(i.USART_Init)
    USART_ReceiveData                        0x08003b5d   Thumb Code    10  stm32f4xx_usart.o(i.USART_ReceiveData)
    UartDebugHardwareInit                    0x08003bbd   Thumb Code   214  uart_debug.o(i.UartDebugHardwareInit)
    UartDebugInit                            0x08003c9d   Thumb Code    16  sys_debug.o(i.UartDebugInit)
    UpdataNetTime                            0x08003cad   Thumb Code   360  rtc.o(i.UpdataNetTime)
    UsageFault_Handler                       0x08003e4d   Thumb Code     4  stm32f4xx_it.o(i.UsageFault_Handler)
    _is_digit                                0x08003e51   Thumb Code    14  __printf_wp.o(i._is_digit)
    _sys_exit                                0x08003e5f   Thumb Code     4  uart_debug.o(i._sys_exit)
    chr2hex                                  0x08003e63   Thumb Code    54  common.o(i.chr2hex)
    fputc                                    0x08003e99   Thumb Code    24  uart_debug.o(i.fputc)
    hex2chr                                  0x08003eb5   Thumb Code    34  common.o(i.hex2chr)
    main                                     0x08003ed7   Thumb Code    50  main.o(i.main)
    pcTaskGetTaskName                        0x08003f09   Thumb Code    20  tasks.o(i.pcTaskGetTaskName)
    printf_buff                              0x08003f21   Thumb Code    80  sys_debug.o(i.printf_buff)
    printf_str                               0x08003f85   Thumb Code    66  sys_debug.o(i.printf_str)
    pvPortMalloc                             0x080043b9   Thumb Code   164  heap_2.o(i.pvPortMalloc)
    pvTaskIncrementMutexHeldCount            0x08004471   Thumb Code    26  tasks.o(i.pvTaskIncrementMutexHeldCount)
    pxPortInitialiseStack                    0x08004491   Thumb Code    34  port.o(i.pxPortInitialiseStack)
    uxListRemove                             0x080044b9   Thumb Code    40  list.o(i.uxListRemove)
    vApplicationStackOverflowHook            0x080044e1   Thumb Code    34  freertos_hook.o(i.vApplicationStackOverflowHook)
    vApplicationTickHook                     0x08004529   Thumb Code     2  freertos_hook.o(i.vApplicationTickHook)
    vListInitialise                          0x08004661   Thumb Code    26  list.o(i.vListInitialise)
    vListInitialiseItem                      0x0800467b   Thumb Code     6  list.o(i.vListInitialiseItem)
    vListInsert                              0x08004681   Thumb Code    52  list.o(i.vListInsert)
    vListInsertEnd                           0x080046b5   Thumb Code    24  list.o(i.vListInsertEnd)
    vPortEnterCritical                       0x080046cd   Thumb Code    30  port.o(i.vPortEnterCritical)
    vPortExitCritical                        0x080046f1   Thumb Code    28  port.o(i.vPortExitCritical)
    vPortFree                                0x08004711   Thumb Code    56  heap_2.o(i.vPortFree)
    vPortSetupTimerInterrupt                 0x08004751   Thumb Code    14  port.o(i.vPortSetupTimerInterrupt)
    vTaskDelay                               0x08004765   Thumb Code    84  tasks.o(i.vTaskDelay)
    vTaskMissedYield                         0x080047c9   Thumb Code     8  tasks.o(i.vTaskMissedYield)
    vTaskPlaceOnEventList                    0x080047d5   Thumb Code    84  tasks.o(i.vTaskPlaceOnEventList)
    vTaskPriorityInherit                     0x08004839   Thumb Code   164  tasks.o(i.vTaskPriorityInherit)
    vTaskSetTimeOutState                     0x080048e9   Thumb Code    14  tasks.o(i.vTaskSetTimeOutState)
    vTaskStartScheduler                      0x08004901   Thumb Code    74  tasks.o(i.vTaskStartScheduler)
    vTaskSuspendAll                          0x08004965   Thumb Code    12  tasks.o(i.vTaskSuspendAll)
    vTaskSwitchContext                       0x08004975   Thumb Code   132  tasks.o(i.vTaskSwitchContext)
    xPortStartScheduler                      0x08004a4d   Thumb Code    58  port.o(i.xPortStartScheduler)
    xPortSysTickHandler                      0x08004a95   Thumb Code    48  port.o(i.xPortSysTickHandler)
    xQueueCreateMutex                        0x08004ac9   Thumb Code    72  queue.o(i.xQueueCreateMutex)
    xQueueGenericCreate                      0x08004b11   Thumb Code    70  queue.o(i.xQueueGenericCreate)
    xQueueGenericReceive                     0x08004b59   Thumb Code   318  queue.o(i.xQueueGenericReceive)
    xQueueGenericReset                       0x08004c9d   Thumb Code   120  queue.o(i.xQueueGenericReset)
    xQueueGenericSend                        0x08004d19   Thumb Code   268  queue.o(i.xQueueGenericSend)
    xQueueGenericSendFromISR                 0x08004e29   Thumb Code   126  queue.o(i.xQueueGenericSendFromISR)
    xQueueGiveFromISR                        0x08004ea7   Thumb Code   110  queue.o(i.xQueueGiveFromISR)
    xTaskCheckForTimeOut                     0x08004f15   Thumb Code    84  tasks.o(i.xTaskCheckForTimeOut)
    xTaskGenericCreate                       0x08004f71   Thumb Code   236  tasks.o(i.xTaskGenericCreate)
    xTaskGetCurrentTaskHandle                0x08005079   Thumb Code     6  tasks.o(i.xTaskGetCurrentTaskHandle)
    xTaskGetTickCount                        0x08005085   Thumb Code     6  tasks.o(i.xTaskGetTickCount)
    xTaskIncrementTick                       0x08005091   Thumb Code   256  tasks.o(i.xTaskIncrementTick)
    xTaskPriorityDisinherit                  0x080051bd   Thumb Code   122  tasks.o(i.xTaskPriorityDisinherit)
    xTaskRemoveFromEventList                 0x08005241   Thumb Code   104  tasks.o(i.xTaskRemoveFromEventList)
    xTaskResumeAll                           0x080052c1   Thumb Code   196  tasks.o(i.xTaskResumeAll)
    _get_lc_ctype                            0x080053a9   Thumb Code    44  lc_ctype_c.o(locale$$code)
    _fp_init                                 0x080053d5   Thumb Code    10  fpinit.o(x$fpl$fpinit)
    __fplib_config_fpu_vfp                   0x080053dd   Thumb Code     0  fpinit.o(x$fpl$fpinit)
    __fplib_config_pureend_doubles           0x080053dd   Thumb Code     0  fpinit.o(x$fpl$fpinit)
    Region$$Table$$Base                      0x08005528   Number         0  anon$$obj.o(Region$$Table)
    Region$$Table$$Limit                     0x08005548   Number         0  anon$$obj.o(Region$$Table)
    __ctype                                  0x08005555   Data           0  lc_ctype_c.o(locale$$data)
    LampDataTempBuff                         0x10000000   Data       50000  ballast_protocol.o(.ARM.__AT_0x10000000)
    LampAttrSortTable                        0x1000c350   Data        6000  ballast_protocol.o(.ARM.__AT_0x1000C350)
    LampRunCtrlTable                         0x1000dac0   Data        6000  ballast_protocol.o(.ARM.__AT_0x1000DAC0)
    ballastComm1Tx_semaphore                 0x20000010   Data           4  ballast_comm.o(.data)
    EleTx_semaphore                          0x20000018   Data           4  electric.o(.data)
    GsmTx_semaphore                          0x20000020   Data           4  gsm.o(.data)
    GPRS_ConnectState                        0x2000002c   Data           1  gsm.o(.data)
    FrameType_Flag                           0x2000002d   Data           1  gsm.o(.data)
    DebugMode                                0x20000038   Data           1  sys_debug.o(.data)
    TestMode                                 0x2000003c   Data           4  sys_debug.o(.data)
    TestModeFlag                             0x20000040   Data           1  sys_debug.o(.data)
    pxCurrentTCB                             0x20000064   Data           4  tasks.o(.data)
    NVIC_InitStructure                       0x200000a0   Data           4  rtc.o(.data)
    RTC_DateTypeInitStructure                0x200000a4   Data           4  rtc.o(.data)
    RTC_TimeTypeInitStructure                0x200000a8   Data           4  rtc.o(.data)
    YearCentury                              0x200000ac   Data           2  rtc.o(.data)
    __stdout                                 0x200000b4   Data           4  uart_debug.o(.data)
    BallastComm1RxData                       0x200000b8   Data         102  ballast_comm.o(.bss)
    BallastComm1TxData                       0x2000011e   Data         102  ballast_comm.o(.bss)
    EleTxData                                0x20000184   Data         102  electric.o(.bss)
    EleRxData                                0x200001ea   Data         102  electric.o(.bss)
    WG_ServerParameter                       0x20000250   Data          22  gsm.o(.bss)
    ManagementAddr                           0x20000266   Data          10  gsm.o(.bss)
    GsmTxData                                0x20000270   Data         202  gsm.o(.bss)
    GsmRxData                                0x2000033a   Data         202  gsm.o(.bss)
    DebugRxData                              0x20000404   Data          52  sys_debug.o(.bss)
    __libspace_start                         0x2001e500   Data          96  libspace.o(.bss)
    __temporary_stack_top$libspace           0x2001e560   Data           0  libspace.o(.bss)



==============================================================================

Memory Map of the image

  Image Entry point : 0x08000189

  Load Region LR_IROM1 (Base: 0x08000000, Size: 0x00005710, Max: 0x00100000, ABSOLUTE)

    Execution Region ER_IROM1 (Base: 0x08000000, Size: 0x00005658, Max: 0x00100000, ABSOLUTE)

    Base Addr    Size         Type   Attr      Idx    E Section Name        Object

    0x08000000   0x00000188   Data   RO            3    RESET               startup_stm32f40_41xxx.o
    0x08000188   0x00000008   Code   RO         3667  * !!!main             c_w.l(__main.o)
    0x08000190   0x00000034   Code   RO         3858    !!!scatter          c_w.l(__scatter.o)
    0x080001c4   0x0000001a   Code   RO         3860    !!handler_copy      c_w.l(__scatter_copy.o)
    0x080001de   0x00000002   PAD
    0x080001e0   0x0000001c   Code   RO         3862    !!handler_zi        c_w.l(__scatter_zi.o)
    0x080001fc   0x00000000   Code   RO         3642    .ARM.Collect$$_printf_percent$$00000000  c_w.l(_printf_percent.o)
    0x080001fc   0x00000006   Code   RO         3641    .ARM.Collect$$_printf_percent$$00000014  c_w.l(_printf_s.o)
    0x08000202   0x00000004   Code   RO         3680    .ARM.Collect$$_printf_percent$$00000017  c_w.l(_printf_percent_end.o)
    0x08000206   0x00000002   Code   RO         3725    .ARM.Collect$$libinit$$00000000  c_w.l(libinit.o)
    0x08000208   0x00000004   Code   RO         3739    .ARM.Collect$$libinit$$00000001  c_w.l(libinit2.o)
    0x0800020c   0x00000000   Code   RO         3742    .ARM.Collect$$libinit$$00000004  c_w.l(libinit2.o)
    0x0800020c   0x00000000   Code   RO         3745    .ARM.Collect$$libinit$$0000000A  c_w.l(libinit2.o)
    0x0800020c   0x00000000   Code   RO         3747    .ARM.Collect$$libinit$$0000000C  c_w.l(libinit2.o)
    0x0800020c   0x00000000   Code   RO         3749    .ARM.Collect$$libinit$$0000000E  c_w.l(libinit2.o)
    0x0800020c   0x00000006   Code   RO         3750    .ARM.Collect$$libinit$$0000000F  c_w.l(libinit2.o)
    0x08000212   0x00000000   Code   RO         3752    .ARM.Collect$$libinit$$00000011  c_w.l(libinit2.o)
    0x08000212   0x0000000c   Code   RO         3753    .ARM.Collect$$libinit$$00000012  c_w.l(libinit2.o)
    0x0800021e   0x00000000   Code   RO         3754    .ARM.Collect$$libinit$$00000013  c_w.l(libinit2.o)
    0x0800021e   0x00000000   Code   RO         3756    .ARM.Collect$$libinit$$00000015  c_w.l(libinit2.o)
    0x0800021e   0x00000000   Code   RO         3758    .ARM.Collect$$libinit$$00000017  c_w.l(libinit2.o)
    0x0800021e   0x00000000   Code   RO         3760    .ARM.Collect$$libinit$$00000019  c_w.l(libinit2.o)
    0x0800021e   0x00000000   Code   RO         3762    .ARM.Collect$$libinit$$0000001B  c_w.l(libinit2.o)
    0x0800021e   0x00000000   Code   RO         3764    .ARM.Collect$$libinit$$0000001D  c_w.l(libinit2.o)
    0x0800021e   0x00000000   Code   RO         3766    .ARM.Collect$$libinit$$0000001F  c_w.l(libinit2.o)
    0x0800021e   0x00000000   Code   RO         3768    .ARM.Collect$$libinit$$00000021  c_w.l(libinit2.o)
    0x0800021e   0x00000000   Code   RO         3770    .ARM.Collect$$libinit$$00000023  c_w.l(libinit2.o)
    0x0800021e   0x00000000   Code   RO         3772    .ARM.Collect$$libinit$$00000025  c_w.l(libinit2.o)
    0x0800021e   0x00000000   Code   RO         3776    .ARM.Collect$$libinit$$0000002C  c_w.l(libinit2.o)
    0x0800021e   0x00000000   Code   RO         3778    .ARM.Collect$$libinit$$0000002E  c_w.l(libinit2.o)
    0x0800021e   0x00000000   Code   RO         3780    .ARM.Collect$$libinit$$00000030  c_w.l(libinit2.o)
    0x0800021e   0x00000000   Code   RO         3782    .ARM.Collect$$libinit$$00000032  c_w.l(libinit2.o)
    0x0800021e   0x00000002   Code   RO         3783    .ARM.Collect$$libinit$$00000033  c_w.l(libinit2.o)
    0x08000220   0x00000002   Code   RO         3801    .ARM.Collect$$libshutdown$$00000000  c_w.l(libshutdown.o)
    0x08000222   0x00000000   Code   RO         3812    .ARM.Collect$$libshutdown$$00000003  c_w.l(libshutdown2.o)
    0x08000222   0x00000000   Code   RO         3815    .ARM.Collect$$libshutdown$$00000006  c_w.l(libshutdown2.o)
    0x08000222   0x00000000   Code   RO         3818    .ARM.Collect$$libshutdown$$00000009  c_w.l(libshutdown2.o)
    0x08000222   0x00000000   Code   RO         3820    .ARM.Collect$$libshutdown$$0000000B  c_w.l(libshutdown2.o)
    0x08000222   0x00000000   Code   RO         3823    .ARM.Collect$$libshutdown$$0000000E  c_w.l(libshutdown2.o)
    0x08000222   0x00000002   Code   RO         3824    .ARM.Collect$$libshutdown$$0000000F  c_w.l(libshutdown2.o)
    0x08000224   0x00000000   Code   RO         3671    .ARM.Collect$$rtentry$$00000000  c_w.l(__rtentry.o)
    0x08000224   0x00000000   Code   RO         3690    .ARM.Collect$$rtentry$$00000002  c_w.l(__rtentry2.o)
    0x08000224   0x00000006   Code   RO         3702    .ARM.Collect$$rtentry$$00000004  c_w.l(__rtentry4.o)
    0x0800022a   0x00000000   Code   RO         3692    .ARM.Collect$$rtentry$$00000009  c_w.l(__rtentry2.o)
    0x0800022a   0x00000004   Code   RO         3693    .ARM.Collect$$rtentry$$0000000A  c_w.l(__rtentry2.o)
    0x0800022e   0x00000000   Code   RO         3695    .ARM.Collect$$rtentry$$0000000C  c_w.l(__rtentry2.o)
    0x0800022e   0x00000008   Code   RO         3696    .ARM.Collect$$rtentry$$0000000D  c_w.l(__rtentry2.o)
    0x08000236   0x00000002   Code   RO         3729    .ARM.Collect$$rtexit$$00000000  c_w.l(rtexit.o)
    0x08000238   0x00000000   Code   RO         3785    .ARM.Collect$$rtexit$$00000002  c_w.l(rtexit2.o)
    0x08000238   0x00000004   Code   RO         3786    .ARM.Collect$$rtexit$$00000003  c_w.l(rtexit2.o)
    0x0800023c   0x00000006   Code   RO         3787    .ARM.Collect$$rtexit$$00000004  c_w.l(rtexit2.o)
    0x08000242   0x00000002   PAD
    0x08000244   0x000000b6   Code   RO         2804    .emb_text           port.o
    0x080002fa   0x00000002   PAD
    0x080002fc   0x00000040   Code   RO            4    .text               startup_stm32f40_41xxx.o
    0x0800033c   0x00000002   Code   RO         3607    .text               c_w.l(use_no_semi_2.o)
    0x0800033e   0x00000002   PAD
    0x08000340   0x00000018   Code   RO         3613    .text               c_w.l(noretval__2printf.o)
    0x08000358   0x00000028   Code   RO         3615    .text               c_w.l(noretval__2sprintf.o)
    0x08000380   0x00000052   Code   RO         3619    .text               c_w.l(_printf_str.o)
    0x080003d2   0x0000010e   Code   RO         3629    .text               c_w.l(__printf_wp.o)
    0x080004e0   0x0000003c   Code   RO         3643    .text               c_w.l(__0sscanf.o)
    0x0800051c   0x0000014c   Code   RO         3645    .text               c_w.l(_scanf_int.o)
    0x08000668   0x000000e0   Code   RO         3647    .text               c_w.l(_scanf_str.o)
    0x08000748   0x00000024   Code   RO         3649    .text               c_w.l(strstr.o)
    0x0800076c   0x0000003e   Code   RO         3651    .text               c_w.l(strlen.o)
    0x080007aa   0x0000008a   Code   RO         3653    .text               c_w.l(rt_memcpy_v6.o)
    0x08000834   0x00000010   Code   RO         3655    .text               c_w.l(aeabi_memset.o)
    0x08000844   0x00000044   Code   RO         3657    .text               c_w.l(rt_memclr.o)
    0x08000888   0x0000004e   Code   RO         3659    .text               c_w.l(rt_memclr_w.o)
    0x080008d6   0x00000056   Code   RO         3661    .text               c_w.l(strncpy.o)
    0x0800092c   0x00000080   Code   RO         3663    .text               c_w.l(strcmpv7m.o)
    0x080009ac   0x00000006   Code   RO         3665    .text               c_w.l(heapauxi.o)
    0x080009b2   0x00000002   Code   RO         3669    .text               c_w.l(use_no_semi.o)
    0x080009b4   0x00000030   Code   RO         3672    .text               c_w.l(_printf_char_common.o)
    0x080009e4   0x0000000a   Code   RO         3674    .text               c_w.l(_sputc.o)
    0x080009ee   0x0000002c   Code   RO         3676    .text               c_w.l(_printf_char.o)
    0x08000a1a   0x00000002   PAD
    0x08000a1c   0x00000024   Code   RO         3678    .text               c_w.l(_printf_char_file.o)
    0x08000a40   0x0000001c   Code   RO         3681    .text               c_w.l(_chval.o)
    0x08000a5c   0x0000002c   Code   RO         3683    .text               c_w.l(scanf_char.o)
    0x08000a88   0x00000040   Code   RO         3685    .text               c_w.l(_sgetc.o)
    0x08000ac8   0x00000064   Code   RO         3687    .text               c_w.l(rt_memcpy_w.o)
    0x08000b2c   0x00000012   Code   RO         3704    .text               c_w.l(isspace.o)
    0x08000b3e   0x00000002   PAD
    0x08000b40   0x00000374   Code   RO         3708    .text               c_w.l(_scanf.o)
    0x08000eb4   0x00000008   Code   RO         3710    .text               c_w.l(ferror.o)
    0x08000ebc   0x0000004a   Code   RO         3714    .text               c_w.l(sys_stackheap_outer.o)
    0x08000f06   0x00000002   PAD
    0x08000f08   0x00000010   Code   RO         3716    .text               c_w.l(rt_ctype_table.o)
    0x08000f18   0x0000000c   Code   RO         3718    .text               c_w.l(exit.o)
    0x08000f24   0x00000008   Code   RO         3726    .text               c_w.l(libspace.o)
    0x08000f2c   0x00000008   Code   RO         3734    .text               c_w.l(rt_locale_intlibspace.o)
    0x08000f34   0x00000002   Code   RO         2693    i.AllTableInit      ballast_protocol.o
    0x08000f36   0x0000001e   Code   RO         2723    i.BCC_CheckSum      common.o
    0x08000f54   0x0000000c   Code   RO         2132    i.BallastComm1InitHardware  ballast_comm.o
    0x08000f60   0x00000030   Code   RO         2133    i.BallastComm1RxTxDataInit  ballast_comm.o
    0x08000f90   0x00000078   Code   RO         2134    i.BallastCommInit   ballast_comm.o
    0x08001008   0x00000014   Code   RO         2135    i.BallastRxDataClear  ballast_comm.o
    0x0800101c   0x000000b0   Code   RO         2136    i.BallastUartInit   ballast_comm.o
    0x080010cc   0x000000a4   Code   RO         2137    i.Ballast_TX_DMA_Init  ballast_comm.o
    0x08001170   0x00000016   Code   RO         2724    i.Bcd2ToByte        common.o
    0x08001186   0x00000004   Code   RO           13    i.BusFault_Handler  stm32f4xx_it.o
    0x0800118a   0x00000080   Code   RO         3380    i.CaculateWeekDay   rtc.o
    0x0800120a   0x00000002   PAD
    0x0800120c   0x0000004c   Code   RO         2335    i.DMA1_Stream3_IRQHandler  gsm.o
    0x08001258   0x00000028   Code   RO         2138    i.DMA1_Stream4_IRQHandler  ballast_comm.o
    0x08001280   0x0000002c   Code   RO         2242    i.DMA2_Stream7_IRQHandler  electric.o
    0x080012ac   0x00000034   Code   RO         1929    i.DMA_ClearFlag     stm32f4xx_dma.o
    0x080012e0   0x00000016   Code   RO         1931    i.DMA_Cmd           stm32f4xx_dma.o
    0x080012f6   0x00000002   PAD
    0x080012f8   0x00000158   Code   RO         1932    i.DMA_DeInit        stm32f4xx_dma.o
    0x08001450   0x00000014   Code   RO         1936    i.DMA_GetCmdStatus  stm32f4xx_dma.o
    0x08001464   0x00000044   Code   RO         1940    i.DMA_GetFlagStatus  stm32f4xx_dma.o
    0x080014a8   0x0000003a   Code   RO         1942    i.DMA_ITConfig      stm32f4xx_dma.o
    0x080014e2   0x00000002   PAD
    0x080014e4   0x00000058   Code   RO         1943    i.DMA_Init          stm32f4xx_dma.o
    0x0800153c   0x00000004   Code   RO         1946    i.DMA_SetCurrDataCounter  stm32f4xx_dma.o
    0x08001540   0x00000002   Code   RO           14    i.DebugMon_Handler  stm32f4xx_it.o
    0x08001542   0x00000002   PAD
    0x08001544   0x0000001c   Code   RO         2576    i.DebugRxDataInit   sys_debug.o
    0x08001560   0x00000030   Code   RO         2244    i.EleRxTxDataInit   electric.o
    0x08001590   0x00000070   Code   RO         2245    i.ElectricInit      electric.o
    0x08001600   0x00000014   Code   RO         2246    i.ElectricRxDataClear  electric.o
    0x08001614   0x000000b0   Code   RO         2247    i.ElectricUartInit  electric.o
    0x080016c4   0x000000a4   Code   RO         2248    i.Electric_TX_DMA_Init  electric.o
    0x08001768   0x0000000c   Code   RO         2249    i.ElectrolHardwareInit  electric.o
    0x08001774   0x00000034   Code   RO         1441    i.FSMC_NORSRAMCmd   stm32f4xx_fsmc.o
    0x080017a8   0x00000128   Code   RO         1443    i.FSMC_NORSRAMInit  stm32f4xx_fsmc.o
    0x080018d0   0x00000038   Code   RO         3427    i.FSMC_NOR_EraseSector  fsmc_nor.o
    0x08001908   0x0000004c   Code   RO         3428    i.FSMC_NOR_GetStatus  fsmc_nor.o
    0x08001954   0x0000029c   Code   RO         3429    i.FSMC_NOR_Init     fsmc_nor.o
    0x08001bf0   0x00000034   Code   RO         3430    i.FSMC_NOR_ReadBuffer  fsmc_nor.o
    0x08001c24   0x00000026   Code   RO         3435    i.FSMC_NOR_WriteBuffer  fsmc_nor.o
    0x08001c4a   0x00000002   PAD
    0x08001c4c   0x00000030   Code   RO         3436    i.FSMC_NOR_WriteHalfWord  fsmc_nor.o
    0x08001c7c   0x00000090   Code   RO          415    i.GPIO_Init         stm32f4xx_gpio.o
    0x08001d0c   0x00000046   Code   RO          416    i.GPIO_PinAFConfig  stm32f4xx_gpio.o
    0x08001d52   0x00000004   Code   RO          422    i.GPIO_ResetBits    stm32f4xx_gpio.o
    0x08001d56   0x00000004   Code   RO          423    i.GPIO_SetBits      stm32f4xx_gpio.o
    0x08001d5a   0x00000002   PAD
    0x08001d5c   0x00000064   Code   RO         2336    i.GSMInit           gsm.o
    0x08001dc0   0x00000010   Code   RO         2337    i.GSMInitHardware   gsm.o
    0x08001dd0   0x00000034   Code   RO         2338    i.GSM_CtrlPinInit   gsm.o
    0x08001e04   0x00000094   Code   RO         2339    i.GSM_ModuleStart   gsm.o
    0x08001e98   0x000000a4   Code   RO         2340    i.GSM_TX_DMA_Init   gsm.o
    0x08001f3c   0x000000b4   Code   RO         2341    i.GSM_USART_Init    gsm.o
    0x08001ff0   0x000000d8   Code   RO         2577    i.GatewaySetDebug   sys_debug.o
    0x080020c8   0x00000080   Code   RO         2342    i.GsmDMA_TxBuff     gsm.o
    0x08002148   0x00000014   Code   RO         2343    i.GsmRxDataClear    gsm.o
    0x0800215c   0x0000001a   Code   RO         2344    i.GsmRxDataInput    gsm.o
    0x08002176   0x00000002   PAD
    0x08002178   0x00000030   Code   RO         2345    i.GsmRxTxDataInit   gsm.o
    0x080021a8   0x0000039c   Code   RO         2346    i.GsmStartConnect   gsm.o
    0x08002544   0x00000002   Code   RO         2669    i.HandleGatewayParam  gateway_protocol.o
    0x08002546   0x00000004   Code   RO           15    i.HardFault_Handler  stm32f4xx_it.o
    0x0800254a   0x00000002   PAD
    0x0800254c   0x00000034   Code   RO         2347    i.HeartRemainTCPConnect  gsm.o
    0x08002580   0x00000044   Code   RO         2771    i.KM_CtrlInit       km_ctrl.o
    0x080025c4   0x00000080   Code   RO         2772    i.KM_HardwareInit   km_ctrl.o
    0x08002644   0x00000018   Code   RO         2773    i.KM_vCtrlTask      km_ctrl.o
    0x0800265c   0x00000004   Code   RO           16    i.MemManage_Handler  stm32f4xx_it.o
    0x08002660   0x00000002   Code   RO           17    i.NMI_Handler       stm32f4xx_it.o
    0x08002662   0x00000002   PAD
    0x08002664   0x00000078   Code   RO          216    i.NVIC_Init         misc.o
    0x080026dc   0x00000014   Code   RO          217    i.NVIC_PriorityGroupConfig  misc.o
    0x080026f0   0x00000098   Code   RO         3381    i.NetTimeCentury    rtc.o
    0x08002788   0x0000001c   Code   RO         3517    i.NorFlashInit      norflash.o
    0x080027a4   0x0000003c   Code   RO         3518    i.NorFlashRead      norflash.o
    0x080027e0   0x0000009c   Code   RO         3519    i.NorFlashWrite     norflash.o
    0x0800287c   0x0000000c   Code   RO          519    i.PWR_BackupAccessCmd  stm32f4xx_pwr.o
    0x08002888   0x00000020   Code   RO          633    i.RCC_AHB1PeriphClockCmd  stm32f4xx_rcc.o
    0x080028a8   0x00000020   Code   RO          639    i.RCC_AHB3PeriphClockCmd  stm32f4xx_rcc.o
    0x080028c8   0x00000020   Code   RO          642    i.RCC_APB1PeriphClockCmd  stm32f4xx_rcc.o
    0x080028e8   0x00000020   Code   RO          645    i.RCC_APB2PeriphClockCmd  stm32f4xx_rcc.o
    0x08002908   0x000000e8   Code   RO          654    i.RCC_GetClocksFreq  stm32f4xx_rcc.o
    0x080029f0   0x00000040   Code   RO          655    i.RCC_GetFlagStatus  stm32f4xx_rcc.o
    0x08002a30   0x0000002c   Code   RO          663    i.RCC_LSEConfig     stm32f4xx_rcc.o
    0x08002a5c   0x0000000c   Code   RO          677    i.RCC_RTCCLKCmd     stm32f4xx_rcc.o
    0x08002a68   0x0000003c   Code   RO          678    i.RCC_RTCCLKConfig  stm32f4xx_rcc.o
    0x08002aa4   0x00000016   Code   RO         1571    i.RTC_Bcd2ToByte    stm32f4xx_rtc.o
    0x08002aba   0x0000001c   Code   RO         1573    i.RTC_ByteToBcd2    stm32f4xx_rtc.o
    0x08002ad6   0x00000002   PAD
    0x08002ad8   0x00000050   Code   RO         1583    i.RTC_EnterInitMode  stm32f4xx_rtc.o
    0x08002b28   0x00000014   Code   RO         1584    i.RTC_ExitInitMode  stm32f4xx_rtc.o
    0x08002b3c   0x00000064   Code   RO         1597    i.RTC_Init          stm32f4xx_rtc.o
    0x08002ba0   0x00000020   Code   RO         1600    i.RTC_ReadBackupRegister  stm32f4xx_rtc.o
    0x08002bc0   0x000000c8   Code   RO         1603    i.RTC_SetDate       stm32f4xx_rtc.o
    0x08002c88   0x000000d0   Code   RO         1604    i.RTC_SetTime       stm32f4xx_rtc.o
    0x08002d58   0x00000060   Code   RO         1620    i.RTC_WaitForSynchro  stm32f4xx_rtc.o
    0x08002db8   0x0000001c   Code   RO         1623    i.RTC_WriteBackupRegister  stm32f4xx_rtc.o
    0x08002dd4   0x000000a4   Code   RO         2348    i.RelinkTCP         gsm.o
    0x08002e78   0x0000006c   Code   RO         3382    i.RtcInit           rtc.o
    0x08002ee4   0x000000a0   Code   RO         2349    i.SendMsgToSim      gsm.o
    0x08002f84   0x000001a8   Code   RO         2578    i.SetSeriveIPPort   sys_debug.o
    0x0800312c   0x000000ec   Code   RO          175    i.SetSysClock       system_stm32f4xx.o
    0x08003218   0x000000d0   Code   RO         2579    i.SetWGAddr         sys_debug.o
    0x080032e8   0x00000078   Code   RO         2350    i.SimSendData       gsm.o
    0x08003360   0x00000048   Code   RO         2351    i.SwitchToCommand   gsm.o
    0x080033a8   0x00000044   Code   RO         2352    i.SwitchToData      gsm.o
    0x080033ec   0x00000068   Code   RO          177    i.SystemInit        system_stm32f4xx.o
    0x08003454   0x00000002   Code   RO         2580    i.TaskPrintfDebug   sys_debug.o
    0x08003456   0x00000002   PAD
    0x08003458   0x00000228   Code   RO         2581    i.TestModeMain      sys_debug.o
    0x08003680   0x00000094   Code   RO         2139    i.UART4_IRQHandler  ballast_comm.o
    0x08003714   0x00000094   Code   RO         2250    i.USART1_IRQHandler  electric.o
    0x080037a8   0x00000160   Code   RO         2353    i.USART3_IRQHandler  gsm.o
    0x08003908   0x000000b8   Code   RO         2582    i.USART6_IRQHandler  sys_debug.o
    0x080039c0   0x00000018   Code   RO          978    i.USART_Cmd         stm32f4xx_usart.o
    0x080039d8   0x00000012   Code   RO          979    i.USART_DMACmd      stm32f4xx_usart.o
    0x080039ea   0x00000054   Code   RO          982    i.USART_GetITStatus  stm32f4xx_usart.o
    0x08003a3e   0x0000004a   Code   RO          984    i.USART_ITConfig    stm32f4xx_usart.o
    0x08003a88   0x000000d4   Code   RO          985    i.USART_Init        stm32f4xx_usart.o
    0x08003b5c   0x0000000a   Code   RO          992    i.USART_ReceiveData  stm32f4xx_usart.o
    0x08003b66   0x00000002   PAD
    0x08003b68   0x00000054   Code   RO         2583    i.UartDebugCreateTask  sys_debug.o
    0x08003bbc   0x000000e0   Code   RO         3565    i.UartDebugHardwareInit  uart_debug.o
    0x08003c9c   0x00000010   Code   RO         2584    i.UartDebugInit     sys_debug.o
    0x08003cac   0x000001a0   Code   RO         3383    i.UpdataNetTime     rtc.o
    0x08003e4c   0x00000004   Code   RO           18    i.UsageFault_Handler  stm32f4xx_it.o
    0x08003e50   0x0000000e   Code   RO         3631    i._is_digit         c_w.l(__printf_wp.o)
    0x08003e5e   0x00000004   Code   RO         3566    i._sys_exit         uart_debug.o
    0x08003e62   0x00000036   Code   RO         2726    i.chr2hex           common.o
    0x08003e98   0x0000001c   Code   RO         3567    i.fputc             uart_debug.o
    0x08003eb4   0x00000022   Code   RO         2727    i.hex2chr           common.o
    0x08003ed6   0x00000032   Code   RO         2511    i.main              main.o
    0x08003f08   0x00000018   Code   RO         3088    i.pcTaskGetTaskName  tasks.o
    0x08003f20   0x00000064   Code   RO         2585    i.printf_buff       sys_debug.o
    0x08003f84   0x00000050   Code   RO         2587    i.printf_str        sys_debug.o
    0x08003fd4   0x00000054   Code   RO         3089    i.prvAddCurrentTaskToDelayedList  tasks.o
    0x08004028   0x00000042   Code   RO         3090    i.prvAllocateTCBAndStack  tasks.o
    0x0800406a   0x00000002   PAD
    0x0800406c   0x00000064   Code   RO         3091    i.prvCheckTasksWaitingTermination  tasks.o
    0x080040d0   0x0000002a   Code   RO         2955    i.prvCopyDataFromQueue  queue.o
    0x080040fa   0x00000080   Code   RO         2956    i.prvCopyDataToQueue  queue.o
    0x0800417a   0x00000012   Code   RO         3092    i.prvDeleteTCB      tasks.o
    0x0800418c   0x00000038   Code   RO         2872    i.prvHeapInit       heap_2.o
    0x080041c4   0x00000028   Code   RO         3093    i.prvIdleTask       tasks.o
    0x080041ec   0x00000062   Code   RO         3094    i.prvInitialiseTCBVariables  tasks.o
    0x0800424e   0x00000002   PAD
    0x08004250   0x00000068   Code   RO         3095    i.prvInitialiseTaskLists  tasks.o
    0x080042b8   0x0000001a   Code   RO         2957    i.prvIsQueueEmpty   queue.o
    0x080042d2   0x0000001e   Code   RO         2958    i.prvIsQueueFull    queue.o
    0x080042f0   0x00000034   Code   RO         3096    i.prvResetNextTaskUnblockTime  tasks.o
    0x08004324   0x00000016   Code   RO         2805    i.prvTaskExitError  port.o
    0x0800433a   0x0000007e   Code   RO         2959    i.prvUnlockQueue    queue.o
    0x080043b8   0x000000b8   Code   RO         2873    i.pvPortMalloc      heap_2.o
    0x08004470   0x00000020   Code   RO         3098    i.pvTaskIncrementMutexHeldCount  tasks.o
    0x08004490   0x00000028   Code   RO         2806    i.pxPortInitialiseStack  port.o
    0x080044b8   0x00000028   Code   RO         2919    i.uxListRemove      list.o
    0x080044e0   0x00000048   Code   RO         2064    i.vApplicationStackOverflowHook  freertos_hook.o
    0x08004528   0x00000002   Code   RO         2065    i.vApplicationTickHook  freertos_hook.o
    0x0800452a   0x00000002   PAD
    0x0800452c   0x00000054   Code   RO         2140    i.vBallastComm1Task  ballast_comm.o
    0x08004580   0x00000054   Code   RO         2251    i.vElectTask        electric.o
    0x080045d4   0x0000008c   Code   RO         2354    i.vGSMTask          gsm.o
    0x08004660   0x0000001a   Code   RO         2920    i.vListInitialise   list.o
    0x0800467a   0x00000006   Code   RO         2921    i.vListInitialiseItem  list.o
    0x08004680   0x00000034   Code   RO         2922    i.vListInsert       list.o
    0x080046b4   0x00000018   Code   RO         2923    i.vListInsertEnd    list.o
    0x080046cc   0x00000024   Code   RO         2808    i.vPortEnterCritical  port.o
    0x080046f0   0x00000020   Code   RO         2809    i.vPortExitCritical  port.o
    0x08004710   0x00000040   Code   RO         2874    i.vPortFree         heap_2.o
    0x08004750   0x00000014   Code   RO         2810    i.vPortSetupTimerInterrupt  port.o
    0x08004764   0x00000064   Code   RO         3104    i.vTaskDelay        tasks.o
    0x080047c8   0x0000000c   Code   RO         3108    i.vTaskMissedYield  tasks.o
    0x080047d4   0x00000064   Code   RO         3110    i.vTaskPlaceOnEventList  tasks.o
    0x08004838   0x000000b0   Code   RO         3112    i.vTaskPriorityInherit  tasks.o
    0x080048e8   0x00000018   Code   RO         3115    i.vTaskSetTimeOutState  tasks.o
    0x08004900   0x00000064   Code   RO         3116    i.vTaskStartScheduler  tasks.o
    0x08004964   0x00000010   Code   RO         3118    i.vTaskSuspendAll   tasks.o
    0x08004974   0x00000098   Code   RO         3119    i.vTaskSwitchContext  tasks.o
    0x08004a0c   0x00000040   Code   RO         2588    i.vUartDebugTask    sys_debug.o
    0x08004a4c   0x00000048   Code   RO         2811    i.xPortStartScheduler  port.o
    0x08004a94   0x00000034   Code   RO         2812    i.xPortSysTickHandler  port.o
    0x08004ac8   0x00000048   Code   RO         2964    i.xQueueCreateMutex  queue.o
    0x08004b10   0x00000046   Code   RO         2965    i.xQueueGenericCreate  queue.o
    0x08004b56   0x00000002   PAD
    0x08004b58   0x00000144   Code   RO         2966    i.xQueueGenericReceive  queue.o
    0x08004c9c   0x0000007c   Code   RO         2967    i.xQueueGenericReset  queue.o
    0x08004d18   0x00000110   Code   RO         2968    i.xQueueGenericSend  queue.o
    0x08004e28   0x0000007e   Code   RO         2969    i.xQueueGenericSendFromISR  queue.o
    0x08004ea6   0x0000006e   Code   RO         2970    i.xQueueGiveFromISR  queue.o
    0x08004f14   0x0000005c   Code   RO         3120    i.xTaskCheckForTimeOut  tasks.o
    0x08004f70   0x00000108   Code   RO         3121    i.xTaskGenericCreate  tasks.o
    0x08005078   0x0000000c   Code   RO         3124    i.xTaskGetCurrentTaskHandle  tasks.o
    0x08005084   0x0000000c   Code   RO         3125    i.xTaskGetTickCount  tasks.o
    0x08005090   0x0000012c   Code   RO         3127    i.xTaskIncrementTick  tasks.o
    0x080051bc   0x00000084   Code   RO         3130    i.xTaskPriorityDisinherit  tasks.o
    0x08005240   0x00000080   Code   RO         3131    i.xTaskRemoveFromEventList  tasks.o
    0x080052c0   0x000000e8   Code   RO         3133    i.xTaskResumeAll    tasks.o
    0x080053a8   0x0000002c   Code   RO         3737    locale$$code        c_w.l(lc_ctype_c.o)
    0x080053d4   0x0000000a   Code   RO         3793    x$fpl$fpinit        fz_wm.l(fpinit.o)
    0x080053de   0x00000002   PAD
    0x080053e0   0x00000008   Data   RO         2142    .constdata          ballast_comm.o
    0x080053e8   0x00000008   Data   RO         2253    .constdata          electric.o
    0x080053f0   0x00000008   Data   RO         2356    .constdata          gsm.o
    0x080053f8   0x0000012f   Data   RO         2590    .conststring        sys_debug.o
    0x08005527   0x00000001   PAD
    0x08005528   0x00000020   Data   RO         3856    Region$$Table       anon$$obj.o
    0x08005548   0x00000110   Data   RO         3736    locale$$data        c_w.l(lc_ctype_c.o)


    Execution Region RW_IRAM1 (Base: 0x20000000, Size: 0x0001eb60, Max: 0x00020000, ABSOLUTE)

    Base Addr    Size         Type   Attr      Idx    E Section Name        Object

    0x20000000   0x00000010   Data   RW          686    .data               stm32f4xx_rcc.o
    0x20000010   0x00000008   Data   RW         2143    .data               ballast_comm.o
    0x20000018   0x00000008   Data   RW         2254    .data               electric.o
    0x20000020   0x0000000e   Data   RW         2357    .data               gsm.o
    0x2000002e   0x00000002   PAD
    0x20000030   0x00000011   Data   RW         2591    .data               sys_debug.o
    0x20000041   0x00000003   PAD
    0x20000044   0x00000004   Data   RW         2774    .data               km_ctrl.o
    0x20000048   0x00000004   Data   RW         2813    .data               port.o
    0x2000004c   0x00000018   Data   RW         2878    .data               heap_2.o
    0x20000064   0x00000038   Data   RW         3136    .data               tasks.o
    0x2000009c   0x00000012   Data   RW         3384    .data               rtc.o
    0x200000ae   0x00000002   PAD
    0x200000b0   0x00000004   Data   RW         3520    .data               norflash.o
    0x200000b4   0x00000004   Data   RW         3568    .data               uart_debug.o
    0x200000b8   0x000000cc   Zero   RW         2141    .bss                ballast_comm.o
    0x20000184   0x000000cc   Zero   RW         2252    .bss                electric.o
    0x20000250   0x000001b4   Zero   RW         2355    .bss                gsm.o
    0x20000404   0x00000034   Zero   RW         2589    .bss                sys_debug.o
    0x20000438   0x0001e000   Zero   RW         2877    .bss                heap_2.o
    0x2001e438   0x000000c8   Zero   RW         3135    .bss                tasks.o
    0x2001e500   0x00000060   Zero   RW         3727    .bss                c_w.l(libspace.o)
    0x2001e560   0x00000200   Zero   RW            2    HEAP                startup_stm32f40_41xxx.o
    0x2001e760   0x00000400   Zero   RW            1    STACK               startup_stm32f40_41xxx.o



  Load Region LR$$.ARM.__AT_0x10000000 (Base: 0x10000000, Size: 0x00000000, Max: 0x0000c350, ABSOLUTE)

    Execution Region ER$$.ARM.__AT_0x10000000 (Base: 0x10000000, Size: 0x0000c350, Max: 0x0000c350, ABSOLUTE, UNINIT)

    Base Addr    Size         Type   Attr      Idx    E Section Name        Object

    0x10000000   0x0000c350   Zero   RW         2694    .ARM.__AT_0x10000000  ballast_protocol.o



  Load Region LR$$.ARM.__AT_0x1000C350 (Base: 0x1000c350, Size: 0x00000000, Max: 0x00001770, ABSOLUTE)

    Execution Region ER$$.ARM.__AT_0x1000C350 (Base: 0x1000c350, Size: 0x00001770, Max: 0x00001770, ABSOLUTE, UNINIT)

    Base Addr    Size         Type   Attr      Idx    E Section Name        Object

    0x1000c350   0x00001770   Zero   RW         2695    .ARM.__AT_0x1000C350  ballast_protocol.o



  Load Region LR$$.ARM.__AT_0x1000DAC0 (Base: 0x1000dac0, Size: 0x00000000, Max: 0x00001770, ABSOLUTE)

    Execution Region ER$$.ARM.__AT_0x1000DAC0 (Base: 0x1000dac0, Size: 0x00001770, Max: 0x00001770, ABSOLUTE, UNINIT)

    Base Addr    Size         Type   Attr      Idx    E Section Name        Object

    0x1000dac0   0x00001770   Zero   RW         2696    .ARM.__AT_0x1000DAC0  ballast_protocol.o


==============================================================================

Image component sizes


      Code (inc. data)   RO Data    RW Data    ZI Data      Debug   Object Name

       812        102          8          8        204      13252   ballast_comm.o
         2          0          0          0      62000       1610   ballast_protocol.o
       140          0          0          0          0       2672   common.o
       808         88          8          8        204       6511   electric.o
        74         38          0          0          0      11411   freertos_hook.o
       938         44          0          0          0       4986   fsmc_nor.o
         2          0          0          0          0       1105   gateway_protocol.o
      3010        924          8         14        436      46956   gsm.o
       304         46          0         24     122880       5263   heap_2.o
       220         38          0          4          0       1742   km_ctrl.o
       148          0          0          0          0       3350   list.o
        50          0          0          0          0        539   main.o
       140         24          0          0          0      44203   misc.o
       244         80          0          4          0       2630   norflash.o
       456         56          0          4          0      15696   port.o
      1450         14          0          0          0      19609   queue.o
       804        108          0         18          0       3266   rtc.o
        64         26        392          0       1536        912   startup_stm32f40_41xxx.o
       656         54          0          0          0      19133   stm32f4xx_dma.o
         0          0          0          0          0       1664   stm32f4xx_exti.o
       348         12          0          0          0      10065   stm32f4xx_fsmc.o
       222          0          0          0          0      10083   stm32f4xx_gpio.o
        20          0          0          0          0     268545   stm32f4xx_it.o
        12          6          0          0          0        558   stm32f4xx_pwr.o
       540         66          0         16          0      23179   stm32f4xx_rcc.o
       814         50          0          0          0      22438   stm32f4xx_rtc.o
       422          8          0          0          0      11065   stm32f4xx_usart.o
      1958        866        303         17         52       8285   sys_debug.o
       340         32          0          0          0       1605   system_stm32f4xx.o
      2470        368          0         56        200      20609   tasks.o
       256         14          0          4          0       3914   uart_debug.o

    ----------------------------------------------------------------------
     17758       3064        752        184     187512     586856   Object Totals
         0          0         32          0          0          0   (incl. Generated)
        34          0          1          7          0          0   (incl. Padding)

    ----------------------------------------------------------------------

      Code (inc. data)   RO Data    RW Data    ZI Data      Debug   Library Member Name

        60          8          0          0          0         84   __0sscanf.o
         8          0          0          0          0         68   __main.o
       284          0          0          0          0        156   __printf_wp.o
         0          0          0          0          0          0   __rtentry.o
        12          0          0          0          0          0   __rtentry2.o
         6          0          0          0          0          0   __rtentry4.o
        52          8          0          0          0          0   __scatter.o
        26          0          0          0          0          0   __scatter_copy.o
        28          0          0          0          0          0   __scatter_zi.o
        28          0          0          0          0         68   _chval.o
        44          0          0          0          0        108   _printf_char.o
        48          6          0          0          0         96   _printf_char_common.o
        36          4          0          0          0         80   _printf_char_file.o
         0          0          0          0          0          0   _printf_percent.o
         4          0          0          0          0          0   _printf_percent_end.o
         6          0          0          0          0          0   _printf_s.o
        82          0          0          0          0         80   _printf_str.o
       884          6          0          0          0        100   _scanf.o
       332          0          0          0          0         96   _scanf_int.o
       224          0          0          0          0         96   _scanf_str.o
        64          0          0          0          0         84   _sgetc.o
        10          0          0          0          0         68   _sputc.o
        16          0          0          0          0         68   aeabi_memset.o
        12          0          0          0          0         72   exit.o
         8          0          0          0          0         68   ferror.o
         6          0          0          0          0        152   heapauxi.o
        18          0          0          0          0         76   isspace.o
        44         10        272          0          0         76   lc_ctype_c.o
         2          0          0          0          0          0   libinit.o
        24          0          0          0          0          0   libinit2.o
         2          0          0          0          0          0   libshutdown.o
         2          0          0          0          0          0   libshutdown2.o
         8          4          0          0         96         68   libspace.o
        24          4          0          0          0         84   noretval__2printf.o
        40          6          0          0          0         84   noretval__2sprintf.o
        16          4          0          0          0         76   rt_ctype_table.o
         8          4          0          0          0         68   rt_locale_intlibspace.o
        68          0          0          0          0         68   rt_memclr.o
        78          0          0          0          0         80   rt_memclr_w.o
       138          0          0          0          0         68   rt_memcpy_v6.o
       100          0          0          0          0         80   rt_memcpy_w.o
         2          0          0          0          0          0   rtexit.o
        10          0          0          0          0          0   rtexit2.o
        44          8          0          0          0         84   scanf_char.o
       128          0          0          0          0         68   strcmpv7m.o
        62          0          0          0          0         76   strlen.o
        86          0          0          0          0         76   strncpy.o
        36          0          0          0          0         80   strstr.o
        74          0          0          0          0         80   sys_stackheap_outer.o
         2          0          0          0          0         68   use_no_semi.o
         2          0          0          0          0         68   use_no_semi_2.o
        10          0          0          0          0        116   fpinit.o

    ----------------------------------------------------------------------
      3322         72        272          0         96       3088   Library Totals
        14          0          0          0          0          0   (incl. Padding)

    ----------------------------------------------------------------------

      Code (inc. data)   RO Data    RW Data    ZI Data      Debug   Library Name

      3298         72        272          0         96       2972   c_w.l
        10          0          0          0          0        116   fz_wm.l

    ----------------------------------------------------------------------
      3322         72        272          0         96       3088   Library Totals

    ----------------------------------------------------------------------

==============================================================================


      Code (inc. data)   RO Data    RW Data    ZI Data      Debug   

     21080       3136       1024        184     187608     570728   Grand Totals
     21080       3136       1024        184     187608     570728   ELF Image Totals
     21080       3136       1024        184          0          0   ROM Totals

==============================================================================

    Total RO  Size (Code + RO Data)                22104 (  21.59kB)
    Total RW  Size (RW Data + ZI Data)            187792 ( 183.39kB)
    Total ROM Size (Code + RO Data + RW Data)      22288 (  21.77kB)

==============================================================================

