Component: ARM Compiler 5.05 update 1 (build 106) Tool: armlink [4d0efa]

==============================================================================

Section Cross References

    startup_stm32f40_41xxx.o(STACK) refers (Special) to heapauxi.o(.text) for __use_two_region_memory
    startup_stm32f40_41xxx.o(HEAP) refers (Special) to heapauxi.o(.text) for __use_two_region_memory
    startup_stm32f40_41xxx.o(RESET) refers (Special) to heapauxi.o(.text) for __use_two_region_memory
    startup_stm32f40_41xxx.o(RESET) refers to startup_stm32f40_41xxx.o(STACK) for __initial_sp
    startup_stm32f40_41xxx.o(RESET) refers to startup_stm32f40_41xxx.o(.text) for Reset_Handler
    startup_stm32f40_41xxx.o(RESET) refers to stm32f4xx_it.o(i.NMI_Handler) for NMI_Handler
    startup_stm32f40_41xxx.o(RESET) refers to stm32f4xx_it.o(i.HardFault_Handler) for HardFault_Handler
    startup_stm32f40_41xxx.o(RESET) refers to stm32f4xx_it.o(i.MemManage_Handler) for MemManage_Handler
    startup_stm32f40_41xxx.o(RESET) refers to stm32f4xx_it.o(i.BusFault_Handler) for BusFault_Handler
    startup_stm32f40_41xxx.o(RESET) refers to stm32f4xx_it.o(i.UsageFault_Handler) for UsageFault_Handler
    startup_stm32f40_41xxx.o(RESET) refers to port.o(.emb_text) for vPortSVCHandler
    startup_stm32f40_41xxx.o(RESET) refers to stm32f4xx_it.o(i.DebugMon_Handler) for DebugMon_Handler
    startup_stm32f40_41xxx.o(RESET) refers to port.o(i.xPortSysTickHandler) for xPortSysTickHandler
    startup_stm32f40_41xxx.o(RESET) refers to rtc.o(i.RTC_WKUP_IRQHandler) for RTC_WKUP_IRQHandler
    startup_stm32f40_41xxx.o(RESET) refers to ballast_comm.o(i.DMA1_Stream4_IRQHandler) for DMA1_Stream4_IRQHandler
    startup_stm32f40_41xxx.o(RESET) refers to electric.o(i.USART1_IRQHandler) for USART1_IRQHandler
    startup_stm32f40_41xxx.o(RESET) refers to gsm.o(i.USART3_IRQHandler) for USART3_IRQHandler
    startup_stm32f40_41xxx.o(RESET) refers to ballast_comm.o(i.UART4_IRQHandler) for UART4_IRQHandler
    startup_stm32f40_41xxx.o(RESET) refers to electric.o(i.DMA2_Stream7_IRQHandler) for DMA2_Stream7_IRQHandler
    startup_stm32f40_41xxx.o(RESET) refers to sys_debug.o(i.USART6_IRQHandler) for USART6_IRQHandler
    startup_stm32f40_41xxx.o(.text) refers (Special) to heapauxi.o(.text) for __use_two_region_memory
    startup_stm32f40_41xxx.o(.text) refers to system_stm32f4xx.o(i.SystemInit) for SystemInit
    startup_stm32f40_41xxx.o(.text) refers to __main.o(!!!main) for __main
    startup_stm32f40_41xxx.o(.text) refers to startup_stm32f40_41xxx.o(HEAP) for Heap_Mem
    startup_stm32f40_41xxx.o(.text) refers to startup_stm32f40_41xxx.o(STACK) for Stack_Mem
    system_stm32f4xx.o(i.SystemCoreClockUpdate) refers to system_stm32f4xx.o(.data) for SystemCoreClock
    system_stm32f4xx.o(i.SystemInit) refers to system_stm32f4xx.o(i.SetSysClock) for SetSysClock
    stm32f4xx_gpio.o(i.GPIO_DeInit) refers to stm32f4xx_rcc.o(i.RCC_AHB1PeriphResetCmd) for RCC_AHB1PeriphResetCmd
    stm32f4xx_pwr.o(i.PWR_DeInit) refers to stm32f4xx_rcc.o(i.RCC_APB1PeriphResetCmd) for RCC_APB1PeriphResetCmd
    stm32f4xx_rcc.o(i.RCC_GetClocksFreq) refers to stm32f4xx_rcc.o(.data) for APBAHBPrescTable
    stm32f4xx_rcc.o(i.RCC_WaitForHSEStartUp) refers to stm32f4xx_rcc.o(i.RCC_GetFlagStatus) for RCC_GetFlagStatus
    stm32f4xx_usart.o(i.USART_DeInit) refers to stm32f4xx_rcc.o(i.RCC_APB2PeriphResetCmd) for RCC_APB2PeriphResetCmd
    stm32f4xx_usart.o(i.USART_DeInit) refers to stm32f4xx_rcc.o(i.RCC_APB1PeriphResetCmd) for RCC_APB1PeriphResetCmd
    stm32f4xx_usart.o(i.USART_Init) refers to stm32f4xx_rcc.o(i.RCC_GetClocksFreq) for RCC_GetClocksFreq
    stm32f4xx_flash.o(i.FLASH_EraseAllBank1Sectors) refers to stm32f4xx_flash.o(i.FLASH_WaitForLastOperation) for FLASH_WaitForLastOperation
    stm32f4xx_flash.o(i.FLASH_EraseAllBank2Sectors) refers to stm32f4xx_flash.o(i.FLASH_WaitForLastOperation) for FLASH_WaitForLastOperation
    stm32f4xx_flash.o(i.FLASH_EraseAllSectors) refers to stm32f4xx_flash.o(i.FLASH_WaitForLastOperation) for FLASH_WaitForLastOperation
    stm32f4xx_flash.o(i.FLASH_EraseSector) refers to stm32f4xx_flash.o(i.FLASH_WaitForLastOperation) for FLASH_WaitForLastOperation
    stm32f4xx_flash.o(i.FLASH_OB_Launch) refers to stm32f4xx_flash.o(i.FLASH_WaitForLastOperation) for FLASH_WaitForLastOperation
    stm32f4xx_flash.o(i.FLASH_OB_PCROP1Config) refers to stm32f4xx_flash.o(i.FLASH_WaitForLastOperation) for FLASH_WaitForLastOperation
    stm32f4xx_flash.o(i.FLASH_OB_PCROPConfig) refers to stm32f4xx_flash.o(i.FLASH_WaitForLastOperation) for FLASH_WaitForLastOperation
    stm32f4xx_flash.o(i.FLASH_OB_RDPConfig) refers to stm32f4xx_flash.o(i.FLASH_WaitForLastOperation) for FLASH_WaitForLastOperation
    stm32f4xx_flash.o(i.FLASH_OB_UserConfig) refers to stm32f4xx_flash.o(i.FLASH_WaitForLastOperation) for FLASH_WaitForLastOperation
    stm32f4xx_flash.o(i.FLASH_OB_WRP1Config) refers to stm32f4xx_flash.o(i.FLASH_WaitForLastOperation) for FLASH_WaitForLastOperation
[...]
    SetSeriveIPPort                          0x08002bb1   Thumb Code   266  sys_debug.o(i.SetSeriveIPPort)
    i.SetSysClock                            0x08002d58   Section        0  system_stm32f4xx.o(i.SetSysClock)
    SetSysClock                              0x08002d59   Thumb Code   220  system_stm32f4xx.o(i.SetSysClock)
    i.SetWGAddr                              0x08002e44   Section        0  sys_debug.o(i.SetWGAddr)
    SetWGAddr                                0x08002e45   Thumb Code   136  sys_debug.o(i.SetWGAddr)
    i.SimSendData                            0x08002f14   Section        0  gsm.o(i.SimSendData)
    i.SystemInit                             0x0800300c   Section        0  system_stm32f4xx.o(i.SystemInit)
    i.TaskPrintfDebug                        0x08003074   Section        0  sys_debug.o(i.TaskPrintfDebug)
    TaskPrintfDebug                          0x08003075   Thumb Code     2  sys_debug.o(i.TaskPrintfDebug)
    i.TestModeMain                           0x08003078   Section        0  sys_debug.o(i.TestModeMain)
    TestModeMain                             0x08003079   Thumb Code   144  sys_debug.o(i.TestModeMain)
    i.UART4_IRQHandler                       0x080032a0   Section        0  ballast_comm.o(i.UART4_IRQHandler)
    i.USART1_IRQHandler                      0x08003334   Section        0  electric.o(i.USART1_IRQHandler)
    i.USART3_IRQHandler                      0x080033c8   Section        0  gsm.o(i.USART3_IRQHandler)
    i.USART6_IRQHandler                      0x08003530   Section        0  sys_debug.o(i.USART6_IRQHandler)
    i.USART_Cmd                              0x080035e8   Section        0  stm32f4xx_usart.o(i.USART_Cmd)
    i.USART_DMACmd                           0x08003600   Section        0  stm32f4xx_usart.o(i.USART_DMACmd)
    i.USART_GetITStatus                      0x08003612   Section        0  stm32f4xx_usart.o(i.USART_GetITStatus)
    i.USART_ITConfig                         0x08003666   Section        0  stm32f4xx_usart.o(i.USART_ITConfig)
    i.USART_Init                             0x080036b0   Section        0  stm32f4xx_usart.o(i.USART_Init)
    i.USART_ReceiveData                      0x08003784   Section        0  stm32f4xx_usart.o(i.USART_ReceiveData)
    i.UartDebugCreateTask                    0x08003790   Section        0  sys_debug.o(i.UartDebugCreateTask)
    UartDebugCreateTask                      0x08003791   Thumb Code    54  sys_debug.o(i.UartDebugCreateTask)
    i.UartDebugHardwareInit                  0x080037e4   Section        0  uart_debug.o(i.UartDebugHardwareInit)
    i.UartDebugInit                          0x080038c4   Section        0  sys_debug.o(i.UartDebugInit)
    i.UsageFault_Handler                     0x080038d4   Section        0  stm32f4xx_it.o(i.UsageFault_Handler)
    i._is_digit                              0x080038d8   Section        0  __printf_wp.o(i._is_digit)
    i._sys_exit                              0x080038e6   Section        0  uart_debug.o(i._sys_exit)
    i.chr2hex                                0x080038ea   Section        0  gateway_protocol.o(i.chr2hex)
    i.fputc                                  0x08003920   Section        0  uart_debug.o(i.fputc)
    i.hex2chr                                0x0800393c   Section        0  gateway_protocol.o(i.hex2chr)
    i.main                                   0x0800395e   Section        0  main.o(i.main)
    i.printf_buff                            0x08003988   Section        0  sys_debug.o(i.printf_buff)
    i.printf_str                             0x080039ec   Section        0  sys_debug.o(i.printf_str)
    i.prvAddCurrentTaskToDelayedList         0x08003a3c   Section        0  tasks.o(i.prvAddCurrentTaskToDelayedList)
    prvAddCurrentTaskToDelayedList           0x08003a3d   Thumb Code    62  tasks.o(i.prvAddCurrentTaskToDelayedList)
    i.prvAllocateTCBAndStack                 0x08003a90   Section        0  tasks.o(i.prvAllocateTCBAndStack)
    prvAllocateTCBAndStack                   0x08003a91   Thumb Code    54  tasks.o(i.prvAllocateTCBAndStack)
    i.prvCheckTasksWaitingTermination        0x08003ac8   Section        0  tasks.o(i.prvCheckTasksWaitingTermination)
    prvCheckTasksWaitingTermination          0x08003ac9   Thumb Code    86  tasks.o(i.prvCheckTasksWaitingTermination)
    i.prvCopyDataFromQueue                   0x08003b2c   Section        0  queue.o(i.prvCopyDataFromQueue)
    prvCopyDataFromQueue                     0x08003b2d   Thumb Code    42  queue.o(i.prvCopyDataFromQueue)
    i.prvCopyDataToQueue                     0x08003b56   Section        0  queue.o(i.prvCopyDataToQueue)
    prvCopyDataToQueue                       0x08003b57   Thumb Code   128  queue.o(i.prvCopyDataToQueue)
    i.prvDeleteTCB                           0x08003bd6   Section        0  tasks.o(i.prvDeleteTCB)
    prvDeleteTCB                             0x08003bd7   Thumb Code    18  tasks.o(i.prvDeleteTCB)
    i.prvHeapInit                            0x08003be8   Section        0  heap_2.o(i.prvHeapInit)
    prvHeapInit                              0x08003be9   Thumb Code    38  heap_2.o(i.prvHeapInit)
    i.prvIdleTask                            0x08003c20   Section        0  tasks.o(i.prvIdleTask)
    prvIdleTask                              0x08003c21   Thumb Code    24  tasks.o(i.prvIdleTask)
    i.prvInitialiseTCBVariables              0x08003c3c   Section        0  tasks.o(i.prvInitialiseTCBVariables)
    prvInitialiseTCBVariables                0x08003c3d   Thumb Code    98  tasks.o(i.prvInitialiseTCBVariables)
    i.prvInitialiseTaskLists                 0x08003ca0   Section        0  tasks.o(i.prvInitialiseTaskLists)
    prvInitialiseTaskLists                   0x08003ca1   Thumb Code    70  tasks.o(i.prvInitialiseTaskLists)
    i.prvIsQueueEmpty                        0x08003d08   Section        0  queue.o(i.prvIsQueueEmpty)
    prvIsQueueEmpty                          0x08003d09   Thumb Code    26  queue.o(i.prvIsQueueEmpty)
    i.prvIsQueueFull                         0x08003d22   Section        0  queue.o(i.prvIsQueueFull)
    prvIsQueueFull                           0x08003d23   Thumb Code    30  queue.o(i.prvIsQueueFull)
    i.prvResetNextTaskUnblockTime            0x08003d40   Section        0  tasks.o(i.prvResetNextTaskUnblockTime)
    prvResetNextTaskUnblockTime              0x08003d41   Thumb Code    42  tasks.o(i.prvResetNextTaskUnblockTime)
    i.prvTaskExitError                       0x08003d74   Section        0  port.o(i.prvTaskExitError)
    prvTaskExitError                         0x08003d75   Thumb Code    22  port.o(i.prvTaskExitError)
    i.prvUnlockQueue                         0x08003d8a   Section        0  queue.o(i.prvUnlockQueue)
    prvUnlockQueue                           0x08003d8b   Thumb Code   126  queue.o(i.prvUnlockQueue)
    i.pvPortMalloc                           0x08003e08   Section        0  heap_2.o(i.pvPortMalloc)
    i.pvTaskIncrementMutexHeldCount          0x08003ec0   Section        0  tasks.o(i.pvTaskIncrementMutexHeldCount)
    i.pxPortInitialiseStack                  0x08003ee0   Section        0  port.o(i.pxPortInitialiseStack)
    i.uxListRemove                           0x08003f08   Section        0  list.o(i.uxListRemove)
    i.vBallastComm1Task                      0x08003f30   Section        0  ballast_comm.o(i.vBallastComm1Task)
    vBallastComm1Task                        0x08003f31   Thumb Code    78  ballast_comm.o(i.vBallastComm1Task)
    i.vElectTask                             0x08003f88   Section        0  electric.o(i.vElectTask)
    vElectTask                               0x08003f89   Thumb Code    78  electric.o(i.vElectTask)
    i.vGSMTask                               0x08003fe0   Section        0  gsm.o(i.vGSMTask)
    vGSMTask                                 0x08003fe1   Thumb Code   126  gsm.o(i.vGSMTask)
    i.vListInitialise                        0x0800406c   Section        0  list.o(i.vListInitialise)
    i.vListInitialiseItem                    0x08004086   Section        0  list.o(i.vListInitialiseItem)
    i.vListInsert                            0x0800408c   Section        0  list.o(i.vListInsert)
    i.vListInsertEnd                         0x080040c0   Section        0  list.o(i.vListInsertEnd)
    i.vPortEnterCritical                     0x080040d8   Section        0  port.o(i.vPortEnterCritical)
    i.vPortExitCritical                      0x080040fc   Section        0  port.o(i.vPortExitCritical)
    i.vPortFree                              0x0800411c   Section        0  heap_2.o(i.vPortFree)
    i.vPortSetupTimerInterrupt               0x0800415c   Section        0  port.o(i.vPortSetupTimerInterrupt)
    i.vTaskDelay                             0x08004170   Section        0  tasks.o(i.vTaskDelay)
    i.vTaskMissedYield                       0x080041d4   Section        0  tasks.o(i.vTaskMissedYield)
    i.vTaskPlaceOnEventList                  0x080041e0   Section        0  tasks.o(i.vTaskPlaceOnEventList)
    i.vTaskPriorityInherit                   0x08004244   Section        0  tasks.o(i.vTaskPriorityInherit)
    i.vTaskSetTimeOutState                   0x080042f4   Section        0  tasks.o(i.vTaskSetTimeOutState)
    i.vTaskStartScheduler                    0x0800430c   Section        0  tasks.o(i.vTaskStartScheduler)
    i.vTaskSuspendAll                        0x08004370   Section        0  tasks.o(i.vTaskSuspendAll)
    i.vTaskSwitchContext                     0x08004380   Section        0  tasks.o(i.vTaskSwitchContext)
    i.vUartDebugTask                         0x080043e0   Section        0  sys_debug.o(i.vUartDebugTask)
    vUartDebugTask                           0x080043e1   Thumb Code    50  sys_debug.o(i.vUartDebugTask)
    i.xPortStartScheduler                    0x08004420   Section        0  port.o(i.xPortStartScheduler)
    i.xPortSysTickHandler                    0x08004468   Section        0  port.o(i.xPortSysTickHandler)
    i.xQueueCreateMutex                      0x0800449c   Section        0  queue.o(i.xQueueCreateMutex)
    i.xQueueGenericCreate                    0x080044e4   Section        0  queue.o(i.xQueueGenericCreate)
    i.xQueueGenericReceive                   0x0800452c   Section        0  queue.o(i.xQueueGenericReceive)
    i.xQueueGenericReset                     0x08004648   Section        0  queue.o(i.xQueueGenericReset)
    i.xQueueGenericSend                      0x080046b0   Section        0  queue.o(i.xQueueGenericSend)
    i.xQueueGenericSendFromISR               0x080047a0   Section        0  queue.o(i.xQueueGenericSendFromISR)
    i.xQueueGiveFromISR                      0x0800481e   Section        0  queue.o(i.xQueueGiveFromISR)
    i.xTaskCheckForTimeOut                   0x0800488c   Section        0  tasks.o(i.xTaskCheckForTimeOut)
    i.xTaskGenericCreate                     0x080048e8   Section        0  tasks.o(i.xTaskGenericCreate)
    i.xTaskGetTickCount                      0x080049d8   Section        0  tasks.o(i.xTaskGetTickCount)
    i.xTaskIncrementTick                     0x080049e4   Section        0  tasks.o(i.xTaskIncrementTick)
    i.xTaskPriorityDisinherit                0x08004ad0   Section        0  tasks.o(i.xTaskPriorityDisinherit)
    i.xTaskRemoveFromEventList               0x08004b54   Section        0  tasks.o(i.xTaskRemoveFromEventList)
    i.xTaskResumeAll                         0x08004bd4   Section        0  tasks.o(i.xTaskResumeAll)
    locale$$code                             0x08004ca4   Section       44  lc_ctype_c.o(locale$$code)
    x$fpl$fpinit                             0x08004cd0   Section       10  fpinit.o(x$fpl$fpinit)
    $v0                                      0x08004cd0   Number         0  fpinit.o(x$fpl$fpinit)
    .constdata                               0x08004cdc   Section        8  ballast_comm.o(.constdata)
    Ballast_MessageMaps                      0x08004cdc   Data           8  ballast_comm.o(.constdata)
    .constdata                               0x08004ce4   Section        8  electric.o(.constdata)
    Electric_MessageMaps                     0x08004ce4   Data           8  electric.o(.constdata)
    .constdata                               0x08004cec   Section        8  gsm.o(.constdata)
    GPRS_MessageMaps                         0x08004cec   Data           8  gsm.o(.constdata)
    .conststring                             0x08004cf4   Section      303  sys_debug.o(.conststring)
    locale$$data                             0x08004e44   Section      272  lc_ctype_c.o(locale$$data)
    __lcctype_c_name                         0x08004e48   Data           2  lc_ctype_c.o(locale$$data)
    __lcctype_c_start                        0x08004e50   Data           0  lc_ctype_c.o(locale$$data)
    __lcctype_c_end                          0x08004f54   Data           0  lc_ctype_c.o(locale$$data)
    .data                                    0x20000000   Section       16  stm32f4xx_rcc.o(.data)
    APBAHBPrescTable                         0x20000000   Data          16  stm32f4xx_rcc.o(.data)
    .data                                    0x20000010   Section        8  ballast_comm.o(.data)
    BallastComm1Queue                        0x20000014   Data           4  ballast_comm.o(.data)
    .data                                    0x20000018   Section        8  electric.o(.data)
    ElectricQueue                            0x2000001c   Data           4  electric.o(.data)
    .data                                    0x20000020   Section       14  gsm.o(.data)
    GSM_GPRS_queue                           0x20000024   Data           4  gsm.o(.data)
    GSM_AT_queue                             0x20000028   Data           4  gsm.o(.data)
    .data                                    0x20000030   Section       17  sys_debug.o(.data)
    uartDebugQueue                           0x20000030   Data           4  sys_debug.o(.data)
    printf_semaphore                         0x20000034   Data           4  sys_debug.o(.data)
    .data                                    0x20000044   Section        4  port.o(.data)
    uxCriticalNesting                        0x20000044   Data           4  port.o(.data)
    .data                                    0x20000048   Section       24  heap_2.o(.data)
    xStart                                   0x20000048   Data           8  heap_2.o(.data)
    xEnd                                     0x20000050   Data           8  heap_2.o(.data)
    xFreeBytesRemaining                      0x20000058   Data           4  heap_2.o(.data)
    xHeapHasBeenInitialised                  0x2000005c   Data           4  heap_2.o(.data)
    .data                                    0x20000060   Section       56  tasks.o(.data)
    pxDelayedTaskList                        0x20000064   Data           4  tasks.o(.data)
    pxOverflowDelayedTaskList                0x20000068   Data           4  tasks.o(.data)
    uxTasksDeleted                           0x2000006c   Data           4  tasks.o(.data)
    uxCurrentNumberOfTasks                   0x20000070   Data           4  tasks.o(.data)
    xTickCount                               0x20000074   Data           4  tasks.o(.data)
    uxTopReadyPriority                       0x20000078   Data           4  tasks.o(.data)
    xSchedulerRunning                        0x2000007c   Data           4  tasks.o(.data)
    uxPendedTicks                            0x20000080   Data           4  tasks.o(.data)
    xYieldPending                            0x20000084   Data           4  tasks.o(.data)
    xNumOfOverflows                          0x20000088   Data           4  tasks.o(.data)
    uxTaskNumber                             0x2000008c   Data           4  tasks.o(.data)
    xNextTaskUnblockTime                     0x20000090   Data           4  tasks.o(.data)
    uxSchedulerSuspended                     0x20000094   Data           4  tasks.o(.data)
    .data                                    0x20000098   Section        8  rtc.o(.data)
    RTC_SystemRunningSemaphore               0x20000098   Data           4  rtc.o(.data)
    .data                                    0x200000a0   Section        4  norflash.o(.data)
    norflash_semaphore                       0x200000a0   Data           4  norflash.o(.data)
    .data                                    0x200000a4   Section        4  uart_debug.o(.data)
    .bss                                     0x200000a8   Section      204  ballast_comm.o(.bss)
    .bss                                     0x20000174   Section      204  electric.o(.bss)
    .bss                                     0x20000240   Section      436  gsm.o(.bss)
    .bss                                     0x200003f4   Section       52  sys_debug.o(.bss)
    .bss                                     0x20000428   Section    102400  heap_2.o(.bss)
    ucHeap                                   0x20000428   Data       102400  heap_2.o(.bss)
    .bss                                     0x20019428   Section      200  tasks.o(.bss)
    pxReadyTasksLists                        0x20019428   Data         100  tasks.o(.bss)
    xDelayedTaskList1                        0x2001948c   Data          20  tasks.o(.bss)
    xDelayedTaskList2                        0x200194a0   Data          20  tasks.o(.bss)
    xPendingReadyList                        0x200194b4   Data          20  tasks.o(.bss)
    xTasksWaitingTermination                 0x200194c8   Data          20  tasks.o(.bss)
    xSuspendedTaskList                       0x200194dc   Data          20  tasks.o(.bss)
    .bss                                     0x200194f0   Section       96  libspace.o(.bss)
    HEAP                                     0x20019550   Section      512  startup_stm32f40_41xxx.o(HEAP)
    Heap_Mem                                 0x20019550   Data         512  startup_stm32f40_41xxx.o(HEAP)
    STACK                                    0x20019750   Section     1024  startup_stm32f40_41xxx.o(STACK)
    Stack_Mem                                0x20019750   Data        1024  startup_stm32f40_41xxx.o(STACK)
    __initial_sp                             0x20019b50   Data           0  startup_stm32f40_41xxx.o(STACK)

    Global Symbols

    Symbol Name                              Value     Ov Type        Size  Object(Section)

    BuildAttributes$$THM_ISAv4$E$P$D$K$B$S$7EM$VFPi3$EXTD16$VFPS$VFMA$PE$A:L22UL41UL21$X:L11$S22US41US21$IEEE1$IW$USESV6$~STKCKD$USESV7$~SHL$OSPACE$ROPI$EBA8$UX$STANDARDLIB$REQ8$PRES8$EABIv2 0x00000000   Number         0  anon$$obj.o ABSOLUTE
    __ARM_use_no_argv                        0x00000000   Number         0  main.o ABSOLUTE
    _printf_flags                            0x00000000   Number         0  printf_stubs.o ABSOLUTE
    _printf_return_value                     0x00000000   Number         0  printf_stubs.o ABSOLUTE
    _printf_sizespec                         0x00000000   Number         0  printf_stubs.o ABSOLUTE
    _printf_widthprec                        0x00000000   Number         0  printf_stubs.o ABSOLUTE
    __ARM_exceptions_init                     - Undefined Weak Reference
    __alloca_initialize                       - Undefined Weak Reference
    __arm_preinit_                            - Undefined Weak Reference
    __cpp_initialize__aeabi_                  - Undefined Weak Reference
    __cxa_finalize                            - Undefined Weak Reference
    __sigvec_lookup                           - Undefined Weak Reference
    _atexit_init                              - Undefined Weak Reference
    _call_atexit_fns                          - Undefined Weak Reference
    _clock_init                               - Undefined Weak Reference
    _fp_trap_init                             - Undefined Weak Reference
    _fp_trap_shutdown                         - Undefined Weak Reference
    _get_lc_collate                           - Undefined Weak Reference
    _get_lc_monetary                          - Undefined Weak Reference
    _get_lc_numeric                           - Undefined Weak Reference
    _get_lc_time                              - Undefined Weak Reference
    _getenv_init                              - Undefined Weak Reference
    _handle_redirection                       - Undefined Weak Reference
    _init_alloc                               - Undefined Weak Reference
    _init_user_alloc                          - Undefined Weak Reference
    _initio                                   - Undefined Weak Reference
    _mutex_acquire                            - Undefined Weak Reference
    _mutex_release                            - Undefined Weak Reference
    _printf_mbtowc                            - Undefined Weak Reference
    _printf_post_padding                      - Undefined Weak Reference
    _printf_pre_padding                       - Undefined Weak Reference
    _rand_init                                - Undefined Weak Reference
    _scanf_longlong                           - Undefined Weak Reference
    _scanf_mbtowc                             - Undefined Weak Reference
    _scanf_real                               - Undefined Weak Reference
    _scanf_wctomb                             - Undefined Weak Reference
    _scanf_wstring                            - Undefined Weak Reference
    _signal_finish                            - Undefined Weak Reference
    _signal_init                              - Undefined Weak Reference
    _terminate_alloc                          - Undefined Weak Reference
    _terminate_user_alloc                     - Undefined Weak Reference
    _terminateio                              - Undefined Weak Reference
    __Vectors_Size                           0x00000188   Number         0  startup_stm32f40_41xxx.o ABSOLUTE
    __Vectors                                0x08000000   Data           4  startup_stm32f40_41xxx.o(RESET)
    __Vectors_End                            0x08000188   Data           0  startup_stm32f40_41xxx.o(RESET)
    __main                                   0x08000189   Thumb Code     8  __main.o(!!!main)
    __scatterload                            0x08000191   Thumb Code     0  __scatter.o(!!!scatter)
    __scatterload_rt2                        0x08000191   Thumb Code    44  __scatter.o(!!!scatter)
    __scatterload_rt2_thumb_only             0x08000191   Thumb Code     0  __scatter.o(!!!scatter)
    __scatterload_null                       0x0800019f   Thumb Code     0  __scatter.o(!!!scatter)
    __scatterload_copy                       0x080001c5   Thumb Code    26  __scatter_copy.o(!!handler_copy)
    __scatterload_zeroinit                   0x080001e1   Thumb Code    28  __scatter_zi.o(!!handler_zi)
    _printf_percent                          0x080001fd   Thumb Code     0  _printf_percent.o(.ARM.Collect$$_printf_percent$$00000000)
    _printf_s                                0x080001fd   Thumb Code     0  _printf_s.o(.ARM.Collect$$_printf_percent$$00000014)
    _printf_percent_end                      0x08000203   Thumb Code     0  _printf_percent_end.o(.ARM.Collect$$_printf_percent$$00000017)
    __rt_lib_init                            0x08000207   Thumb Code     0  libinit.o(.ARM.Collect$$libinit$$00000000)
    __rt_lib_init_fp_1                       0x08000209   Thumb Code     0  libinit2.o(.ARM.Collect$$libinit$$00000001)
    __rt_lib_init_heap_1                     0x0800020d   Thumb Code     0  libinit2.o(.ARM.Collect$$libinit$$0000000A)
    __rt_lib_init_lc_common                  0x0800020d   Thumb Code     0  libinit2.o(.ARM.Collect$$libinit$$0000000F)
    __rt_lib_init_preinit_1                  0x0800020d   Thumb Code     0  libinit2.o(.ARM.Collect$$libinit$$00000004)
    __rt_lib_init_rand_1                     0x0800020d   Thumb Code     0  libinit2.o(.ARM.Collect$$libinit$$0000000E)
    __rt_lib_init_user_alloc_1               0x0800020d   Thumb Code     0  libinit2.o(.ARM.Collect$$libinit$$0000000C)
    __rt_lib_init_lc_collate_1               0x08000213   Thumb Code     0  libinit2.o(.ARM.Collect$$libinit$$00000011)
    __rt_lib_init_lc_ctype_2                 0x08000213   Thumb Code     0  libinit2.o(.ARM.Collect$$libinit$$00000012)
    __rt_lib_init_alloca_1                   0x0800021f   Thumb Code     0  libinit2.o(.ARM.Collect$$libinit$$0000002E)
    __rt_lib_init_argv_1                     0x0800021f   Thumb Code     0  libinit2.o(.ARM.Collect$$libinit$$0000002C)
    __rt_lib_init_atexit_1                   0x0800021f   Thumb Code     0  libinit2.o(.ARM.Collect$$libinit$$0000001B)
    __rt_lib_init_clock_1                    0x0800021f   Thumb Code     0  libinit2.o(.ARM.Collect$$libinit$$00000021)
    __rt_lib_init_cpp_1                      0x0800021f   Thumb Code     0  libinit2.o(.ARM.Collect$$libinit$$00000032)
    __rt_lib_init_exceptions_1               0x0800021f   Thumb Code     0  libinit2.o(.ARM.Collect$$libinit$$00000030)
    __rt_lib_init_fp_trap_1                  0x0800021f   Thumb Code     0  libinit2.o(.ARM.Collect$$libinit$$0000001F)
    __rt_lib_init_getenv_1                   0x0800021f   Thumb Code     0  libinit2.o(.ARM.Collect$$libinit$$00000023)
    __rt_lib_init_lc_ctype_1                 0x0800021f   Thumb Code     0  libinit2.o(.ARM.Collect$$libinit$$00000013)
    __rt_lib_init_lc_monetary_1              0x0800021f   Thumb Code     0  libinit2.o(.ARM.Collect$$libinit$$00000015)
    __rt_lib_init_lc_numeric_1               0x0800021f   Thumb Code     0  libinit2.o(.ARM.Collect$$libinit$$00000017)
    __rt_lib_init_lc_time_1                  0x0800021f   Thumb Code     0  libinit2.o(.ARM.Collect$$libinit$$00000019)
    __rt_lib_init_return                     0x0800021f   Thumb Code     0  libinit2.o(.ARM.Collect$$libinit$$00000033)
    __rt_lib_init_signal_1                   0x0800021f   Thumb Code     0  libinit2.o(.ARM.Collect$$libinit$$0000001D)
    __rt_lib_init_stdio_1                    0x0800021f   Thumb Code     0  libinit2.o(.ARM.Collect$$libinit$$00000025)
    __rt_lib_shutdown                        0x08000221   Thumb Code     0  libshutdown.o(.ARM.Collect$$libshutdown$$00000000)
    __rt_lib_shutdown_fp_trap_1              0x08000223   Thumb Code     0  libshutdown2.o(.ARM.Collect$$libshutdown$$00000006)
    __rt_lib_shutdown_heap_1                 0x08000223   Thumb Code     0  libshutdown2.o(.ARM.Collect$$libshutdown$$0000000E)
    __rt_lib_shutdown_return                 0x08000223   Thumb Code     0  libshutdown2.o(.ARM.Collect$$libshutdown$$0000000F)
    __rt_lib_shutdown_signal_1               0x08000223   Thumb Code     0  libshutdown2.o(.ARM.Collect$$libshutdown$$00000009)
    __rt_lib_shutdown_stdio_1                0x08000223   Thumb Code     0  libshutdown2.o(.ARM.Collect$$libshutdown$$00000003)
    __rt_lib_shutdown_user_alloc_1           0x08000223   Thumb Code     0  libshutdown2.o(.ARM.Collect$$libshutdown$$0000000B)
    __rt_entry                               0x08000225   Thumb Code     0  __rtentry.o(.ARM.Collect$$rtentry$$00000000)
    __rt_entry_presh_1                       0x08000225   Thumb Code     0  __rtentry2.o(.ARM.Collect$$rtentry$$00000002)
    __rt_entry_sh                            0x08000225   Thumb Code     0  __rtentry4.o(.ARM.Collect$$rtentry$$00000004)
    __rt_entry_li                            0x0800022b   Thumb Code     0  __rtentry2.o(.ARM.Collect$$rtentry$$0000000A)
    __rt_entry_postsh_1                      0x0800022b   Thumb Code     0  __rtentry2.o(.ARM.Collect$$rtentry$$00000009)
    __rt_entry_main                          0x0800022f   Thumb Code     0  __rtentry2.o(.ARM.Collect$$rtentry$$0000000D)
    __rt_entry_postli_1                      0x0800022f   Thumb Code     0  __rtentry2.o(.ARM.Collect$$rtentry$$0000000C)
    __rt_exit                                0x08000237   Thumb Code     0  rtexit.o(.ARM.Collect$$rtexit$$00000000)
    __rt_exit_ls                             0x08000239   Thumb Code     0  rtexit2.o(.ARM.Collect$$rtexit$$00000003)
    __rt_exit_prels_1                        0x08000239   Thumb Code     0  rtexit2.o(.ARM.Collect$$rtexit$$00000002)
    __rt_exit_exit                           0x0800023d   Thumb Code     0  rtexit2.o(.ARM.Collect$$rtexit$$00000004)
    vPortSVCHandler                          0x08000245   Thumb Code    28  port.o(.emb_text)
    __asm___6_port_c_39a90d8d__prvStartFirstTask 0x08000265   Thumb Code    28  port.o(.emb_text)
    __asm___6_port_c_39a90d8d__prvEnableVFP  0x08000285   Thumb Code    16  port.o(.emb_text)
    xPortPendSVHandler                       0x08000299   Thumb Code    88  port.o(.emb_text)
    vPortGetIPSR                             0x080002f5   Thumb Code     6  port.o(.emb_text)
    Reset_Handler                            0x080002fd   Thumb Code     8  startup_stm32f40_41xxx.o(.text)
    SVC_Handler                              0x0800030f   Thumb Code     2  startup_stm32f40_41xxx.o(.text)
    PendSV_Handler                           0x08000313   Thumb Code     2  startup_stm32f40_41xxx.o(.text)
    SysTick_Handler                          0x08000315   Thumb Code     2  startup_stm32f40_41xxx.o(.text)
    ADC_IRQHandler                           0x08000317   Thumb Code     0  startup_stm32f40_41xxx.o(.text)
    CAN1_RX0_IRQHandler                      0x08000317   Thumb Code     0  startup_stm32f40_41xxx.o(.text)
    CAN1_RX1_IRQHandler                      0x08000317   Thumb Code     0  startup_stm32f40_41xxx.o(.text)
    CAN1_SCE_IRQHandler                      0x08000317   Thumb Code     0  startup_stm32f40_41xxx.o(.text)
    CAN1_TX_IRQHandler                       0x08000317   Thumb Code     0  startup_stm32f40_41xxx.o(.text)
    CAN2_RX0_IRQHandler                      0x08000317   Thumb Code     0  startup_stm32f40_41xxx.o(.text)
    CAN2_RX1_IRQHandler                      0x08000317   Thumb Code     0  startup_stm32f40_41xxx.o(.text)
    CAN2_SCE_IRQHandler                      0x08000317   Thumb Code     0  startup_stm32f40_41xxx.o(.text)
    CAN2_TX_IRQHandler                       0x08000317   Thumb Code     0  startup_stm32f40_41xxx.o(.text)
    CRYP_IRQHandler                          0x08000317   Thumb Code     0  startup_stm32f40_41xxx.o(.text)
    DCMI_IRQHandler                          0x08000317   Thumb Code     0  startup_stm32f40_41xxx.o(.text)
    DMA1_Stream0_IRQHandler                  0x08000317   Thumb Code     0  startup_stm32f40_41xxx.o(.text)
    DMA1_Stream1_IRQHandler                  0x08000317   Thumb Code     0  startup_stm32f40_41xxx.o(.text)
    DMA1_Stream2_IRQHandler                  0x08000317   Thumb Code     0  startup_stm32f40_41xxx.o(.text)
    DMA1_Stream3_IRQHandler                  0x08000317   Thumb Code     0  startup_stm32f40_41xxx.o(.text)
    DMA1_Stream5_IRQHandler                  0x08000317   Thumb Code     0  startup_stm32f40_41xxx.o(.text)
    DMA1_Stream6_IRQHandler                  0x08000317   Thumb Code     0  startup_stm32f40_41xxx.o(.text)
    DMA1_Stream7_IRQHandler                  0x08000317   Thumb Code     0  startup_stm32f40_41xxx.o(.text)
    DMA2_Stream0_IRQHandler                  0x08000317   Thumb Code     0  startup_stm32f40_41xxx.o(.text)
    DMA2_Stream1_IRQHandler                  0x08000317   Thumb Code     0  startup_stm32f40_41xxx.o(.text)
    DMA2_Stream2_IRQHandler                  0x08000317   Thumb Code     0  startup_stm32f40_41xxx.o(.text)
    DMA2_Stream3_IRQHandler                  0x08000317   Thumb Code     0  startup_stm32f40_41xxx.o(.text)
    DMA2_Stream4_IRQHandler                  0x08000317   Thumb Code     0  startup_stm32f40_41xxx.o(.text)
    DMA2_Stream5_IRQHandler                  0x08000317   Thumb Code     0  startup_stm32f40_41xxx.o(.text)
    DMA2_Stream6_IRQHandler                  0x08000317   Thumb Code     0  startup_stm32f40_41xxx.o(.text)
    ETH_IRQHandler                           0x08000317   Thumb Code     0  startup_stm32f40_41xxx.o(.text)
    ETH_WKUP_IRQHandler                      0x08000317   Thumb Code     0  startup_stm32f40_41xxx.o(.text)
    EXTI0_IRQHandler                         0x08000317   Thumb Code     0  startup_stm32f40_41xxx.o(.text)
    EXTI15_10_IRQHandler                     0x08000317   Thumb Code     0  startup_stm32f40_41xxx.o(.text)
    EXTI1_IRQHandler                         0x08000317   Thumb Code     0  startup_stm32f40_41xxx.o(.text)
    EXTI2_IRQHandler                         0x08000317   Thumb Code     0  startup_stm32f40_41xxx.o(.text)
    EXTI3_IRQHandler                         0x08000317   Thumb Code     0  startup_stm32f40_41xxx.o(.text)
    EXTI4_IRQHandler                         0x08000317   Thumb Code     0  startup_stm32f40_41xxx.o(.text)
    EXTI9_5_IRQHandler                       0x08000317   Thumb Code     0  startup_stm32f40_41xxx.o(.text)
    FLASH_IRQHandler                         0x08000317   Thumb Code     0  startup_stm32f40_41xxx.o(.text)
    FPU_IRQHandler                           0x08000317   Thumb Code     0  startup_stm32f40_41xxx.o(.text)
    FSMC_IRQHandler                          0x08000317   Thumb Code     0  startup_stm32f40_41xxx.o(.text)
    HASH_RNG_IRQHandler                      0x08000317   Thumb Code     0  startup_stm32f40_41xxx.o(.text)
    I2C1_ER_IRQHandler                       0x08000317   Thumb Code     0  startup_stm32f40_41xxx.o(.text)
    I2C1_EV_IRQHandler                       0x08000317   Thumb Code     0  startup_stm32f40_41xxx.o(.text)
    I2C2_ER_IRQHandler                       0x08000317   Thumb Code     0  startup_stm32f40_41xxx.o(.text)
    I2C2_EV_IRQHandler                       0x08000317   Thumb Code     0  startup_stm32f40_41xxx.o(.text)
    I2C3_ER_IRQHandler                       0x08000317   Thumb Code     0  startup_stm32f40_41xxx.o(.text)
    I2C3_EV_IRQHandler                       0x08000317   Thumb Code     0  startup_stm32f40_41xxx.o(.text)
    OTG_FS_IRQHandler                        0x08000317   Thumb Code     0  startup_stm32f40_41xxx.o(.text)
    OTG_FS_WKUP_IRQHandler                   0x08000317   Thumb Code     0  startup_stm32f40_41xxx.o(.text)
    OTG_HS_EP1_IN_IRQHandler                 0x08000317   Thumb Code     0  startup_stm32f40_41xxx.o(.text)
    OTG_HS_EP1_OUT_IRQHandler                0x08000317   Thumb Code     0  startup_stm32f40_41xxx.o(.text)
    OTG_HS_IRQHandler                        0x08000317   Thumb Code     0  startup_stm32f40_41xxx.o(.text)
    OTG_HS_WKUP_IRQHandler                   0x08000317   Thumb Code     0  startup_stm32f40_41xxx.o(.text)
    PVD_IRQHandler                           0x08000317   Thumb Code     0  startup_stm32f40_41xxx.o(.text)
    RCC_IRQHandler                           0x08000317   Thumb Code     0  startup_stm32f40_41xxx.o(.text)
    RTC_Alarm_IRQHandler                     0x08000317   Thumb Code     0  startup_stm32f40_41xxx.o(.text)
    SDIO_IRQHandler                          0x08000317   Thumb Code     0  startup_stm32f40_41xxx.o(.text)
    SPI1_IRQHandler                          0x08000317   Thumb Code     0  startup_stm32f40_41xxx.o(.text)
    SPI2_IRQHandler                          0x08000317   Thumb Code     0  startup_stm32f40_41xxx.o(.text)
    SPI3_IRQHandler                          0x08000317   Thumb Code     0  startup_stm32f40_41xxx.o(.text)
    TAMP_STAMP_IRQHandler                    0x08000317   Thumb Code     0  startup_stm32f40_41xxx.o(.text)
    TIM1_BRK_TIM9_IRQHandler                 0x08000317   Thumb Code     0  startup_stm32f40_41xxx.o(.text)
    TIM1_CC_IRQHandler                       0x08000317   Thumb Code     0  startup_stm32f40_41xxx.o(.text)
    TIM1_TRG_COM_TIM11_IRQHandler            0x08000317   Thumb Code     0  startup_stm32f40_41xxx.o(.text)
    TIM1_UP_TIM10_IRQHandler                 0x08000317   Thumb Code     0  startup_stm32f40_41xxx.o(.text)
    TIM2_IRQHandler                          0x08000317   Thumb Code     0  startup_stm32f40_41xxx.o(.text)
    TIM3_IRQHandler                          0x08000317   Thumb Code     0  startup_stm32f40_41xxx.o(.text)
    TIM4_IRQHandler                          0x08000317   Thumb Code     0  startup_stm32f40_41xxx.o(.text)
    TIM5_IRQHandler                          0x08000317   Thumb Code     0  startup_stm32f40_41xxx.o(.text)
    TIM6_DAC_IRQHandler                      0x08000317   Thumb Code     0  startup_stm32f40_41xxx.o(.text)
    TIM7_IRQHandler                          0x08000317   Thumb Code     0  startup_stm32f40_41xxx.o(.text)
    TIM8_BRK_TIM12_IRQHandler                0x08000317   Thumb Code     0  startup_stm32f40_41xxx.o(.text)
    TIM8_CC_IRQHandler                       0x08000317   Thumb Code     0  startup_stm32f40_41xxx.o(.text)
    TIM8_TRG_COM_TIM14_IRQHandler            0x08000317   Thumb Code     0  startup_stm32f40_41xxx.o(.text)
    TIM8_UP_TIM13_IRQHandler                 0x08000317   Thumb Code     0  startup_stm32f40_41xxx.o(.text)
    UART5_IRQHandler                         0x08000317   Thumb Code     0  startup_stm32f40_41xxx.o(.text)
    USART2_IRQHandler                        0x08000317   Thumb Code     0  startup_stm32f40_41xxx.o(.text)
    WWDG_IRQHandler                          0x08000317   Thumb Code     0  startup_stm32f40_41xxx.o(.text)
    __user_initial_stackheap                 0x08000319   Thumb Code     0  startup_stm32f40_41xxx.o(.text)
    __use_no_semihosting                     0x0800033d   Thumb Code     2  use_no_semi_2.o(.text)
    __2printf                                0x08000341   Thumb Code    20  noretval__2printf.o(.text)
    __2sprintf                               0x08000359   Thumb Code    34  noretval__2sprintf.o(.text)
    _printf_str                              0x08000381   Thumb Code    82  _printf_str.o(.text)
    __printf                                 0x080003d3   Thumb Code   270  __printf_wp.o(.text)
    __0sscanf                                0x080004e1   Thumb Code    52  __0sscanf.o(.text)
    _scanf_int                               0x0800051d   Thumb Code   332  _scanf_int.o(.text)
    _scanf_string                            0x08000669   Thumb Code   224  _scanf_str.o(.text)
    strstr                                   0x08000749   Thumb Code    36  strstr.o(.text)
    strlen                                   0x0800076d   Thumb Code    62  strlen.o(.text)
    __aeabi_memcpy                           0x080007ab   Thumb Code     0  rt_memcpy_v6.o(.text)
    __rt_memcpy                              0x080007ab   Thumb Code   138  rt_memcpy_v6.o(.text)
    _memcpy_lastbytes                        0x08000811   Thumb Code     0  rt_memcpy_v6.o(.text)
    __aeabi_memclr                           0x08000835   Thumb Code     0  rt_memclr.o(.text)
    __rt_memclr                              0x08000835   Thumb Code    68  rt_memclr.o(.text)
    _memset                                  0x08000839   Thumb Code     0  rt_memclr.o(.text)
    __aeabi_memclr4                          0x08000879   Thumb Code     0  rt_memclr_w.o(.text)
    __aeabi_memclr8                          0x08000879   Thumb Code     0  rt_memclr_w.o(.text)
    __rt_memclr_w                            0x08000879   Thumb Code    78  rt_memclr_w.o(.text)
    _memset_w                                0x0800087d   Thumb Code     0  rt_memclr_w.o(.text)
    strncpy                                  0x080008c7   Thumb Code    86  strncpy.o(.text)
    strcmp                                   0x0800091d   Thumb Code   128  strcmpv7m.o(.text)
    __use_two_region_memory                  0x0800099d   Thumb Code     2  heapauxi.o(.text)
    __rt_heap_escrow$2region                 0x0800099f   Thumb Code     2  heapauxi.o(.text)
    __rt_heap_expand$2region                 0x080009a1   Thumb Code     2  heapauxi.o(.text)
    __I$use$semihosting                      0x080009a3   Thumb Code     0  use_no_semi.o(.text)
    __use_no_semihosting_swi                 0x080009a3   Thumb Code     2  use_no_semi.o(.text)
    _printf_char_common                      0x080009af   Thumb Code    32  _printf_char_common.o(.text)
    _sputc                                   0x080009d5   Thumb Code    10  _sputc.o(.text)
    _printf_cs_common                        0x080009df   Thumb Code    20  _printf_char.o(.text)
    _printf_char                             0x080009f3   Thumb Code    16  _printf_char.o(.text)
    _printf_string                           0x08000a03   Thumb Code     8  _printf_char.o(.text)
    _printf_char_file                        0x08000a0d   Thumb Code    32  _printf_char_file.o(.text)
    _chval                                   0x08000a31   Thumb Code    28  _chval.o(.text)
    __vfscanf_char                           0x08000a59   Thumb Code    24  scanf_char.o(.text)
    _sgetc                                   0x08000a79   Thumb Code    30  _sgetc.o(.text)
    _sbackspace                              0x08000a97   Thumb Code    34  _sgetc.o(.text)
    __aeabi_memcpy4                          0x08000ab9   Thumb Code     0  rt_memcpy_w.o(.text)
    __aeabi_memcpy8                          0x08000ab9   Thumb Code     0  rt_memcpy_w.o(.text)
    __rt_memcpy_w                            0x08000ab9   Thumb Code   100  rt_memcpy_w.o(.text)
    _memcpy_lastbytes_aligned                0x08000b01   Thumb Code     0  rt_memcpy_w.o(.text)
    isspace                                  0x08000b1d   Thumb Code    18  isspace.o(.text)
    __vfscanf                                0x08000b31   Thumb Code   878  _scanf.o(.text)
    ferror                                   0x08000ea5   Thumb Code     8  ferror.o(.text)
    __user_setup_stackheap                   0x08000ead   Thumb Code    74  sys_stackheap_outer.o(.text)
    __rt_ctype_table                         0x08000ef9   Thumb Code    16  rt_ctype_table.o(.text)
    exit                                     0x08000f09   Thumb Code    12  exit.o(.text)
    __user_libspace                          0x08000f15   Thumb Code     8  libspace.o(.text)
    __user_perproc_libspace                  0x08000f15   Thumb Code     0  libspace.o(.text)
    __user_perthread_libspace                0x08000f15   Thumb Code     0  libspace.o(.text)
    __rt_locale                              0x08000f1d   Thumb Code     8  rt_locale_intlibspace.o(.text)
    BCC_CheckSum                             0x08000f25   Thumb Code    30  gateway_protocol.o(i.BCC_CheckSum)
    BallastCommInit                          0x08000f81   Thumb Code    86  ballast_comm.o(i.BallastCommInit)
    BusFault_Handler                         0x08001161   Thumb Code     4  stm32f4xx_it.o(i.BusFault_Handler)
    DMA1_Stream4_IRQHandler                  0x08001165   Thumb Code    26  ballast_comm.o(i.DMA1_Stream4_IRQHandler)
    DMA2_Stream7_IRQHandler                  0x0800118d   Thumb Code    36  electric.o(i.DMA2_Stream7_IRQHandler)
    DMA_ClearFlag                            0x080011b9   Thumb Code    38  stm32f4xx_dma.o(i.DMA_ClearFlag)
    DMA_Cmd                                  0x080011ed   Thumb Code    22  stm32f4xx_dma.o(i.DMA_Cmd)
    DMA_DeInit                               0x08001205   Thumb Code   324  stm32f4xx_dma.o(i.DMA_DeInit)
    DMA_GetCmdStatus                         0x0800135d   Thumb Code    20  stm32f4xx_dma.o(i.DMA_GetCmdStatus)
    DMA_ITConfig                             0x08001371   Thumb Code    58  stm32f4xx_dma.o(i.DMA_ITConfig)
    DMA_Init                                 0x080013ad   Thumb Code    82  stm32f4xx_dma.o(i.DMA_Init)
    DMA_SetCurrDataCounter                   0x08001405   Thumb Code     4  stm32f4xx_dma.o(i.DMA_SetCurrDataCounter)
    DebugMon_Handler                         0x08001409   Thumb Code     2  stm32f4xx_it.o(i.DebugMon_Handler)
    ElectricInit                             0x08001459   Thumb Code    86  electric.o(i.ElectricInit)
    FSMC_NORSRAMCmd                          0x0800163d   Thumb Code    46  stm32f4xx_fsmc.o(i.FSMC_NORSRAMCmd)
    FSMC_NORSRAMInit                         0x08001671   Thumb Code   290  stm32f4xx_fsmc.o(i.FSMC_NORSRAMInit)
    FSMC_NOR_EraseSector                     0x08001799   Thumb Code    48  fsmc_nor.o(i.FSMC_NOR_EraseSector)
    FSMC_NOR_GetStatus                       0x080017d1   Thumb Code    76  fsmc_nor.o(i.FSMC_NOR_GetStatus)
    FSMC_NOR_Init                            0x0800181d   Thumb Code   650  fsmc_nor.o(i.FSMC_NOR_Init)
    FSMC_NOR_ReadBuffer                      0x08001ab9   Thumb Code    44  fsmc_nor.o(i.FSMC_NOR_ReadBuffer)
    FSMC_NOR_WriteBuffer                     0x08001aed   Thumb Code    38  fsmc_nor.o(i.FSMC_NOR_WriteBuffer)
    FSMC_NOR_WriteHalfWord                   0x08001b15   Thumb Code    38  fsmc_nor.o(i.FSMC_NOR_WriteHalfWord)
    GPIO_Init                                0x08001b45   Thumb Code   144  stm32f4xx_gpio.o(i.GPIO_Init)
    GPIO_PinAFConfig                         0x08001bd5   Thumb Code    70  stm32f4xx_gpio.o(i.GPIO_PinAFConfig)
    GPIO_ResetBits                           0x08001c1b   Thumb Code     4  stm32f4xx_gpio.o(i.GPIO_ResetBits)
    GPIO_SetBits                             0x08001c1f   Thumb Code     4  stm32f4xx_gpio.o(i.GPIO_SetBits)
    GSMInit                                  0x08001c25   Thumb Code    76  gsm.o(i.GSMInit)
    GsmDMA_TxBuff                            0x08001f65   Thumb Code    92  gsm.o(i.GsmDMA_TxBuff)
    GsmStartConnect                          0x0800202d   Thumb Code   284  gsm.o(i.GsmStartConnect)
    HandleGatewayParam                       0x080022e1   Thumb Code     2  gateway_protocol.o(i.HandleGatewayParam)
    HardFault_Handler                        0x080022e3   Thumb Code     4  stm32f4xx_it.o(i.HardFault_Handler)
    MemManage_Handler                        0x0800231d   Thumb Code     4  stm32f4xx_it.o(i.MemManage_Handler)
    NMI_Handler                              0x08002321   Thumb Code     2  stm32f4xx_it.o(i.NMI_Handler)
    NVIC_Init                                0x08002325   Thumb Code   106  misc.o(i.NVIC_Init)
    NVIC_PriorityGroupConfig                 0x0800239d   Thumb Code    10  misc.o(i.NVIC_PriorityGroupConfig)
    NorFlashInit                             0x080023b1   Thumb Code    24  norflash.o(i.NorFlashInit)
    NorFlashRead                             0x080023cd   Thumb Code    54  norflash.o(i.NorFlashRead)
    NorFlashWrite                            0x08002409   Thumb Code    86  norflash.o(i.NorFlashWrite)
    PWR_BackupAccessCmd                      0x080024a5   Thumb Code     6  stm32f4xx_pwr.o(i.PWR_BackupAccessCmd)
    RCC_AHB1PeriphClockCmd                   0x080024b1   Thumb Code    26  stm32f4xx_rcc.o(i.RCC_AHB1PeriphClockCmd)
    RCC_AHB3PeriphClockCmd                   0x080024d1   Thumb Code    26  stm32f4xx_rcc.o(i.RCC_AHB3PeriphClockCmd)
    RCC_APB1PeriphClockCmd                   0x080024f1   Thumb Code    26  stm32f4xx_rcc.o(i.RCC_APB1PeriphClockCmd)
    RCC_APB2PeriphClockCmd                   0x08002511   Thumb Code    26  stm32f4xx_rcc.o(i.RCC_APB2PeriphClockCmd)
    RCC_GetClocksFreq                        0x08002531   Thumb Code   214  stm32f4xx_rcc.o(i.RCC_GetClocksFreq)
    RCC_GetFlagStatus                        0x08002619   Thumb Code    60  stm32f4xx_rcc.o(i.RCC_GetFlagStatus)
    RCC_LSEConfig                            0x08002659   Thumb Code    40  stm32f4xx_rcc.o(i.RCC_LSEConfig)
    RCC_RTCCLKCmd                            0x08002685   Thumb Code     6  stm32f4xx_rcc.o(i.RCC_RTCCLKCmd)
    RCC_RTCCLKConfig                         0x08002691   Thumb Code    50  stm32f4xx_rcc.o(i.RCC_RTCCLKConfig)
    RTC_ClearFlag                            0x080026cd   Thumb Code    24  stm32f4xx_rtc.o(i.RTC_ClearFlag)
    RTC_ClearITPendingBit                    0x080026e9   Thumb Code    28  stm32f4xx_rtc.o(i.RTC_ClearITPendingBit)
    RTC_EnterInitMode                        0x08002709   Thumb Code    76  stm32f4xx_rtc.o(i.RTC_EnterInitMode)
    RTC_ExitInitMode                         0x08002759   Thumb Code    14  stm32f4xx_rtc.o(i.RTC_ExitInitMode)
    RTC_GetFlagStatus                        0x0800276d   Thumb Code    32  stm32f4xx_rtc.o(i.RTC_GetFlagStatus)
    RTC_ITConfig                             0x08002795   Thumb Code    94  stm32f4xx_rtc.o(i.RTC_ITConfig)
    RTC_Init                                 0x080027f9   Thumb Code    94  stm32f4xx_rtc.o(i.RTC_Init)
    RTC_ReadBackupRegister                   0x0800285d   Thumb Code    26  stm32f4xx_rtc.o(i.RTC_ReadBackupRegister)
    RTC_SetWakeUpCounter                     0x0800287d   Thumb Code    22  stm32f4xx_rtc.o(i.RTC_SetWakeUpCounter)
    RTC_Set_WakeUp                           0x08002899   Thumb Code    70  rtc.o(i.RTC_Set_WakeUp)
    RTC_WKUP_IRQHandler                      0x080028e5   Thumb Code    60  rtc.o(i.RTC_WKUP_IRQHandler)
    RTC_WakeUpClockConfig                    0x08002929   Thumb Code    42  stm32f4xx_rtc.o(i.RTC_WakeUpClockConfig)
    RTC_WakeUpCmd                            0x08002959   Thumb Code   116  stm32f4xx_rtc.o(i.RTC_WakeUpCmd)
    RTC_WriteBackupRegister                  0x080029d1   Thumb Code    24  stm32f4xx_rtc.o(i.RTC_WriteBackupRegister)
    RelinkTCP                                0x080029ed   Thumb Code    84  gsm.o(i.RelinkTCP)
    RtcInit                                  0x08002a91   Thumb Code   136  rtc.o(i.RtcInit)
    SendMsgToSim                             0x08002b1d   Thumb Code   138  gsm.o(i.SendMsgToSim)
    SimSendData                              0x08002f15   Thumb Code   202  gsm.o(i.SimSendData)
    SystemInit                               0x0800300d   Thumb Code    88  system_stm32f4xx.o(i.SystemInit)
    UART4_IRQHandler                         0x080032a1   Thumb Code   132  ballast_comm.o(i.UART4_IRQHandler)
    USART1_IRQHandler                        0x08003335   Thumb Code   132  electric.o(i.USART1_IRQHandler)
    USART3_IRQHandler                        0x080033c9   Thumb Code   336  gsm.o(i.USART3_IRQHandler)
    USART6_IRQHandler                        0x08003531   Thumb Code   164  sys_debug.o(i.USART6_IRQHandler)
    USART_Cmd                                0x080035e9   Thumb Code    24  stm32f4xx_usart.o(i.USART_Cmd)
    USART_DMACmd                             0x08003601   Thumb Code    18  stm32f4xx_usart.o(i.USART_DMACmd)
    USART_GetITStatus                        0x08003613   Thumb Code    84  stm32f4xx_usart.o(i.USART_GetITStatus)
    USART_ITConfig                           0x08003667   Thumb Code    74  stm32f4xx_usart.o(i.USART_ITConfig)
    USART_Init                               0x080036b1   Thumb Code   204  stm32f4xx_usart.o(i.USART_Init)
    USART_ReceiveData                        0x08003785   Thumb Code    10  stm32f4xx_usart.o(i.USART_ReceiveData)
    UartDebugHardwareInit                    0x080037e5   Thumb Code   214  uart_debug.o(i.UartDebugHardwareInit)
    UartDebugInit                            0x080038c5   Thumb Code    16  sys_debug.o(i.UartDebugInit)
    UsageFault_Handler                       0x080038d5   Thumb Code     4  stm32f4xx_it.o(i.UsageFault_Handler)
    _is_digit                                0x080038d9   Thumb Code    14  __printf_wp.o(i._is_digit)
    _sys_exit                                0x080038e7   Thumb Code     4  uart_debug.o(i._sys_exit)
    chr2hex                                  0x080038eb   Thumb Code    54  gateway_protocol.o(i.chr2hex)
    fputc                                    0x08003921   Thumb Code    24  uart_debug.o(i.fputc)
    hex2chr                                  0x0800393d   Thumb Code    34  gateway_protocol.o(i.hex2chr)
    main                                     0x0800395f   Thumb Code    42  main.o(i.main)
    printf_buff                              0x08003989   Thumb Code    80  sys_debug.o(i.printf_buff)
    printf_str                               0x080039ed   Thumb Code    66  sys_debug.o(i.printf_str)
    pvPortMalloc                             0x08003e09   Thumb Code   164  heap_2.o(i.pvPortMalloc)
    pvTaskIncrementMutexHeldCount            0x08003ec1   Thumb Code    26  tasks.o(i.pvTaskIncrementMutexHeldCount)
    pxPortInitialiseStack                    0x08003ee1   Thumb Code    34  port.o(i.pxPortInitialiseStack)
    uxListRemove                             0x08003f09   Thumb Code    40  list.o(i.uxListRemove)
    vListInitialise                          0x0800406d   Thumb Code    26  list.o(i.vListInitialise)
    vListInitialiseItem                      0x08004087   Thumb Code     6  list.o(i.vListInitialiseItem)
    vListInsert                              0x0800408d   Thumb Code    52  list.o(i.vListInsert)
    vListInsertEnd                           0x080040c1   Thumb Code    24  list.o(i.vListInsertEnd)
    vPortEnterCritical                       0x080040d9   Thumb Code    30  port.o(i.vPortEnterCritical)
    vPortExitCritical                        0x080040fd   Thumb Code    28  port.o(i.vPortExitCritical)
    vPortFree                                0x0800411d   Thumb Code    56  heap_2.o(i.vPortFree)
    vPortSetupTimerInterrupt                 0x0800415d   Thumb Code    14  port.o(i.vPortSetupTimerInterrupt)
    vTaskDelay                               0x08004171   Thumb Code    84  tasks.o(i.vTaskDelay)
    vTaskMissedYield                         0x080041d5   Thumb Code     8  tasks.o(i.vTaskMissedYield)
    vTaskPlaceOnEventList                    0x080041e1   Thumb Code    84  tasks.o(i.vTaskPlaceOnEventList)
    vTaskPriorityInherit                     0x08004245   Thumb Code   164  tasks.o(i.vTaskPriorityInherit)
    vTaskSetTimeOutState                     0x080042f5   Thumb Code    14  tasks.o(i.vTaskSetTimeOutState)
    vTaskStartScheduler                      0x0800430d   Thumb Code    74  tasks.o(i.vTaskStartScheduler)
    vTaskSuspendAll                          0x08004371   Thumb Code    12  tasks.o(i.vTaskSuspendAll)
    vTaskSwitchContext                       0x08004381   Thumb Code    76  tasks.o(i.vTaskSwitchContext)
    xPortStartScheduler                      0x08004421   Thumb Code    58  port.o(i.xPortStartScheduler)
    xPortSysTickHandler                      0x08004469   Thumb Code    48  port.o(i.xPortSysTickHandler)
    xQueueCreateMutex                        0x0800449d   Thumb Code    72  queue.o(i.xQueueCreateMutex)
    xQueueGenericCreate                      0x080044e5   Thumb Code    70  queue.o(i.xQueueGenericCreate)
    xQueueGenericReceive                     0x0800452d   Thumb Code   280  queue.o(i.xQueueGenericReceive)
    xQueueGenericReset                       0x08004649   Thumb Code   102  queue.o(i.xQueueGenericReset)
    xQueueGenericSend                        0x080046b1   Thumb Code   234  queue.o(i.xQueueGenericSend)
    xQueueGenericSendFromISR                 0x080047a1   Thumb Code   126  queue.o(i.xQueueGenericSendFromISR)
    xQueueGiveFromISR                        0x0800481f   Thumb Code   110  queue.o(i.xQueueGiveFromISR)
    xTaskCheckForTimeOut                     0x0800488d   Thumb Code    84  tasks.o(i.xTaskCheckForTimeOut)
    xTaskGenericCreate                       0x080048e9   Thumb Code   216  tasks.o(i.xTaskGenericCreate)
    xTaskGetTickCount                        0x080049d9   Thumb Code     6  tasks.o(i.xTaskGetTickCount)
    xTaskIncrementTick                       0x080049e5   Thumb Code   198  tasks.o(i.xTaskIncrementTick)
    xTaskPriorityDisinherit                  0x08004ad1   Thumb Code   122  tasks.o(i.xTaskPriorityDisinherit)
    xTaskRemoveFromEventList                 0x08004b55   Thumb Code   104  tasks.o(i.xTaskRemoveFromEventList)
    xTaskResumeAll                           0x08004bd5   Thumb Code   176  tasks.o(i.xTaskResumeAll)
    _get_lc_ctype                            0x08004ca5   Thumb Code    44  lc_ctype_c.o(locale$$code)
    _fp_init                                 0x08004cd1   Thumb Code    10  fpinit.o(x$fpl$fpinit)
    __fplib_config_fpu_vfp                   0x08004cd9   Thumb Code     0  fpinit.o(x$fpl$fpinit)
    __fplib_config_pureend_doubles           0x08004cd9   Thumb Code     0  fpinit.o(x$fpl$fpinit)
    Region$$Table$$Base                      0x08004e24   Number         0  anon$$obj.o(Region$$Table)
    Region$$Table$$Limit                     0x08004e44   Number         0  anon$$obj.o(Region$$Table)
    __ctype                                  0x08004e51   Data           0  lc_ctype_c.o(locale$$data)
    ballastComm1Tx_semaphore                 0x20000010   Data           4  ballast_comm.o(.data)
    EleTx_semaphore                          0x20000018   Data           4  electric.o(.data)
    GsmTx_semaphore                          0x20000020   Data           4  gsm.o(.data)
    GPRS_ConnectState                        0x2000002c   Data           1  gsm.o(.data)
    FrameType_Flag                           0x2000002d   Data           1  gsm.o(.data)
    DebugMode                                0x20000038   Data           1  sys_debug.o(.data)
    TestMode                                 0x2000003c   Data           4  sys_debug.o(.data)
    TestModeFlag                             0x20000040   Data           1  sys_debug.o(.data)
    pxCurrentTCB                             0x20000060   Data           4  tasks.o(.data)
    NVIC_InitStructure                       0x2000009c   Data           4  rtc.o(.data)
    __stdout                                 0x200000a4   Data           4  uart_debug.o(.data)
    BallastComm1RxData                       0x200000a8   Data         102  ballast_comm.o(.bss)
    BallastComm1TxData                       0x2000010e   Data         102  ballast_comm.o(.bss)
    EleTxData                                0x20000174   Data         102  electric.o(.bss)
    EleRxData                                0x200001da   Data         102  electric.o(.bss)
    WG_ServerParameter                       0x20000240   Data          22  gsm.o(.bss)
    ManagementAddr                           0x20000256   Data          10  gsm.o(.bss)
    GsmTxData                                0x20000260   Data         202  gsm.o(.bss)
    GsmRxData                                0x2000032a   Data         202  gsm.o(.bss)
    DebugRxData                              0x200003f4   Data          52  sys_debug.o(.bss)
    __libspace_start                         0x200194f0   Data          96  libspace.o(.bss)
    __temporary_stack_top$libspace           0x20019550   Data           0  libspace.o(.bss)



==============================================================================

Memory Map of the image

  Image Entry point : 0x08000189

  Load Region LR_IROM1 (Base: 0x08000000, Size: 0x00004ffc, Max: 0x00100000, ABSOLUTE)

    Execution Region ER_IROM1 (Base: 0x08000000, Size: 0x00004f54, Max: 0x00100000, ABSOLUTE)

    Base Addr    Size         Type   Attr      Idx    E Section Name        Object

    0x08000000   0x00000188   Data   RO            3    RESET               startup_stm32f40_41xxx.o
    0x08000188   0x00000008   Code   RO         3506  * !!!main             c_w.l(__main.o)
    0x08000190   0x00000034   Code   RO         3697    !!!scatter          c_w.l(__scatter.o)
    0x080001c4   0x0000001a   Code   RO         3699    !!handler_copy      c_w.l(__scatter_copy.o)
    0x080001de   0x00000002   PAD
    0x080001e0   0x0000001c   Code   RO         3701    !!handler_zi        c_w.l(__scatter_zi.o)
    0x080001fc   0x00000000   Code   RO         3483    .ARM.Collect$$_printf_percent$$00000000  c_w.l(_printf_percent.o)
    0x080001fc   0x00000006   Code   RO         3482    .ARM.Collect$$_printf_percent$$00000014  c_w.l(_printf_s.o)
    0x08000202   0x00000004   Code   RO         3519    .ARM.Collect$$_printf_percent$$00000017  c_w.l(_printf_percent_end.o)
    0x08000206   0x00000002   Code   RO         3564    .ARM.Collect$$libinit$$00000000  c_w.l(libinit.o)
    0x08000208   0x00000004   Code   RO         3578    .ARM.Collect$$libinit$$00000001  c_w.l(libinit2.o)
    0x0800020c   0x00000000   Code   RO         3581    .ARM.Collect$$libinit$$00000004  c_w.l(libinit2.o)
    0x0800020c   0x00000000   Code   RO         3584    .ARM.Collect$$libinit$$0000000A  c_w.l(libinit2.o)
    0x0800020c   0x00000000   Code   RO         3586    .ARM.Collect$$libinit$$0000000C  c_w.l(libinit2.o)
    0x0800020c   0x00000000   Code   RO         3588    .ARM.Collect$$libinit$$0000000E  c_w.l(libinit2.o)
    0x0800020c   0x00000006   Code   RO         3589    .ARM.Collect$$libinit$$0000000F  c_w.l(libinit2.o)
    0x08000212   0x00000000   Code   RO         3591    .ARM.Collect$$libinit$$00000011  c_w.l(libinit2.o)
    0x08000212   0x0000000c   Code   RO         3592    .ARM.Collect$$libinit$$00000012  c_w.l(libinit2.o)
    0x0800021e   0x00000000   Code   RO         3593    .ARM.Collect$$libinit$$00000013  c_w.l(libinit2.o)
    0x0800021e   0x00000000   Code   RO         3595    .ARM.Collect$$libinit$$00000015  c_w.l(libinit2.o)
    0x0800021e   0x00000000   Code   RO         3597    .ARM.Collect$$libinit$$00000017  c_w.l(libinit2.o)
    0x0800021e   0x00000000   Code   RO         3599    .ARM.Collect$$libinit$$00000019  c_w.l(libinit2.o)
    0x0800021e   0x00000000   Code   RO         3601    .ARM.Collect$$libinit$$0000001B  c_w.l(libinit2.o)
    0x0800021e   0x00000000   Code   RO         3603    .ARM.Collect$$libinit$$0000001D  c_w.l(libinit2.o)
    0x0800021e   0x00000000   Code   RO         3605    .ARM.Collect$$libinit$$0000001F  c_w.l(libinit2.o)
    0x0800021e   0x00000000   Code   RO         3607    .ARM.Collect$$libinit$$00000021  c_w.l(libinit2.o)
    0x0800021e   0x00000000   Code   RO         3609    .ARM.Collect$$libinit$$00000023  c_w.l(libinit2.o)
    0x0800021e   0x00000000   Code   RO         3611    .ARM.Collect$$libinit$$00000025  c_w.l(libinit2.o)
    0x0800021e   0x00000000   Code   RO         3615    .ARM.Collect$$libinit$$0000002C  c_w.l(libinit2.o)
    0x0800021e   0x00000000   Code   RO         3617    .ARM.Collect$$libinit$$0000002E  c_w.l(libinit2.o)
    0x0800021e   0x00000000   Code   RO         3619    .ARM.Collect$$libinit$$00000030  c_w.l(libinit2.o)
    0x0800021e   0x00000000   Code   RO         3621    .ARM.Collect$$libinit$$00000032  c_w.l(libinit2.o)
    0x0800021e   0x00000002   Code   RO         3622    .ARM.Collect$$libinit$$00000033  c_w.l(libinit2.o)
    0x08000220   0x00000002   Code   RO         3640    .ARM.Collect$$libshutdown$$00000000  c_w.l(libshutdown.o)
    0x08000222   0x00000000   Code   RO         3651    .ARM.Collect$$libshutdown$$00000003  c_w.l(libshutdown2.o)
    0x08000222   0x00000000   Code   RO         3654    .ARM.Collect$$libshutdown$$00000006  c_w.l(libshutdown2.o)
    0x08000222   0x00000000   Code   RO         3657    .ARM.Collect$$libshutdown$$00000009  c_w.l(libshutdown2.o)
    0x08000222   0x00000000   Code   RO         3659    .ARM.Collect$$libshutdown$$0000000B  c_w.l(libshutdown2.o)
    0x08000222   0x00000000   Code   RO         3662    .ARM.Collect$$libshutdown$$0000000E  c_w.l(libshutdown2.o)
    0x08000222   0x00000002   Code   RO         3663    .ARM.Collect$$libshutdown$$0000000F  c_w.l(libshutdown2.o)
    0x08000224   0x00000000   Code   RO         3510    .ARM.Collect$$rtentry$$00000000  c_w.l(__rtentry.o)
    0x08000224   0x00000000   Code   RO         3529    .ARM.Collect$$rtentry$$00000002  c_w.l(__rtentry2.o)
    0x08000224   0x00000006   Code   RO         3541    .ARM.Collect$$rtentry$$00000004  c_w.l(__rtentry4.o)
    0x0800022a   0x00000000   Code   RO         3531    .ARM.Collect$$rtentry$$00000009  c_w.l(__rtentry2.o)
    0x0800022a   0x00000004   Code   RO         3532    .ARM.Collect$$rtentry$$0000000A  c_w.l(__rtentry2.o)
    0x0800022e   0x00000000   Code   RO         3534    .ARM.Collect$$rtentry$$0000000C  c_w.l(__rtentry2.o)
    0x0800022e   0x00000008   Code   RO         3535    .ARM.Collect$$rtentry$$0000000D  c_w.l(__rtentry2.o)
    0x08000236   0x00000002   Code   RO         3568    .ARM.Collect$$rtexit$$00000000  c_w.l(rtexit.o)
    0x08000238   0x00000000   Code   RO         3624    .ARM.Collect$$rtexit$$00000002  c_w.l(rtexit2.o)
    0x08000238   0x00000004   Code   RO         3625    .ARM.Collect$$rtexit$$00000003  c_w.l(rtexit2.o)
    0x0800023c   0x00000006   Code   RO         3626    .ARM.Collect$$rtexit$$00000004  c_w.l(rtexit2.o)
    0x08000242   0x00000002   PAD
    0x08000244   0x000000b6   Code   RO         2657    .emb_text           port.o
    0x080002fa   0x00000002   PAD
    0x080002fc   0x00000040   Code   RO            4    .text               startup_stm32f40_41xxx.o
    0x0800033c   0x00000002   Code   RO         3448    .text               c_w.l(use_no_semi_2.o)
    0x0800033e   0x00000002   PAD
    0x08000340   0x00000018   Code   RO         3454    .text               c_w.l(noretval__2printf.o)
    0x08000358   0x00000028   Code   RO         3456    .text               c_w.l(noretval__2sprintf.o)
    0x08000380   0x00000052   Code   RO         3460    .text               c_w.l(_printf_str.o)
    0x080003d2   0x0000010e   Code   RO         3470    .text               c_w.l(__printf_wp.o)
    0x080004e0   0x0000003c   Code   RO         3484    .text               c_w.l(__0sscanf.o)
    0x0800051c   0x0000014c   Code   RO         3486    .text               c_w.l(_scanf_int.o)
    0x08000668   0x000000e0   Code   RO         3488    .text               c_w.l(_scanf_str.o)
    0x08000748   0x00000024   Code   RO         3490    .text               c_w.l(strstr.o)
    0x0800076c   0x0000003e   Code   RO         3492    .text               c_w.l(strlen.o)
    0x080007aa   0x0000008a   Code   RO         3494    .text               c_w.l(rt_memcpy_v6.o)
    0x08000834   0x00000044   Code   RO         3496    .text               c_w.l(rt_memclr.o)
    0x08000878   0x0000004e   Code   RO         3498    .text               c_w.l(rt_memclr_w.o)
    0x080008c6   0x00000056   Code   RO         3500    .text               c_w.l(strncpy.o)
    0x0800091c   0x00000080   Code   RO         3502    .text               c_w.l(strcmpv7m.o)
    0x0800099c   0x00000006   Code   RO         3504    .text               c_w.l(heapauxi.o)
    0x080009a2   0x00000002   Code   RO         3508    .text               c_w.l(use_no_semi.o)
    0x080009a4   0x00000030   Code   RO         3511    .text               c_w.l(_printf_char_common.o)
    0x080009d4   0x0000000a   Code   RO         3513    .text               c_w.l(_sputc.o)
    0x080009de   0x0000002c   Code   RO         3515    .text               c_w.l(_printf_char.o)
    0x08000a0a   0x00000002   PAD
    0x08000a0c   0x00000024   Code   RO         3517    .text               c_w.l(_printf_char_file.o)
    0x08000a30   0x0000001c   Code   RO         3520    .text               c_w.l(_chval.o)
    0x08000a4c   0x0000002c   Code   RO         3522    .text               c_w.l(scanf_char.o)
    0x08000a78   0x00000040   Code   RO         3524    .text               c_w.l(_sgetc.o)
    0x08000ab8   0x00000064   Code   RO         3526    .text               c_w.l(rt_memcpy_w.o)
    0x08000b1c   0x00000012   Code   RO         3543    .text               c_w.l(isspace.o)
    0x08000b2e   0x00000002   PAD
    0x08000b30   0x00000374   Code   RO         3547    .text               c_w.l(_scanf.o)
    0x08000ea4   0x00000008   Code   RO         3549    .text               c_w.l(ferror.o)
    0x08000eac   0x0000004a   Code   RO         3553    .text               c_w.l(sys_stackheap_outer.o)
    0x08000ef6   0x00000002   PAD
    0x08000ef8   0x00000010   Code   RO         3555    .text               c_w.l(rt_ctype_table.o)
    0x08000f08   0x0000000c   Code   RO         3557    .text               c_w.l(exit.o)
    0x08000f14   0x00000008   Code   RO         3565    .text               c_w.l(libspace.o)
    0x08000f1c   0x00000008   Code   RO         3573    .text               c_w.l(rt_locale_intlibspace.o)
    0x08000f24   0x0000001e   Code   RO         2600    i.BCC_CheckSum      gateway_protocol.o
    0x08000f42   0x0000000c   Code   RO         2105    i.BallastComm1InitHardware  ballast_comm.o
    0x08000f4e   0x00000002   PAD
    0x08000f50   0x00000030   Code   RO         2106    i.BallastComm1RxTxDataInit  ballast_comm.o
    0x08000f80   0x00000078   Code   RO         2107    i.BallastCommInit   ballast_comm.o
    0x08000ff8   0x00000014   Code   RO         2108    i.BallastRxDataClear  ballast_comm.o
    0x0800100c   0x000000b0   Code   RO         2109    i.BallastUartInit   ballast_comm.o
    0x080010bc   0x000000a4   Code   RO         2110    i.Ballast_TX_DMA_Init  ballast_comm.o
    0x08001160   0x00000004   Code   RO           13    i.BusFault_Handler  stm32f4xx_it.o
    0x08001164   0x00000028   Code   RO         2111    i.DMA1_Stream4_IRQHandler  ballast_comm.o
    0x0800118c   0x0000002c   Code   RO         2209    i.DMA2_Stream7_IRQHandler  electric.o
    0x080011b8   0x00000034   Code   RO         1929    i.DMA_ClearFlag     stm32f4xx_dma.o
    0x080011ec   0x00000016   Code   RO         1931    i.DMA_Cmd           stm32f4xx_dma.o
    0x08001202   0x00000002   PAD
    0x08001204   0x00000158   Code   RO         1932    i.DMA_DeInit        stm32f4xx_dma.o
    0x0800135c   0x00000014   Code   RO         1936    i.DMA_GetCmdStatus  stm32f4xx_dma.o
    0x08001370   0x0000003a   Code   RO         1942    i.DMA_ITConfig      stm32f4xx_dma.o
    0x080013aa   0x00000002   PAD
    0x080013ac   0x00000058   Code   RO         1943    i.DMA_Init          stm32f4xx_dma.o
    0x08001404   0x00000004   Code   RO         1946    i.DMA_SetCurrDataCounter  stm32f4xx_dma.o
    0x08001408   0x00000002   Code   RO           14    i.DebugMon_Handler  stm32f4xx_it.o
    0x0800140a   0x00000002   PAD
    0x0800140c   0x0000001c   Code   RO         2513    i.DebugRxDataInit   sys_debug.o
    0x08001428   0x00000030   Code   RO         2211    i.EleRxTxDataInit   electric.o
    0x08001458   0x00000070   Code   RO         2212    i.ElectricInit      electric.o
    0x080014c8   0x00000014   Code   RO         2213    i.ElectricRxDataClear  electric.o
    0x080014dc   0x000000b0   Code   RO         2214    i.ElectricUartInit  electric.o
    0x0800158c   0x000000a4   Code   RO         2215    i.Electric_TX_DMA_Init  electric.o
    0x08001630   0x0000000c   Code   RO         2216    i.ElectrolHardwareInit  electric.o
    0x0800163c   0x00000034   Code   RO         1441    i.FSMC_NORSRAMCmd   stm32f4xx_fsmc.o
    0x08001670   0x00000128   Code   RO         1443    i.FSMC_NORSRAMInit  stm32f4xx_fsmc.o
    0x08001798   0x00000038   Code   RO         3268    i.FSMC_NOR_EraseSector  fsmc_nor.o
    0x080017d0   0x0000004c   Code   RO         3269    i.FSMC_NOR_GetStatus  fsmc_nor.o
    0x0800181c   0x0000029c   Code   RO         3270    i.FSMC_NOR_Init     fsmc_nor.o
    0x08001ab8   0x00000034   Code   RO         3271    i.FSMC_NOR_ReadBuffer  fsmc_nor.o
    0x08001aec   0x00000026   Code   RO         3276    i.FSMC_NOR_WriteBuffer  fsmc_nor.o
    0x08001b12   0x00000002   PAD
    0x08001b14   0x00000030   Code   RO         3277    i.FSMC_NOR_WriteHalfWord  fsmc_nor.o
    0x08001b44   0x00000090   Code   RO          415    i.GPIO_Init         stm32f4xx_gpio.o
    0x08001bd4   0x00000046   Code   RO          416    i.GPIO_PinAFConfig  stm32f4xx_gpio.o
    0x08001c1a   0x00000004   Code   RO          422    i.GPIO_ResetBits    stm32f4xx_gpio.o
    0x08001c1e   0x00000004   Code   RO          423    i.GPIO_SetBits      stm32f4xx_gpio.o
    0x08001c22   0x00000002   PAD
    0x08001c24   0x00000064   Code   RO         2302    i.GSMInit           gsm.o
    0x08001c88   0x00000010   Code   RO         2303    i.GSMInitHardware   gsm.o
    0x08001c98   0x00000034   Code   RO         2304    i.GSM_CtrlPinInit   gsm.o
    0x08001ccc   0x00000094   Code   RO         2305    i.GSM_ModuleStart   gsm.o
    0x08001d60   0x0000007c   Code   RO         2306    i.GSM_TX_DMA_Init   gsm.o
    0x08001ddc   0x000000b0   Code   RO         2307    i.GSM_USART_Init    gsm.o
    0x08001e8c   0x000000d8   Code   RO         2514    i.GatewaySetDebug   sys_debug.o
    0x08001f64   0x00000068   Code   RO         2308    i.GsmDMA_TxBuff     gsm.o
    0x08001fcc   0x00000014   Code   RO         2309    i.GsmRxDataClear    gsm.o
    0x08001fe0   0x0000001a   Code   RO         2310    i.GsmRxDataInput    gsm.o
    0x08001ffa   0x00000002   PAD
    0x08001ffc   0x00000030   Code   RO         2311    i.GsmRxTxDataInit   gsm.o
    0x0800202c   0x000002b4   Code   RO         2312    i.GsmStartConnect   gsm.o
    0x080022e0   0x00000002   Code   RO         2601    i.HandleGatewayParam  gateway_protocol.o
    0x080022e2   0x00000004   Code   RO           15    i.HardFault_Handler  stm32f4xx_it.o
    0x080022e6   0x00000002   PAD
    0x080022e8   0x00000034   Code   RO         2313    i.HeartRemainTCPConnect  gsm.o
    0x0800231c   0x00000004   Code   RO           16    i.MemManage_Handler  stm32f4xx_it.o
    0x08002320   0x00000002   Code   RO           17    i.NMI_Handler       stm32f4xx_it.o
    0x08002322   0x00000002   PAD
    0x08002324   0x00000078   Code   RO          216    i.NVIC_Init         misc.o
    0x0800239c   0x00000014   Code   RO          217    i.NVIC_PriorityGroupConfig  misc.o
    0x080023b0   0x0000001c   Code   RO         3358    i.NorFlashInit      norflash.o
    0x080023cc   0x0000003c   Code   RO         3359    i.NorFlashRead      norflash.o
    0x08002408   0x0000009c   Code   RO         3360    i.NorFlashWrite     norflash.o
    0x080024a4   0x0000000c   Code   RO          519    i.PWR_BackupAccessCmd  stm32f4xx_pwr.o
    0x080024b0   0x00000020   Code   RO          633    i.RCC_AHB1PeriphClockCmd  stm32f4xx_rcc.o
    0x080024d0   0x00000020   Code   RO          639    i.RCC_AHB3PeriphClockCmd  stm32f4xx_rcc.o
    0x080024f0   0x00000020   Code   RO          642    i.RCC_APB1PeriphClockCmd  stm32f4xx_rcc.o
    0x08002510   0x00000020   Code   RO          645    i.RCC_APB2PeriphClockCmd  stm32f4xx_rcc.o
    0x08002530   0x000000e8   Code   RO          654    i.RCC_GetClocksFreq  stm32f4xx_rcc.o
    0x08002618   0x00000040   Code   RO          655    i.RCC_GetFlagStatus  stm32f4xx_rcc.o
    0x08002658   0x0000002c   Code   RO          663    i.RCC_LSEConfig     stm32f4xx_rcc.o
    0x08002684   0x0000000c   Code   RO          677    i.RCC_RTCCLKCmd     stm32f4xx_rcc.o
    0x08002690   0x0000003c   Code   RO          678    i.RCC_RTCCLKConfig  stm32f4xx_rcc.o
    0x080026cc   0x0000001c   Code   RO         1576    i.RTC_ClearFlag     stm32f4xx_rtc.o
    0x080026e8   0x00000020   Code   RO         1577    i.RTC_ClearITPendingBit  stm32f4xx_rtc.o
    0x08002708   0x00000050   Code   RO         1583    i.RTC_EnterInitMode  stm32f4xx_rtc.o
    0x08002758   0x00000014   Code   RO         1584    i.RTC_ExitInitMode  stm32f4xx_rtc.o
    0x0800276c   0x00000028   Code   RO         1588    i.RTC_GetFlagStatus  stm32f4xx_rtc.o
    0x08002794   0x00000064   Code   RO         1596    i.RTC_ITConfig      stm32f4xx_rtc.o
    0x080027f8   0x00000064   Code   RO         1597    i.RTC_Init          stm32f4xx_rtc.o
    0x0800285c   0x00000020   Code   RO         1600    i.RTC_ReadBackupRegister  stm32f4xx_rtc.o
    0x0800287c   0x0000001c   Code   RO         1605    i.RTC_SetWakeUpCounter  stm32f4xx_rtc.o
    0x08002898   0x0000004c   Code   RO         3227    i.RTC_Set_WakeUp    rtc.o
    0x080028e4   0x00000044   Code   RO         3228    i.RTC_WKUP_IRQHandler  rtc.o
    0x08002928   0x00000030   Code   RO         1621    i.RTC_WakeUpClockConfig  stm32f4xx_rtc.o
    0x08002958   0x00000078   Code   RO         1622    i.RTC_WakeUpCmd     stm32f4xx_rtc.o
    0x080029d0   0x0000001c   Code   RO         1623    i.RTC_WriteBackupRegister  stm32f4xx_rtc.o
    0x080029ec   0x000000a4   Code   RO         2314    i.RelinkTCP         gsm.o
    0x08002a90   0x0000008c   Code   RO         3229    i.RtcInit           rtc.o
    0x08002b1c   0x00000094   Code   RO         2315    i.SendMsgToSim      gsm.o
    0x08002bb0   0x000001a8   Code   RO         2515    i.SetSeriveIPPort   sys_debug.o
    0x08002d58   0x000000ec   Code   RO          175    i.SetSysClock       system_stm32f4xx.o
    0x08002e44   0x000000d0   Code   RO         2516    i.SetWGAddr         sys_debug.o
    0x08002f14   0x000000f8   Code   RO         2316    i.SimSendData       gsm.o
    0x0800300c   0x00000068   Code   RO          177    i.SystemInit        system_stm32f4xx.o
    0x08003074   0x00000002   Code   RO         2517    i.TaskPrintfDebug   sys_debug.o
    0x08003076   0x00000002   PAD
    0x08003078   0x00000228   Code   RO         2518    i.TestModeMain      sys_debug.o
    0x080032a0   0x00000094   Code   RO         2112    i.UART4_IRQHandler  ballast_comm.o
    0x08003334   0x00000094   Code   RO         2217    i.USART1_IRQHandler  electric.o
    0x080033c8   0x00000168   Code   RO         2317    i.USART3_IRQHandler  gsm.o
    0x08003530   0x000000b8   Code   RO         2519    i.USART6_IRQHandler  sys_debug.o
    0x080035e8   0x00000018   Code   RO          978    i.USART_Cmd         stm32f4xx_usart.o
    0x08003600   0x00000012   Code   RO          979    i.USART_DMACmd      stm32f4xx_usart.o
    0x08003612   0x00000054   Code   RO          982    i.USART_GetITStatus  stm32f4xx_usart.o
    0x08003666   0x0000004a   Code   RO          984    i.USART_ITConfig    stm32f4xx_usart.o
    0x080036b0   0x000000d4   Code   RO          985    i.USART_Init        stm32f4xx_usart.o
    0x08003784   0x0000000a   Code   RO          992    i.USART_ReceiveData  stm32f4xx_usart.o
    0x0800378e   0x00000002   PAD
    0x08003790   0x00000054   Code   RO         2520    i.UartDebugCreateTask  sys_debug.o
    0x080037e4   0x000000e0   Code   RO         3406    i.UartDebugHardwareInit  uart_debug.o
    0x080038c4   0x00000010   Code   RO         2521    i.UartDebugInit     sys_debug.o
    0x080038d4   0x00000004   Code   RO           18    i.UsageFault_Handler  stm32f4xx_it.o
    0x080038d8   0x0000000e   Code   RO         3472    i._is_digit         c_w.l(__printf_wp.o)
    0x080038e6   0x00000004   Code   RO         3407    i._sys_exit         uart_debug.o
    0x080038ea   0x00000036   Code   RO         2602    i.chr2hex           gateway_protocol.o
    0x08003920   0x0000001c   Code   RO         3408    i.fputc             uart_debug.o
    0x0800393c   0x00000022   Code   RO         2603    i.hex2chr           gateway_protocol.o
    0x0800395e   0x0000002a   Code   RO         2460    i.main              main.o
    0x08003988   0x00000064   Code   RO         2522    i.printf_buff       sys_debug.o
    0x080039ec   0x00000050   Code   RO         2523    i.printf_str        sys_debug.o
    0x08003a3c   0x00000054   Code   RO         2941    i.prvAddCurrentTaskToDelayedList  tasks.o
    0x08003a90   0x00000036   Code   RO         2942    i.prvAllocateTCBAndStack  tasks.o
    0x08003ac6   0x00000002   PAD
    0x08003ac8   0x00000064   Code   RO         2943    i.prvCheckTasksWaitingTermination  tasks.o
    0x08003b2c   0x0000002a   Code   RO         2808    i.prvCopyDataFromQueue  queue.o
    0x08003b56   0x00000080   Code   RO         2809    i.prvCopyDataToQueue  queue.o
    0x08003bd6   0x00000012   Code   RO         2944    i.prvDeleteTCB      tasks.o
    0x08003be8   0x00000038   Code   RO         2725    i.prvHeapInit       heap_2.o
    0x08003c20   0x0000001c   Code   RO         2945    i.prvIdleTask       tasks.o
    0x08003c3c   0x00000062   Code   RO         2946    i.prvInitialiseTCBVariables  tasks.o
    0x08003c9e   0x00000002   PAD
    0x08003ca0   0x00000068   Code   RO         2947    i.prvInitialiseTaskLists  tasks.o
    0x08003d08   0x0000001a   Code   RO         2810    i.prvIsQueueEmpty   queue.o
    0x08003d22   0x0000001e   Code   RO         2811    i.prvIsQueueFull    queue.o
    0x08003d40   0x00000034   Code   RO         2948    i.prvResetNextTaskUnblockTime  tasks.o
    0x08003d74   0x00000016   Code   RO         2658    i.prvTaskExitError  port.o
    0x08003d8a   0x0000007e   Code   RO         2812    i.prvUnlockQueue    queue.o
    0x08003e08   0x000000b8   Code   RO         2726    i.pvPortMalloc      heap_2.o
    0x08003ec0   0x00000020   Code   RO         2950    i.pvTaskIncrementMutexHeldCount  tasks.o
    0x08003ee0   0x00000028   Code   RO         2659    i.pxPortInitialiseStack  port.o
    0x08003f08   0x00000028   Code   RO         2772    i.uxListRemove      list.o
    0x08003f30   0x00000058   Code   RO         2113    i.vBallastComm1Task  ballast_comm.o
    0x08003f88   0x00000058   Code   RO         2218    i.vElectTask        electric.o
    0x08003fe0   0x0000008c   Code   RO         2318    i.vGSMTask          gsm.o
    0x0800406c   0x0000001a   Code   RO         2773    i.vListInitialise   list.o
    0x08004086   0x00000006   Code   RO         2774    i.vListInitialiseItem  list.o
    0x0800408c   0x00000034   Code   RO         2775    i.vListInsert       list.o
    0x080040c0   0x00000018   Code   RO         2776    i.vListInsertEnd    list.o
    0x080040d8   0x00000024   Code   RO         2661    i.vPortEnterCritical  port.o
    0x080040fc   0x00000020   Code   RO         2662    i.vPortExitCritical  port.o
    0x0800411c   0x00000040   Code   RO         2727    i.vPortFree         heap_2.o
    0x0800415c   0x00000014   Code   RO         2663    i.vPortSetupTimerInterrupt  port.o
    0x08004170   0x00000064   Code   RO         2956    i.vTaskDelay        tasks.o
    0x080041d4   0x0000000c   Code   RO         2960    i.vTaskMissedYield  tasks.o
    0x080041e0   0x00000064   Code   RO         2962    i.vTaskPlaceOnEventList  tasks.o
    0x08004244   0x000000b0   Code   RO         2964    i.vTaskPriorityInherit  tasks.o
    0x080042f4   0x00000018   Code   RO         2967    i.vTaskSetTimeOutState  tasks.o
    0x0800430c   0x00000064   Code   RO         2968    i.vTaskStartScheduler  tasks.o
    0x08004370   0x00000010   Code   RO         2970    i.vTaskSuspendAll   tasks.o
    0x08004380   0x00000060   Code   RO         2971    i.vTaskSwitchContext  tasks.o
    0x080043e0   0x00000040   Code   RO         2524    i.vUartDebugTask    sys_debug.o
    0x08004420   0x00000048   Code   RO         2664    i.xPortStartScheduler  port.o
    0x08004468   0x00000034   Code   RO         2665    i.xPortSysTickHandler  port.o
    0x0800449c   0x00000048   Code   RO         2817    i.xQueueCreateMutex  queue.o
    0x080044e4   0x00000046   Code   RO         2818    i.xQueueGenericCreate  queue.o
    0x0800452a   0x00000002   PAD
    0x0800452c   0x0000011c   Code   RO         2819    i.xQueueGenericReceive  queue.o
    0x08004648   0x00000066   Code   RO         2820    i.xQueueGenericReset  queue.o
    0x080046ae   0x00000002   PAD
    0x080046b0   0x000000f0   Code   RO         2821    i.xQueueGenericSend  queue.o
    0x080047a0   0x0000007e   Code   RO         2822    i.xQueueGenericSendFromISR  queue.o
    0x0800481e   0x0000006e   Code   RO         2823    i.xQueueGiveFromISR  queue.o
    0x0800488c   0x0000005c   Code   RO         2972    i.xTaskCheckForTimeOut  tasks.o
    0x080048e8   0x000000f0   Code   RO         2973    i.xTaskGenericCreate  tasks.o
    0x080049d8   0x0000000c   Code   RO         2977    i.xTaskGetTickCount  tasks.o
    0x080049e4   0x000000ec   Code   RO         2979    i.xTaskIncrementTick  tasks.o
    0x08004ad0   0x00000084   Code   RO         2982    i.xTaskPriorityDisinherit  tasks.o
    0x08004b54   0x00000080   Code   RO         2983    i.xTaskRemoveFromEventList  tasks.o
    0x08004bd4   0x000000d0   Code   RO         2985    i.xTaskResumeAll    tasks.o
    0x08004ca4   0x0000002c   Code   RO         3576    locale$$code        c_w.l(lc_ctype_c.o)
    0x08004cd0   0x0000000a   Code   RO         3632    x$fpl$fpinit        fz_wm.l(fpinit.o)
    0x08004cda   0x00000002   PAD
    0x08004cdc   0x00000008   Data   RO         2115    .constdata          ballast_comm.o
    0x08004ce4   0x00000008   Data   RO         2220    .constdata          electric.o
    0x08004cec   0x00000008   Data   RO         2320    .constdata          gsm.o
    0x08004cf4   0x0000012f   Data   RO         2526    .conststring        sys_debug.o
    0x08004e23   0x00000001   PAD
    0x08004e24   0x00000020   Data   RO         3695    Region$$Table       anon$$obj.o
    0x08004e44   0x00000110   Data   RO         3575    locale$$data        c_w.l(lc_ctype_c.o)


    Execution Region RW_IRAM1 (Base: 0x20000000, Size: 0x00019b50, Max: 0x00020000, ABSOLUTE)

    Base Addr    Size         Type   Attr      Idx    E Section Name        Object

    0x20000000   0x00000010   Data   RW          686    .data               stm32f4xx_rcc.o
    0x20000010   0x00000008   Data   RW         2116    .data               ballast_comm.o
    0x20000018   0x00000008   Data   RW         2221    .data               electric.o
    0x20000020   0x0000000e   Data   RW         2321    .data               gsm.o
    0x2000002e   0x00000002   PAD
    0x20000030   0x00000011   Data   RW         2527    .data               sys_debug.o
    0x20000041   0x00000003   PAD
    0x20000044   0x00000004   Data   RW         2666    .data               port.o
    0x20000048   0x00000018   Data   RW         2731    .data               heap_2.o
    0x20000060   0x00000038   Data   RW         2988    .data               tasks.o
    0x20000098   0x00000008   Data   RW         3230    .data               rtc.o
    0x200000a0   0x00000004   Data   RW         3361    .data               norflash.o
    0x200000a4   0x00000004   Data   RW         3409    .data               uart_debug.o
    0x200000a8   0x000000cc   Zero   RW         2114    .bss                ballast_comm.o
    0x20000174   0x000000cc   Zero   RW         2219    .bss                electric.o
    0x20000240   0x000001b4   Zero   RW         2319    .bss                gsm.o
    0x200003f4   0x00000034   Zero   RW         2525    .bss                sys_debug.o
    0x20000428   0x00019000   Zero   RW         2730    .bss                heap_2.o
    0x20019428   0x000000c8   Zero   RW         2987    .bss                tasks.o
    0x200194f0   0x00000060   Zero   RW         3566    .bss                c_w.l(libspace.o)
    0x20019550   0x00000200   Zero   RW            2    HEAP                startup_stm32f40_41xxx.o
    0x20019750   0x00000400   Zero   RW            1    STACK               startup_stm32f40_41xxx.o


==============================================================================

Image component sizes


      Code (inc. data)   RO Data    RW Data    ZI Data      Debug   Object Name

       816        104          8          8        204      12664   ballast_comm.o
       812         90          8          8        204       6507   electric.o
         0          0          0          0          0       7036   freertos_hook.o
       938         44          0          0          0       4958   fsmc_nor.o
       120          0          0          0          0       2960   gateway_protocol.o
      2618        692          8         14        436      45117   gsm.o
       304         46          0         24     102400       5243   heap_2.o
       148          0          0          0          0       3326   list.o
        42          0          0          0          0        527   main.o
       140         24          0          0          0      44171   misc.o
       244         80          0          4          0       2594   norflash.o
       456         56          0          4          0      15644   port.o
      1356         10          0          0          0      19453   queue.o
       284         18          0          8          0       2150   rtc.o
        64         26        392          0       1536        908   startup_stm32f40_41xxx.o
       588         40          0          0          0      18345   stm32f4xx_dma.o
         0          0          0          0          0       1660   stm32f4xx_exti.o
       348         12          0          0          0      10049   stm32f4xx_fsmc.o
       222          0          0          0          0      10059   stm32f4xx_gpio.o
        20          0          0          0          0     241221   stm32f4xx_it.o
        12          6          0          0          0        554   stm32f4xx_pwr.o
       540         66          0         16          0      23131   stm32f4xx_rcc.o
       656         64          0          0          0      23287   stm32f4xx_rtc.o
       422          8          0          0          0      11033   stm32f4xx_usart.o
      1958        866        303         17         52       8209   sys_debug.o
       340         32          0          0          0       1593   system_stm32f4xx.o
      2242        340          0         56        200      19101   tasks.o
       256         14          0          4          0       3894   uart_debug.o

    ----------------------------------------------------------------------
     15978       2638        752        168     105032     545394   Object Totals
         0          0         32          0          0          0   (incl. Generated)
        32          0          1          5          0          0   (incl. Padding)

    ----------------------------------------------------------------------

      Code (inc. data)   RO Data    RW Data    ZI Data      Debug   Library Member Name

        60          8          0          0          0         84   __0sscanf.o
         8          0          0          0          0         68   __main.o
       284          0          0          0          0        156   __printf_wp.o
         0          0          0          0          0          0   __rtentry.o
        12          0          0          0          0          0   __rtentry2.o
         6          0          0          0          0          0   __rtentry4.o
        52          8          0          0          0          0   __scatter.o
        26          0          0          0          0          0   __scatter_copy.o
        28          0          0          0          0          0   __scatter_zi.o
        28          0          0          0          0         68   _chval.o
        44          0          0          0          0        108   _printf_char.o
        48          6          0          0          0         96   _printf_char_common.o
        36          4          0          0          0         80   _printf_char_file.o
         0          0          0          0          0          0   _printf_percent.o
         4          0          0          0          0          0   _printf_percent_end.o
         6          0          0          0          0          0   _printf_s.o
        82          0          0          0          0         80   _printf_str.o
       884          6          0          0          0        100   _scanf.o
       332          0          0          0          0         96   _scanf_int.o
       224          0          0          0          0         96   _scanf_str.o
        64          0          0          0          0         84   _sgetc.o
        10          0          0          0          0         68   _sputc.o
        12          0          0          0          0         72   exit.o
         8          0          0          0          0         68   ferror.o
         6          0          0          0          0        152   heapauxi.o
        18          0          0          0          0         76   isspace.o
        44         10        272          0          0         76   lc_ctype_c.o
         2          0          0          0          0          0   libinit.o
        24          0          0          0          0          0   libinit2.o
         2          0          0          0          0          0   libshutdown.o
         2          0          0          0          0          0   libshutdown2.o
         8          4          0          0         96         68   libspace.o
        24          4          0          0          0         84   noretval__2printf.o
        40          6          0          0          0         84   noretval__2sprintf.o
        16          4          0          0          0         76   rt_ctype_table.o
         8          4          0          0          0         68   rt_locale_intlibspace.o
        68          0          0          0          0         68   rt_memclr.o
        78          0          0          0          0         80   rt_memclr_w.o
       138          0          0          0          0         68   rt_memcpy_v6.o
       100          0          0          0          0         80   rt_memcpy_w.o
         2          0          0          0          0          0   rtexit.o
        10          0          0          0          0          0   rtexit2.o
        44          8          0          0          0         84   scanf_char.o
       128          0          0          0          0         68   strcmpv7m.o
        62          0          0          0          0         76   strlen.o
        86          0          0          0          0         76   strncpy.o
        36          0          0          0          0         80   strstr.o
        74          0          0          0          0         80   sys_stackheap_outer.o
         2          0          0          0          0         68   use_no_semi.o
         2          0          0          0          0         68   use_no_semi_2.o
        10          0          0          0          0        116   fpinit.o

    ----------------------------------------------------------------------
      3306         72        272          0         96       3020   Library Totals
        14          0          0          0          0          0   (incl. Padding)

    ----------------------------------------------------------------------

      Code (inc. data)   RO Data    RW Data    ZI Data      Debug   Library Name

      3282         72        272          0         96       2904   c_w.l
        10          0          0          0          0        116   fz_wm.l

    ----------------------------------------------------------------------
      3306         72        272          0         96       3020   Library Totals

    ----------------------------------------------------------------------

==============================================================================


      Code (inc. data)   RO Data    RW Data    ZI Data      Debug   

     19284       2710       1024        168     105128     530450   Grand Totals
     19284       2710       1024        168     105128     530450   ELF Image Totals
     19284       2710       1024        168          0          0   ROM Totals

==============================================================================

    Total RO  Size (Code + RO Data)                20308 (  19.83kB)
    Total RW  Size (RW Data + ZI Data)            105296 ( 102.83kB)
    Total ROM Size (Code + RO Data + RW Data)      20476 (  20.00kB)

==============================================================================

