Component: ARM Compiler 5.05 update 1 (build 106) Tool: armlink [4d0efa]

==============================================================================

Section Cross References

    startup_stm32f40_41xxx.o(STACK) refers (Special) to heapauxi.o(.text) for __use_two_region_memory
    startup_stm32f40_41xxx.o(HEAP) refers (Special) to heapauxi.o(.text) for __use_two_region_memory
    startup_stm32f40_41xxx.o(RESET) refers (Special) to heapauxi.o(.text) for __use_two_region_memory
    startup_stm32f40_41xxx.o(RESET) refers to startup_stm32f40_41xxx.o(STACK) for __initial_sp
    startup_stm32f40_41xxx.o(RESET) refers to startup_stm32f40_41xxx.o(.text) for Reset_Handler
    startup_stm32f40_41xxx.o(RESET) refers to stm32f4xx_it.o(i.NMI_Handler) for NMI_Handler
    startup_stm32f40_41xxx.o(RESET) refers to stm32f4xx_it.o(i.HardFault_Handler) for HardFault_Handler
    startup_stm32f40_41xxx.o(RESET) refers to stm32f4xx_it.o(i.MemManage_Handler) for MemManage_Handler
    startup_stm32f40_41xxx.o(RESET) refers to stm32f4xx_it.o(i.BusFault_Handler) for BusFault_Handler
    startup_stm32f40_41xxx.o(RESET) refers to stm32f4xx_it.o(i.UsageFault_Handler) for UsageFault_Handler
    startup_stm32f40_41xxx.o(RESET) refers to port.o(.emb_text) for vPortSVCHandler
    startup_stm32f40_41xxx.o(RESET) refers to stm32f4xx_it.o(i.DebugMon_Handler) for DebugMon_Handler
    startup_stm32f40_41xxx.o(RESET) refers to port.o(i.xPortSysTickHandler) for xPortSysTickHandler
    startup_stm32f40_41xxx.o(RESET) refers to ballast_comm.o(i.DMA1_Stream4_IRQHandler) for DMA1_Stream4_IRQHandler
    startup_stm32f40_41xxx.o(RESET) refers to electric.o(i.USART1_IRQHandler) for USART1_IRQHandler
    startup_stm32f40_41xxx.o(RESET) refers to gsm.o(i.USART3_IRQHandler) for USART3_IRQHandler
    startup_stm32f40_41xxx.o(RESET) refers to ballast_comm.o(i.UART4_IRQHandler) for UART4_IRQHandler
    startup_stm32f40_41xxx.o(RESET) refers to electric.o(i.DMA2_Stream7_IRQHandler) for DMA2_Stream7_IRQHandler
    startup_stm32f40_41xxx.o(RESET) refers to sys_debug.o(i.USART6_IRQHandler) for USART6_IRQHandler
    startup_stm32f40_41xxx.o(.text) refers (Special) to heapauxi.o(.text) for __use_two_region_memory
    startup_stm32f40_41xxx.o(.text) refers to system_stm32f4xx.o(i.SystemInit) for SystemInit
    startup_stm32f40_41xxx.o(.text) refers to __main.o(!!!main) for __main
    startup_stm32f40_41xxx.o(.text) refers to startup_stm32f40_41xxx.o(HEAP) for Heap_Mem
    startup_stm32f40_41xxx.o(.text) refers to startup_stm32f40_41xxx.o(STACK) for Stack_Mem
    system_stm32f4xx.o(i.SystemCoreClockUpdate) refers to system_stm32f4xx.o(.data) for SystemCoreClock
    system_stm32f4xx.o(i.SystemInit) refers to system_stm32f4xx.o(i.SetSysClock) for SetSysClock
    stm32f4xx_gpio.o(i.GPIO_DeInit) refers to stm32f4xx_rcc.o(i.RCC_AHB1PeriphResetCmd) for RCC_AHB1PeriphResetCmd
    stm32f4xx_pwr.o(i.PWR_DeInit) refers to stm32f4xx_rcc.o(i.RCC_APB1PeriphResetCmd) for RCC_APB1PeriphResetCmd
    stm32f4xx_rcc.o(i.RCC_GetClocksFreq) refers to stm32f4xx_rcc.o(.data) for APBAHBPrescTable
    stm32f4xx_rcc.o(i.RCC_WaitForHSEStartUp) refers to stm32f4xx_rcc.o(i.RCC_GetFlagStatus) for RCC_GetFlagStatus
    stm32f4xx_usart.o(i.USART_DeInit) refers to stm32f4xx_rcc.o(i.RCC_APB2PeriphResetCmd) for RCC_APB2PeriphResetCmd
    stm32f4xx_usart.o(i.USART_DeInit) refers to stm32f4xx_rcc.o(i.RCC_APB1PeriphResetCmd) for RCC_APB1PeriphResetCmd
    stm32f4xx_usart.o(i.USART_Init) refers to stm32f4xx_rcc.o(i.RCC_GetClocksFreq) for RCC_GetClocksFreq
    stm32f4xx_flash.o(i.FLASH_EraseAllBank1Sectors) refers to stm32f4xx_flash.o(i.FLASH_WaitForLastOperation) for FLASH_WaitForLastOperation
    stm32f4xx_flash.o(i.FLASH_EraseAllBank2Sectors) refers to stm32f4xx_flash.o(i.FLASH_WaitForLastOperation) for FLASH_WaitForLastOperation
    stm32f4xx_flash.o(i.FLASH_EraseAllSectors) refers to stm32f4xx_flash.o(i.FLASH_WaitForLastOperation) for FLASH_WaitForLastOperation
    stm32f4xx_flash.o(i.FLASH_EraseSector) refers to stm32f4xx_flash.o(i.FLASH_WaitForLastOperation) for FLASH_WaitForLastOperation
    stm32f4xx_flash.o(i.FLASH_OB_Launch) refers to stm32f4xx_flash.o(i.FLASH_WaitForLastOperation) for FLASH_WaitForLastOperation
    stm32f4xx_flash.o(i.FLASH_OB_PCROP1Config) refers to stm32f4xx_flash.o(i.FLASH_WaitForLastOperation) for FLASH_WaitForLastOperation
    stm32f4xx_flash.o(i.FLASH_OB_PCROPConfig) refers to stm32f4xx_flash.o(i.FLASH_WaitForLastOperation) for FLASH_WaitForLastOperation
    stm32f4xx_flash.o(i.FLASH_OB_RDPConfig) refers to stm32f4xx_flash.o(i.FLASH_WaitForLastOperation) for FLASH_WaitForLastOperation
    stm32f4xx_flash.o(i.FLASH_OB_UserConfig) refers to stm32f4xx_flash.o(i.FLASH_WaitForLastOperation) for FLASH_WaitForLastOperation
    stm32f4xx_flash.o(i.FLASH_OB_WRP1Config) refers to stm32f4xx_flash.o(i.FLASH_WaitForLastOperation) for FLASH_WaitForLastOperation
[...]
    i.USART_ReceiveData                      0x08003ad8   Section        0  stm32f4xx_usart.o(i.USART_ReceiveData)
    i.UartDebugCreateTask                    0x08003ae4   Section        0  sys_debug.o(i.UartDebugCreateTask)
    UartDebugCreateTask                      0x08003ae5   Thumb Code    54  sys_debug.o(i.UartDebugCreateTask)
    i.UartDebugHardwareInit                  0x08003b38   Section        0  uart_debug.o(i.UartDebugHardwareInit)
    i.UartDebugInit                          0x08003c18   Section        0  sys_debug.o(i.UartDebugInit)
    i.UpdataNetTime                          0x08003c28   Section        0  rtc.o(i.UpdataNetTime)
    i.UsageFault_Handler                     0x08003dc0   Section        0  stm32f4xx_it.o(i.UsageFault_Handler)
    i._is_digit                              0x08003dc4   Section        0  __printf_wp.o(i._is_digit)
    i._sys_exit                              0x08003dd2   Section        0  uart_debug.o(i._sys_exit)
    i.chr2hex                                0x08003dd6   Section        0  common.o(i.chr2hex)
    i.fputc                                  0x08003e0c   Section        0  uart_debug.o(i.fputc)
    i.hex2chr                                0x08003e28   Section        0  common.o(i.hex2chr)
    i.main                                   0x08003e4a   Section        0  main.o(i.main)
    i.printf_buff                            0x08003e78   Section        0  sys_debug.o(i.printf_buff)
    i.printf_str                             0x08003edc   Section        0  sys_debug.o(i.printf_str)
    i.prvAddCurrentTaskToDelayedList         0x08003f2c   Section        0  tasks.o(i.prvAddCurrentTaskToDelayedList)
    prvAddCurrentTaskToDelayedList           0x08003f2d   Thumb Code    62  tasks.o(i.prvAddCurrentTaskToDelayedList)
    i.prvAllocateTCBAndStack                 0x08003f80   Section        0  tasks.o(i.prvAllocateTCBAndStack)
    prvAllocateTCBAndStack                   0x08003f81   Thumb Code    54  tasks.o(i.prvAllocateTCBAndStack)
    i.prvCheckTasksWaitingTermination        0x08003fb8   Section        0  tasks.o(i.prvCheckTasksWaitingTermination)
    prvCheckTasksWaitingTermination          0x08003fb9   Thumb Code    86  tasks.o(i.prvCheckTasksWaitingTermination)
    i.prvCopyDataFromQueue                   0x0800401c   Section        0  queue.o(i.prvCopyDataFromQueue)
    prvCopyDataFromQueue                     0x0800401d   Thumb Code    42  queue.o(i.prvCopyDataFromQueue)
    i.prvCopyDataToQueue                     0x08004046   Section        0  queue.o(i.prvCopyDataToQueue)
    prvCopyDataToQueue                       0x08004047   Thumb Code   128  queue.o(i.prvCopyDataToQueue)
    i.prvDeleteTCB                           0x080040c6   Section        0  tasks.o(i.prvDeleteTCB)
    prvDeleteTCB                             0x080040c7   Thumb Code    18  tasks.o(i.prvDeleteTCB)
    i.prvHeapInit                            0x080040d8   Section        0  heap_2.o(i.prvHeapInit)
    prvHeapInit                              0x080040d9   Thumb Code    38  heap_2.o(i.prvHeapInit)
    i.prvIdleTask                            0x08004110   Section        0  tasks.o(i.prvIdleTask)
    prvIdleTask                              0x08004111   Thumb Code    32  tasks.o(i.prvIdleTask)
    i.prvInitialiseTCBVariables              0x08004138   Section        0  tasks.o(i.prvInitialiseTCBVariables)
    prvInitialiseTCBVariables                0x08004139   Thumb Code    98  tasks.o(i.prvInitialiseTCBVariables)
    i.prvInitialiseTaskLists                 0x0800419c   Section        0  tasks.o(i.prvInitialiseTaskLists)
    prvInitialiseTaskLists                   0x0800419d   Thumb Code    70  tasks.o(i.prvInitialiseTaskLists)
    i.prvIsQueueEmpty                        0x08004204   Section        0  queue.o(i.prvIsQueueEmpty)
    prvIsQueueEmpty                          0x08004205   Thumb Code    26  queue.o(i.prvIsQueueEmpty)
    i.prvIsQueueFull                         0x0800421e   Section        0  queue.o(i.prvIsQueueFull)
    prvIsQueueFull                           0x0800421f   Thumb Code    30  queue.o(i.prvIsQueueFull)
    i.prvResetNextTaskUnblockTime            0x0800423c   Section        0  tasks.o(i.prvResetNextTaskUnblockTime)
    prvResetNextTaskUnblockTime              0x0800423d   Thumb Code    42  tasks.o(i.prvResetNextTaskUnblockTime)
    i.prvTaskExitError                       0x08004270   Section        0  port.o(i.prvTaskExitError)
    prvTaskExitError                         0x08004271   Thumb Code    22  port.o(i.prvTaskExitError)
    i.prvUnlockQueue                         0x08004286   Section        0  queue.o(i.prvUnlockQueue)
    prvUnlockQueue                           0x08004287   Thumb Code   126  queue.o(i.prvUnlockQueue)
    i.pvPortMalloc                           0x08004304   Section        0  heap_2.o(i.pvPortMalloc)
    i.pvTaskIncrementMutexHeldCount          0x080043bc   Section        0  tasks.o(i.pvTaskIncrementMutexHeldCount)
    i.pxPortInitialiseStack                  0x080043dc   Section        0  port.o(i.pxPortInitialiseStack)
    i.uxListRemove                           0x08004404   Section        0  list.o(i.uxListRemove)
    i.vBallastComm1Task                      0x0800442c   Section        0  ballast_comm.o(i.vBallastComm1Task)
    vBallastComm1Task                        0x0800442d   Thumb Code    78  ballast_comm.o(i.vBallastComm1Task)
    i.vElectTask                             0x08004484   Section        0  electric.o(i.vElectTask)
    vElectTask                               0x08004485   Thumb Code    78  electric.o(i.vElectTask)
    i.vGSMTask                               0x080044dc   Section        0  gsm.o(i.vGSMTask)
    vGSMTask                                 0x080044dd   Thumb Code   136  gsm.o(i.vGSMTask)
    i.vListInitialise                        0x08004584   Section        0  list.o(i.vListInitialise)
    i.vListInitialiseItem                    0x0800459e   Section        0  list.o(i.vListInitialiseItem)
    i.vListInsert                            0x080045a4   Section        0  list.o(i.vListInsert)
    i.vListInsertEnd                         0x080045d8   Section        0  list.o(i.vListInsertEnd)
    i.vPortEnterCritical                     0x080045f0   Section        0  port.o(i.vPortEnterCritical)
    i.vPortExitCritical                      0x08004614   Section        0  port.o(i.vPortExitCritical)
    i.vPortFree                              0x08004634   Section        0  heap_2.o(i.vPortFree)
    i.vPortSetupTimerInterrupt               0x08004674   Section        0  port.o(i.vPortSetupTimerInterrupt)
    i.vTaskDelay                             0x08004688   Section        0  tasks.o(i.vTaskDelay)
    i.vTaskMissedYield                       0x080046ec   Section        0  tasks.o(i.vTaskMissedYield)
    i.vTaskPlaceOnEventList                  0x080046f8   Section        0  tasks.o(i.vTaskPlaceOnEventList)
    i.vTaskPriorityInherit                   0x0800475c   Section        0  tasks.o(i.vTaskPriorityInherit)
    i.vTaskSetTimeOutState                   0x0800480c   Section        0  tasks.o(i.vTaskSetTimeOutState)
    i.vTaskStartScheduler                    0x08004824   Section        0  tasks.o(i.vTaskStartScheduler)
    i.vTaskSuspendAll                        0x08004888   Section        0  tasks.o(i.vTaskSuspendAll)
    i.vTaskSwitchContext                     0x08004898   Section        0  tasks.o(i.vTaskSwitchContext)
    i.vTimePlanTask                          0x080048f8   Section        0  time_plan.o(i.vTimePlanTask)
    vTimePlanTask                            0x080048f9   Thumb Code    84  time_plan.o(i.vTimePlanTask)
    i.vUartDebugTask                         0x08004978   Section        0  sys_debug.o(i.vUartDebugTask)
    vUartDebugTask                           0x08004979   Thumb Code    50  sys_debug.o(i.vUartDebugTask)
    i.xPortStartScheduler                    0x080049b8   Section        0  port.o(i.xPortStartScheduler)
    i.xPortSysTickHandler                    0x08004a00   Section        0  port.o(i.xPortSysTickHandler)
    i.xQueueCreateMutex                      0x08004a34   Section        0  queue.o(i.xQueueCreateMutex)
    i.xQueueGenericCreate                    0x08004a7c   Section        0  queue.o(i.xQueueGenericCreate)
    i.xQueueGenericReceive                   0x08004ac4   Section        0  queue.o(i.xQueueGenericReceive)
    i.xQueueGenericReset                     0x08004c08   Section        0  queue.o(i.xQueueGenericReset)
    i.xQueueGenericSend                      0x08004c84   Section        0  queue.o(i.xQueueGenericSend)
    i.xQueueGenericSendFromISR               0x08004d94   Section        0  queue.o(i.xQueueGenericSendFromISR)
    i.xTaskCheckForTimeOut                   0x08004e14   Section        0  tasks.o(i.xTaskCheckForTimeOut)
    i.xTaskGenericCreate                     0x08004e70   Section        0  tasks.o(i.xTaskGenericCreate)
    i.xTaskGetTickCount                      0x08004f78   Section        0  tasks.o(i.xTaskGetTickCount)
    i.xTaskIncrementTick                     0x08004f84   Section        0  tasks.o(i.xTaskIncrementTick)
    i.xTaskPriorityDisinherit                0x080050a4   Section        0  tasks.o(i.xTaskPriorityDisinherit)
    i.xTaskRemoveFromEventList               0x08005128   Section        0  tasks.o(i.xTaskRemoveFromEventList)
    i.xTaskResumeAll                         0x080051a8   Section        0  tasks.o(i.xTaskResumeAll)
    locale$$code                             0x08005290   Section       44  lc_ctype_c.o(locale$$code)
    x$fpl$fpinit                             0x080052bc   Section       10  fpinit.o(x$fpl$fpinit)
    $v0                                      0x080052bc   Number         0  fpinit.o(x$fpl$fpinit)
    .constdata                               0x080052c8   Section        8  ballast_comm.o(.constdata)
    Ballast_MessageMaps                      0x080052c8   Data           8  ballast_comm.o(.constdata)
    .constdata                               0x080052d0   Section        8  electric.o(.constdata)
    Electric_MessageMaps                     0x080052d0   Data           8  electric.o(.constdata)
    .constdata                               0x080052d8   Section        8  gsm.o(.constdata)
    GPRS_MessageMaps                         0x080052d8   Data           8  gsm.o(.constdata)
    .constdata                               0x080052e0   Section       17  __printf_flags_wp.o(.constdata)
    maptable                                 0x080052e0   Data          17  __printf_flags_wp.o(.constdata)
    .conststring                             0x080052f4   Section      303  sys_debug.o(.conststring)
    locale$$data                             0x08005444   Section      272  lc_ctype_c.o(locale$$data)
    __lcctype_c_name                         0x08005448   Data           2  lc_ctype_c.o(locale$$data)
    __lcctype_c_start                        0x08005450   Data           0  lc_ctype_c.o(locale$$data)
    __lcctype_c_end                          0x08005554   Data           0  lc_ctype_c.o(locale$$data)
    .data                                    0x20000000   Section       16  stm32f4xx_rcc.o(.data)
    APBAHBPrescTable                         0x20000000   Data          16  stm32f4xx_rcc.o(.data)
    .data                                    0x20000010   Section        8  ballast_comm.o(.data)
    BallastComm1Queue                        0x20000014   Data           4  ballast_comm.o(.data)
    .data                                    0x20000018   Section        8  electric.o(.data)
    ElectricQueue                            0x2000001c   Data           4  electric.o(.data)
    .data                                    0x20000020   Section       14  gsm.o(.data)
    GSM_GPRS_queue                           0x20000024   Data           4  gsm.o(.data)
    GSM_AT_queue                             0x20000028   Data           4  gsm.o(.data)
    .data                                    0x20000030   Section       17  sys_debug.o(.data)
    uartDebugQueue                           0x20000030   Data           4  sys_debug.o(.data)
    printf_semaphore                         0x20000034   Data           4  sys_debug.o(.data)
    .data                                    0x20000044   Section        4  port.o(.data)
    uxCriticalNesting                        0x20000044   Data           4  port.o(.data)
    .data                                    0x20000048   Section       24  heap_2.o(.data)
    xStart                                   0x20000048   Data           8  heap_2.o(.data)
    xEnd                                     0x20000050   Data           8  heap_2.o(.data)
    xFreeBytesRemaining                      0x20000058   Data           4  heap_2.o(.data)
    xHeapHasBeenInitialised                  0x2000005c   Data           4  heap_2.o(.data)
    .data                                    0x20000060   Section       56  tasks.o(.data)
    pxDelayedTaskList                        0x20000064   Data           4  tasks.o(.data)
    pxOverflowDelayedTaskList                0x20000068   Data           4  tasks.o(.data)
    uxTasksDeleted                           0x2000006c   Data           4  tasks.o(.data)
    uxCurrentNumberOfTasks                   0x20000070   Data           4  tasks.o(.data)
    xTickCount                               0x20000074   Data           4  tasks.o(.data)
    uxTopReadyPriority                       0x20000078   Data           4  tasks.o(.data)
    xSchedulerRunning                        0x2000007c   Data           4  tasks.o(.data)
    uxPendedTicks                            0x20000080   Data           4  tasks.o(.data)
    xYieldPending                            0x20000084   Data           4  tasks.o(.data)
    xNumOfOverflows                          0x20000088   Data           4  tasks.o(.data)
    uxTaskNumber                             0x2000008c   Data           4  tasks.o(.data)
    xNextTaskUnblockTime                     0x20000090   Data           4  tasks.o(.data)
    uxSchedulerSuspended                     0x20000094   Data           4  tasks.o(.data)
    .data                                    0x20000098   Section        8  rtc.o(.data)
    RTC_SystemRunningSemaphore               0x20000098   Data           4  rtc.o(.data)
    .data                                    0x200000a0   Section        4  norflash.o(.data)
    norflash_semaphore                       0x200000a0   Data           4  norflash.o(.data)
    .data                                    0x200000a4   Section        4  uart_debug.o(.data)
    .bss                                     0x200000a8   Section      204  ballast_comm.o(.bss)
    .bss                                     0x20000174   Section      204  electric.o(.bss)
    .bss                                     0x20000240   Section      436  gsm.o(.bss)
    .bss                                     0x200003f4   Section       52  sys_debug.o(.bss)
    .bss                                     0x20000428   Section    122880  heap_2.o(.bss)
    ucHeap                                   0x20000428   Data       122880  heap_2.o(.bss)
    .bss                                     0x2001e428   Section      200  tasks.o(.bss)
    pxReadyTasksLists                        0x2001e428   Data         100  tasks.o(.bss)
    xDelayedTaskList1                        0x2001e48c   Data          20  tasks.o(.bss)
    xDelayedTaskList2                        0x2001e4a0   Data          20  tasks.o(.bss)
    xPendingReadyList                        0x2001e4b4   Data          20  tasks.o(.bss)
    xTasksWaitingTermination                 0x2001e4c8   Data          20  tasks.o(.bss)
    xSuspendedTaskList                       0x2001e4dc   Data          20  tasks.o(.bss)
    .bss                                     0x2001e4f0   Section       96  libspace.o(.bss)
    HEAP                                     0x2001e550   Section      512  startup_stm32f40_41xxx.o(HEAP)
    Heap_Mem                                 0x2001e550   Data         512  startup_stm32f40_41xxx.o(HEAP)
    STACK                                    0x2001e750   Section     1024  startup_stm32f40_41xxx.o(STACK)
    Stack_Mem                                0x2001e750   Data        1024  startup_stm32f40_41xxx.o(STACK)
    __initial_sp                             0x2001eb50   Data           0  startup_stm32f40_41xxx.o(STACK)

    Global Symbols

    Symbol Name                              Value     Ov Type        Size  Object(Section)

    BuildAttributes$$THM_ISAv4$E$P$D$K$B$S$7EM$VFPi3$EXTD16$VFPS$VFMA$PE$A:L22UL41UL21$X:L11$S22US41US21$IEEE1$IW$USESV6$~STKCKD$USESV7$~SHL$OSPACE$ROPI$EBA8$UX$STANDARDLIB$REQ8$PRES8$EABIv2 0x00000000   Number         0  anon$$obj.o ABSOLUTE
    __ARM_use_no_argv                        0x00000000   Number         0  main.o ABSOLUTE
    _printf_flags                            0x00000000   Number         0  printf_stubs.o ABSOLUTE
    _printf_return_value                     0x00000000   Number         0  printf_stubs.o ABSOLUTE
    _printf_sizespec                         0x00000000   Number         0  printf_stubs.o ABSOLUTE
    _printf_widthprec                        0x00000000   Number         0  printf_stubs.o ABSOLUTE
    __ARM_exceptions_init                     - Undefined Weak Reference
    __alloca_initialize                       - Undefined Weak Reference
    __arm_preinit_                            - Undefined Weak Reference
    __cpp_initialize__aeabi_                  - Undefined Weak Reference
    __cxa_finalize                            - Undefined Weak Reference
    __sigvec_lookup                           - Undefined Weak Reference
    _atexit_init                              - Undefined Weak Reference
    _call_atexit_fns                          - Undefined Weak Reference
    _clock_init                               - Undefined Weak Reference
    _fp_trap_init                             - Undefined Weak Reference
    _fp_trap_shutdown                         - Undefined Weak Reference
    _get_lc_collate                           - Undefined Weak Reference
    _get_lc_monetary                          - Undefined Weak Reference
    _get_lc_numeric                           - Undefined Weak Reference
    _get_lc_time                              - Undefined Weak Reference
    _getenv_init                              - Undefined Weak Reference
    _handle_redirection                       - Undefined Weak Reference
    _init_alloc                               - Undefined Weak Reference
    _init_user_alloc                          - Undefined Weak Reference
    _initio                                   - Undefined Weak Reference
    _mutex_acquire                            - Undefined Weak Reference
    _mutex_release                            - Undefined Weak Reference
    _printf_mbtowc                            - Undefined Weak Reference
    _printf_truncate_signed                   - Undefined Weak Reference
    _printf_truncate_unsigned                 - Undefined Weak Reference
    _rand_init                                - Undefined Weak Reference
    _scanf_longlong                           - Undefined Weak Reference
    _scanf_mbtowc                             - Undefined Weak Reference
    _scanf_real                               - Undefined Weak Reference
    _scanf_wctomb                             - Undefined Weak Reference
    _scanf_wstring                            - Undefined Weak Reference
    _signal_finish                            - Undefined Weak Reference
    _signal_init                              - Undefined Weak Reference
    _terminate_alloc                          - Undefined Weak Reference
    _terminate_user_alloc                     - Undefined Weak Reference
    _terminateio                              - Undefined Weak Reference
    __Vectors_Size                           0x00000188   Number         0  startup_stm32f40_41xxx.o ABSOLUTE
    __Vectors                                0x08000000   Data           4  startup_stm32f40_41xxx.o(RESET)
    __Vectors_End                            0x08000188   Data           0  startup_stm32f40_41xxx.o(RESET)
    __main                                   0x08000189   Thumb Code     8  __main.o(!!!main)
    __scatterload                            0x08000191   Thumb Code     0  __scatter.o(!!!scatter)
    __scatterload_rt2                        0x08000191   Thumb Code    44  __scatter.o(!!!scatter)
    __scatterload_rt2_thumb_only             0x08000191   Thumb Code     0  __scatter.o(!!!scatter)
    __scatterload_null                       0x0800019f   Thumb Code     0  __scatter.o(!!!scatter)
    __scatterload_copy                       0x080001c5   Thumb Code    26  __scatter_copy.o(!!handler_copy)
    __scatterload_zeroinit                   0x080001e1   Thumb Code    28  __scatter_zi.o(!!handler_zi)
    _printf_d                                0x080001fd   Thumb Code     0  _printf_d.o(.ARM.Collect$$_printf_percent$$00000009)
    _printf_percent                          0x080001fd   Thumb Code     0  _printf_percent.o(.ARM.Collect$$_printf_percent$$00000000)
    _printf_s                                0x08000203   Thumb Code     0  _printf_s.o(.ARM.Collect$$_printf_percent$$00000014)
    _printf_percent_end                      0x08000209   Thumb Code     0  _printf_percent_end.o(.ARM.Collect$$_printf_percent$$00000017)
    __rt_lib_init                            0x0800020d   Thumb Code     0  libinit.o(.ARM.Collect$$libinit$$00000000)
    __rt_lib_init_fp_1                       0x0800020f   Thumb Code     0  libinit2.o(.ARM.Collect$$libinit$$00000001)
    __rt_lib_init_heap_1                     0x08000213   Thumb Code     0  libinit2.o(.ARM.Collect$$libinit$$0000000A)
    __rt_lib_init_lc_common                  0x08000213   Thumb Code     0  libinit2.o(.ARM.Collect$$libinit$$0000000F)
    __rt_lib_init_preinit_1                  0x08000213   Thumb Code     0  libinit2.o(.ARM.Collect$$libinit$$00000004)
    __rt_lib_init_rand_1                     0x08000213   Thumb Code     0  libinit2.o(.ARM.Collect$$libinit$$0000000E)
    __rt_lib_init_user_alloc_1               0x08000213   Thumb Code     0  libinit2.o(.ARM.Collect$$libinit$$0000000C)
    __rt_lib_init_lc_collate_1               0x08000219   Thumb Code     0  libinit2.o(.ARM.Collect$$libinit$$00000011)
    __rt_lib_init_lc_ctype_2                 0x08000219   Thumb Code     0  libinit2.o(.ARM.Collect$$libinit$$00000012)
    __rt_lib_init_alloca_1                   0x08000225   Thumb Code     0  libinit2.o(.ARM.Collect$$libinit$$0000002E)
    __rt_lib_init_argv_1                     0x08000225   Thumb Code     0  libinit2.o(.ARM.Collect$$libinit$$0000002C)
    __rt_lib_init_atexit_1                   0x08000225   Thumb Code     0  libinit2.o(.ARM.Collect$$libinit$$0000001B)
    __rt_lib_init_clock_1                    0x08000225   Thumb Code     0  libinit2.o(.ARM.Collect$$libinit$$00000021)
    __rt_lib_init_cpp_1                      0x08000225   Thumb Code     0  libinit2.o(.ARM.Collect$$libinit$$00000032)
    __rt_lib_init_exceptions_1               0x08000225   Thumb Code     0  libinit2.o(.ARM.Collect$$libinit$$00000030)
    __rt_lib_init_fp_trap_1                  0x08000225   Thumb Code     0  libinit2.o(.ARM.Collect$$libinit$$0000001F)
    __rt_lib_init_getenv_1                   0x08000225   Thumb Code     0  libinit2.o(.ARM.Collect$$libinit$$00000023)
    __rt_lib_init_lc_ctype_1                 0x08000225   Thumb Code     0  libinit2.o(.ARM.Collect$$libinit$$00000013)
    __rt_lib_init_lc_monetary_1              0x08000225   Thumb Code     0  libinit2.o(.ARM.Collect$$libinit$$00000015)
    __rt_lib_init_lc_numeric_1               0x08000225   Thumb Code     0  libinit2.o(.ARM.Collect$$libinit$$00000017)
    __rt_lib_init_lc_time_1                  0x08000225   Thumb Code     0  libinit2.o(.ARM.Collect$$libinit$$00000019)
    __rt_lib_init_return                     0x08000225   Thumb Code     0  libinit2.o(.ARM.Collect$$libinit$$00000033)
    __rt_lib_init_signal_1                   0x08000225   Thumb Code     0  libinit2.o(.ARM.Collect$$libinit$$0000001D)
    __rt_lib_init_stdio_1                    0x08000225   Thumb Code     0  libinit2.o(.ARM.Collect$$libinit$$00000025)
    __rt_lib_shutdown                        0x08000227   Thumb Code     0  libshutdown.o(.ARM.Collect$$libshutdown$$00000000)
    __rt_lib_shutdown_fp_trap_1              0x08000229   Thumb Code     0  libshutdown2.o(.ARM.Collect$$libshutdown$$00000006)
    __rt_lib_shutdown_heap_1                 0x08000229   Thumb Code     0  libshutdown2.o(.ARM.Collect$$libshutdown$$0000000E)
    __rt_lib_shutdown_return                 0x08000229   Thumb Code     0  libshutdown2.o(.ARM.Collect$$libshutdown$$0000000F)
    __rt_lib_shutdown_signal_1               0x08000229   Thumb Code     0  libshutdown2.o(.ARM.Collect$$libshutdown$$00000009)
    __rt_lib_shutdown_stdio_1                0x08000229   Thumb Code     0  libshutdown2.o(.ARM.Collect$$libshutdown$$00000003)
    __rt_lib_shutdown_user_alloc_1           0x08000229   Thumb Code     0  libshutdown2.o(.ARM.Collect$$libshutdown$$0000000B)
    __rt_entry                               0x0800022b   Thumb Code     0  __rtentry.o(.ARM.Collect$$rtentry$$00000000)
    __rt_entry_presh_1                       0x0800022b   Thumb Code     0  __rtentry2.o(.ARM.Collect$$rtentry$$00000002)
    __rt_entry_sh                            0x0800022b   Thumb Code     0  __rtentry4.o(.ARM.Collect$$rtentry$$00000004)
    __rt_entry_li                            0x08000231   Thumb Code     0  __rtentry2.o(.ARM.Collect$$rtentry$$0000000A)
    __rt_entry_postsh_1                      0x08000231   Thumb Code     0  __rtentry2.o(.ARM.Collect$$rtentry$$00000009)
    __rt_entry_main                          0x08000235   Thumb Code     0  __rtentry2.o(.ARM.Collect$$rtentry$$0000000D)
    __rt_entry_postli_1                      0x08000235   Thumb Code     0  __rtentry2.o(.ARM.Collect$$rtentry$$0000000C)
    __rt_exit                                0x0800023d   Thumb Code     0  rtexit.o(.ARM.Collect$$rtexit$$00000000)
    __rt_exit_ls                             0x0800023f   Thumb Code     0  rtexit2.o(.ARM.Collect$$rtexit$$00000003)
    __rt_exit_prels_1                        0x0800023f   Thumb Code     0  rtexit2.o(.ARM.Collect$$rtexit$$00000002)
    __rt_exit_exit                           0x08000243   Thumb Code     0  rtexit2.o(.ARM.Collect$$rtexit$$00000004)
    vPortSVCHandler                          0x08000249   Thumb Code    28  port.o(.emb_text)
    __asm___6_port_c_39a90d8d__prvStartFirstTask 0x08000269   Thumb Code    28  port.o(.emb_text)
    __asm___6_port_c_39a90d8d__prvEnableVFP  0x08000289   Thumb Code    16  port.o(.emb_text)
    xPortPendSVHandler                       0x0800029d   Thumb Code    88  port.o(.emb_text)
    vPortGetIPSR                             0x080002f9   Thumb Code     6  port.o(.emb_text)
    Reset_Handler                            0x08000301   Thumb Code     8  startup_stm32f40_41xxx.o(.text)
    SVC_Handler                              0x08000313   Thumb Code     2  startup_stm32f40_41xxx.o(.text)
    PendSV_Handler                           0x08000317   Thumb Code     2  startup_stm32f40_41xxx.o(.text)
    SysTick_Handler                          0x08000319   Thumb Code     2  startup_stm32f40_41xxx.o(.text)
    ADC_IRQHandler                           0x0800031b   Thumb Code     0  startup_stm32f40_41xxx.o(.text)
    CAN1_RX0_IRQHandler                      0x0800031b   Thumb Code     0  startup_stm32f40_41xxx.o(.text)
    CAN1_RX1_IRQHandler                      0x0800031b   Thumb Code     0  startup_stm32f40_41xxx.o(.text)
    CAN1_SCE_IRQHandler                      0x0800031b   Thumb Code     0  startup_stm32f40_41xxx.o(.text)
    CAN1_TX_IRQHandler                       0x0800031b   Thumb Code     0  startup_stm32f40_41xxx.o(.text)
    CAN2_RX0_IRQHandler                      0x0800031b   Thumb Code     0  startup_stm32f40_41xxx.o(.text)
    CAN2_RX1_IRQHandler                      0x0800031b   Thumb Code     0  startup_stm32f40_41xxx.o(.text)
    CAN2_SCE_IRQHandler                      0x0800031b   Thumb Code     0  startup_stm32f40_41xxx.o(.text)
    CAN2_TX_IRQHandler                       0x0800031b   Thumb Code     0  startup_stm32f40_41xxx.o(.text)
    CRYP_IRQHandler                          0x0800031b   Thumb Code     0  startup_stm32f40_41xxx.o(.text)
    DCMI_IRQHandler                          0x0800031b   Thumb Code     0  startup_stm32f40_41xxx.o(.text)
    DMA1_Stream0_IRQHandler                  0x0800031b   Thumb Code     0  startup_stm32f40_41xxx.o(.text)
    DMA1_Stream1_IRQHandler                  0x0800031b   Thumb Code     0  startup_stm32f40_41xxx.o(.text)
    DMA1_Stream2_IRQHandler                  0x0800031b   Thumb Code     0  startup_stm32f40_41xxx.o(.text)
    DMA1_Stream3_IRQHandler                  0x0800031b   Thumb Code     0  startup_stm32f40_41xxx.o(.text)
    DMA1_Stream5_IRQHandler                  0x0800031b   Thumb Code     0  startup_stm32f40_41xxx.o(.text)
    DMA1_Stream6_IRQHandler                  0x0800031b   Thumb Code     0  startup_stm32f40_41xxx.o(.text)
    DMA1_Stream7_IRQHandler                  0x0800031b   Thumb Code     0  startup_stm32f40_41xxx.o(.text)
    DMA2_Stream0_IRQHandler                  0x0800031b   Thumb Code     0  startup_stm32f40_41xxx.o(.text)
    DMA2_Stream1_IRQHandler                  0x0800031b   Thumb Code     0  startup_stm32f40_41xxx.o(.text)
    DMA2_Stream2_IRQHandler                  0x0800031b   Thumb Code     0  startup_stm32f40_41xxx.o(.text)
    DMA2_Stream3_IRQHandler                  0x0800031b   Thumb Code     0  startup_stm32f40_41xxx.o(.text)
    DMA2_Stream4_IRQHandler                  0x0800031b   Thumb Code     0  startup_stm32f40_41xxx.o(.text)
    DMA2_Stream5_IRQHandler                  0x0800031b   Thumb Code     0  startup_stm32f40_41xxx.o(.text)
    DMA2_Stream6_IRQHandler                  0x0800031b   Thumb Code     0  startup_stm32f40_41xxx.o(.text)
    ETH_IRQHandler                           0x0800031b   Thumb Code     0  startup_stm32f40_41xxx.o(.text)
    ETH_WKUP_IRQHandler                      0x0800031b   Thumb Code     0  startup_stm32f40_41xxx.o(.text)
    EXTI0_IRQHandler                         0x0800031b   Thumb Code     0  startup_stm32f40_41xxx.o(.text)
    EXTI15_10_IRQHandler                     0x0800031b   Thumb Code     0  startup_stm32f40_41xxx.o(.text)
    EXTI1_IRQHandler                         0x0800031b   Thumb Code     0  startup_stm32f40_41xxx.o(.text)
    EXTI2_IRQHandler                         0x0800031b   Thumb Code     0  startup_stm32f40_41xxx.o(.text)
    EXTI3_IRQHandler                         0x0800031b   Thumb Code     0  startup_stm32f40_41xxx.o(.text)
    EXTI4_IRQHandler                         0x0800031b   Thumb Code     0  startup_stm32f40_41xxx.o(.text)
    EXTI9_5_IRQHandler                       0x0800031b   Thumb Code     0  startup_stm32f40_41xxx.o(.text)
    FLASH_IRQHandler                         0x0800031b   Thumb Code     0  startup_stm32f40_41xxx.o(.text)
    FPU_IRQHandler                           0x0800031b   Thumb Code     0  startup_stm32f40_41xxx.o(.text)
    FSMC_IRQHandler                          0x0800031b   Thumb Code     0  startup_stm32f40_41xxx.o(.text)
    HASH_RNG_IRQHandler                      0x0800031b   Thumb Code     0  startup_stm32f40_41xxx.o(.text)
    I2C1_ER_IRQHandler                       0x0800031b   Thumb Code     0  startup_stm32f40_41xxx.o(.text)
    I2C1_EV_IRQHandler                       0x0800031b   Thumb Code     0  startup_stm32f40_41xxx.o(.text)
    I2C2_ER_IRQHandler                       0x0800031b   Thumb Code     0  startup_stm32f40_41xxx.o(.text)
    I2C2_EV_IRQHandler                       0x0800031b   Thumb Code     0  startup_stm32f40_41xxx.o(.text)
    I2C3_ER_IRQHandler                       0x0800031b   Thumb Code     0  startup_stm32f40_41xxx.o(.text)
    I2C3_EV_IRQHandler                       0x0800031b   Thumb Code     0  startup_stm32f40_41xxx.o(.text)
    OTG_FS_IRQHandler                        0x0800031b   Thumb Code     0  startup_stm32f40_41xxx.o(.text)
    OTG_FS_WKUP_IRQHandler                   0x0800031b   Thumb Code     0  startup_stm32f40_41xxx.o(.text)
    OTG_HS_EP1_IN_IRQHandler                 0x0800031b   Thumb Code     0  startup_stm32f40_41xxx.o(.text)
    OTG_HS_EP1_OUT_IRQHandler                0x0800031b   Thumb Code     0  startup_stm32f40_41xxx.o(.text)
    OTG_HS_IRQHandler                        0x0800031b   Thumb Code     0  startup_stm32f40_41xxx.o(.text)
    OTG_HS_WKUP_IRQHandler                   0x0800031b   Thumb Code     0  startup_stm32f40_41xxx.o(.text)
    PVD_IRQHandler                           0x0800031b   Thumb Code     0  startup_stm32f40_41xxx.o(.text)
    RCC_IRQHandler                           0x0800031b   Thumb Code     0  startup_stm32f40_41xxx.o(.text)
    RTC_Alarm_IRQHandler                     0x0800031b   Thumb Code     0  startup_stm32f40_41xxx.o(.text)
    RTC_WKUP_IRQHandler                      0x0800031b   Thumb Code     0  startup_stm32f40_41xxx.o(.text)
    SDIO_IRQHandler                          0x0800031b   Thumb Code     0  startup_stm32f40_41xxx.o(.text)
    SPI1_IRQHandler                          0x0800031b   Thumb Code     0  startup_stm32f40_41xxx.o(.text)
    SPI2_IRQHandler                          0x0800031b   Thumb Code     0  startup_stm32f40_41xxx.o(.text)
    SPI3_IRQHandler                          0x0800031b   Thumb Code     0  startup_stm32f40_41xxx.o(.text)
    TAMP_STAMP_IRQHandler                    0x0800031b   Thumb Code     0  startup_stm32f40_41xxx.o(.text)
    TIM1_BRK_TIM9_IRQHandler                 0x0800031b   Thumb Code     0  startup_stm32f40_41xxx.o(.text)
    TIM1_CC_IRQHandler                       0x0800031b   Thumb Code     0  startup_stm32f40_41xxx.o(.text)
    TIM1_TRG_COM_TIM11_IRQHandler            0x0800031b   Thumb Code     0  startup_stm32f40_41xxx.o(.text)
    TIM1_UP_TIM10_IRQHandler                 0x0800031b   Thumb Code     0  startup_stm32f40_41xxx.o(.text)
    TIM2_IRQHandler                          0x0800031b   Thumb Code     0  startup_stm32f40_41xxx.o(.text)
    TIM3_IRQHandler                          0x0800031b   Thumb Code     0  startup_stm32f40_41xxx.o(.text)
    TIM4_IRQHandler                          0x0800031b   Thumb Code     0  startup_stm32f40_41xxx.o(.text)
    TIM5_IRQHandler                          0x0800031b   Thumb Code     0  startup_stm32f40_41xxx.o(.text)
    TIM6_DAC_IRQHandler                      0x0800031b   Thumb Code     0  startup_stm32f40_41xxx.o(.text)
    TIM7_IRQHandler                          0x0800031b   Thumb Code     0  startup_stm32f40_41xxx.o(.text)
    TIM8_BRK_TIM12_IRQHandler                0x0800031b   Thumb Code     0  startup_stm32f40_41xxx.o(.text)
    TIM8_CC_IRQHandler                       0x0800031b   Thumb Code     0  startup_stm32f40_41xxx.o(.text)
    TIM8_TRG_COM_TIM14_IRQHandler            0x0800031b   Thumb Code     0  startup_stm32f40_41xxx.o(.text)
    TIM8_UP_TIM13_IRQHandler                 0x0800031b   Thumb Code     0  startup_stm32f40_41xxx.o(.text)
    UART5_IRQHandler                         0x0800031b   Thumb Code     0  startup_stm32f40_41xxx.o(.text)
    USART2_IRQHandler                        0x0800031b   Thumb Code     0  startup_stm32f40_41xxx.o(.text)
    WWDG_IRQHandler                          0x0800031b   Thumb Code     0  startup_stm32f40_41xxx.o(.text)
    __user_initial_stackheap                 0x0800031d   Thumb Code     0  startup_stm32f40_41xxx.o(.text)
    __use_no_semihosting                     0x08000341   Thumb Code     2  use_no_semi_2.o(.text)
    __2printf                                0x08000345   Thumb Code    20  noretval__2printf.o(.text)
    __2sprintf                               0x0800035d   Thumb Code    34  noretval__2sprintf.o(.text)
    _printf_pre_padding                      0x08000385   Thumb Code    44  _printf_pad.o(.text)
    _printf_post_padding                     0x080003b1   Thumb Code    34  _printf_pad.o(.text)
    _printf_str                              0x080003d3   Thumb Code    82  _printf_str.o(.text)
    _printf_int_dec                          0x08000425   Thumb Code   104  _printf_dec.o(.text)
    __printf                                 0x0800049d   Thumb Code   308  __printf_flags_wp.o(.text)
    __0sscanf                                0x080005d5   Thumb Code    52  __0sscanf.o(.text)
    _scanf_int                               0x08000611   Thumb Code   332  _scanf_int.o(.text)
    _scanf_string                            0x0800075d   Thumb Code   224  _scanf_str.o(.text)
    strstr                                   0x0800083d   Thumb Code    36  strstr.o(.text)
    strlen                                   0x08000861   Thumb Code    62  strlen.o(.text)
    __aeabi_memcpy                           0x0800089f   Thumb Code     0  rt_memcpy_v6.o(.text)
    __rt_memcpy                              0x0800089f   Thumb Code   138  rt_memcpy_v6.o(.text)
    _memcpy_lastbytes                        0x08000905   Thumb Code     0  rt_memcpy_v6.o(.text)
    __aeabi_memclr                           0x08000929   Thumb Code     0  rt_memclr.o(.text)
    __rt_memclr                              0x08000929   Thumb Code    68  rt_memclr.o(.text)
    _memset                                  0x0800092d   Thumb Code     0  rt_memclr.o(.text)
    __aeabi_memclr4                          0x0800096d   Thumb Code     0  rt_memclr_w.o(.text)
    __aeabi_memclr8                          0x0800096d   Thumb Code     0  rt_memclr_w.o(.text)
    __rt_memclr_w                            0x0800096d   Thumb Code    78  rt_memclr_w.o(.text)
    _memset_w                                0x08000971   Thumb Code     0  rt_memclr_w.o(.text)
    strncpy                                  0x080009bb   Thumb Code    86  strncpy.o(.text)
    strcmp                                   0x08000a11   Thumb Code   128  strcmpv7m.o(.text)
    __use_two_region_memory                  0x08000a91   Thumb Code     2  heapauxi.o(.text)
    __rt_heap_escrow$2region                 0x08000a93   Thumb Code     2  heapauxi.o(.text)
    __rt_heap_expand$2region                 0x08000a95   Thumb Code     2  heapauxi.o(.text)
    __I$use$semihosting                      0x08000a97   Thumb Code     0  use_no_semi.o(.text)
    __use_no_semihosting_swi                 0x08000a97   Thumb Code     2  use_no_semi.o(.text)
    _printf_int_common                       0x08000a99   Thumb Code   178  _printf_intcommon.o(.text)
    _printf_char_common                      0x08000b57   Thumb Code    32  _printf_char_common.o(.text)
    _sputc                                   0x08000b7d   Thumb Code    10  _sputc.o(.text)
    _printf_cs_common                        0x08000b87   Thumb Code    20  _printf_char.o(.text)
    _printf_char                             0x08000b9b   Thumb Code    16  _printf_char.o(.text)
    _printf_string                           0x08000bab   Thumb Code     8  _printf_char.o(.text)
    _printf_char_file                        0x08000bb5   Thumb Code    32  _printf_char_file.o(.text)
    _chval                                   0x08000bd9   Thumb Code    28  _chval.o(.text)
    __vfscanf_char                           0x08000c01   Thumb Code    24  scanf_char.o(.text)
    _sgetc                                   0x08000c21   Thumb Code    30  _sgetc.o(.text)
    _sbackspace                              0x08000c3f   Thumb Code    34  _sgetc.o(.text)
    __aeabi_memcpy4                          0x08000c61   Thumb Code     0  rt_memcpy_w.o(.text)
    __aeabi_memcpy8                          0x08000c61   Thumb Code     0  rt_memcpy_w.o(.text)
    __rt_memcpy_w                            0x08000c61   Thumb Code   100  rt_memcpy_w.o(.text)
    _memcpy_lastbytes_aligned                0x08000ca9   Thumb Code     0  rt_memcpy_w.o(.text)
    isspace                                  0x08000cc5   Thumb Code    18  isspace.o(.text)
    __vfscanf                                0x08000cd9   Thumb Code   878  _scanf.o(.text)
    ferror                                   0x0800104d   Thumb Code     8  ferror.o(.text)
    __user_setup_stackheap                   0x08001055   Thumb Code    74  sys_stackheap_outer.o(.text)
    __rt_ctype_table                         0x080010a1   Thumb Code    16  rt_ctype_table.o(.text)
    exit                                     0x080010b1   Thumb Code    12  exit.o(.text)
    __user_libspace                          0x080010bd   Thumb Code     8  libspace.o(.text)
    __user_perproc_libspace                  0x080010bd   Thumb Code     0  libspace.o(.text)
    __user_perthread_libspace                0x080010bd   Thumb Code     0  libspace.o(.text)
    __rt_locale                              0x080010c5   Thumb Code     8  rt_locale_intlibspace.o(.text)
    BCC_CheckSum                             0x080010cd   Thumb Code    30  common.o(i.BCC_CheckSum)
    BallastCommInit                          0x08001129   Thumb Code    86  ballast_comm.o(i.BallastCommInit)
    Bcd2ToByte                               0x08001309   Thumb Code    22  common.o(i.Bcd2ToByte)
    BusFault_Handler                         0x0800131f   Thumb Code     4  stm32f4xx_it.o(i.BusFault_Handler)
    CaculateWeekDay                          0x08001323   Thumb Code   128  rtc.o(i.CaculateWeekDay)
    DMA1_Stream4_IRQHandler                  0x080013a5   Thumb Code    26  ballast_comm.o(i.DMA1_Stream4_IRQHandler)
    DMA2_Stream7_IRQHandler                  0x080013cd   Thumb Code    36  electric.o(i.DMA2_Stream7_IRQHandler)
    DMA_ClearFlag                            0x080013f9   Thumb Code    38  stm32f4xx_dma.o(i.DMA_ClearFlag)
    DMA_Cmd                                  0x0800142d   Thumb Code    22  stm32f4xx_dma.o(i.DMA_Cmd)
    DMA_DeInit                               0x08001445   Thumb Code   324  stm32f4xx_dma.o(i.DMA_DeInit)
    DMA_GetCmdStatus                         0x0800159d   Thumb Code    20  stm32f4xx_dma.o(i.DMA_GetCmdStatus)
    DMA_ITConfig                             0x080015b1   Thumb Code    58  stm32f4xx_dma.o(i.DMA_ITConfig)
    DMA_Init                                 0x080015ed   Thumb Code    82  stm32f4xx_dma.o(i.DMA_Init)
    DMA_SetCurrDataCounter                   0x08001645   Thumb Code     4  stm32f4xx_dma.o(i.DMA_SetCurrDataCounter)
    DebugMon_Handler                         0x08001649   Thumb Code     2  stm32f4xx_it.o(i.DebugMon_Handler)
    ElectricInit                             0x08001699   Thumb Code    86  electric.o(i.ElectricInit)
    FSMC_NORSRAMCmd                          0x0800187d   Thumb Code    46  stm32f4xx_fsmc.o(i.FSMC_NORSRAMCmd)
    FSMC_NORSRAMInit                         0x080018b1   Thumb Code   290  stm32f4xx_fsmc.o(i.FSMC_NORSRAMInit)
    FSMC_NOR_EraseSector                     0x080019d9   Thumb Code    48  fsmc_nor.o(i.FSMC_NOR_EraseSector)
    FSMC_NOR_GetStatus                       0x08001a11   Thumb Code    76  fsmc_nor.o(i.FSMC_NOR_GetStatus)
    FSMC_NOR_Init                            0x08001a5d   Thumb Code   650  fsmc_nor.o(i.FSMC_NOR_Init)
    FSMC_NOR_ReadBuffer                      0x08001cf9   Thumb Code    44  fsmc_nor.o(i.FSMC_NOR_ReadBuffer)
    FSMC_NOR_WriteBuffer                     0x08001d2d   Thumb Code    38  fsmc_nor.o(i.FSMC_NOR_WriteBuffer)
    FSMC_NOR_WriteHalfWord                   0x08001d55   Thumb Code    38  fsmc_nor.o(i.FSMC_NOR_WriteHalfWord)
    GPIO_Init                                0x08001d85   Thumb Code   144  stm32f4xx_gpio.o(i.GPIO_Init)
    GPIO_PinAFConfig                         0x08001e15   Thumb Code    70  stm32f4xx_gpio.o(i.GPIO_PinAFConfig)
    GPIO_ResetBits                           0x08001e5b   Thumb Code     4  stm32f4xx_gpio.o(i.GPIO_ResetBits)
    GPIO_SetBits                             0x08001e5f   Thumb Code     4  stm32f4xx_gpio.o(i.GPIO_SetBits)
    GSMInit                                  0x08001e65   Thumb Code    76  gsm.o(i.GSMInit)
    GsmDMA_TxBuff                            0x080021a5   Thumb Code    92  gsm.o(i.GsmDMA_TxBuff)
    GsmStartConnect                          0x0800226d   Thumb Code   306  gsm.o(i.GsmStartConnect)
    HandleGatewayParam                       0x0800255d   Thumb Code     2  gateway_protocol.o(i.HandleGatewayParam)
    HardFault_Handler                        0x0800255f   Thumb Code     4  stm32f4xx_it.o(i.HardFault_Handler)
    MemManage_Handler                        0x08002599   Thumb Code     4  stm32f4xx_it.o(i.MemManage_Handler)
    NMI_Handler                              0x0800259d   Thumb Code     2  stm32f4xx_it.o(i.NMI_Handler)
    NVIC_Init                                0x080025a1   Thumb Code   106  misc.o(i.NVIC_Init)
    NVIC_PriorityGroupConfig                 0x08002619   Thumb Code    10  misc.o(i.NVIC_PriorityGroupConfig)
    NorFlashInit                             0x0800262d   Thumb Code    24  norflash.o(i.NorFlashInit)
    NorFlashRead                             0x08002649   Thumb Code    54  norflash.o(i.NorFlashRead)
    NorFlashWrite                            0x08002685   Thumb Code    86  norflash.o(i.NorFlashWrite)
    PWR_BackupAccessCmd                      0x08002721   Thumb Code     6  stm32f4xx_pwr.o(i.PWR_BackupAccessCmd)
    RCC_AHB1PeriphClockCmd                   0x0800272d   Thumb Code    26  stm32f4xx_rcc.o(i.RCC_AHB1PeriphClockCmd)
    RCC_AHB3PeriphClockCmd                   0x0800274d   Thumb Code    26  stm32f4xx_rcc.o(i.RCC_AHB3PeriphClockCmd)
    RCC_APB1PeriphClockCmd                   0x0800276d   Thumb Code    26  stm32f4xx_rcc.o(i.RCC_APB1PeriphClockCmd)
    RCC_APB2PeriphClockCmd                   0x0800278d   Thumb Code    26  stm32f4xx_rcc.o(i.RCC_APB2PeriphClockCmd)
    RCC_GetClocksFreq                        0x080027ad   Thumb Code   214  stm32f4xx_rcc.o(i.RCC_GetClocksFreq)
    RCC_GetFlagStatus                        0x08002895   Thumb Code    60  stm32f4xx_rcc.o(i.RCC_GetFlagStatus)
    RCC_LSEConfig                            0x080028d5   Thumb Code    40  stm32f4xx_rcc.o(i.RCC_LSEConfig)
    RCC_RTCCLKCmd                            0x08002901   Thumb Code     6  stm32f4xx_rcc.o(i.RCC_RTCCLKCmd)
    RCC_RTCCLKConfig                         0x0800290d   Thumb Code    50  stm32f4xx_rcc.o(i.RCC_RTCCLKConfig)
    RTC_EnterInitMode                        0x0800297d   Thumb Code    76  stm32f4xx_rtc.o(i.RTC_EnterInitMode)
    RTC_ExitInitMode                         0x080029cd   Thumb Code    14  stm32f4xx_rtc.o(i.RTC_ExitInitMode)
    RTC_GetDate                              0x080029e1   Thumb Code    68  stm32f4xx_rtc.o(i.RTC_GetDate)
    RTC_GetTime                              0x08002a2d   Thumb Code    72  stm32f4xx_rtc.o(i.RTC_GetTime)
    RTC_Init                                 0x08002a7d   Thumb Code    94  stm32f4xx_rtc.o(i.RTC_Init)
    RTC_ReadBackupRegister                   0x08002ae1   Thumb Code    26  stm32f4xx_rtc.o(i.RTC_ReadBackupRegister)
    RTC_SetDate                              0x08002b01   Thumb Code   190  stm32f4xx_rtc.o(i.RTC_SetDate)
    RTC_SetTime                              0x08002bc9   Thumb Code   198  stm32f4xx_rtc.o(i.RTC_SetTime)
    RTC_WaitForSynchro                       0x08002c99   Thumb Code    92  stm32f4xx_rtc.o(i.RTC_WaitForSynchro)
    RTC_WriteBackupRegister                  0x08002cf9   Thumb Code    24  stm32f4xx_rtc.o(i.RTC_WriteBackupRegister)
    RelinkTCP                                0x08002d15   Thumb Code    84  gsm.o(i.RelinkTCP)
    RtcInit                                  0x08002db9   Thumb Code   104  rtc.o(i.RtcInit)
    SendMsgToSim                             0x08002e25   Thumb Code   154  gsm.o(i.SendMsgToSim)
    SimSendData                              0x08003235   Thumb Code   202  gsm.o(i.SimSendData)
    SystemInit                               0x0800332d   Thumb Code    88  system_stm32f4xx.o(i.SystemInit)
    TimePlanInit                             0x080035c1   Thumb Code    30  time_plan.o(i.TimePlanInit)
    UART4_IRQHandler                         0x080035f5   Thumb Code   132  ballast_comm.o(i.UART4_IRQHandler)
    USART1_IRQHandler                        0x08003689   Thumb Code   132  electric.o(i.USART1_IRQHandler)
    USART3_IRQHandler                        0x0800371d   Thumb Code   336  gsm.o(i.USART3_IRQHandler)
    USART6_IRQHandler                        0x08003885   Thumb Code   164  sys_debug.o(i.USART6_IRQHandler)
    USART_Cmd                                0x0800393d   Thumb Code    24  stm32f4xx_usart.o(i.USART_Cmd)
    USART_DMACmd                             0x08003955   Thumb Code    18  stm32f4xx_usart.o(i.USART_DMACmd)
    USART_GetITStatus                        0x08003967   Thumb Code    84  stm32f4xx_usart.o(i.USART_GetITStatus)
    USART_ITConfig                           0x080039bb   Thumb Code    74  stm32f4xx_usart.o(i.USART_ITConfig)
    USART_Init                               0x08003a05   Thumb Code   204  stm32f4xx_usart.o(i.USART_Init)
    USART_ReceiveData                        0x08003ad9   Thumb Code    10  stm32f4xx_usart.o(i.USART_ReceiveData)
    UartDebugHardwareInit                    0x08003b39   Thumb Code   214  uart_debug.o(i.UartDebugHardwareInit)
    UartDebugInit                            0x08003c19   Thumb Code    16  sys_debug.o(i.UartDebugInit)
    UpdataNetTime                            0x08003c29   Thumb Code   362  rtc.o(i.UpdataNetTime)
    UsageFault_Handler                       0x08003dc1   Thumb Code     4  stm32f4xx_it.o(i.UsageFault_Handler)
    _is_digit                                0x08003dc5   Thumb Code    14  __printf_wp.o(i._is_digit)
    _sys_exit                                0x08003dd3   Thumb Code     4  uart_debug.o(i._sys_exit)
    chr2hex                                  0x08003dd7   Thumb Code    54  common.o(i.chr2hex)
    fputc                                    0x08003e0d   Thumb Code    24  uart_debug.o(i.fputc)
    hex2chr                                  0x08003e29   Thumb Code    34  common.o(i.hex2chr)
    main                                     0x08003e4b   Thumb Code    46  main.o(i.main)
    printf_buff                              0x08003e79   Thumb Code    80  sys_debug.o(i.printf_buff)
    printf_str                               0x08003edd   Thumb Code    66  sys_debug.o(i.printf_str)
    pvPortMalloc                             0x08004305   Thumb Code   164  heap_2.o(i.pvPortMalloc)
    pvTaskIncrementMutexHeldCount            0x080043bd   Thumb Code    26  tasks.o(i.pvTaskIncrementMutexHeldCount)
    pxPortInitialiseStack                    0x080043dd   Thumb Code    34  port.o(i.pxPortInitialiseStack)
    uxListRemove                             0x08004405   Thumb Code    40  list.o(i.uxListRemove)
    vListInitialise                          0x08004585   Thumb Code    26  list.o(i.vListInitialise)
    vListInitialiseItem                      0x0800459f   Thumb Code     6  list.o(i.vListInitialiseItem)
    vListInsert                              0x080045a5   Thumb Code    52  list.o(i.vListInsert)
    vListInsertEnd                           0x080045d9   Thumb Code    24  list.o(i.vListInsertEnd)
    vPortEnterCritical                       0x080045f1   Thumb Code    30  port.o(i.vPortEnterCritical)
    vPortExitCritical                        0x08004615   Thumb Code    28  port.o(i.vPortExitCritical)
    vPortFree                                0x08004635   Thumb Code    56  heap_2.o(i.vPortFree)
    vPortSetupTimerInterrupt                 0x08004675   Thumb Code    14  port.o(i.vPortSetupTimerInterrupt)
    vTaskDelay                               0x08004689   Thumb Code    84  tasks.o(i.vTaskDelay)
    vTaskMissedYield                         0x080046ed   Thumb Code     8  tasks.o(i.vTaskMissedYield)
    vTaskPlaceOnEventList                    0x080046f9   Thumb Code    84  tasks.o(i.vTaskPlaceOnEventList)
    vTaskPriorityInherit                     0x0800475d   Thumb Code   164  tasks.o(i.vTaskPriorityInherit)
    vTaskSetTimeOutState                     0x0800480d   Thumb Code    14  tasks.o(i.vTaskSetTimeOutState)
    vTaskStartScheduler                      0x08004825   Thumb Code    74  tasks.o(i.vTaskStartScheduler)
    vTaskSuspendAll                          0x08004889   Thumb Code    12  tasks.o(i.vTaskSuspendAll)
    vTaskSwitchContext                       0x08004899   Thumb Code    76  tasks.o(i.vTaskSwitchContext)
    xPortStartScheduler                      0x080049b9   Thumb Code    58  port.o(i.xPortStartScheduler)
    xPortSysTickHandler                      0x08004a01   Thumb Code    48  port.o(i.xPortSysTickHandler)
    xQueueCreateMutex                        0x08004a35   Thumb Code    72  queue.o(i.xQueueCreateMutex)
    xQueueGenericCreate                      0x08004a7d   Thumb Code    70  queue.o(i.xQueueGenericCreate)
    xQueueGenericReceive                     0x08004ac5   Thumb Code   318  queue.o(i.xQueueGenericReceive)
    xQueueGenericReset                       0x08004c09   Thumb Code   120  queue.o(i.xQueueGenericReset)
    xQueueGenericSend                        0x08004c85   Thumb Code   268  queue.o(i.xQueueGenericSend)
    xQueueGenericSendFromISR                 0x08004d95   Thumb Code   126  queue.o(i.xQueueGenericSendFromISR)
    xTaskCheckForTimeOut                     0x08004e15   Thumb Code    84  tasks.o(i.xTaskCheckForTimeOut)
    xTaskGenericCreate                       0x08004e71   Thumb Code   236  tasks.o(i.xTaskGenericCreate)
    xTaskGetTickCount                        0x08004f79   Thumb Code     6  tasks.o(i.xTaskGetTickCount)
    xTaskIncrementTick                       0x08004f85   Thumb Code   242  tasks.o(i.xTaskIncrementTick)
    xTaskPriorityDisinherit                  0x080050a5   Thumb Code   122  tasks.o(i.xTaskPriorityDisinherit)
    xTaskRemoveFromEventList                 0x08005129   Thumb Code   104  tasks.o(i.xTaskRemoveFromEventList)
    xTaskResumeAll                           0x080051a9   Thumb Code   196  tasks.o(i.xTaskResumeAll)
    _get_lc_ctype                            0x08005291   Thumb Code    44  lc_ctype_c.o(locale$$code)
    _fp_init                                 0x080052bd   Thumb Code    10  fpinit.o(x$fpl$fpinit)
    __fplib_config_fpu_vfp                   0x080052c5   Thumb Code     0  fpinit.o(x$fpl$fpinit)
    __fplib_config_pureend_doubles           0x080052c5   Thumb Code     0  fpinit.o(x$fpl$fpinit)
    Region$$Table$$Base                      0x08005424   Number         0  anon$$obj.o(Region$$Table)
    Region$$Table$$Limit                     0x08005444   Number         0  anon$$obj.o(Region$$Table)
    __ctype                                  0x08005451   Data           0  lc_ctype_c.o(locale$$data)
    ballastComm1Tx_semaphore                 0x20000010   Data           4  ballast_comm.o(.data)
    EleTx_semaphore                          0x20000018   Data           4  electric.o(.data)
    GsmTx_semaphore                          0x20000020   Data           4  gsm.o(.data)
    GPRS_ConnectState                        0x2000002c   Data           1  gsm.o(.data)
    FrameType_Flag                           0x2000002d   Data           1  gsm.o(.data)
    DebugMode                                0x20000038   Data           1  sys_debug.o(.data)
    TestMode                                 0x2000003c   Data           4  sys_debug.o(.data)
    TestModeFlag                             0x20000040   Data           1  sys_debug.o(.data)
    pxCurrentTCB                             0x20000060   Data           4  tasks.o(.data)
    NVIC_InitStructure                       0x2000009c   Data           4  rtc.o(.data)
    __stdout                                 0x200000a4   Data           4  uart_debug.o(.data)
    BallastComm1RxData                       0x200000a8   Data         102  ballast_comm.o(.bss)
    BallastComm1TxData                       0x2000010e   Data         102  ballast_comm.o(.bss)
    EleTxData                                0x20000174   Data         102  electric.o(.bss)
    EleRxData                                0x200001da   Data         102  electric.o(.bss)
    WG_ServerParameter                       0x20000240   Data          22  gsm.o(.bss)
    ManagementAddr                           0x20000256   Data          10  gsm.o(.bss)
    GsmTxData                                0x20000260   Data         202  gsm.o(.bss)
    GsmRxData                                0x2000032a   Data         202  gsm.o(.bss)
    DebugRxData                              0x200003f4   Data          52  sys_debug.o(.bss)
    __libspace_start                         0x2001e4f0   Data          96  libspace.o(.bss)
    __temporary_stack_top$libspace           0x2001e550   Data           0  libspace.o(.bss)



==============================================================================

Memory Map of the image

  Image Entry point : 0x08000189

  Load Region LR_IROM1 (Base: 0x08000000, Size: 0x000055fc, Max: 0x00100000, ABSOLUTE)

    Execution Region ER_IROM1 (Base: 0x08000000, Size: 0x00005554, Max: 0x00100000, ABSOLUTE)

    Base Addr    Size         Type   Attr      Idx    E Section Name        Object

    0x08000000   0x00000188   Data   RO            3    RESET               startup_stm32f40_41xxx.o
    0x08000188   0x00000008   Code   RO         3556  * !!!main             c_w.l(__main.o)
    0x08000190   0x00000034   Code   RO         3749    !!!scatter          c_w.l(__scatter.o)
    0x080001c4   0x0000001a   Code   RO         3751    !!handler_copy      c_w.l(__scatter_copy.o)
    0x080001de   0x00000002   PAD
    0x080001e0   0x0000001c   Code   RO         3753    !!handler_zi        c_w.l(__scatter_zi.o)
    0x080001fc   0x00000000   Code   RO         3533    .ARM.Collect$$_printf_percent$$00000000  c_w.l(_printf_percent.o)
    0x080001fc   0x00000006   Code   RO         3532    .ARM.Collect$$_printf_percent$$00000009  c_w.l(_printf_d.o)
    0x08000202   0x00000006   Code   RO         3531    .ARM.Collect$$_printf_percent$$00000014  c_w.l(_printf_s.o)
    0x08000208   0x00000004   Code   RO         3571    .ARM.Collect$$_printf_percent$$00000017  c_w.l(_printf_percent_end.o)
    0x0800020c   0x00000002   Code   RO         3616    .ARM.Collect$$libinit$$00000000  c_w.l(libinit.o)
    0x0800020e   0x00000004   Code   RO         3630    .ARM.Collect$$libinit$$00000001  c_w.l(libinit2.o)
    0x08000212   0x00000000   Code   RO         3633    .ARM.Collect$$libinit$$00000004  c_w.l(libinit2.o)
    0x08000212   0x00000000   Code   RO         3636    .ARM.Collect$$libinit$$0000000A  c_w.l(libinit2.o)
    0x08000212   0x00000000   Code   RO         3638    .ARM.Collect$$libinit$$0000000C  c_w.l(libinit2.o)
    0x08000212   0x00000000   Code   RO         3640    .ARM.Collect$$libinit$$0000000E  c_w.l(libinit2.o)
    0x08000212   0x00000006   Code   RO         3641    .ARM.Collect$$libinit$$0000000F  c_w.l(libinit2.o)
    0x08000218   0x00000000   Code   RO         3643    .ARM.Collect$$libinit$$00000011  c_w.l(libinit2.o)
    0x08000218   0x0000000c   Code   RO         3644    .ARM.Collect$$libinit$$00000012  c_w.l(libinit2.o)
    0x08000224   0x00000000   Code   RO         3645    .ARM.Collect$$libinit$$00000013  c_w.l(libinit2.o)
    0x08000224   0x00000000   Code   RO         3647    .ARM.Collect$$libinit$$00000015  c_w.l(libinit2.o)
    0x08000224   0x00000000   Code   RO         3649    .ARM.Collect$$libinit$$00000017  c_w.l(libinit2.o)
    0x08000224   0x00000000   Code   RO         3651    .ARM.Collect$$libinit$$00000019  c_w.l(libinit2.o)
    0x08000224   0x00000000   Code   RO         3653    .ARM.Collect$$libinit$$0000001B  c_w.l(libinit2.o)
    0x08000224   0x00000000   Code   RO         3655    .ARM.Collect$$libinit$$0000001D  c_w.l(libinit2.o)
    0x08000224   0x00000000   Code   RO         3657    .ARM.Collect$$libinit$$0000001F  c_w.l(libinit2.o)
    0x08000224   0x00000000   Code   RO         3659    .ARM.Collect$$libinit$$00000021  c_w.l(libinit2.o)
    0x08000224   0x00000000   Code   RO         3661    .ARM.Collect$$libinit$$00000023  c_w.l(libinit2.o)
    0x08000224   0x00000000   Code   RO         3663    .ARM.Collect$$libinit$$00000025  c_w.l(libinit2.o)
    0x08000224   0x00000000   Code   RO         3667    .ARM.Collect$$libinit$$0000002C  c_w.l(libinit2.o)
    0x08000224   0x00000000   Code   RO         3669    .ARM.Collect$$libinit$$0000002E  c_w.l(libinit2.o)
    0x08000224   0x00000000   Code   RO         3671    .ARM.Collect$$libinit$$00000030  c_w.l(libinit2.o)
    0x08000224   0x00000000   Code   RO         3673    .ARM.Collect$$libinit$$00000032  c_w.l(libinit2.o)
    0x08000224   0x00000002   Code   RO         3674    .ARM.Collect$$libinit$$00000033  c_w.l(libinit2.o)
    0x08000226   0x00000002   Code   RO         3692    .ARM.Collect$$libshutdown$$00000000  c_w.l(libshutdown.o)
    0x08000228   0x00000000   Code   RO         3703    .ARM.Collect$$libshutdown$$00000003  c_w.l(libshutdown2.o)
    0x08000228   0x00000000   Code   RO         3706    .ARM.Collect$$libshutdown$$00000006  c_w.l(libshutdown2.o)
    0x08000228   0x00000000   Code   RO         3709    .ARM.Collect$$libshutdown$$00000009  c_w.l(libshutdown2.o)
    0x08000228   0x00000000   Code   RO         3711    .ARM.Collect$$libshutdown$$0000000B  c_w.l(libshutdown2.o)
    0x08000228   0x00000000   Code   RO         3714    .ARM.Collect$$libshutdown$$0000000E  c_w.l(libshutdown2.o)
    0x08000228   0x00000002   Code   RO         3715    .ARM.Collect$$libshutdown$$0000000F  c_w.l(libshutdown2.o)
    0x0800022a   0x00000000   Code   RO         3560    .ARM.Collect$$rtentry$$00000000  c_w.l(__rtentry.o)
    0x0800022a   0x00000000   Code   RO         3581    .ARM.Collect$$rtentry$$00000002  c_w.l(__rtentry2.o)
    0x0800022a   0x00000006   Code   RO         3593    .ARM.Collect$$rtentry$$00000004  c_w.l(__rtentry4.o)
    0x08000230   0x00000000   Code   RO         3583    .ARM.Collect$$rtentry$$00000009  c_w.l(__rtentry2.o)
    0x08000230   0x00000004   Code   RO         3584    .ARM.Collect$$rtentry$$0000000A  c_w.l(__rtentry2.o)
    0x08000234   0x00000000   Code   RO         3586    .ARM.Collect$$rtentry$$0000000C  c_w.l(__rtentry2.o)
    0x08000234   0x00000008   Code   RO         3587    .ARM.Collect$$rtentry$$0000000D  c_w.l(__rtentry2.o)
    0x0800023c   0x00000002   Code   RO         3620    .ARM.Collect$$rtexit$$00000000  c_w.l(rtexit.o)
    0x0800023e   0x00000000   Code   RO         3676    .ARM.Collect$$rtexit$$00000002  c_w.l(rtexit2.o)
    0x0800023e   0x00000004   Code   RO         3677    .ARM.Collect$$rtexit$$00000003  c_w.l(rtexit2.o)
    0x08000242   0x00000006   Code   RO         3678    .ARM.Collect$$rtexit$$00000004  c_w.l(rtexit2.o)
    0x08000248   0x000000b6   Code   RO         2702    .emb_text           port.o
    0x080002fe   0x00000002   PAD
    0x08000300   0x00000040   Code   RO            4    .text               startup_stm32f40_41xxx.o
    0x08000340   0x00000002   Code   RO         3493    .text               c_w.l(use_no_semi_2.o)
    0x08000342   0x00000002   PAD
    0x08000344   0x00000018   Code   RO         3499    .text               c_w.l(noretval__2printf.o)
    0x0800035c   0x00000028   Code   RO         3501    .text               c_w.l(noretval__2sprintf.o)
    0x08000384   0x0000004e   Code   RO         3505    .text               c_w.l(_printf_pad.o)
    0x080003d2   0x00000052   Code   RO         3507    .text               c_w.l(_printf_str.o)
    0x08000424   0x00000078   Code   RO         3509    .text               c_w.l(_printf_dec.o)
    0x0800049c   0x00000138   Code   RO         3523    .text               c_w.l(__printf_flags_wp.o)
    0x080005d4   0x0000003c   Code   RO         3534    .text               c_w.l(__0sscanf.o)
    0x08000610   0x0000014c   Code   RO         3536    .text               c_w.l(_scanf_int.o)
    0x0800075c   0x000000e0   Code   RO         3538    .text               c_w.l(_scanf_str.o)
    0x0800083c   0x00000024   Code   RO         3540    .text               c_w.l(strstr.o)
    0x08000860   0x0000003e   Code   RO         3542    .text               c_w.l(strlen.o)
    0x0800089e   0x0000008a   Code   RO         3544    .text               c_w.l(rt_memcpy_v6.o)
    0x08000928   0x00000044   Code   RO         3546    .text               c_w.l(rt_memclr.o)
    0x0800096c   0x0000004e   Code   RO         3548    .text               c_w.l(rt_memclr_w.o)
    0x080009ba   0x00000056   Code   RO         3550    .text               c_w.l(strncpy.o)
    0x08000a10   0x00000080   Code   RO         3552    .text               c_w.l(strcmpv7m.o)
    0x08000a90   0x00000006   Code   RO         3554    .text               c_w.l(heapauxi.o)
    0x08000a96   0x00000002   Code   RO         3558    .text               c_w.l(use_no_semi.o)
    0x08000a98   0x000000b2   Code   RO         3561    .text               c_w.l(_printf_intcommon.o)
    0x08000b4a   0x00000002   PAD
    0x08000b4c   0x00000030   Code   RO         3563    .text               c_w.l(_printf_char_common.o)
    0x08000b7c   0x0000000a   Code   RO         3565    .text               c_w.l(_sputc.o)
    0x08000b86   0x0000002c   Code   RO         3567    .text               c_w.l(_printf_char.o)
    0x08000bb2   0x00000002   PAD
    0x08000bb4   0x00000024   Code   RO         3569    .text               c_w.l(_printf_char_file.o)
    0x08000bd8   0x0000001c   Code   RO         3572    .text               c_w.l(_chval.o)
    0x08000bf4   0x0000002c   Code   RO         3574    .text               c_w.l(scanf_char.o)
    0x08000c20   0x00000040   Code   RO         3576    .text               c_w.l(_sgetc.o)
    0x08000c60   0x00000064   Code   RO         3578    .text               c_w.l(rt_memcpy_w.o)
    0x08000cc4   0x00000012   Code   RO         3595    .text               c_w.l(isspace.o)
    0x08000cd6   0x00000002   PAD
    0x08000cd8   0x00000374   Code   RO         3599    .text               c_w.l(_scanf.o)
    0x0800104c   0x00000008   Code   RO         3601    .text               c_w.l(ferror.o)
    0x08001054   0x0000004a   Code   RO         3605    .text               c_w.l(sys_stackheap_outer.o)
    0x0800109e   0x00000002   PAD
    0x080010a0   0x00000010   Code   RO         3607    .text               c_w.l(rt_ctype_table.o)
    0x080010b0   0x0000000c   Code   RO         3609    .text               c_w.l(exit.o)
    0x080010bc   0x00000008   Code   RO         3617    .text               c_w.l(libspace.o)
    0x080010c4   0x00000008   Code   RO         3625    .text               c_w.l(rt_locale_intlibspace.o)
    0x080010cc   0x0000001e   Code   RO         2657    i.BCC_CheckSum      common.o
    0x080010ea   0x0000000c   Code   RO         2105    i.BallastComm1InitHardware  ballast_comm.o
    0x080010f6   0x00000002   PAD
    0x080010f8   0x00000030   Code   RO         2106    i.BallastComm1RxTxDataInit  ballast_comm.o
    0x08001128   0x00000078   Code   RO         2107    i.BallastCommInit   ballast_comm.o
    0x080011a0   0x00000014   Code   RO         2108    i.BallastRxDataClear  ballast_comm.o
    0x080011b4   0x000000b0   Code   RO         2109    i.BallastUartInit   ballast_comm.o
    0x08001264   0x000000a4   Code   RO         2110    i.Ballast_TX_DMA_Init  ballast_comm.o
    0x08001308   0x00000016   Code   RO         2658    i.Bcd2ToByte        common.o
    0x0800131e   0x00000004   Code   RO           13    i.BusFault_Handler  stm32f4xx_it.o
    0x08001322   0x00000080   Code   RO         3272    i.CaculateWeekDay   rtc.o
    0x080013a2   0x00000002   PAD
    0x080013a4   0x00000028   Code   RO         2111    i.DMA1_Stream4_IRQHandler  ballast_comm.o
    0x080013cc   0x0000002c   Code   RO         2212    i.DMA2_Stream7_IRQHandler  electric.o
    0x080013f8   0x00000034   Code   RO         1929    i.DMA_ClearFlag     stm32f4xx_dma.o
    0x0800142c   0x00000016   Code   RO         1931    i.DMA_Cmd           stm32f4xx_dma.o
    0x08001442   0x00000002   PAD
    0x08001444   0x00000158   Code   RO         1932    i.DMA_DeInit        stm32f4xx_dma.o
    0x0800159c   0x00000014   Code   RO         1936    i.DMA_GetCmdStatus  stm32f4xx_dma.o
    0x080015b0   0x0000003a   Code   RO         1942    i.DMA_ITConfig      stm32f4xx_dma.o
    0x080015ea   0x00000002   PAD
    0x080015ec   0x00000058   Code   RO         1943    i.DMA_Init          stm32f4xx_dma.o
    0x08001644   0x00000004   Code   RO         1946    i.DMA_SetCurrDataCounter  stm32f4xx_dma.o
    0x08001648   0x00000002   Code   RO           14    i.DebugMon_Handler  stm32f4xx_it.o
    0x0800164a   0x00000002   PAD
    0x0800164c   0x0000001c   Code   RO         2528    i.DebugRxDataInit   sys_debug.o
    0x08001668   0x00000030   Code   RO         2214    i.EleRxTxDataInit   electric.o
    0x08001698   0x00000070   Code   RO         2215    i.ElectricInit      electric.o
    0x08001708   0x00000014   Code   RO         2216    i.ElectricRxDataClear  electric.o
    0x0800171c   0x000000b0   Code   RO         2217    i.ElectricUartInit  electric.o
    0x080017cc   0x000000a4   Code   RO         2218    i.Electric_TX_DMA_Init  electric.o
    0x08001870   0x0000000c   Code   RO         2219    i.ElectrolHardwareInit  electric.o
    0x0800187c   0x00000034   Code   RO         1441    i.FSMC_NORSRAMCmd   stm32f4xx_fsmc.o
    0x080018b0   0x00000128   Code   RO         1443    i.FSMC_NORSRAMInit  stm32f4xx_fsmc.o
    0x080019d8   0x00000038   Code   RO         3313    i.FSMC_NOR_EraseSector  fsmc_nor.o
    0x08001a10   0x0000004c   Code   RO         3314    i.FSMC_NOR_GetStatus  fsmc_nor.o
    0x08001a5c   0x0000029c   Code   RO         3315    i.FSMC_NOR_Init     fsmc_nor.o
    0x08001cf8   0x00000034   Code   RO         3316    i.FSMC_NOR_ReadBuffer  fsmc_nor.o
    0x08001d2c   0x00000026   Code   RO         3321    i.FSMC_NOR_WriteBuffer  fsmc_nor.o
    0x08001d52   0x00000002   PAD
    0x08001d54   0x00000030   Code   RO         3322    i.FSMC_NOR_WriteHalfWord  fsmc_nor.o
    0x08001d84   0x00000090   Code   RO          415    i.GPIO_Init         stm32f4xx_gpio.o
    0x08001e14   0x00000046   Code   RO          416    i.GPIO_PinAFConfig  stm32f4xx_gpio.o
    0x08001e5a   0x00000004   Code   RO          422    i.GPIO_ResetBits    stm32f4xx_gpio.o
    0x08001e5e   0x00000004   Code   RO          423    i.GPIO_SetBits      stm32f4xx_gpio.o
    0x08001e62   0x00000002   PAD
    0x08001e64   0x00000064   Code   RO         2305    i.GSMInit           gsm.o
    0x08001ec8   0x00000010   Code   RO         2306    i.GSMInitHardware   gsm.o
    0x08001ed8   0x00000034   Code   RO         2307    i.GSM_CtrlPinInit   gsm.o
    0x08001f0c   0x00000094   Code   RO         2308    i.GSM_ModuleStart   gsm.o
    0x08001fa0   0x0000007c   Code   RO         2309    i.GSM_TX_DMA_Init   gsm.o
    0x0800201c   0x000000b0   Code   RO         2310    i.GSM_USART_Init    gsm.o
    0x080020cc   0x000000d8   Code   RO         2529    i.GatewaySetDebug   sys_debug.o
    0x080021a4   0x00000068   Code   RO         2311    i.GsmDMA_TxBuff     gsm.o
    0x0800220c   0x00000014   Code   RO         2312    i.GsmRxDataClear    gsm.o
    0x08002220   0x0000001a   Code   RO         2313    i.GsmRxDataInput    gsm.o
    0x0800223a   0x00000002   PAD
    0x0800223c   0x00000030   Code   RO         2314    i.GsmRxTxDataInit   gsm.o
    0x0800226c   0x000002f0   Code   RO         2315    i.GsmStartConnect   gsm.o
    0x0800255c   0x00000002   Code   RO         2615    i.HandleGatewayParam  gateway_protocol.o
    0x0800255e   0x00000004   Code   RO           15    i.HardFault_Handler  stm32f4xx_it.o
    0x08002562   0x00000002   PAD
    0x08002564   0x00000034   Code   RO         2316    i.HeartRemainTCPConnect  gsm.o
    0x08002598   0x00000004   Code   RO           16    i.MemManage_Handler  stm32f4xx_it.o
    0x0800259c   0x00000002   Code   RO           17    i.NMI_Handler       stm32f4xx_it.o
    0x0800259e   0x00000002   PAD
    0x080025a0   0x00000078   Code   RO          216    i.NVIC_Init         misc.o
    0x08002618   0x00000014   Code   RO          217    i.NVIC_PriorityGroupConfig  misc.o
    0x0800262c   0x0000001c   Code   RO         3403    i.NorFlashInit      norflash.o
    0x08002648   0x0000003c   Code   RO         3404    i.NorFlashRead      norflash.o
    0x08002684   0x0000009c   Code   RO         3405    i.NorFlashWrite     norflash.o
    0x08002720   0x0000000c   Code   RO          519    i.PWR_BackupAccessCmd  stm32f4xx_pwr.o
    0x0800272c   0x00000020   Code   RO          633    i.RCC_AHB1PeriphClockCmd  stm32f4xx_rcc.o
    0x0800274c   0x00000020   Code   RO          639    i.RCC_AHB3PeriphClockCmd  stm32f4xx_rcc.o
    0x0800276c   0x00000020   Code   RO          642    i.RCC_APB1PeriphClockCmd  stm32f4xx_rcc.o
    0x0800278c   0x00000020   Code   RO          645    i.RCC_APB2PeriphClockCmd  stm32f4xx_rcc.o
    0x080027ac   0x000000e8   Code   RO          654    i.RCC_GetClocksFreq  stm32f4xx_rcc.o
    0x08002894   0x00000040   Code   RO          655    i.RCC_GetFlagStatus  stm32f4xx_rcc.o
    0x080028d4   0x0000002c   Code   RO          663    i.RCC_LSEConfig     stm32f4xx_rcc.o
    0x08002900   0x0000000c   Code   RO          677    i.RCC_RTCCLKCmd     stm32f4xx_rcc.o
    0x0800290c   0x0000003c   Code   RO          678    i.RCC_RTCCLKConfig  stm32f4xx_rcc.o
    0x08002948   0x00000016   Code   RO         1571    i.RTC_Bcd2ToByte    stm32f4xx_rtc.o
    0x0800295e   0x0000001c   Code   RO         1573    i.RTC_ByteToBcd2    stm32f4xx_rtc.o
    0x0800297a   0x00000002   PAD
    0x0800297c   0x00000050   Code   RO         1583    i.RTC_EnterInitMode  stm32f4xx_rtc.o
    0x080029cc   0x00000014   Code   RO         1584    i.RTC_ExitInitMode  stm32f4xx_rtc.o
    0x080029e0   0x0000004c   Code   RO         1587    i.RTC_GetDate       stm32f4xx_rtc.o
    0x08002a2c   0x00000050   Code   RO         1592    i.RTC_GetTime       stm32f4xx_rtc.o
    0x08002a7c   0x00000064   Code   RO         1597    i.RTC_Init          stm32f4xx_rtc.o
    0x08002ae0   0x00000020   Code   RO         1600    i.RTC_ReadBackupRegister  stm32f4xx_rtc.o
    0x08002b00   0x000000c8   Code   RO         1603    i.RTC_SetDate       stm32f4xx_rtc.o
    0x08002bc8   0x000000d0   Code   RO         1604    i.RTC_SetTime       stm32f4xx_rtc.o
    0x08002c98   0x00000060   Code   RO         1620    i.RTC_WaitForSynchro  stm32f4xx_rtc.o
    0x08002cf8   0x0000001c   Code   RO         1623    i.RTC_WriteBackupRegister  stm32f4xx_rtc.o
    0x08002d14   0x000000a4   Code   RO         2317    i.RelinkTCP         gsm.o
    0x08002db8   0x0000006c   Code   RO         3273    i.RtcInit           rtc.o
    0x08002e24   0x000000ac   Code   RO         2318    i.SendMsgToSim      gsm.o
    0x08002ed0   0x000001a8   Code   RO         2530    i.SetSeriveIPPort   sys_debug.o
    0x08003078   0x000000ec   Code   RO          175    i.SetSysClock       system_stm32f4xx.o
    0x08003164   0x000000d0   Code   RO         2531    i.SetWGAddr         sys_debug.o
    0x08003234   0x000000f8   Code   RO         2319    i.SimSendData       gsm.o
    0x0800332c   0x00000068   Code   RO          177    i.SystemInit        system_stm32f4xx.o
    0x08003394   0x00000002   Code   RO         2532    i.TaskPrintfDebug   sys_debug.o
    0x08003396   0x00000002   PAD
    0x08003398   0x00000228   Code   RO         2533    i.TestModeMain      sys_debug.o
    0x080035c0   0x00000034   Code   RO         2499    i.TimePlanInit      time_plan.o
    0x080035f4   0x00000094   Code   RO         2112    i.UART4_IRQHandler  ballast_comm.o
    0x08003688   0x00000094   Code   RO         2220    i.USART1_IRQHandler  electric.o
    0x0800371c   0x00000168   Code   RO         2320    i.USART3_IRQHandler  gsm.o
    0x08003884   0x000000b8   Code   RO         2534    i.USART6_IRQHandler  sys_debug.o
    0x0800393c   0x00000018   Code   RO          978    i.USART_Cmd         stm32f4xx_usart.o
    0x08003954   0x00000012   Code   RO          979    i.USART_DMACmd      stm32f4xx_usart.o
    0x08003966   0x00000054   Code   RO          982    i.USART_GetITStatus  stm32f4xx_usart.o
    0x080039ba   0x0000004a   Code   RO          984    i.USART_ITConfig    stm32f4xx_usart.o
    0x08003a04   0x000000d4   Code   RO          985    i.USART_Init        stm32f4xx_usart.o
    0x08003ad8   0x0000000a   Code   RO          992    i.USART_ReceiveData  stm32f4xx_usart.o
    0x08003ae2   0x00000002   PAD
    0x08003ae4   0x00000054   Code   RO         2535    i.UartDebugCreateTask  sys_debug.o
    0x08003b38   0x000000e0   Code   RO         3451    i.UartDebugHardwareInit  uart_debug.o
    0x08003c18   0x00000010   Code   RO         2536    i.UartDebugInit     sys_debug.o
    0x08003c28   0x00000198   Code   RO         3274    i.UpdataNetTime     rtc.o
    0x08003dc0   0x00000004   Code   RO           18    i.UsageFault_Handler  stm32f4xx_it.o
    0x08003dc4   0x0000000e   Code   RO         3521    i._is_digit         c_w.l(__printf_wp.o)
    0x08003dd2   0x00000004   Code   RO         3452    i._sys_exit         uart_debug.o
    0x08003dd6   0x00000036   Code   RO         2660    i.chr2hex           common.o
    0x08003e0c   0x0000001c   Code   RO         3453    i.fputc             uart_debug.o
    0x08003e28   0x00000022   Code   RO         2661    i.hex2chr           common.o
    0x08003e4a   0x0000002e   Code   RO         2466    i.main              main.o
    0x08003e78   0x00000064   Code   RO         2537    i.printf_buff       sys_debug.o
    0x08003edc   0x00000050   Code   RO         2538    i.printf_str        sys_debug.o
    0x08003f2c   0x00000054   Code   RO         2986    i.prvAddCurrentTaskToDelayedList  tasks.o
    0x08003f80   0x00000036   Code   RO         2987    i.prvAllocateTCBAndStack  tasks.o
    0x08003fb6   0x00000002   PAD
    0x08003fb8   0x00000064   Code   RO         2988    i.prvCheckTasksWaitingTermination  tasks.o
    0x0800401c   0x0000002a   Code   RO         2853    i.prvCopyDataFromQueue  queue.o
    0x08004046   0x00000080   Code   RO         2854    i.prvCopyDataToQueue  queue.o
    0x080040c6   0x00000012   Code   RO         2989    i.prvDeleteTCB      tasks.o
    0x080040d8   0x00000038   Code   RO         2770    i.prvHeapInit       heap_2.o
    0x08004110   0x00000028   Code   RO         2990    i.prvIdleTask       tasks.o
    0x08004138   0x00000062   Code   RO         2991    i.prvInitialiseTCBVariables  tasks.o
    0x0800419a   0x00000002   PAD
    0x0800419c   0x00000068   Code   RO         2992    i.prvInitialiseTaskLists  tasks.o
    0x08004204   0x0000001a   Code   RO         2855    i.prvIsQueueEmpty   queue.o
    0x0800421e   0x0000001e   Code   RO         2856    i.prvIsQueueFull    queue.o
    0x0800423c   0x00000034   Code   RO         2993    i.prvResetNextTaskUnblockTime  tasks.o
    0x08004270   0x00000016   Code   RO         2703    i.prvTaskExitError  port.o
    0x08004286   0x0000007e   Code   RO         2857    i.prvUnlockQueue    queue.o
    0x08004304   0x000000b8   Code   RO         2771    i.pvPortMalloc      heap_2.o
    0x080043bc   0x00000020   Code   RO         2995    i.pvTaskIncrementMutexHeldCount  tasks.o
    0x080043dc   0x00000028   Code   RO         2704    i.pxPortInitialiseStack  port.o
    0x08004404   0x00000028   Code   RO         2817    i.uxListRemove      list.o
    0x0800442c   0x00000058   Code   RO         2113    i.vBallastComm1Task  ballast_comm.o
    0x08004484   0x00000058   Code   RO         2221    i.vElectTask        electric.o
    0x080044dc   0x000000a8   Code   RO         2321    i.vGSMTask          gsm.o
    0x08004584   0x0000001a   Code   RO         2818    i.vListInitialise   list.o
    0x0800459e   0x00000006   Code   RO         2819    i.vListInitialiseItem  list.o
    0x080045a4   0x00000034   Code   RO         2820    i.vListInsert       list.o
    0x080045d8   0x00000018   Code   RO         2821    i.vListInsertEnd    list.o
    0x080045f0   0x00000024   Code   RO         2706    i.vPortEnterCritical  port.o
    0x08004614   0x00000020   Code   RO         2707    i.vPortExitCritical  port.o
    0x08004634   0x00000040   Code   RO         2772    i.vPortFree         heap_2.o
    0x08004674   0x00000014   Code   RO         2708    i.vPortSetupTimerInterrupt  port.o
    0x08004688   0x00000064   Code   RO         3001    i.vTaskDelay        tasks.o
    0x080046ec   0x0000000c   Code   RO         3005    i.vTaskMissedYield  tasks.o
    0x080046f8   0x00000064   Code   RO         3007    i.vTaskPlaceOnEventList  tasks.o
    0x0800475c   0x000000b0   Code   RO         3009    i.vTaskPriorityInherit  tasks.o
    0x0800480c   0x00000018   Code   RO         3012    i.vTaskSetTimeOutState  tasks.o
    0x08004824   0x00000064   Code   RO         3013    i.vTaskStartScheduler  tasks.o
    0x08004888   0x00000010   Code   RO         3015    i.vTaskSuspendAll   tasks.o
    0x08004898   0x00000060   Code   RO         3016    i.vTaskSwitchContext  tasks.o
    0x080048f8   0x00000080   Code   RO         2500    i.vTimePlanTask     time_plan.o
    0x08004978   0x00000040   Code   RO         2539    i.vUartDebugTask    sys_debug.o
    0x080049b8   0x00000048   Code   RO         2709    i.xPortStartScheduler  port.o
    0x08004a00   0x00000034   Code   RO         2710    i.xPortSysTickHandler  port.o
    0x08004a34   0x00000048   Code   RO         2862    i.xQueueCreateMutex  queue.o
    0x08004a7c   0x00000046   Code   RO         2863    i.xQueueGenericCreate  queue.o
    0x08004ac2   0x00000002   PAD
    0x08004ac4   0x00000144   Code   RO         2864    i.xQueueGenericReceive  queue.o
    0x08004c08   0x0000007c   Code   RO         2865    i.xQueueGenericReset  queue.o
    0x08004c84   0x00000110   Code   RO         2866    i.xQueueGenericSend  queue.o
    0x08004d94   0x0000007e   Code   RO         2867    i.xQueueGenericSendFromISR  queue.o
    0x08004e12   0x00000002   PAD
    0x08004e14   0x0000005c   Code   RO         3017    i.xTaskCheckForTimeOut  tasks.o
    0x08004e70   0x00000108   Code   RO         3018    i.xTaskGenericCreate  tasks.o
    0x08004f78   0x0000000c   Code   RO         3022    i.xTaskGetTickCount  tasks.o
    0x08004f84   0x00000120   Code   RO         3024    i.xTaskIncrementTick  tasks.o
    0x080050a4   0x00000084   Code   RO         3027    i.xTaskPriorityDisinherit  tasks.o
    0x08005128   0x00000080   Code   RO         3028    i.xTaskRemoveFromEventList  tasks.o
    0x080051a8   0x000000e8   Code   RO         3030    i.xTaskResumeAll    tasks.o
    0x08005290   0x0000002c   Code   RO         3628    locale$$code        c_w.l(lc_ctype_c.o)
    0x080052bc   0x0000000a   Code   RO         3684    x$fpl$fpinit        fz_wm.l(fpinit.o)
    0x080052c6   0x00000002   PAD
    0x080052c8   0x00000008   Data   RO         2115    .constdata          ballast_comm.o
    0x080052d0   0x00000008   Data   RO         2223    .constdata          electric.o
    0x080052d8   0x00000008   Data   RO         2323    .constdata          gsm.o
    0x080052e0   0x00000011   Data   RO         3524    .constdata          c_w.l(__printf_flags_wp.o)
    0x080052f1   0x00000003   PAD
    0x080052f4   0x0000012f   Data   RO         2541    .conststring        sys_debug.o
    0x08005423   0x00000001   PAD
    0x08005424   0x00000020   Data   RO         3747    Region$$Table       anon$$obj.o
    0x08005444   0x00000110   Data   RO         3627    locale$$data        c_w.l(lc_ctype_c.o)


    Execution Region RW_IRAM1 (Base: 0x20000000, Size: 0x0001eb50, Max: 0x00020000, ABSOLUTE)

    Base Addr    Size         Type   Attr      Idx    E Section Name        Object

    0x20000000   0x00000010   Data   RW          686    .data               stm32f4xx_rcc.o
    0x20000010   0x00000008   Data   RW         2116    .data               ballast_comm.o
    0x20000018   0x00000008   Data   RW         2224    .data               electric.o
    0x20000020   0x0000000e   Data   RW         2324    .data               gsm.o
    0x2000002e   0x00000002   PAD
    0x20000030   0x00000011   Data   RW         2542    .data               sys_debug.o
    0x20000041   0x00000003   PAD
    0x20000044   0x00000004   Data   RW         2711    .data               port.o
    0x20000048   0x00000018   Data   RW         2776    .data               heap_2.o
    0x20000060   0x00000038   Data   RW         3033    .data               tasks.o
    0x20000098   0x00000008   Data   RW         3275    .data               rtc.o
    0x200000a0   0x00000004   Data   RW         3406    .data               norflash.o
    0x200000a4   0x00000004   Data   RW         3454    .data               uart_debug.o
    0x200000a8   0x000000cc   Zero   RW         2114    .bss                ballast_comm.o
    0x20000174   0x000000cc   Zero   RW         2222    .bss                electric.o
    0x20000240   0x000001b4   Zero   RW         2322    .bss                gsm.o
    0x200003f4   0x00000034   Zero   RW         2540    .bss                sys_debug.o
    0x20000428   0x0001e000   Zero   RW         2775    .bss                heap_2.o
    0x2001e428   0x000000c8   Zero   RW         3032    .bss                tasks.o
    0x2001e4f0   0x00000060   Zero   RW         3618    .bss                c_w.l(libspace.o)
    0x2001e550   0x00000200   Zero   RW            2    HEAP                startup_stm32f40_41xxx.o
    0x2001e750   0x00000400   Zero   RW            1    STACK               startup_stm32f40_41xxx.o


==============================================================================

Image component sizes


      Code (inc. data)   RO Data    RW Data    ZI Data      Debug   Object Name

       816        104          8          8        204      12732   ballast_comm.o
       140          0          0          0          0       2672   common.o
       812         90          8          8        204       6539   electric.o
         0          0          0          0          0       7048   freertos_hook.o
       938         44          0          0          0       4986   fsmc_nor.o
         2          0          0          0          0       1105   gateway_protocol.o
      2730        756          8         14        436      45309   gsm.o
       304         46          0         24     122880       5263   heap_2.o
       148          0          0          0          0       3350   list.o
        46          0          0          0          0        535   main.o
       140         24          0          0          0      44203   misc.o
       244         80          0          4          0       2614   norflash.o
       456         56          0          4          0      15696   port.o
      1340         14          0          0          0      18581   queue.o
       644         58          0          8          0       2501   rtc.o
        64         26        392          0       1536        912   startup_stm32f40_41xxx.o
       588         40          0          0          0      18381   stm32f4xx_dma.o
         0          0          0          0          0       1664   stm32f4xx_exti.o
       348         12          0          0          0      10065   stm32f4xx_fsmc.o
       222          0          0          0          0      10083   stm32f4xx_gpio.o
        20          0          0          0          0     283417   stm32f4xx_it.o
        12          6          0          0          0        558   stm32f4xx_pwr.o
       540         66          0         16          0      23179   stm32f4xx_rcc.o
       970         66          0          0          0      23826   stm32f4xx_rtc.o
       422          8          0          0          0      11065   stm32f4xx_usart.o
      1958        866        303         17         52       8265   sys_debug.o
       340         32          0          0          0       1605   system_stm32f4xx.o
      2354        360          0         56        200      19297   tasks.o
       180         66          0          0          0       1075   time_plan.o
       256         14          0          4          0       3914   uart_debug.o

    ----------------------------------------------------------------------
     17070       2834        752        168     125512     590440   Object Totals
         0          0         32          0          0          0   (incl. Generated)
        36          0          1          5          0          0   (incl. Padding)

    ----------------------------------------------------------------------

      Code (inc. data)   RO Data    RW Data    ZI Data      Debug   Library Member Name

        60          8          0          0          0         84   __0sscanf.o
         8          0          0          0          0         68   __main.o
       312          4         17          0          0         92   __printf_flags_wp.o
        14          0          0          0          0         68   __printf_wp.o
         0          0          0          0          0          0   __rtentry.o
        12          0          0          0          0          0   __rtentry2.o
         6          0          0          0          0          0   __rtentry4.o
        52          8          0          0          0          0   __scatter.o
        26          0          0          0          0          0   __scatter_copy.o
        28          0          0          0          0          0   __scatter_zi.o
        28          0          0          0          0         68   _chval.o
        44          0          0          0          0        108   _printf_char.o
        48          6          0          0          0         96   _printf_char_common.o
        36          4          0          0          0         80   _printf_char_file.o
         6          0          0          0          0          0   _printf_d.o
       120         16          0          0          0         92   _printf_dec.o
       178          0          0          0          0         88   _printf_intcommon.o
        78          0          0          0          0        108   _printf_pad.o
         0          0          0          0          0          0   _printf_percent.o
         4          0          0          0          0          0   _printf_percent_end.o
         6          0          0          0          0          0   _printf_s.o
        82          0          0          0          0         80   _printf_str.o
       884          6          0          0          0        100   _scanf.o
       332          0          0          0          0         96   _scanf_int.o
       224          0          0          0          0         96   _scanf_str.o
        64          0          0          0          0         84   _sgetc.o
        10          0          0          0          0         68   _sputc.o
        12          0          0          0          0         72   exit.o
         8          0          0          0          0         68   ferror.o
         6          0          0          0          0        152   heapauxi.o
        18          0          0          0          0         76   isspace.o
        44         10        272          0          0         76   lc_ctype_c.o
         2          0          0          0          0          0   libinit.o
        24          0          0          0          0          0   libinit2.o
         2          0          0          0          0          0   libshutdown.o
         2          0          0          0          0          0   libshutdown2.o
         8          4          0          0         96         68   libspace.o
        24          4          0          0          0         84   noretval__2printf.o
        40          6          0          0          0         84   noretval__2sprintf.o
        16          4          0          0          0         76   rt_ctype_table.o
         8          4          0          0          0         68   rt_locale_intlibspace.o
        68          0          0          0          0         68   rt_memclr.o
        78          0          0          0          0         80   rt_memclr_w.o
       138          0          0          0          0         68   rt_memcpy_v6.o
       100          0          0          0          0         80   rt_memcpy_w.o
         2          0          0          0          0          0   rtexit.o
        10          0          0          0          0          0   rtexit2.o
        44          8          0          0          0         84   scanf_char.o
       128          0          0          0          0         68   strcmpv7m.o
        62          0          0          0          0         76   strlen.o
        86          0          0          0          0         76   strncpy.o
        36          0          0          0          0         80   strstr.o
        74          0          0          0          0         80   sys_stackheap_outer.o
         2          0          0          0          0         68   use_no_semi.o
         2          0          0          0          0         68   use_no_semi_2.o
        10          0          0          0          0        116   fpinit.o

    ----------------------------------------------------------------------
      3730         92        292          0         96       3312   Library Totals
        14          0          3          0          0          0   (incl. Padding)

    ----------------------------------------------------------------------

      Code (inc. data)   RO Data    RW Data    ZI Data      Debug   Library Name

      3706         92        289          0         96       3196   c_w.l
        10          0          0          0          0        116   fz_wm.l

    ----------------------------------------------------------------------
      3730         92        292          0         96       3312   Library Totals

    ----------------------------------------------------------------------

==============================================================================


      Code (inc. data)   RO Data    RW Data    ZI Data      Debug   

     20800       2926       1044        168     125608     575432   Grand Totals
     20800       2926       1044        168     125608     575432   ELF Image Totals
     20800       2926       1044        168          0          0   ROM Totals

==============================================================================

    Total RO  Size (Code + RO Data)                21844 (  21.33kB)
    Total RW  Size (RW Data + ZI Data)            125776 ( 122.83kB)
    Total ROM Size (Code + RO Data + RW Data)      22012 (  21.50kB)

==============================================================================

